<?xml version="1.0" encoding="ISO-8859-1" ?>
<link_info>
   <banner>TI ARM Linker PC v20.2.7.LTS</banner>
   <copyright>Copyright (c) 1996-2018 Texas Instruments Incorporated</copyright>
   <link_time>0x64473365</link_time>
   <link_errors>0x1</link_errors>
   <output_file>Lab21_OPT3101.out</output_file>
   <entry_point>
      <name>_c_int00_noargs</name>
      <address>0x544d</address>
   </entry_point>
   <input_file_list>
      <input_file id="fl-2">
         <path>.\</path>
         <kind>object</kind>
         <file>Bump.obj</file>
         <name>Bump.obj</name>
      </input_file>
      <input_file id="fl-3">
         <path>.\</path>
         <kind>object</kind>
         <file>Clock.obj</file>
         <name>Clock.obj</name>
      </input_file>
      <input_file id="fl-4">
         <path>.\</path>
         <kind>object</kind>
         <file>CortexM.obj</file>
         <name>CortexM.obj</name>
      </input_file>
      <input_file id="fl-5">
         <path>.\</path>
         <kind>object</kind>
         <file>FFT.obj</file>
         <name>FFT.obj</name>
      </input_file>
      <input_file id="fl-6">
         <path>.\</path>
         <kind>object</kind>
         <file>I2CB1.obj</file>
         <name>I2CB1.obj</name>
      </input_file>
      <input_file id="fl-7">
         <path>.\</path>
         <kind>object</kind>
         <file>LPF.obj</file>
         <name>LPF.obj</name>
      </input_file>
      <input_file id="fl-8">
         <path>.\</path>
         <kind>object</kind>
         <file>Lab21_OPT3101_TestMain.obj</file>
         <name>Lab21_OPT3101_TestMain.obj</name>
      </input_file>
      <input_file id="fl-9">
         <path>.\</path>
         <kind>object</kind>
         <file>LaunchPad.obj</file>
         <name>LaunchPad.obj</name>
      </input_file>
      <input_file id="fl-a">
         <path>.\</path>
         <kind>object</kind>
         <file>Motor.obj</file>
         <name>Motor.obj</name>
      </input_file>
      <input_file id="fl-b">
         <path>.\</path>
         <kind>object</kind>
         <file>Nokia5110.obj</file>
         <name>Nokia5110.obj</name>
      </input_file>
      <input_file id="fl-c">
         <path>.\</path>
         <kind>object</kind>
         <file>OPT3101_Simple.obj</file>
         <name>OPT3101_Simple.obj</name>
      </input_file>
      <input_file id="fl-d">
         <path>.\</path>
         <kind>object</kind>
         <file>PWM.obj</file>
         <name>PWM.obj</name>
      </input_file>
      <input_file id="fl-e">
         <path>.\</path>
         <kind>object</kind>
         <file>SSD1306.obj</file>
         <name>SSD1306.obj</name>
      </input_file>
      <input_file id="fl-f">
         <path>.\</path>
         <kind>object</kind>
         <file>TA3InputCapture.obj</file>
         <name>TA3InputCapture.obj</name>
      </input_file>
      <input_file id="fl-10">
         <path>.\</path>
         <kind>object</kind>
         <file>Tachometer.obj</file>
         <name>Tachometer.obj</name>
      </input_file>
      <input_file id="fl-11">
         <path>.\</path>
         <kind>object</kind>
         <file>UART0.obj</file>
         <name>UART0.obj</name>
      </input_file>
      <input_file id="fl-12">
         <path>.\</path>
         <kind>object</kind>
         <file>blinker.obj</file>
         <name>blinker.obj</name>
      </input_file>
      <input_file id="fl-13">
         <path>.\</path>
         <kind>object</kind>
         <file>fixed.obj</file>
         <name>fixed.obj</name>
      </input_file>
      <input_file id="fl-14">
         <path>.\</path>
         <kind>object</kind>
         <file>odometry.obj</file>
         <name>odometry.obj</name>
      </input_file>
      <input_file id="fl-15">
         <path>.\</path>
         <kind>object</kind>
         <file>opt3101.obj</file>
         <name>opt3101.obj</name>
      </input_file>
      <input_file id="fl-16">
         <path>.\</path>
         <kind>object</kind>
         <file>startup_msp432p401r_ccs.obj</file>
         <name>startup_msp432p401r_ccs.obj</name>
      </input_file>
      <input_file id="fl-17">
         <path>.\</path>
         <kind>object</kind>
         <file>system_msp432p401r.obj</file>
         <name>system_msp432p401r.obj</name>
      </input_file>
      <input_file id="fl-1b">
         <kind>object</kind>
         <file>&lt;internal&gt;</file>
         <name>&lt;internal&gt;</name>
      </input_file>
      <input_file id="fl-d1">
         <path>C:\ti\ccs1220\ccs\tools\compiler\ti-cgt-arm_20.2.7.LTS\lib\</path>
         <kind>archive</kind>
         <file>rtsv7M4_T_le_v4SPD16_eabi.lib</file>
         <name>fopen.c.obj</name>
      </input_file>
      <input_file id="fl-d2">
         <path>C:\ti\ccs1220\ccs\tools\compiler\ti-cgt-arm_20.2.7.LTS\lib\</path>
         <kind>archive</kind>
         <file>rtsv7M4_T_le_v4SPD16_eabi.lib</file>
         <name>setvbuf.c.obj</name>
      </input_file>
      <input_file id="fl-d3">
         <path>C:\ti\ccs1220\ccs\tools\compiler\ti-cgt-arm_20.2.7.LTS\lib\</path>
         <kind>archive</kind>
         <file>rtsv7M4_T_le_v4SPD16_eabi.lib</file>
         <name>memset_t2.asm.obj</name>
      </input_file>
      <input_file id="fl-d4">
         <path>C:\ti\ccs1220\ccs\tools\compiler\ti-cgt-arm_20.2.7.LTS\lib\</path>
         <kind>archive</kind>
         <file>rtsv7M4_T_le_v4SPD16_eabi.lib</file>
         <name>copy_zero_init.c.obj</name>
      </input_file>
      <input_file id="fl-d5">
         <path>C:\ti\ccs1220\ccs\tools\compiler\ti-cgt-arm_20.2.7.LTS\lib\</path>
         <kind>archive</kind>
         <file>rtsv7M4_T_le_v4SPD16_eabi.lib</file>
         <name>copy_decompress_none.c.obj</name>
      </input_file>
      <input_file id="fl-d6">
         <path>C:\ti\ccs1220\ccs\tools\compiler\ti-cgt-arm_20.2.7.LTS\lib\</path>
         <kind>archive</kind>
         <file>rtsv7M4_T_le_v4SPD16_eabi.lib</file>
         <name>copy_decompress_lzss.c.obj</name>
      </input_file>
      <input_file id="fl-d7">
         <path>C:\ti\ccs1220\ccs\tools\compiler\ti-cgt-arm_20.2.7.LTS\lib\</path>
         <kind>archive</kind>
         <file>rtsv7M4_T_le_v4SPD16_eabi.lib</file>
         <name>exit.c.obj</name>
      </input_file>
      <input_file id="fl-d8">
         <path>C:\ti\ccs1220\ccs\tools\compiler\ti-cgt-arm_20.2.7.LTS\lib\</path>
         <kind>archive</kind>
         <file>rtsv7M4_T_le_v4SPD16_eabi.lib</file>
         <name>_lock.c.obj</name>
      </input_file>
      <input_file id="fl-d9">
         <path>C:\ti\ccs1220\ccs\tools\compiler\ti-cgt-arm_20.2.7.LTS\lib\</path>
         <kind>archive</kind>
         <file>rtsv7M4_T_le_v4SPD16_eabi.lib</file>
         <name>defs.c.obj</name>
      </input_file>
      <input_file id="fl-da">
         <path>C:\ti\ccs1220\ccs\tools\compiler\ti-cgt-arm_20.2.7.LTS\lib\</path>
         <kind>archive</kind>
         <file>rtsv7M4_T_le_v4SPD16_eabi.lib</file>
         <name>memory.c.obj</name>
      </input_file>
      <input_file id="fl-db">
         <path>C:\ti\ccs1220\ccs\tools\compiler\ti-cgt-arm_20.2.7.LTS\lib\</path>
         <kind>archive</kind>
         <file>rtsv7M4_T_le_v4SPD16_eabi.lib</file>
         <name>boot_cortex_m.c.obj</name>
      </input_file>
      <input_file id="fl-dc">
         <path>C:\ti\ccs1220\ccs\tools\compiler\ti-cgt-arm_20.2.7.LTS\lib\</path>
         <kind>archive</kind>
         <file>rtsv7M4_T_le_v4SPD16_eabi.lib</file>
         <name>open.c.obj</name>
      </input_file>
      <input_file id="fl-dd">
         <path>C:\ti\ccs1220\ccs\tools\compiler\ti-cgt-arm_20.2.7.LTS\lib\</path>
         <kind>archive</kind>
         <file>rtsv7M4_T_le_v4SPD16_eabi.lib</file>
         <name>add_device.c.obj</name>
      </input_file>
      <input_file id="fl-de">
         <path>C:\ti\ccs1220\ccs\tools\compiler\ti-cgt-arm_20.2.7.LTS\lib\</path>
         <kind>archive</kind>
         <file>rtsv7M4_T_le_v4SPD16_eabi.lib</file>
         <name>fclose.c.obj</name>
      </input_file>
      <input_file id="fl-df">
         <path>C:\ti\ccs1220\ccs\tools\compiler\ti-cgt-arm_20.2.7.LTS\lib\</path>
         <kind>archive</kind>
         <file>rtsv7M4_T_le_v4SPD16_eabi.lib</file>
         <name>fflush.c.obj</name>
      </input_file>
      <input_file id="fl-e0">
         <path>C:\ti\ccs1220\ccs\tools\compiler\ti-cgt-arm_20.2.7.LTS\lib\</path>
         <kind>archive</kind>
         <file>rtsv7M4_T_le_v4SPD16_eabi.lib</file>
         <name>getdevice.c.obj</name>
      </input_file>
      <input_file id="fl-e1">
         <path>C:\ti\ccs1220\ccs\tools\compiler\ti-cgt-arm_20.2.7.LTS\lib\</path>
         <kind>archive</kind>
         <file>rtsv7M4_T_le_v4SPD16_eabi.lib</file>
         <name>memcpy_t2.asm.obj</name>
      </input_file>
      <input_file id="fl-e2">
         <path>C:\ti\ccs1220\ccs\tools\compiler\ti-cgt-arm_20.2.7.LTS\lib\</path>
         <kind>archive</kind>
         <file>rtsv7M4_T_le_v4SPD16_eabi.lib</file>
         <name>autoinit.c.obj</name>
      </input_file>
      <input_file id="fl-e3">
         <path>C:\ti\ccs1220\ccs\tools\compiler\ti-cgt-arm_20.2.7.LTS\lib\</path>
         <kind>archive</kind>
         <file>rtsv7M4_T_le_v4SPD16_eabi.lib</file>
         <name>pre_init.c.obj</name>
      </input_file>
      <input_file id="fl-e4">
         <path>C:\ti\ccs1220\ccs\tools\compiler\ti-cgt-arm_20.2.7.LTS\lib\</path>
         <kind>archive</kind>
         <file>rtsv7M4_T_le_v4SPD16_eabi.lib</file>
         <name>cpy_tbl.c.obj</name>
      </input_file>
      <input_file id="fl-e5">
         <path>C:\ti\ccs1220\ccs\tools\compiler\ti-cgt-arm_20.2.7.LTS\lib\</path>
         <kind>archive</kind>
         <file>rtsv7M4_T_le_v4SPD16_eabi.lib</file>
         <name>args_main.c.obj</name>
      </input_file>
      <input_file id="fl-e6">
         <path>C:\ti\ccs1220\ccs\tools\compiler\ti-cgt-arm_20.2.7.LTS\lib\</path>
         <kind>archive</kind>
         <file>rtsv7M4_T_le_v4SPD16_eabi.lib</file>
         <name>strchr.c.obj</name>
      </input_file>
      <input_file id="fl-e7">
         <path>C:\ti\ccs1220\ccs\tools\compiler\ti-cgt-arm_20.2.7.LTS\lib\</path>
         <kind>archive</kind>
         <file>rtsv7M4_T_le_v4SPD16_eabi.lib</file>
         <name>strcmp.c.obj</name>
      </input_file>
      <input_file id="fl-e8">
         <path>C:\ti\ccs1220\ccs\tools\compiler\ti-cgt-arm_20.2.7.LTS\lib\</path>
         <kind>archive</kind>
         <file>rtsv7M4_T_le_v4SPD16_eabi.lib</file>
         <name>strncpy.c.obj</name>
      </input_file>
      <input_file id="fl-e9">
         <path>C:\ti\ccs1220\ccs\tools\compiler\ti-cgt-arm_20.2.7.LTS\lib\</path>
         <kind>archive</kind>
         <file>rtsv7M4_T_le_v4SPD16_eabi.lib</file>
         <name>write.c.obj</name>
      </input_file>
      <input_file id="fl-ea">
         <path>C:\ti\ccs1220\ccs\tools\compiler\ti-cgt-arm_20.2.7.LTS\lib\</path>
         <kind>archive</kind>
         <file>rtsv7M4_T_le_v4SPD16_eabi.lib</file>
         <name>host_device.c.obj</name>
      </input_file>
      <input_file id="fl-eb">
         <path>C:\ti\ccs1220\ccs\tools\compiler\ti-cgt-arm_20.2.7.LTS\lib\</path>
         <kind>archive</kind>
         <file>rtsv7M4_T_le_v4SPD16_eabi.lib</file>
         <name>remove.c.obj</name>
      </input_file>
      <input_file id="fl-ec">
         <path>C:\ti\ccs1220\ccs\tools\compiler\ti-cgt-arm_20.2.7.LTS\lib\</path>
         <kind>archive</kind>
         <file>rtsv7M4_T_le_v4SPD16_eabi.lib</file>
         <name>close.c.obj</name>
      </input_file>
      <input_file id="fl-ed">
         <path>C:\ti\ccs1220\ccs\tools\compiler\ti-cgt-arm_20.2.7.LTS\lib\</path>
         <kind>archive</kind>
         <file>rtsv7M4_T_le_v4SPD16_eabi.lib</file>
         <name>unlink.c.obj</name>
      </input_file>
      <input_file id="fl-ee">
         <path>C:\ti\ccs1220\ccs\tools\compiler\ti-cgt-arm_20.2.7.LTS\lib\</path>
         <kind>archive</kind>
         <file>rtsv7M4_T_le_v4SPD16_eabi.lib</file>
         <name>hostclose.c.obj</name>
      </input_file>
      <input_file id="fl-ef">
         <path>C:\ti\ccs1220\ccs\tools\compiler\ti-cgt-arm_20.2.7.LTS\lib\</path>
         <kind>archive</kind>
         <file>rtsv7M4_T_le_v4SPD16_eabi.lib</file>
         <name>hostlseek.c.obj</name>
      </input_file>
      <input_file id="fl-f0">
         <path>C:\ti\ccs1220\ccs\tools\compiler\ti-cgt-arm_20.2.7.LTS\lib\</path>
         <kind>archive</kind>
         <file>rtsv7M4_T_le_v4SPD16_eabi.lib</file>
         <name>hostopen.c.obj</name>
      </input_file>
      <input_file id="fl-f1">
         <path>C:\ti\ccs1220\ccs\tools\compiler\ti-cgt-arm_20.2.7.LTS\lib\</path>
         <kind>archive</kind>
         <file>rtsv7M4_T_le_v4SPD16_eabi.lib</file>
         <name>hostread.c.obj</name>
      </input_file>
      <input_file id="fl-f2">
         <path>C:\ti\ccs1220\ccs\tools\compiler\ti-cgt-arm_20.2.7.LTS\lib\</path>
         <kind>archive</kind>
         <file>rtsv7M4_T_le_v4SPD16_eabi.lib</file>
         <name>hostrename.c.obj</name>
      </input_file>
      <input_file id="fl-f3">
         <path>C:\ti\ccs1220\ccs\tools\compiler\ti-cgt-arm_20.2.7.LTS\lib\</path>
         <kind>archive</kind>
         <file>rtsv7M4_T_le_v4SPD16_eabi.lib</file>
         <name>hostunlink.c.obj</name>
      </input_file>
      <input_file id="fl-f4">
         <path>C:\ti\ccs1220\ccs\tools\compiler\ti-cgt-arm_20.2.7.LTS\lib\</path>
         <kind>archive</kind>
         <file>rtsv7M4_T_le_v4SPD16_eabi.lib</file>
         <name>hostwrite.c.obj</name>
      </input_file>
      <input_file id="fl-f5">
         <path>C:\ti\ccs1220\ccs\tools\compiler\ti-cgt-arm_20.2.7.LTS\lib\</path>
         <kind>archive</kind>
         <file>rtsv7M4_T_le_v4SPD16_eabi.lib</file>
         <name>trgmsg.c.obj</name>
      </input_file>
      <input_file id="fl-f6">
         <path>C:\ti\ccs1220\ccs\tools\compiler\ti-cgt-arm_20.2.7.LTS\lib\</path>
         <kind>archive</kind>
         <file>rtsv7M4_T_le_v4SPD16_eabi.lib</file>
         <name>strcpy.c.obj</name>
      </input_file>
      <input_file id="fl-f7">
         <path>C:\ti\ccs1220\ccs\tools\compiler\ti-cgt-arm_20.2.7.LTS\lib\</path>
         <kind>archive</kind>
         <file>rtsv7M4_T_le_v4SPD16_eabi.lib</file>
         <name>strlen.c.obj</name>
      </input_file>
   </input_file_list>
   <object_component_list>
      <object_component id="oc-26">
         <name>.intvecs:retain</name>
         <load_address>0x0</load_address>
         <run_address>0x0</run_address>
         <size>0xe4</size>
         <input_file_ref idref="fl-16"/>
      </object_component>
      <object_component id="oc-1f5">
         <name>.text</name>
         <load_address>0xe4</load_address>
         <run_address>0xe4</run_address>
         <size>0x1340</size>
         <input_file_ref idref="fl-e"/>
      </object_component>
      <object_component id="oc-12c">
         <name>.text</name>
         <load_address>0x1424</load_address>
         <run_address>0x1424</run_address>
         <size>0xa34</size>
         <input_file_ref idref="fl-14"/>
      </object_component>
      <object_component id="oc-10a">
         <name>.text</name>
         <load_address>0x1e58</load_address>
         <run_address>0x1e58</run_address>
         <size>0x6e0</size>
         <input_file_ref idref="fl-11"/>
      </object_component>
      <object_component id="oc-138">
         <name>.text</name>
         <load_address>0x2538</load_address>
         <run_address>0x2538</run_address>
         <size>0x5d0</size>
         <input_file_ref idref="fl-7"/>
      </object_component>
      <object_component id="oc-76">
         <name>.text</name>
         <load_address>0x2b08</load_address>
         <run_address>0x2b08</run_address>
         <size>0x51c</size>
         <input_file_ref idref="fl-15"/>
      </object_component>
      <object_component id="oc-a6">
         <name>.text</name>
         <load_address>0x3024</load_address>
         <run_address>0x3024</run_address>
         <size>0x4b8</size>
         <input_file_ref idref="fl-c"/>
      </object_component>
      <object_component id="oc-c9">
         <name>.text</name>
         <load_address>0x34dc</load_address>
         <run_address>0x34dc</run_address>
         <size>0x3a4</size>
         <input_file_ref idref="fl-6"/>
      </object_component>
      <object_component id="oc-b8">
         <name>.text</name>
         <load_address>0x3880</load_address>
         <run_address>0x3880</run_address>
         <size>0x334</size>
         <input_file_ref idref="fl-17"/>
      </object_component>
      <object_component id="oc-110">
         <name>.text</name>
         <load_address>0x3bb4</load_address>
         <run_address>0x3bb4</run_address>
         <size>0x26c</size>
         <input_file_ref idref="fl-a"/>
      </object_component>
      <object_component id="oc-1e1">
         <name>.text</name>
         <load_address>0x3e20</load_address>
         <run_address>0x3e20</run_address>
         <size>0x230</size>
         <input_file_ref idref="fl-13"/>
      </object_component>
      <object_component id="oc-cf">
         <name>.text</name>
         <load_address>0x4050</load_address>
         <run_address>0x4050</run_address>
         <size>0x1e0</size>
         <input_file_ref idref="fl-3"/>
      </object_component>
      <object_component id="oc-70">
         <name>.text</name>
         <load_address>0x4230</load_address>
         <run_address>0x4230</run_address>
         <size>0x1d4</size>
         <input_file_ref idref="fl-f"/>
      </object_component>
      <object_component id="oc-1ed">
         <name>.text</name>
         <load_address>0x4404</load_address>
         <run_address>0x4404</run_address>
         <size>0x13c</size>
         <input_file_ref idref="fl-10"/>
      </object_component>
      <object_component id="oc-26b">
         <name>.text:_openfile</name>
         <load_address>0x4540</load_address>
         <run_address>0x4540</run_address>
         <size>0x110</size>
         <input_file_ref idref="fl-d1"/>
      </object_component>
      <object_component id="oc-38b">
         <name>.text:aligned_alloc</name>
         <load_address>0x4650</load_address>
         <run_address>0x4650</run_address>
         <size>0x100</size>
         <input_file_ref idref="fl-da"/>
      </object_component>
      <object_component id="oc-11c">
         <name>.text</name>
         <load_address>0x4750</load_address>
         <run_address>0x4750</run_address>
         <size>0xf8</size>
         <input_file_ref idref="fl-9"/>
      </object_component>
      <object_component id="oc-27e">
         <name>.text:free</name>
         <load_address>0x4848</load_address>
         <run_address>0x4848</run_address>
         <size>0xe4</size>
         <input_file_ref idref="fl-da"/>
      </object_component>
      <object_component id="oc-1bf">
         <name>.text:setvbuf</name>
         <load_address>0x492c</load_address>
         <run_address>0x492c</run_address>
         <size>0xdc</size>
         <input_file_ref idref="fl-d2"/>
      </object_component>
      <object_component id="oc-116">
         <name>.text</name>
         <load_address>0x4a08</load_address>
         <run_address>0x4a08</run_address>
         <size>0xbc</size>
         <input_file_ref idref="fl-2"/>
      </object_component>
      <object_component id="oc-359">
         <name>.text:open</name>
         <load_address>0x4ac4</load_address>
         <run_address>0x4ac4</run_address>
         <size>0xbc</size>
         <input_file_ref idref="fl-dc"/>
      </object_component>
      <object_component id="oc-1ad">
         <name>.text:add_device</name>
         <load_address>0x4b80</load_address>
         <run_address>0x4b80</run_address>
         <size>0xb8</size>
         <input_file_ref idref="fl-dd"/>
      </object_component>
      <object_component id="oc-1b3">
         <name>.text:fopen</name>
         <load_address>0x4c38</load_address>
         <run_address>0x4c38</run_address>
         <size>0x9c</size>
         <input_file_ref idref="fl-d1"/>
      </object_component>
      <object_component id="oc-3a">
         <name>.text</name>
         <load_address>0x4cd4</load_address>
         <run_address>0x4cd4</run_address>
         <size>0x9c</size>
         <input_file_ref idref="fl-e1"/>
      </object_component>
      <object_component id="oc-9a">
         <name>.text</name>
         <load_address>0x4d70</load_address>
         <run_address>0x4d70</run_address>
         <size>0x7a</size>
         <input_file_ref idref="fl-d3"/>
      </object_component>
      <object_component id="oc-2f5">
         <name>.text:_nop</name>
         <load_address>0x4dea</load_address>
         <run_address>0x4dea</run_address>
         <size>0x2</size>
         <input_file_ref idref="fl-d8"/>
      </object_component>
      <object_component id="oc-277">
         <name>.text:__TI_closefile</name>
         <load_address>0x4dec</load_address>
         <run_address>0x4dec</run_address>
         <size>0x74</size>
         <input_file_ref idref="fl-de"/>
      </object_component>
      <object_component id="oc-42f">
         <name>.text:split</name>
         <load_address>0x4e60</load_address>
         <run_address>0x4e60</run_address>
         <size>0x70</size>
         <input_file_ref idref="fl-da"/>
      </object_component>
      <object_component id="oc-344">
         <name>.text:HOSTrename</name>
         <load_address>0x4ed0</load_address>
         <run_address>0x4ed0</run_address>
         <size>0x6c</size>
         <input_file_ref idref="fl-f2"/>
      </object_component>
      <object_component id="oc-338">
         <name>.text:HOSTlseek</name>
         <load_address>0x4f3c</load_address>
         <run_address>0x4f3c</run_address>
         <size>0x68</size>
         <input_file_ref idref="fl-ef"/>
      </object_component>
      <object_component id="oc-17">
         <name>.text:decompress:lzss:__TI_decompress_lzss</name>
         <load_address>0x4fa4</load_address>
         <run_address>0x4fa4</run_address>
         <size>0x68</size>
         <input_file_ref idref="fl-d6"/>
      </object_component>
      <object_component id="oc-320">
         <name>.text:HOSTopen</name>
         <load_address>0x500c</load_address>
         <run_address>0x500c</run_address>
         <size>0x60</size>
         <input_file_ref idref="fl-f0"/>
      </object_component>
      <object_component id="oc-36f">
         <name>.text:close</name>
         <load_address>0x506c</load_address>
         <run_address>0x506c</run_address>
         <size>0x5c</size>
         <input_file_ref idref="fl-ec"/>
      </object_component>
      <object_component id="oc-32c">
         <name>.text:HOSTread</name>
         <load_address>0x50c8</load_address>
         <run_address>0x50c8</run_address>
         <size>0x58</size>
         <input_file_ref idref="fl-f1"/>
      </object_component>
      <object_component id="oc-332">
         <name>.text:HOSTwrite</name>
         <load_address>0x5120</load_address>
         <run_address>0x5120</run_address>
         <size>0x58</size>
         <input_file_ref idref="fl-f4"/>
      </object_component>
      <object_component id="oc-1fc">
         <name>.text</name>
         <load_address>0x5178</load_address>
         <run_address>0x5178</run_address>
         <size>0x58</size>
         <input_file_ref idref="fl-12"/>
      </object_component>
      <object_component id="oc-369">
         <name>.text:__TI_doflush</name>
         <load_address>0x51d0</load_address>
         <run_address>0x51d0</run_address>
         <size>0x4c</size>
         <input_file_ref idref="fl-df"/>
      </object_component>
      <object_component id="oc-14f">
         <name>.text:exit</name>
         <load_address>0x521c</load_address>
         <run_address>0x521c</run_address>
         <size>0x48</size>
         <input_file_ref idref="fl-d7"/>
      </object_component>
      <object_component id="oc-326">
         <name>.text:HOSTclose</name>
         <load_address>0x5264</load_address>
         <run_address>0x5264</run_address>
         <size>0x44</size>
         <input_file_ref idref="fl-ee"/>
      </object_component>
      <object_component id="oc-33e">
         <name>.text:HOSTunlink</name>
         <load_address>0x52a8</load_address>
         <run_address>0x52a8</run_address>
         <size>0x44</size>
         <input_file_ref idref="fl-f3"/>
      </object_component>
      <object_component id="oc-155">
         <name>.text:__TI_auto_init_nobinit_nopinit:__TI_auto_init_nobinit_nopinit</name>
         <load_address>0x52ec</load_address>
         <run_address>0x52ec</run_address>
         <size>0x44</size>
         <input_file_ref idref="fl-e2"/>
      </object_component>
      <object_component id="oc-410">
         <name>.text:getdevice</name>
         <load_address>0x5330</load_address>
         <run_address>0x5330</run_address>
         <size>0x44</size>
         <input_file_ref idref="fl-e0"/>
      </object_component>
      <object_component id="oc-3e7">
         <name>.text:__TI_writemsg</name>
         <load_address>0x5374</load_address>
         <run_address>0x5374</run_address>
         <size>0x38</size>
         <input_file_ref idref="fl-f5"/>
      </object_component>
      <object_component id="oc-25f">
         <name>.text:strncpy</name>
         <load_address>0x53ac</load_address>
         <run_address>0x53ac</run_address>
         <size>0x36</size>
         <input_file_ref idref="fl-e8"/>
      </object_component>
      <object_component id="oc-28a">
         <name>.text:__TI_cleanup</name>
         <load_address>0x53e4</load_address>
         <run_address>0x53e4</run_address>
         <size>0x34</size>
         <input_file_ref idref="fl-d1"/>
      </object_component>
      <object_component id="oc-3ed">
         <name>.text:__TI_readmsg</name>
         <load_address>0x5418</load_address>
         <run_address>0x5418</run_address>
         <size>0x34</size>
         <input_file_ref idref="fl-f5"/>
      </object_component>
      <object_component id="oc-58">
         <name>.text:_c_int00_noargs:_c_int00_noargs</name>
         <load_address>0x544c</load_address>
         <run_address>0x544c</run_address>
         <size>0x34</size>
         <input_file_ref idref="fl-db"/>
      </object_component>
      <object_component id="oc-1b9">
         <name>.text:freopen</name>
         <load_address>0x5480</load_address>
         <run_address>0x5480</run_address>
         <size>0x34</size>
         <input_file_ref idref="fl-d1"/>
      </object_component>
      <object_component id="oc-259">
         <name>.text:finddevice</name>
         <load_address>0x54b4</load_address>
         <run_address>0x54b4</run_address>
         <size>0x30</size>
         <input_file_ref idref="fl-e0"/>
      </object_component>
      <object_component id="oc-375">
         <name>.text:unlink</name>
         <load_address>0x54e4</load_address>
         <run_address>0x54e4</run_address>
         <size>0x2c</size>
         <input_file_ref idref="fl-ed"/>
      </object_component>
      <object_component id="oc-384">
         <name>.text:free_list_insert</name>
         <load_address>0x5510</load_address>
         <run_address>0x5510</run_address>
         <size>0x28</size>
         <input_file_ref idref="fl-da"/>
      </object_component>
      <object_component id="oc-41c">
         <name>.text:write</name>
         <load_address>0x5538</load_address>
         <run_address>0x5538</run_address>
         <size>0x28</size>
         <input_file_ref idref="fl-e9"/>
      </object_component>
      <object_component id="oc-132">
         <name>.text</name>
         <load_address>0x5560</load_address>
         <run_address>0x5560</run_address>
         <size>0x24</size>
         <input_file_ref idref="fl-4"/>
      </object_component>
      <object_component id="oc-37e">
         <name>.text:free_list_remove</name>
         <load_address>0x5584</load_address>
         <run_address>0x5584</run_address>
         <size>0x1c</size>
         <input_file_ref idref="fl-da"/>
      </object_component>
      <object_component id="oc-316">
         <name>.text:strcmp</name>
         <load_address>0x55a0</load_address>
         <run_address>0x55a0</run_address>
         <size>0x18</size>
         <input_file_ref idref="fl-e7"/>
      </object_component>
      <object_component id="oc-452">
         <name>.text:strchr</name>
         <load_address>0x55b8</load_address>
         <run_address>0x55b8</run_address>
         <size>0x16</size>
         <input_file_ref idref="fl-e6"/>
      </object_component>
      <object_component id="oc-401">
         <name>.text:strcpy</name>
         <load_address>0x55ce</load_address>
         <run_address>0x55ce</run_address>
         <size>0x14</size>
         <input_file_ref idref="fl-f6"/>
      </object_component>
      <object_component id="oc-3e1">
         <name>.text:strlen</name>
         <load_address>0x55e2</load_address>
         <run_address>0x55e2</run_address>
         <size>0x14</size>
         <input_file_ref idref="fl-f7"/>
      </object_component>
      <object_component id="oc-1d">
         <name>.text:decompress:none:__TI_decompress_none</name>
         <load_address>0x55f6</load_address>
         <run_address>0x55f6</run_address>
         <size>0xe</size>
         <input_file_ref idref="fl-d5"/>
      </object_component>
      <object_component id="oc-6a">
         <name>.text</name>
         <load_address>0x5604</load_address>
         <run_address>0x5604</run_address>
         <size>0xe</size>
         <input_file_ref idref="fl-16"/>
      </object_component>
      <object_component id="oc-4c">
         <name>.text:decompress:ZI:__TI_zero_init</name>
         <load_address>0x5612</load_address>
         <run_address>0x5612</run_address>
         <size>0xc</size>
         <input_file_ref idref="fl-d4"/>
      </object_component>
      <object_component id="oc-284">
         <name>.text:malloc</name>
         <load_address>0x561e</load_address>
         <run_address>0x561e</run_address>
         <size>0x8</size>
         <input_file_ref idref="fl-da"/>
      </object_component>
      <object_component id="oc-a0">
         <name>.text:_system_pre_init</name>
         <load_address>0x5626</load_address>
         <run_address>0x5626</run_address>
         <size>0x4</size>
         <input_file_ref idref="fl-e3"/>
      </object_component>
      <object_component id="oc-149">
         <name>.text:abort:abort</name>
         <load_address>0x562a</load_address>
         <run_address>0x562a</run_address>
         <size>0x4</size>
         <input_file_ref idref="fl-d7"/>
      </object_component>
      <object_component id="oc-29e">
         <name>.const:SinTab2</name>
         <load_address>0x562e</load_address>
         <run_address>0x562e</run_address>
         <size>0x2000</size>
         <input_file_ref idref="fl-13"/>
      </object_component>
      <object_component id="oc-29b">
         <name>.const:SinTab</name>
         <load_address>0x762e</load_address>
         <run_address>0x762e</run_address>
         <size>0xc48</size>
         <input_file_ref idref="fl-13"/>
      </object_component>
      <object_component id="oc-2c0">
         <name>.const:ASCII</name>
         <load_address>0x8276</load_address>
         <run_address>0x8276</run_address>
         <size>0x1e0</size>
         <input_file_ref idref="fl-e"/>
      </object_component>
      <object_component id="oc-2c6">
         <name>.const:.string:postmask</name>
         <load_address>0x8456</load_address>
         <run_address>0x8456</run_address>
         <size>0x8</size>
         <input_file_ref idref="fl-e"/>
      </object_component>
      <object_component id="oc-2c3">
         <name>.const:.string:premask</name>
         <load_address>0x845e</load_address>
         <run_address>0x845e</run_address>
         <size>0x8</size>
         <input_file_ref idref="fl-e"/>
      </object_component>
      <object_component id="oc-2bb">
         <name>.const:.string:init5</name>
         <load_address>0x8466</load_address>
         <run_address>0x8466</run_address>
         <size>0x6</size>
         <input_file_ref idref="fl-e"/>
      </object_component>
      <object_component id="oc-2c9">
         <name>.const:.string:dlist1</name>
         <load_address>0x846c</load_address>
         <run_address>0x846c</run_address>
         <size>0x5</size>
         <input_file_ref idref="fl-e"/>
      </object_component>
      <object_component id="oc-2af">
         <name>.const:.string:init1</name>
         <load_address>0x8471</load_address>
         <run_address>0x8471</run_address>
         <size>0x4</size>
         <input_file_ref idref="fl-e"/>
      </object_component>
      <object_component id="oc-2b2">
         <name>.const:.string:init2</name>
         <load_address>0x8475</load_address>
         <run_address>0x8475</run_address>
         <size>0x4</size>
         <input_file_ref idref="fl-e"/>
      </object_component>
      <object_component id="oc-2b5">
         <name>.const:.string:init3</name>
         <load_address>0x8479</load_address>
         <run_address>0x8479</run_address>
         <size>0x4</size>
         <input_file_ref idref="fl-e"/>
      </object_component>
      <object_component id="oc-2b8">
         <name>.const:.string:init4b</name>
         <load_address>0x847d</load_address>
         <run_address>0x847d</run_address>
         <size>0x3</size>
         <input_file_ref idref="fl-e"/>
      </object_component>
      <object_component id="oc-2cf">
         <name>.const:.string:scrollList1b</name>
         <load_address>0x8480</load_address>
         <run_address>0x8480</run_address>
         <size>0x3</size>
         <input_file_ref idref="fl-e"/>
      </object_component>
      <object_component id="oc-2d5">
         <name>.const:.string:scrollList2b</name>
         <load_address>0x8483</load_address>
         <run_address>0x8483</run_address>
         <size>0x3</size>
         <input_file_ref idref="fl-e"/>
      </object_component>
      <object_component id="oc-2cc">
         <name>.const:.string:scrollList1a</name>
         <load_address>0x8486</load_address>
         <run_address>0x8486</run_address>
         <size>0x2</size>
         <input_file_ref idref="fl-e"/>
      </object_component>
      <object_component id="oc-2d2">
         <name>.const:.string:scrollList2a</name>
         <load_address>0x8488</load_address>
         <run_address>0x8488</run_address>
         <size>0x2</size>
         <input_file_ref idref="fl-e"/>
      </object_component>
      <object_component id="oc-2d8">
         <name>.const:.string:scrollList3a</name>
         <load_address>0x848a</load_address>
         <run_address>0x848a</run_address>
         <size>0x2</size>
         <input_file_ref idref="fl-e"/>
      </object_component>
      <object_component id="oc-2db">
         <name>.const:.string:scrollList3b</name>
         <load_address>0x848c</load_address>
         <run_address>0x848c</run_address>
         <size>0x2</size>
         <input_file_ref idref="fl-e"/>
      </object_component>
      <object_component id="oc-2de">
         <name>.const:.string:scrollList3c</name>
         <load_address>0x848e</load_address>
         <run_address>0x848e</run_address>
         <size>0x2</size>
         <input_file_ref idref="fl-e"/>
      </object_component>
      <object_component id="oc-2e1">
         <name>.const:.string:scrollList4a</name>
         <load_address>0x8490</load_address>
         <run_address>0x8490</run_address>
         <size>0x2</size>
         <input_file_ref idref="fl-e"/>
      </object_component>
      <object_component id="oc-2e4">
         <name>.const:.string:scrollList4b</name>
         <load_address>0x8492</load_address>
         <run_address>0x8492</run_address>
         <size>0x2</size>
         <input_file_ref idref="fl-e"/>
      </object_component>
      <object_component id="oc-2e7">
         <name>.const:.string:scrollList4c</name>
         <load_address>0x8494</load_address>
         <run_address>0x8494</run_address>
         <size>0x2</size>
         <input_file_ref idref="fl-e"/>
      </object_component>
      <object_component id="oc-4a7">
         <name>.cinit..data.load</name>
         <load_address>0x8498</load_address>
         <run_address>0x8498</run_address>
         <size>0x80</size>
      </object_component>
      <object_component id="oc-4a5">
         <name>__TI_handler_table</name>
         <load_address>0x8518</load_address>
         <run_address>0x8518</run_address>
         <size>0xc</size>
      </object_component>
      <object_component id="oc-4a8">
         <name>.cinit..bss.load</name>
         <load_address>0x8528</load_address>
         <run_address>0x8528</run_address>
         <size>0x8</size>
      </object_component>
      <object_component id="oc-4a6">
         <name>__TI_cinit_table</name>
         <load_address>0x8530</load_address>
         <run_address>0x8530</run_address>
         <size>0x10</size>
      </object_component>
      <object_component id="oc-479">
         <name>.binit</name>
         <load_address>0x0</load_address>
         <run_address>0x0</run_address>
         <size>0x0</size>
      </object_component>
      <object_component id="oc-1a0">
         <name>.data</name>
         <load_address>0x20003cb0</load_address>
         <run_address>0x20003cb0</run_address>
         <size>0x18</size>
         <input_file_ref idref="fl-3"/>
      </object_component>
      <object_component id="oc-122">
         <name>.data</name>
         <load_address>0x20003cc8</load_address>
         <run_address>0x20003cc8</run_address>
         <size>0x10</size>
         <input_file_ref idref="fl-c"/>
      </object_component>
      <object_component id="oc-2ea">
         <name>.data</name>
         <load_address>0x20003d1c</load_address>
         <run_address>0x20003d1c</run_address>
         <size>0x4</size>
         <input_file_ref idref="fl-e"/>
      </object_component>
      <object_component id="oc-bf">
         <name>.data</name>
         <load_address>0x20003cf4</load_address>
         <run_address>0x20003cf4</run_address>
         <size>0xc</size>
         <input_file_ref idref="fl-f"/>
      </object_component>
      <object_component id="oc-2a6">
         <name>.data</name>
         <load_address>0x20003d00</load_address>
         <run_address>0x20003d00</run_address>
         <size>0xa</size>
         <input_file_ref idref="fl-10"/>
      </object_component>
      <object_component id="oc-187">
         <name>.data</name>
         <load_address>0x20003d2c</load_address>
         <run_address>0x20003d2c</run_address>
         <size>0x4</size>
         <input_file_ref idref="fl-17"/>
      </object_component>
      <object_component id="oc-271">
         <name>.data</name>
         <load_address>0x20003d24</load_address>
         <run_address>0x20003d24</run_address>
         <size>0x4</size>
         <input_file_ref idref="fl-d1"/>
      </object_component>
      <object_component id="oc-22b">
         <name>.data:$O1$$</name>
         <load_address>0x20003ce8</load_address>
         <run_address>0x20003ce8</run_address>
         <size>0xc</size>
         <input_file_ref idref="fl-d7"/>
      </object_component>
      <object_component id="oc-22e">
         <name>.data:$O1$$</name>
         <load_address>0x20003d0c</load_address>
         <run_address>0x20003d0c</run_address>
         <size>0x8</size>
         <input_file_ref idref="fl-d8"/>
      </object_component>
      <object_component id="oc-1c5">
         <name>.data:_ftable</name>
         <load_address>0x20003af8</load_address>
         <run_address>0x20003af8</run_address>
         <size>0xf0</size>
         <input_file_ref idref="fl-d9"/>
      </object_component>
      <object_component id="oc-272">
         <name>.data</name>
         <load_address>0x20003cd8</load_address>
         <run_address>0x20003cd8</run_address>
         <size>0x10</size>
         <input_file_ref idref="fl-d9"/>
      </object_component>
      <object_component id="oc-42a">
         <name>.data:$O1$$</name>
         <load_address>0x20003d14</load_address>
         <run_address>0x20003d14</run_address>
         <size>0x8</size>
         <input_file_ref idref="fl-da"/>
      </object_component>
      <object_component id="oc-416">
         <name>.data</name>
         <load_address>0x20003d28</load_address>
         <run_address>0x20003d28</run_address>
         <size>0x4</size>
         <input_file_ref idref="fl-dc"/>
      </object_component>
      <object_component id="oc-265">
         <name>.data</name>
         <load_address>0x20003d20</load_address>
         <run_address>0x20003d20</run_address>
         <size>0x4</size>
         <input_file_ref idref="fl-dd"/>
      </object_component>
      <object_component id="oc-266">
         <name>.data:_device</name>
         <load_address>0x20003be8</load_address>
         <run_address>0x20003be8</run_address>
         <size>0x78</size>
         <input_file_ref idref="fl-ea"/>
      </object_component>
      <object_component id="oc-417">
         <name>.data:_stream</name>
         <load_address>0x20003c60</load_address>
         <run_address>0x20003c60</run_address>
         <size>0x50</size>
         <input_file_ref idref="fl-ea"/>
      </object_component>
      <object_component id="oc-d5">
         <name>.bss</name>
         <uninitialized>true</uninitialized>
         <run_address>0x200035f0</run_address>
         <size>0x8</size>
         <input_file_ref idref="fl-15"/>
      </object_component>
      <object_component id="oc-43c">
         <name>.bss:_CIOBUF_</name>
         <uninitialized>true</uninitialized>
         <run_address>0x20003400</run_address>
         <size>0x120</size>
         <input_file_ref idref="fl-f5"/>
      </object_component>
      <object_component id="oc-21d">
         <name>.common:Size</name>
         <uninitialized>true</uninitialized>
         <run_address>0x20003688</run_address>
         <size>0x4</size>
      </object_component>
      <object_component id="oc-21c">
         <name>.common:x</name>
         <uninitialized>true</uninitialized>
         <run_address>0x20000000</run_address>
         <size>0x1000</size>
      </object_component>
      <object_component id="oc-219">
         <name>.common:Pt</name>
         <uninitialized>true</uninitialized>
         <run_address>0x20003660</run_address>
         <size>0x4</size>
      </object_component>
      <object_component id="oc-21f">
         <name>.common:I1</name>
         <uninitialized>true</uninitialized>
         <run_address>0x20003610</run_address>
         <size>0x4</size>
      </object_component>
      <object_component id="oc-21e">
         <name>.common:LPFSum</name>
         <uninitialized>true</uninitialized>
         <run_address>0x20003624</run_address>
         <size>0x4</size>
      </object_component>
      <object_component id="oc-221">
         <name>.common:x2</name>
         <uninitialized>true</uninitialized>
         <run_address>0x20001000</run_address>
         <size>0x1000</size>
      </object_component>
      <object_component id="oc-220">
         <name>.common:Pt2</name>
         <uninitialized>true</uninitialized>
         <run_address>0x20003664</run_address>
         <size>0x4</size>
      </object_component>
      <object_component id="oc-222">
         <name>.common:LPFSum2</name>
         <uninitialized>true</uninitialized>
         <run_address>0x20003628</run_address>
         <size>0x4</size>
      </object_component>
      <object_component id="oc-224">
         <name>.common:x3</name>
         <uninitialized>true</uninitialized>
         <run_address>0x20002000</run_address>
         <size>0x1000</size>
      </object_component>
      <object_component id="oc-223">
         <name>.common:Pt3</name>
         <uninitialized>true</uninitialized>
         <run_address>0x20003668</run_address>
         <size>0x4</size>
      </object_component>
      <object_component id="oc-225">
         <name>.common:LPFSum3</name>
         <uninitialized>true</uninitialized>
         <run_address>0x2000362c</run_address>
         <size>0x4</size>
      </object_component>
      <object_component id="oc-228">
         <name>.common:u1</name>
         <uninitialized>true</uninitialized>
         <run_address>0x200036d0</run_address>
         <size>0x4</size>
      </object_component>
      <object_component id="oc-227">
         <name>.common:u2</name>
         <uninitialized>true</uninitialized>
         <run_address>0x200036d4</run_address>
         <size>0x4</size>
      </object_component>
      <object_component id="oc-226">
         <name>.common:u3</name>
         <uninitialized>true</uninitialized>
         <run_address>0x200036d8</run_address>
         <size>0x4</size>
      </object_component>
      <object_component id="oc-13f">
         <name>.common:Distances</name>
         <uninitialized>true</uninitialized>
         <run_address>0x200035d8</run_address>
         <size>0xc</size>
      </object_component>
      <object_component id="oc-146">
         <name>.common:FilteredDistances</name>
         <uninitialized>true</uninitialized>
         <run_address>0x200035e4</run_address>
         <size>0xc</size>
      </object_component>
      <object_component id="oc-140">
         <name>.common:Amplitudes</name>
         <uninitialized>true</uninitialized>
         <run_address>0x200035c0</run_address>
         <size>0xc</size>
      </object_component>
      <object_component id="oc-13e">
         <name>.common:TxChannel</name>
         <uninitialized>true</uninitialized>
         <run_address>0x2000369c</run_address>
         <size>0x4</size>
      </object_component>
      <object_component id="oc-143">
         <name>.common:StartTime</name>
         <uninitialized>true</uninitialized>
         <run_address>0x2000368c</run_address>
         <size>0x4</size>
      </object_component>
      <object_component id="oc-144">
         <name>.common:TimeToConvert</name>
         <uninitialized>true</uninitialized>
         <run_address>0x20003690</run_address>
         <size>0x4</size>
      </object_component>
      <object_component id="oc-147">
         <name>.common:i</name>
         <uninitialized>true</uninitialized>
         <run_address>0x200036c4</run_address>
         <size>0x4</size>
      </object_component>
      <object_component id="oc-125">
         <name>.common:Error</name>
         <uninitialized>true</uninitialized>
         <run_address>0x2000360c</run_address>
         <size>0x4</size>
      </object_component>
      <object_component id="oc-12a">
         <name>.common:UR</name>
         <uninitialized>true</uninitialized>
         <run_address>0x200036a4</run_address>
         <size>0x4</size>
      </object_component>
      <object_component id="oc-12b">
         <name>.common:UL</name>
         <uninitialized>true</uninitialized>
         <run_address>0x200036a0</run_address>
         <size>0x4</size>
      </object_component>
      <object_component id="oc-145">
         <name>.common:LeftDistance</name>
         <uninitialized>true</uninitialized>
         <run_address>0x20003638</run_address>
         <size>0x4</size>
      </object_component>
      <object_component id="oc-142">
         <name>.common:CenterDistance</name>
         <uninitialized>true</uninitialized>
         <run_address>0x20003608</run_address>
         <size>0x4</size>
      </object_component>
      <object_component id="oc-141">
         <name>.common:RightDistance</name>
         <uninitialized>true</uninitialized>
         <run_address>0x20003670</run_address>
         <size>0x4</size>
      </object_component>
      <object_component id="oc-2bf">
         <name>.common:buffer</name>
         <uninitialized>true</uninitialized>
         <run_address>0x20003000</run_address>
         <size>0x400</size>
      </object_component>
      <object_component id="oc-2ac">
         <name>.common:vccstate</name>
         <uninitialized>true</uninitialized>
         <run_address>0x200036dc</run_address>
         <size>0x4</size>
      </object_component>
      <object_component id="oc-2be">
         <name>.common:rotation</name>
         <uninitialized>true</uninitialized>
         <run_address>0x200036cc</run_address>
         <size>0x4</size>
      </object_component>
      <object_component id="oc-2ed">
         <name>.common:StartX</name>
         <uninitialized>true</uninitialized>
         <run_address>0x200036e4</run_address>
         <size>0x2</size>
      </object_component>
      <object_component id="oc-2ee">
         <name>.common:StartY</name>
         <uninitialized>true</uninitialized>
         <run_address>0x200036e6</run_address>
         <size>0x2</size>
      </object_component>
      <object_component id="oc-2a2">
         <name>.common:Tachometer_FirstRightTime</name>
         <uninitialized>true</uninitialized>
         <run_address>0x200036ea</run_address>
         <size>0x2</size>
      </object_component>
      <object_component id="oc-2a5">
         <name>.common:Tachometer_SecondRightTime</name>
         <uninitialized>true</uninitialized>
         <run_address>0x200036ee</run_address>
         <size>0x2</size>
      </object_component>
      <object_component id="oc-2a9">
         <name>.common:Tachometer_FirstLeftTime</name>
         <uninitialized>true</uninitialized>
         <run_address>0x200036e8</run_address>
         <size>0x2</size>
      </object_component>
      <object_component id="oc-2aa">
         <name>.common:Tachometer_SecondLeftTime</name>
         <uninitialized>true</uninitialized>
         <run_address>0x200036ec</run_address>
         <size>0x2</size>
      </object_component>
      <object_component id="oc-1ac">
         <name>.common:Messageindexb</name>
         <uninitialized>true</uninitialized>
         <run_address>0x20003644</run_address>
         <size>0x4</size>
      </object_component>
      <object_component id="oc-1a9">
         <name>.common:Messageb</name>
         <uninitialized>true</uninitialized>
         <run_address>0x200035f8</run_address>
         <size>0x8</size>
      </object_component>
      <object_component id="oc-1e7">
         <name>.common:Robotx</name>
         <uninitialized>true</uninitialized>
         <run_address>0x2000367c</run_address>
         <size>0x4</size>
      </object_component>
      <object_component id="oc-1e8">
         <name>.common:Roboty</name>
         <uninitialized>true</uninitialized>
         <run_address>0x20003680</run_address>
         <size>0x4</size>
      </object_component>
      <object_component id="oc-1e9">
         <name>.common:Robottheta</name>
         <uninitialized>true</uninitialized>
         <run_address>0x20003678</run_address>
         <size>0x4</size>
      </object_component>
      <object_component id="oc-1ea">
         <name>.common:Lr</name>
         <uninitialized>true</uninitialized>
         <run_address>0x20003640</run_address>
         <size>0x4</size>
      </object_component>
      <object_component id="oc-1eb">
         <name>.common:Rr</name>
         <uninitialized>true</uninitialized>
         <run_address>0x20003684</run_address>
         <size>0x4</size>
      </object_component>
      <object_component id="oc-1f4">
         <name>.common:L</name>
         <uninitialized>true</uninitialized>
         <run_address>0x20003620</run_address>
         <size>0x4</size>
      </object_component>
      <object_component id="oc-1fb">
         <name>.common:R</name>
         <uninitialized>true</uninitialized>
         <run_address>0x2000366c</run_address>
         <size>0x4</size>
      </object_component>
      <object_component id="oc-1ec">
         <name>.common:dtheta</name>
         <uninitialized>true</uninitialized>
         <run_address>0x200036b8</run_address>
         <size>0x4</size>
      </object_component>
      <object_component id="oc-1f3">
         <name>.common:dz</name>
         <uninitialized>true</uninitialized>
         <run_address>0x200036bc</run_address>
         <size>0x4</size>
      </object_component>
      <object_component id="oc-20f">
         <name>.common:Action</name>
         <uninitialized>true</uninitialized>
         <run_address>0x200036f0</run_address>
         <size>0x1</size>
      </object_component>
      <object_component id="oc-204">
         <name>.common:LeftTach</name>
         <uninitialized>true</uninitialized>
         <run_address>0x200036e0</run_address>
         <size>0x2</size>
      </object_component>
      <object_component id="oc-205">
         <name>.common:LeftDir</name>
         <uninitialized>true</uninitialized>
         <run_address>0x200036f2</run_address>
         <size>0x1</size>
      </object_component>
      <object_component id="oc-208">
         <name>.common:LeftSteps</name>
         <uninitialized>true</uninitialized>
         <run_address>0x2000363c</run_address>
         <size>0x4</size>
      </object_component>
      <object_component id="oc-209">
         <name>.common:LastLeftSteps</name>
         <uninitialized>true</uninitialized>
         <run_address>0x20003630</run_address>
         <size>0x4</size>
      </object_component>
      <object_component id="oc-206">
         <name>.common:TotalLeftSteps</name>
         <uninitialized>true</uninitialized>
         <run_address>0x20003694</run_address>
         <size>0x4</size>
      </object_component>
      <object_component id="oc-207">
         <name>.common:RightTach</name>
         <uninitialized>true</uninitialized>
         <run_address>0x200036e2</run_address>
         <size>0x2</size>
      </object_component>
      <object_component id="oc-202">
         <name>.common:RightDir</name>
         <uninitialized>true</uninitialized>
         <run_address>0x200036f3</run_address>
         <size>0x1</size>
      </object_component>
      <object_component id="oc-20b">
         <name>.common:RightSteps</name>
         <uninitialized>true</uninitialized>
         <run_address>0x20003674</run_address>
         <size>0x4</size>
      </object_component>
      <object_component id="oc-20a">
         <name>.common:LastRightSteps</name>
         <uninitialized>true</uninitialized>
         <run_address>0x20003634</run_address>
         <size>0x4</size>
      </object_component>
      <object_component id="oc-203">
         <name>.common:TotalRightSteps</name>
         <uninitialized>true</uninitialized>
         <run_address>0x20003698</run_address>
         <size>0x4</size>
      </object_component>
      <object_component id="oc-20e">
         <name>.common:MyX</name>
         <uninitialized>true</uninitialized>
         <run_address>0x2000364c</run_address>
         <size>0x4</size>
      </object_component>
      <object_component id="oc-20c">
         <name>.common:MyY</name>
         <uninitialized>true</uninitialized>
         <run_address>0x20003650</run_address>
         <size>0x4</size>
      </object_component>
      <object_component id="oc-20d">
         <name>.common:MyTheta</name>
         <uninitialized>true</uninitialized>
         <run_address>0x20003648</run_address>
         <size>0x4</size>
      </object_component>
      <object_component id="oc-214">
         <name>.common:goal</name>
         <uninitialized>true</uninitialized>
         <run_address>0x200036c0</run_address>
         <size>0x4</size>
      </object_component>
      <object_component id="oc-211">
         <name>.common:lastgoal</name>
         <uninitialized>true</uninitialized>
         <run_address>0x200036c8</run_address>
         <size>0x4</size>
      </object_component>
      <object_component id="oc-212">
         <name>.common:badCount</name>
         <uninitialized>true</uninitialized>
         <run_address>0x200036a8</run_address>
         <size>0x4</size>
      </object_component>
      <object_component id="oc-210">
         <name>.common:desiredX</name>
         <uninitialized>true</uninitialized>
         <run_address>0x200036b0</run_address>
         <size>0x4</size>
      </object_component>
      <object_component id="oc-215">
         <name>.common:desiredY</name>
         <uninitialized>true</uninitialized>
         <run_address>0x200036b4</run_address>
         <size>0x4</size>
      </object_component>
      <object_component id="oc-216">
         <name>.common:desiredTh</name>
         <uninitialized>true</uninitialized>
         <run_address>0x200036ac</run_address>
         <size>0x4</size>
      </object_component>
      <object_component id="oc-213">
         <name>.common:Goal</name>
         <uninitialized>true</uninitialized>
         <run_address>0x200036f1</run_address>
         <size>0x1</size>
      </object_component>
      <object_component id="oc-d8">
         <name>.common:ChannelCount</name>
         <uninitialized>true</uninitialized>
         <run_address>0x200035cc</run_address>
         <size>0xc</size>
      </object_component>
      <object_component id="oc-db">
         <name>.common:PTxChan</name>
         <uninitialized>true</uninitialized>
         <run_address>0x20003654</run_address>
         <size>0x4</size>
      </object_component>
      <object_component id="oc-dc">
         <name>.common:Pdistances</name>
         <uninitialized>true</uninitialized>
         <run_address>0x2000365c</run_address>
         <size>0x4</size>
      </object_component>
      <object_component id="oc-dd">
         <name>.common:Pamplitudes</name>
         <uninitialized>true</uninitialized>
         <run_address>0x20003658</run_address>
         <size>0x4</size>
      </object_component>
      <object_component id="oc-de">
         <name>.common:ISRTime</name>
         <uninitialized>true</uninitialized>
         <run_address>0x2000361c</run_address>
         <size>0x4</size>
      </object_component>
      <object_component id="oc-e0">
         <name>.common:ISRLast</name>
         <uninitialized>true</uninitialized>
         <run_address>0x20003614</run_address>
         <size>0x4</size>
      </object_component>
      <object_component id="oc-df">
         <name>.common:ISRPeriod</name>
         <uninitialized>true</uninitialized>
         <run_address>0x20003618</run_address>
         <size>0x4</size>
      </object_component>
      <object_component id="oc-37b">
         <name>.common:__TI_tmpnams</name>
         <uninitialized>true</uninitialized>
         <run_address>0x20003520</run_address>
         <size>0xa0</size>
      </object_component>
      <object_component id="oc-3f3">
         <name>.common:parmbuf</name>
         <uninitialized>true</uninitialized>
         <run_address>0x20003600</run_address>
         <size>0x8</size>
      </object_component>
      <object_component id="oc-29">
         <name>.sysmem</name>
         <uninitialized>true</uninitialized>
         <run_address>0x200036f8</run_address>
         <size>0x10</size>
         <input_file_ref idref="fl-da"/>
      </object_component>
      <object_component id="oc-4ab">
         <name>.sysmem</name>
         <uninitialized>true</uninitialized>
         <run_address>0x200036f8</run_address>
         <size>0x0</size>
      </object_component>
      <object_component id="oc-2c">
         <name>.stack</name>
         <uninitialized>true</uninitialized>
         <run_address>0x2000fe00</run_address>
         <size>0x4</size>
         <input_file_ref idref="fl-db"/>
      </object_component>
      <object_component id="oc-4aa">
         <name>.stack</name>
         <uninitialized>true</uninitialized>
         <run_address>0x2000fe00</run_address>
         <size>0x0</size>
      </object_component>
      <object_component id="oc-1a8">
         <name>.debug_info</name>
         <load_address>0x0</load_address>
         <run_address>0x0</run_address>
         <size>0x569</size>
         <input_file_ref idref="fl-2"/>
      </object_component>
      <object_component id="oc-117">
         <name>.debug_info</name>
         <load_address>0x569</load_address>
         <run_address>0x569</run_address>
         <size>0x1f0</size>
         <input_file_ref idref="fl-2"/>
      </object_component>
      <object_component id="oc-194">
         <name>.debug_info</name>
         <load_address>0x759</load_address>
         <run_address>0x759</run_address>
         <size>0x37e2</size>
         <input_file_ref idref="fl-2"/>
      </object_component>
      <object_component id="oc-199">
         <name>.debug_info</name>
         <load_address>0x3f3b</load_address>
         <run_address>0x3f3b</run_address>
         <size>0x1055</size>
         <input_file_ref idref="fl-2"/>
      </object_component>
      <object_component id="oc-e9">
         <name>.debug_info</name>
         <load_address>0x4f90</load_address>
         <run_address>0x4f90</run_address>
         <size>0x26b</size>
         <input_file_ref idref="fl-2"/>
      </object_component>
      <object_component id="oc-35">
         <name>.debug_info</name>
         <load_address>0x51fb</load_address>
         <run_address>0x51fb</run_address>
         <size>0x84</size>
         <input_file_ref idref="fl-2"/>
      </object_component>
      <object_component id="oc-18d">
         <name>.debug_info</name>
         <load_address>0x527f</load_address>
         <run_address>0x527f</run_address>
         <size>0x2a4</size>
         <input_file_ref idref="fl-2"/>
      </object_component>
      <object_component id="oc-c3">
         <name>.debug_info</name>
         <load_address>0x5523</load_address>
         <run_address>0x5523</run_address>
         <size>0xbb</size>
         <input_file_ref idref="fl-2"/>
      </object_component>
      <object_component id="oc-1a1">
         <name>.debug_info</name>
         <load_address>0x55de</load_address>
         <run_address>0x55de</run_address>
         <size>0x19a</size>
         <input_file_ref idref="fl-3"/>
      </object_component>
      <object_component id="oc-d0">
         <name>.debug_info</name>
         <load_address>0x5778</load_address>
         <run_address>0x5778</run_address>
         <size>0x3c2</size>
         <input_file_ref idref="fl-3"/>
      </object_component>
      <object_component id="oc-134">
         <name>.debug_info</name>
         <load_address>0x5b3a</load_address>
         <run_address>0x5b3a</run_address>
         <size>0x383</size>
         <input_file_ref idref="fl-4"/>
      </object_component>
      <object_component id="oc-19f">
         <name>.debug_info</name>
         <load_address>0x5ebd</load_address>
         <run_address>0x5ebd</run_address>
         <size>0x52a</size>
         <input_file_ref idref="fl-6"/>
      </object_component>
      <object_component id="oc-cc">
         <name>.debug_info</name>
         <load_address>0x63e7</load_address>
         <run_address>0x63e7</run_address>
         <size>0x6b5</size>
         <input_file_ref idref="fl-6"/>
      </object_component>
      <object_component id="oc-21a">
         <name>.debug_info</name>
         <load_address>0x6a9c</load_address>
         <run_address>0x6a9c</run_address>
         <size>0x69a</size>
         <input_file_ref idref="fl-7"/>
      </object_component>
      <object_component id="oc-139">
         <name>.debug_info</name>
         <load_address>0x7136</load_address>
         <run_address>0x7136</run_address>
         <size>0xaef</size>
         <input_file_ref idref="fl-7"/>
      </object_component>
      <object_component id="oc-11f">
         <name>.debug_info</name>
         <load_address>0x7c25</load_address>
         <run_address>0x7c25</run_address>
         <size>0x354</size>
         <input_file_ref idref="fl-9"/>
      </object_component>
      <object_component id="oc-111">
         <name>.debug_info</name>
         <load_address>0x7f79</load_address>
         <run_address>0x7f79</run_address>
         <size>0x96a</size>
         <input_file_ref idref="fl-a"/>
      </object_component>
      <object_component id="oc-314">
         <name>.debug_info</name>
         <load_address>0x88e3</load_address>
         <run_address>0x88e3</run_address>
         <size>0x5d5</size>
         <input_file_ref idref="fl-b"/>
      </object_component>
      <object_component id="oc-254">
         <name>.debug_info</name>
         <load_address>0x8eb8</load_address>
         <run_address>0x8eb8</run_address>
         <size>0xcc</size>
         <input_file_ref idref="fl-b"/>
      </object_component>
      <object_component id="oc-126">
         <name>.debug_info</name>
         <load_address>0x8f84</load_address>
         <run_address>0x8f84</run_address>
         <size>0xb9d</size>
         <input_file_ref idref="fl-c"/>
      </object_component>
      <object_component id="oc-123">
         <name>.debug_info</name>
         <load_address>0x9b21</load_address>
         <run_address>0x9b21</run_address>
         <size>0x119</size>
         <input_file_ref idref="fl-c"/>
      </object_component>
      <object_component id="oc-a7">
         <name>.debug_info</name>
         <load_address>0x9c3a</load_address>
         <run_address>0x9c3a</run_address>
         <size>0x95d</size>
         <input_file_ref idref="fl-c"/>
      </object_component>
      <object_component id="oc-e2">
         <name>.debug_info</name>
         <load_address>0xa597</load_address>
         <run_address>0xa597</run_address>
         <size>0x8b</size>
         <input_file_ref idref="fl-c"/>
      </object_component>
      <object_component id="oc-2ad">
         <name>.debug_info</name>
         <load_address>0xa622</load_address>
         <run_address>0xa622</run_address>
         <size>0x683</size>
         <input_file_ref idref="fl-e"/>
      </object_component>
      <object_component id="oc-2c1">
         <name>.debug_info</name>
         <load_address>0xaca5</load_address>
         <run_address>0xaca5</run_address>
         <size>0xe2</size>
         <input_file_ref idref="fl-e"/>
      </object_component>
      <object_component id="oc-2b0">
         <name>.debug_info</name>
         <load_address>0xad87</load_address>
         <run_address>0xad87</run_address>
         <size>0xe3</size>
         <input_file_ref idref="fl-e"/>
      </object_component>
      <object_component id="oc-2b3">
         <name>.debug_info</name>
         <load_address>0xae6a</load_address>
         <run_address>0xae6a</run_address>
         <size>0xe3</size>
         <input_file_ref idref="fl-e"/>
      </object_component>
      <object_component id="oc-2b6">
         <name>.debug_info</name>
         <load_address>0xaf4d</load_address>
         <run_address>0xaf4d</run_address>
         <size>0xe3</size>
         <input_file_ref idref="fl-e"/>
      </object_component>
      <object_component id="oc-2b9">
         <name>.debug_info</name>
         <load_address>0xb030</load_address>
         <run_address>0xb030</run_address>
         <size>0xe5</size>
         <input_file_ref idref="fl-e"/>
      </object_component>
      <object_component id="oc-2bc">
         <name>.debug_info</name>
         <load_address>0xb115</load_address>
         <run_address>0xb115</run_address>
         <size>0xe3</size>
         <input_file_ref idref="fl-e"/>
      </object_component>
      <object_component id="oc-2c4">
         <name>.debug_info</name>
         <load_address>0xb1f8</load_address>
         <run_address>0xb1f8</run_address>
         <size>0xe7</size>
         <input_file_ref idref="fl-e"/>
      </object_component>
      <object_component id="oc-2c7">
         <name>.debug_info</name>
         <load_address>0xb2df</load_address>
         <run_address>0xb2df</run_address>
         <size>0xe9</size>
         <input_file_ref idref="fl-e"/>
      </object_component>
      <object_component id="oc-2ca">
         <name>.debug_info</name>
         <load_address>0xb3c8</load_address>
         <run_address>0xb3c8</run_address>
         <size>0xe5</size>
         <input_file_ref idref="fl-e"/>
      </object_component>
      <object_component id="oc-2cd">
         <name>.debug_info</name>
         <load_address>0xb4ad</load_address>
         <run_address>0xb4ad</run_address>
         <size>0xf1</size>
         <input_file_ref idref="fl-e"/>
      </object_component>
      <object_component id="oc-2d0">
         <name>.debug_info</name>
         <load_address>0xb59e</load_address>
         <run_address>0xb59e</run_address>
         <size>0xf1</size>
         <input_file_ref idref="fl-e"/>
      </object_component>
      <object_component id="oc-2d3">
         <name>.debug_info</name>
         <load_address>0xb68f</load_address>
         <run_address>0xb68f</run_address>
         <size>0xf1</size>
         <input_file_ref idref="fl-e"/>
      </object_component>
      <object_component id="oc-2d6">
         <name>.debug_info</name>
         <load_address>0xb780</load_address>
         <run_address>0xb780</run_address>
         <size>0xf1</size>
         <input_file_ref idref="fl-e"/>
      </object_component>
      <object_component id="oc-2d9">
         <name>.debug_info</name>
         <load_address>0xb871</load_address>
         <run_address>0xb871</run_address>
         <size>0xf1</size>
         <input_file_ref idref="fl-e"/>
      </object_component>
      <object_component id="oc-2dc">
         <name>.debug_info</name>
         <load_address>0xb962</load_address>
         <run_address>0xb962</run_address>
         <size>0xf1</size>
         <input_file_ref idref="fl-e"/>
      </object_component>
      <object_component id="oc-2df">
         <name>.debug_info</name>
         <load_address>0xba53</load_address>
         <run_address>0xba53</run_address>
         <size>0xf1</size>
         <input_file_ref idref="fl-e"/>
      </object_component>
      <object_component id="oc-2e2">
         <name>.debug_info</name>
         <load_address>0xbb44</load_address>
         <run_address>0xbb44</run_address>
         <size>0xf1</size>
         <input_file_ref idref="fl-e"/>
      </object_component>
      <object_component id="oc-2e5">
         <name>.debug_info</name>
         <load_address>0xbc35</load_address>
         <run_address>0xbc35</run_address>
         <size>0xf1</size>
         <input_file_ref idref="fl-e"/>
      </object_component>
      <object_component id="oc-2e8">
         <name>.debug_info</name>
         <load_address>0xbd26</load_address>
         <run_address>0xbd26</run_address>
         <size>0xf1</size>
         <input_file_ref idref="fl-e"/>
      </object_component>
      <object_component id="oc-2eb">
         <name>.debug_info</name>
         <load_address>0xbe17</load_address>
         <run_address>0xbe17</run_address>
         <size>0x10c</size>
         <input_file_ref idref="fl-e"/>
      </object_component>
      <object_component id="oc-1f7">
         <name>.debug_info</name>
         <load_address>0xbf23</load_address>
         <run_address>0xbf23</run_address>
         <size>0x2c3a</size>
         <input_file_ref idref="fl-e"/>
      </object_component>
      <object_component id="oc-c8">
         <name>.debug_info</name>
         <load_address>0xeb5d</load_address>
         <run_address>0xeb5d</run_address>
         <size>0x540</size>
         <input_file_ref idref="fl-f"/>
      </object_component>
      <object_component id="oc-c0">
         <name>.debug_info</name>
         <load_address>0xf09d</load_address>
         <run_address>0xf09d</run_address>
         <size>0x131</size>
         <input_file_ref idref="fl-f"/>
      </object_component>
      <object_component id="oc-73">
         <name>.debug_info</name>
         <load_address>0xf1ce</load_address>
         <run_address>0xf1ce</run_address>
         <size>0x397</size>
         <input_file_ref idref="fl-f"/>
      </object_component>
      <object_component id="oc-2a3">
         <name>.debug_info</name>
         <load_address>0xf565</load_address>
         <run_address>0xf565</run_address>
         <size>0x69a</size>
         <input_file_ref idref="fl-10"/>
      </object_component>
      <object_component id="oc-2a7">
         <name>.debug_info</name>
         <load_address>0xfbff</load_address>
         <run_address>0xfbff</run_address>
         <size>0x191</size>
         <input_file_ref idref="fl-10"/>
      </object_component>
      <object_component id="oc-1ee">
         <name>.debug_info</name>
         <load_address>0xfd90</load_address>
         <run_address>0xfd90</run_address>
         <size>0x3d7</size>
         <input_file_ref idref="fl-10"/>
      </object_component>
      <object_component id="oc-1d7">
         <name>.debug_info</name>
         <load_address>0x10167</load_address>
         <run_address>0x10167</run_address>
         <size>0x48</size>
         <input_file_ref idref="fl-10"/>
      </object_component>
      <object_component id="oc-1aa">
         <name>.debug_info</name>
         <load_address>0x101af</load_address>
         <run_address>0x101af</run_address>
         <size>0x78b</size>
         <input_file_ref idref="fl-11"/>
      </object_component>
      <object_component id="oc-10d">
         <name>.debug_info</name>
         <load_address>0x1093a</load_address>
         <run_address>0x1093a</run_address>
         <size>0x1977</size>
         <input_file_ref idref="fl-11"/>
      </object_component>
      <object_component id="oc-1c9">
         <name>.debug_info</name>
         <load_address>0x122b1</load_address>
         <run_address>0x122b1</run_address>
         <size>0x2c</size>
         <input_file_ref idref="fl-11"/>
      </object_component>
      <object_component id="oc-1ff">
         <name>.debug_info</name>
         <load_address>0x122dd</load_address>
         <run_address>0x122dd</run_address>
         <size>0x17f</size>
         <input_file_ref idref="fl-12"/>
      </object_component>
      <object_component id="oc-399">
         <name>.debug_info</name>
         <load_address>0x1245c</load_address>
         <run_address>0x1245c</run_address>
         <size>0x282</size>
         <input_file_ref idref="fl-13"/>
      </object_component>
      <object_component id="oc-29c">
         <name>.debug_info</name>
         <load_address>0x126de</load_address>
         <run_address>0x126de</run_address>
         <size>0xc9</size>
         <input_file_ref idref="fl-13"/>
      </object_component>
      <object_component id="oc-29f">
         <name>.debug_info</name>
         <load_address>0x127a7</load_address>
         <run_address>0x127a7</run_address>
         <size>0xcb</size>
         <input_file_ref idref="fl-13"/>
      </object_component>
      <object_component id="oc-1e2">
         <name>.debug_info</name>
         <load_address>0x12872</load_address>
         <run_address>0x12872</run_address>
         <size>0x280</size>
         <input_file_ref idref="fl-13"/>
      </object_component>
      <object_component id="oc-128">
         <name>.debug_info</name>
         <load_address>0x12af2</load_address>
         <run_address>0x12af2</run_address>
         <size>0xbb9</size>
         <input_file_ref idref="fl-14"/>
      </object_component>
      <object_component id="oc-12d">
         <name>.debug_info</name>
         <load_address>0x136ab</load_address>
         <run_address>0x136ab</run_address>
         <size>0x149f</size>
         <input_file_ref idref="fl-14"/>
      </object_component>
      <object_component id="oc-1dc">
         <name>.debug_info</name>
         <load_address>0x14b4a</load_address>
         <run_address>0x14b4a</run_address>
         <size>0xa4</size>
         <input_file_ref idref="fl-14"/>
      </object_component>
      <object_component id="oc-d9">
         <name>.debug_info</name>
         <load_address>0x14bee</load_address>
         <run_address>0x14bee</run_address>
         <size>0x6d8</size>
         <input_file_ref idref="fl-15"/>
      </object_component>
      <object_component id="oc-d6">
         <name>.debug_info</name>
         <load_address>0x152c6</load_address>
         <run_address>0x152c6</run_address>
         <size>0xe2</size>
         <input_file_ref idref="fl-15"/>
      </object_component>
      <object_component id="oc-77">
         <name>.debug_info</name>
         <load_address>0x153a8</load_address>
         <run_address>0x153a8</run_address>
         <size>0x1179</size>
         <input_file_ref idref="fl-15"/>
      </object_component>
      <object_component id="oc-7e">
         <name>.debug_info</name>
         <load_address>0x16521</load_address>
         <run_address>0x16521</run_address>
         <size>0x2c3</size>
         <input_file_ref idref="fl-16"/>
      </object_component>
      <object_component id="oc-27">
         <name>.debug_info</name>
         <load_address>0x167e4</load_address>
         <run_address>0x167e4</run_address>
         <size>0xef</size>
         <input_file_ref idref="fl-16"/>
      </object_component>
      <object_component id="oc-6c">
         <name>.debug_info</name>
         <load_address>0x168d3</load_address>
         <run_address>0x168d3</run_address>
         <size>0x1b6</size>
         <input_file_ref idref="fl-16"/>
      </object_component>
      <object_component id="oc-188">
         <name>.debug_info</name>
         <load_address>0x16a89</load_address>
         <run_address>0x16a89</run_address>
         <size>0xe8</size>
         <input_file_ref idref="fl-17"/>
      </object_component>
      <object_component id="oc-ba">
         <name>.debug_info</name>
         <load_address>0x16b71</load_address>
         <run_address>0x16b71</run_address>
         <size>0x25a</size>
         <input_file_ref idref="fl-17"/>
      </object_component>
      <object_component id="oc-276">
         <name>.debug_info</name>
         <load_address>0x16dcb</load_address>
         <run_address>0x16dcb</run_address>
         <size>0x3f5</size>
[...]
      </symbol>
      <symbol id="sm-6ca">
         <name>OPT3101_Init</name>
         <value>0x2b73</value>
         <object_component_ref idref="oc-76"/>
      </symbol>
      <symbol id="sm-6cb">
         <name>OPT3101_GetAmplitude</name>
         <value>0x2e6d</value>
         <object_component_ref idref="oc-76"/>
      </symbol>
      <symbol id="sm-6cc">
         <name>PORT6_IRQHandler</name>
         <value>0x2f91</value>
         <object_component_ref idref="oc-76"/>
      </symbol>
      <symbol id="sm-6cd">
         <name>OPT3101_StartMeasurementChannel</name>
         <value>0x2deb</value>
         <object_component_ref idref="oc-76"/>
      </symbol>
      <symbol id="sm-6ce">
         <name>OPT3101_GetPhase</name>
         <value>0x2e81</value>
         <object_component_ref idref="oc-76"/>
      </symbol>
      <symbol id="sm-6cf">
         <name>OPT3101_WriteRegister</name>
         <value>0x2b39</value>
         <object_component_ref idref="oc-76"/>
      </symbol>
      <symbol id="sm-6d0">
         <name>OPT3101_GetTxChannel</name>
         <value>0x2e63</value>
         <object_component_ref idref="oc-76"/>
      </symbol>
      <symbol id="sm-6e5">
         <name>Reset_Handler</name>
         <value>0x5605</value>
         <object_component_ref idref="oc-6a"/>
      </symbol>
      <symbol id="sm-6e6">
         <name>Default_Handler</name>
         <value>0x5611</value>
         <object_component_ref idref="oc-6a"/>
      </symbol>
      <symbol id="sm-6e7">
         <name>interruptVectors</name>
         <value>0x0</value>
         <object_component_ref idref="oc-26"/>
      </symbol>
      <symbol id="sm-72f">
         <name>SystemInit</name>
         <value>0x3af9</value>
         <object_component_ref idref="oc-b8"/>
      </symbol>
      <symbol id="sm-730">
         <name>SystemCoreClockUpdate</name>
         <value>0x3881</value>
         <object_component_ref idref="oc-b8"/>
      </symbol>
      <symbol id="sm-731">
         <name>SystemCoreClock</name>
         <value>0x20003d2c</value>
         <object_component_ref idref="oc-187"/>
      </symbol>
      <symbol id="sm-78d">
         <name>__TI_cleanup</name>
         <value>0x53e5</value>
         <object_component_ref idref="oc-28a"/>
      </symbol>
      <symbol id="sm-78e">
         <name>freopen</name>
         <value>0x5481</value>
         <object_component_ref idref="oc-1b9"/>
      </symbol>
      <symbol id="sm-78f">
         <name>fopen</name>
         <value>0x4c39</value>
         <object_component_ref idref="oc-1b3"/>
      </symbol>
      <symbol id="sm-7b0">
         <name>setvbuf</name>
         <value>0x492d</value>
         <object_component_ref idref="oc-1bf"/>
      </symbol>
      <symbol id="sm-7bf">
         <name>__aeabi_memset</name>
         <value>0x4d73</value>
         <object_component_ref idref="oc-9a"/>
      </symbol>
      <symbol id="sm-7c0">
         <name>memset</name>
         <value>0x4d79</value>
         <object_component_ref idref="oc-9a"/>
      </symbol>
      <symbol id="sm-7c1">
         <name>__aeabi_memset8</name>
         <value>0x4d73</value>
         <object_component_ref idref="oc-9a"/>
      </symbol>
      <symbol id="sm-7c2">
         <name>__aeabi_memset4</name>
         <value>0x4d73</value>
         <object_component_ref idref="oc-9a"/>
      </symbol>
      <symbol id="sm-7c3">
         <name>__aeabi_memclr8</name>
         <value>0x4d71</value>
         <object_component_ref idref="oc-9a"/>
      </symbol>
      <symbol id="sm-7c4">
         <name>__aeabi_memclr4</name>
         <value>0x4d71</value>
         <object_component_ref idref="oc-9a"/>
      </symbol>
      <symbol id="sm-7c5">
         <name>__aeabi_memclr</name>
         <value>0x4d71</value>
         <object_component_ref idref="oc-9a"/>
      </symbol>
      <symbol id="sm-7dc">
         <name>__TI_zero_init</name>
         <value>0x5613</value>
         <object_component_ref idref="oc-4c"/>
      </symbol>
      <symbol id="sm-7f3">
         <name>__TI_decompress_none</name>
         <value>0x55f7</value>
         <object_component_ref idref="oc-1d"/>
      </symbol>
      <symbol id="sm-816">
         <name>__TI_decompress_lzss</name>
         <value>0x4fa5</value>
         <object_component_ref idref="oc-17"/>
      </symbol>
      <symbol id="sm-83c">
         <name>C$$EXIT</name>
         <value>0x562b</value>
         <object_component_ref idref="oc-149"/>
      </symbol>
      <symbol id="sm-83d">
         <name>abort</name>
         <value>0x562b</value>
         <object_component_ref idref="oc-149"/>
      </symbol>
      <symbol id="sm-83e">
         <name>__TI_dtors_ptr</name>
         <value>0x20003cec</value>
         <object_component_ref idref="oc-22b"/>
      </symbol>
      <symbol id="sm-83f">
         <name>__TI_cleanup_ptr</name>
         <value>0x20003ce8</value>
         <object_component_ref idref="oc-22b"/>
      </symbol>
      <symbol id="sm-840">
         <name>__TI_enable_exit_profile_output</name>
         <value>0x20003cf0</value>
         <object_component_ref idref="oc-22b"/>
      </symbol>
      <symbol id="sm-841">
         <name>exit</name>
         <value>0x521d</value>
         <object_component_ref idref="oc-14f"/>
      </symbol>
      <symbol id="sm-856">
         <name>_nop</name>
         <value>0x4deb</value>
         <object_component_ref idref="oc-2f5"/>
      </symbol>
      <symbol id="sm-857">
         <name>_lock</name>
         <value>0x20003d0c</value>
         <object_component_ref idref="oc-22e"/>
      </symbol>
      <symbol id="sm-858">
         <name>_unlock</name>
         <value>0x20003d10</value>
         <object_component_ref idref="oc-22e"/>
      </symbol>
      <symbol id="sm-86d">
         <name>__TI_tmpnams</name>
         <value>0x20003520</value>
      </symbol>
      <symbol id="sm-86e">
         <name>__aeabi_stdout</name>
         <value>0x20003ce0</value>
         <object_component_ref idref="oc-272"/>
      </symbol>
      <symbol id="sm-86f">
         <name>__aeabi_stderr</name>
         <value>0x20003ce4</value>
         <object_component_ref idref="oc-272"/>
      </symbol>
      <symbol id="sm-870">
         <name>__aeabi_stdin</name>
         <value>0x20003cdc</value>
         <object_component_ref idref="oc-272"/>
      </symbol>
      <symbol id="sm-871">
         <name>_ftable</name>
         <value>0x20003af8</value>
         <object_component_ref idref="oc-1c5"/>
      </symbol>
      <symbol id="sm-872">
         <name>__TI_ft_end</name>
         <value>0x20003cd8</value>
         <object_component_ref idref="oc-272"/>
      </symbol>
      <symbol id="sm-8f6">
         <name>_sys_memory</name>
         <value>0x200036f8</value>
         <object_component_ref idref="oc-29"/>
      </symbol>
      <symbol id="sm-8f7">
         <name>free</name>
         <value>0x4849</value>
         <object_component_ref idref="oc-27e"/>
      </symbol>
      <symbol id="sm-8f8">
         <name>memalign</name>
         <value>0x4651</value>
         <object_component_ref idref="oc-38b"/>
      </symbol>
      <symbol id="sm-8f9">
         <name>malloc</name>
         <value>0x561f</value>
         <object_component_ref idref="oc-284"/>
      </symbol>
      <symbol id="sm-8fa">
         <name>aligned_alloc</name>
         <value>0x4651</value>
         <object_component_ref idref="oc-38b"/>
      </symbol>
      <symbol id="sm-90d">
         <name>__stack</name>
         <value>0x2000fe00</value>
         <object_component_ref idref="oc-2c"/>
      </symbol>
      <symbol id="sm-90e">
         <name>_c_int00_noargs</name>
         <value>0x544d</value>
         <object_component_ref idref="oc-58"/>
      </symbol>
      <symbol id="sm-930">
         <name>open</name>
         <value>0x4ac5</value>
         <object_component_ref idref="oc-359"/>
      </symbol>
      <symbol id="sm-955">
         <name>add_device</name>
         <value>0x4b81</value>
         <object_component_ref idref="oc-1ad"/>
      </symbol>
      <symbol id="sm-96a">
         <name>__TI_closefile</name>
         <value>0x4ded</value>
         <object_component_ref idref="oc-277"/>
      </symbol>
      <symbol id="sm-97a">
         <name>__TI_doflush</name>
         <value>0x51d1</value>
         <object_component_ref idref="oc-369"/>
      </symbol>
      <symbol id="sm-998">
         <name>finddevice</name>
         <value>0x54b5</value>
         <object_component_ref idref="oc-259"/>
      </symbol>
      <symbol id="sm-999">
         <name>getdevice</name>
         <value>0x5331</value>
         <object_component_ref idref="oc-410"/>
      </symbol>
      <symbol id="sm-9b4">
         <name>memcpy</name>
         <value>0x4cd5</value>
         <object_component_ref idref="oc-3a"/>
      </symbol>
      <symbol id="sm-9b5">
         <name>__aeabi_memcpy</name>
         <value>0x4cd5</value>
         <object_component_ref idref="oc-3a"/>
      </symbol>
      <symbol id="sm-9b6">
         <name>__aeabi_memcpy8</name>
         <value>0x4cd5</value>
         <object_component_ref idref="oc-3a"/>
      </symbol>
      <symbol id="sm-9b7">
         <name>__aeabi_memcpy4</name>
         <value>0x4cd5</value>
         <object_component_ref idref="oc-3a"/>
      </symbol>
      <symbol id="sm-9df">
         <name>__TI_auto_init_nobinit_nopinit</name>
         <value>0x52ed</value>
         <object_component_ref idref="oc-155"/>
      </symbol>
      <symbol id="sm-9e9">
         <name>_system_pre_init</name>
         <value>0x5627</value>
         <object_component_ref idref="oc-a0"/>
      </symbol>
      <symbol id="sm-9fb">
         <name>strchr</name>
         <value>0x55b9</value>
         <object_component_ref idref="oc-452"/>
      </symbol>
      <symbol id="sm-a0a">
         <name>strcmp</name>
         <value>0x55a1</value>
         <object_component_ref idref="oc-316"/>
      </symbol>
      <symbol id="sm-a1a">
         <name>strncpy</name>
         <value>0x53ad</value>
         <object_component_ref idref="oc-25f"/>
      </symbol>
      <symbol id="sm-a2a">
         <name>write</name>
         <value>0x5539</value>
         <object_component_ref idref="oc-41c"/>
      </symbol>
      <symbol id="sm-a3b">
         <name>_stream</name>
         <value>0x20003c60</value>
         <object_component_ref idref="oc-417"/>
      </symbol>
      <symbol id="sm-a3c">
         <name>_device</name>
         <value>0x20003be8</value>
         <object_component_ref idref="oc-266"/>
      </symbol>
      <symbol id="sm-a51">
         <name>close</name>
         <value>0x506d</value>
         <object_component_ref idref="oc-36f"/>
      </symbol>
      <symbol id="sm-a61">
         <name>unlink</name>
         <value>0x54e5</value>
         <object_component_ref idref="oc-375"/>
      </symbol>
      <symbol id="sm-a72">
         <name>HOSTclose</name>
         <value>0x5265</value>
         <object_component_ref idref="oc-326"/>
      </symbol>
      <symbol id="sm-a83">
         <name>HOSTlseek</name>
         <value>0x4f3d</value>
         <object_component_ref idref="oc-338"/>
      </symbol>
      <symbol id="sm-a95">
         <name>parmbuf</name>
         <value>0x20003600</value>
      </symbol>
      <symbol id="sm-a96">
         <name>HOSTopen</name>
         <value>0x500d</value>
         <object_component_ref idref="oc-320"/>
      </symbol>
      <symbol id="sm-aa7">
         <name>HOSTread</name>
         <value>0x50c9</value>
         <object_component_ref idref="oc-32c"/>
      </symbol>
      <symbol id="sm-ab8">
         <name>HOSTrename</name>
         <value>0x4ed1</value>
         <object_component_ref idref="oc-344"/>
      </symbol>
      <symbol id="sm-ac9">
         <name>HOSTunlink</name>
         <value>0x52a9</value>
         <object_component_ref idref="oc-33e"/>
      </symbol>
      <symbol id="sm-ada">
         <name>HOSTwrite</name>
         <value>0x5121</value>
         <object_component_ref idref="oc-332"/>
      </symbol>
      <symbol id="sm-afe">
         <name>__TI_readmsg</name>
         <value>0x5419</value>
         <object_component_ref idref="oc-3ed"/>
      </symbol>
      <symbol id="sm-aff">
         <name>C$$IO$$</name>
         <value>0x53a3</value>
         <object_component_ref idref="oc-3e7"/>
      </symbol>
      <symbol id="sm-b00">
         <name>__CIOBUF_</name>
         <value>0x20003400</value>
         <object_component_ref idref="oc-43c"/>
      </symbol>
      <symbol id="sm-b01">
         <name>__TI_writemsg</name>
         <value>0x5375</value>
         <object_component_ref idref="oc-3e7"/>
      </symbol>
      <symbol id="sm-b0f">
         <name>strcpy</name>
         <value>0x55cf</value>
         <object_component_ref idref="oc-401"/>
      </symbol>
      <symbol id="sm-b1d">
         <name>strlen</name>
         <value>0x55e3</value>
         <object_component_ref idref="oc-3e1"/>
      </symbol>
      <symbol id="sm-b1e">
         <name>__TI_static_base__</name>
         <value>0x0</value>
      </symbol>
      <symbol id="sm-b21">
         <name>SetCursor</name>
         <value>0x0</value>
      </symbol>
      <symbol id="sm-b22">
         <name>OutUDec</name>
         <value>0x0</value>
      </symbol>
      <symbol id="sm-b23">
         <name>__mpu_init</name>
         <value>0x0</value>
      </symbol>
      <symbol id="sm-b24">
         <name>_system_post_cinit</name>
         <value>0x0</value>
      </symbol>
      <symbol id="sm-b25">
         <name>NMI_Handler</name>
         <value>0x5611</value>
      </symbol>
      <symbol id="sm-b26">
         <name>HardFault_Handler</name>
         <value>0x5611</value>
      </symbol>
      <symbol id="sm-b27">
         <name>MemManage_Handler</name>
         <value>0x5611</value>
      </symbol>
      <symbol id="sm-b28">
         <name>BusFault_Handler</name>
         <value>0x5611</value>
      </symbol>
      <symbol id="sm-b29">
         <name>UsageFault_Handler</name>
         <value>0x5611</value>
      </symbol>
      <symbol id="sm-b2a">
         <name>SVC_Handler</name>
         <value>0x5611</value>
      </symbol>
      <symbol id="sm-b2b">
         <name>DebugMon_Handler</name>
         <value>0x5611</value>
      </symbol>
      <symbol id="sm-b2c">
         <name>PendSV_Handler</name>
         <value>0x5611</value>
      </symbol>
      <symbol id="sm-b2d">
         <name>SysTick_Handler</name>
         <value>0x5611</value>
      </symbol>
      <symbol id="sm-b2e">
         <name>PSS_IRQHandler</name>
         <value>0x5611</value>
      </symbol>
      <symbol id="sm-b2f">
         <name>CS_IRQHandler</name>
         <value>0x5611</value>
      </symbol>
      <symbol id="sm-b30">
         <name>PCM_IRQHandler</name>
         <value>0x5611</value>
      </symbol>
      <symbol id="sm-b31">
         <name>WDT_A_IRQHandler</name>
         <value>0x5611</value>
      </symbol>
      <symbol id="sm-b32">
         <name>FPU_IRQHandler</name>
         <value>0x5611</value>
      </symbol>
      <symbol id="sm-b33">
         <name>FLCTL_IRQHandler</name>
         <value>0x5611</value>
      </symbol>
      <symbol id="sm-b34">
         <name>COMP_E0_IRQHandler</name>
         <value>0x5611</value>
      </symbol>
      <symbol id="sm-b35">
         <name>COMP_E1_IRQHandler</name>
         <value>0x5611</value>
      </symbol>
      <symbol id="sm-b36">
         <name>TA0_0_IRQHandler</name>
         <value>0x5611</value>
      </symbol>
      <symbol id="sm-b37">
         <name>TA0_N_IRQHandler</name>
         <value>0x5611</value>
      </symbol>
      <symbol id="sm-b38">
         <name>TA1_0_IRQHandler</name>
         <value>0x5611</value>
      </symbol>
      <symbol id="sm-b39">
         <name>TA1_N_IRQHandler</name>
         <value>0x5611</value>
      </symbol>
      <symbol id="sm-b3a">
         <name>TA2_0_IRQHandler</name>
         <value>0x5611</value>
      </symbol>
      <symbol id="sm-b3b">
         <name>TA2_N_IRQHandler</name>
         <value>0x5611</value>
      </symbol>
      <symbol id="sm-b3c">
         <name>TA3_0_IRQHandler</name>
         <value>0x42bd</value>
      </symbol>
      <symbol id="sm-b3d">
         <name>TA3_N_IRQHandler</name>
         <value>0x42d7</value>
      </symbol>
      <symbol id="sm-b3e">
         <name>EUSCIA0_IRQHandler</name>
         <value>0x5611</value>
      </symbol>
      <symbol id="sm-b3f">
         <name>EUSCIA1_IRQHandler</name>
         <value>0x5611</value>
      </symbol>
      <symbol id="sm-b40">
         <name>EUSCIA2_IRQHandler</name>
         <value>0x5611</value>
      </symbol>
      <symbol id="sm-b41">
         <name>EUSCIA3_IRQHandler</name>
         <value>0x5611</value>
      </symbol>
      <symbol id="sm-b42">
         <name>EUSCIB0_IRQHandler</name>
         <value>0x5611</value>
      </symbol>
      <symbol id="sm-b43">
         <name>EUSCIB1_IRQHandler</name>
         <value>0x5611</value>
      </symbol>
      <symbol id="sm-b44">
         <name>EUSCIB2_IRQHandler</name>
         <value>0x5611</value>
      </symbol>
      <symbol id="sm-b45">
         <name>EUSCIB3_IRQHandler</name>
         <value>0x5611</value>
      </symbol>
      <symbol id="sm-b46">
         <name>ADC14_IRQHandler</name>
         <value>0x5611</value>
      </symbol>
      <symbol id="sm-b47">
         <name>T32_INT1_IRQHandler</name>
         <value>0x5611</value>
      </symbol>
      <symbol id="sm-b48">
         <name>T32_INT2_IRQHandler</name>
         <value>0x5611</value>
      </symbol>
      <symbol id="sm-b49">
         <name>T32_INTC_IRQHandler</name>
         <value>0x5611</value>
      </symbol>
      <symbol id="sm-b4a">
         <name>AES256_IRQHandler</name>
         <value>0x5611</value>
      </symbol>
      <symbol id="sm-b4b">
         <name>RTC_C_IRQHandler</name>
         <value>0x5611</value>
      </symbol>
      <symbol id="sm-b4c">
         <name>DMA_ERR_IRQHandler</name>
         <value>0x5611</value>
      </symbol>
      <symbol id="sm-b4d">
         <name>DMA_INT3_IRQHandler</name>
         <value>0x5611</value>
      </symbol>
      <symbol id="sm-b4e">
         <name>DMA_INT2_IRQHandler</name>
         <value>0x5611</value>
      </symbol>
      <symbol id="sm-b4f">
         <name>DMA_INT1_IRQHandler</name>
         <value>0x5611</value>
      </symbol>
      <symbol id="sm-b50">
         <name>DMA_INT0_IRQHandler</name>
         <value>0x5611</value>
      </symbol>
      <symbol id="sm-b51">
         <name>PORT1_IRQHandler</name>
         <value>0x5611</value>
      </symbol>
      <symbol id="sm-b52">
         <name>PORT2_IRQHandler</name>
         <value>0x5611</value>
      </symbol>
      <symbol id="sm-b53">
         <name>PORT3_IRQHandler</name>
         <value>0x5611</value>
      </symbol>
      <symbol id="sm-b54">
         <name>PORT4_IRQHandler</name>
         <value>0x5611</value>
      </symbol>
      <symbol id="sm-b55">
         <name>PORT5_IRQHandler</name>
         <value>0x5611</value>
      </symbol>
      <symbol id="sm-b56">
         <name>PORT6_IRQHandler</name>
         <value>0x2f91</value>
      </symbol>
      <symbol id="sm-b57">
         <name>remove</name>
         <value>0x54e5</value>
      </symbol>
   </symbol_table>
   <title>Link errors: red sections failed placement</title>
</link_info>
