<?xml version="1.0" encoding="ISO-8859-1" ?>
<link_info>
   <banner>TI ARM Linker PC v20.2.7.LTS</banner>
   <copyright>Copyright (c) 1996-2018 Texas Instruments Incorporated</copyright>
   <link_time>0x6447ca93</link_time>
   <link_errors>0x0</link_errors>
   <output_file>Lab21_OPT3101.out</output_file>
   <entry_point>
      <name>_c_int00_noargs</name>
      <address>0x4fc5</address>
   </entry_point>
   <input_file_list>
      <input_file id="fl-2">
         <path>.\</path>
         <kind>object</kind>
         <file>Bump.obj</file>
         <name>Bump.obj</name>
      </input_file>
      <input_file id="fl-3">
         <path>.\</path>
         <kind>object</kind>
         <file>BumpInt.obj</file>
         <name>BumpInt.obj</name>
      </input_file>
      <input_file id="fl-4">
         <path>.\</path>
         <kind>object</kind>
         <file>Clock.obj</file>
         <name>Clock.obj</name>
      </input_file>
      <input_file id="fl-5">
         <path>.\</path>
         <kind>object</kind>
         <file>CortexM.obj</file>
         <name>CortexM.obj</name>
      </input_file>
      <input_file id="fl-6">
         <path>.\</path>
         <kind>object</kind>
         <file>FFT.obj</file>
         <name>FFT.obj</name>
      </input_file>
      <input_file id="fl-7">
         <path>.\</path>
         <kind>object</kind>
         <file>I2CB1.obj</file>
         <name>I2CB1.obj</name>
      </input_file>
      <input_file id="fl-8">
         <path>.\</path>
         <kind>object</kind>
         <file>LPF.obj</file>
         <name>LPF.obj</name>
      </input_file>
      <input_file id="fl-9">
         <path>.\</path>
         <kind>object</kind>
         <file>LaunchPad.obj</file>
         <name>LaunchPad.obj</name>
      </input_file>
      <input_file id="fl-a">
         <path>.\</path>
         <kind>object</kind>
         <file>Motor.obj</file>
         <name>Motor.obj</name>
      </input_file>
      <input_file id="fl-b">
         <path>.\</path>
         <kind>object</kind>
         <file>Nokia5110.obj</file>
         <name>Nokia5110.obj</name>
      </input_file>
      <input_file id="fl-c">
         <path>.\</path>
         <kind>object</kind>
         <file>OPT3101_Simple.obj</file>
         <name>OPT3101_Simple.obj</name>
      </input_file>
      <input_file id="fl-d">
         <path>.\</path>
         <kind>object</kind>
         <file>PWM.obj</file>
         <name>PWM.obj</name>
      </input_file>
      <input_file id="fl-e">
         <path>.\</path>
         <kind>object</kind>
         <file>SSD1306.obj</file>
         <name>SSD1306.obj</name>
      </input_file>
      <input_file id="fl-f">
         <path>.\</path>
         <kind>object</kind>
         <file>SysTickInts.obj</file>
         <name>SysTickInts.obj</name>
      </input_file>
      <input_file id="fl-10">
         <path>.\</path>
         <kind>object</kind>
         <file>TA3InputCapture.obj</file>
         <name>TA3InputCapture.obj</name>
      </input_file>
      <input_file id="fl-11">
         <path>.\</path>
         <kind>object</kind>
         <file>Tachometer.obj</file>
         <name>Tachometer.obj</name>
      </input_file>
      <input_file id="fl-12">
         <path>.\</path>
         <kind>object</kind>
         <file>UART0.obj</file>
         <name>UART0.obj</name>
      </input_file>
      <input_file id="fl-13">
         <path>.\</path>
         <kind>object</kind>
         <file>blinker.obj</file>
         <name>blinker.obj</name>
      </input_file>
      <input_file id="fl-14">
         <path>.\</path>
         <kind>object</kind>
         <file>fixed.obj</file>
         <name>fixed.obj</name>
      </input_file>
      <input_file id="fl-15">
         <path>.\</path>
         <kind>object</kind>
         <file>odometry.obj</file>
         <name>odometry.obj</name>
      </input_file>
      <input_file id="fl-16">
         <path>.\</path>
         <kind>object</kind>
         <file>opt3101.obj</file>
         <name>opt3101.obj</name>
      </input_file>
      <input_file id="fl-17">
         <path>.\</path>
         <kind>object</kind>
         <file>startup_msp432p401r_ccs.obj</file>
         <name>startup_msp432p401r_ccs.obj</name>
      </input_file>
      <input_file id="fl-18">
         <path>.\</path>
         <kind>object</kind>
         <file>system_msp432p401r.obj</file>
         <name>system_msp432p401r.obj</name>
      </input_file>
      <input_file id="fl-1c">
         <kind>object</kind>
         <file>&lt;internal&gt;</file>
         <name>&lt;internal&gt;</name>
      </input_file>
      <input_file id="fl-d2">
         <path>C:\ti\ccs1220\ccs\tools\compiler\ti-cgt-arm_20.2.7.LTS\lib\</path>
         <kind>archive</kind>
         <file>rtsv7M4_T_le_v4SPD16_eabi.lib</file>
         <name>printf.c.obj</name>
      </input_file>
      <input_file id="fl-d3">
         <path>C:\ti\ccs1220\ccs\tools\compiler\ti-cgt-arm_20.2.7.LTS\lib\</path>
         <kind>archive</kind>
         <file>rtsv7M4_T_le_v4SPD16_eabi.lib</file>
         <name>_printfi.c.obj</name>
      </input_file>
      <input_file id="fl-d4">
         <path>C:\ti\ccs1220\ccs\tools\compiler\ti-cgt-arm_20.2.7.LTS\lib\</path>
         <kind>archive</kind>
         <file>rtsv7M4_T_le_v4SPD16_eabi.lib</file>
         <name>fopen.c.obj</name>
      </input_file>
      <input_file id="fl-d5">
         <path>C:\ti\ccs1220\ccs\tools\compiler\ti-cgt-arm_20.2.7.LTS\lib\</path>
         <kind>archive</kind>
         <file>rtsv7M4_T_le_v4SPD16_eabi.lib</file>
         <name>fputc.c.obj</name>
      </input_file>
      <input_file id="fl-d6">
         <path>C:\ti\ccs1220\ccs\tools\compiler\ti-cgt-arm_20.2.7.LTS\lib\</path>
         <kind>archive</kind>
         <file>rtsv7M4_T_le_v4SPD16_eabi.lib</file>
         <name>fputs.c.obj</name>
      </input_file>
      <input_file id="fl-d7">
         <path>C:\ti\ccs1220\ccs\tools\compiler\ti-cgt-arm_20.2.7.LTS\lib\</path>
         <kind>archive</kind>
         <file>rtsv7M4_T_le_v4SPD16_eabi.lib</file>
         <name>_io_perm.c.obj</name>
      </input_file>
      <input_file id="fl-d8">
         <path>C:\ti\ccs1220\ccs\tools\compiler\ti-cgt-arm_20.2.7.LTS\lib\</path>
         <kind>archive</kind>
         <file>rtsv7M4_T_le_v4SPD16_eabi.lib</file>
         <name>setvbuf.c.obj</name>
      </input_file>
      <input_file id="fl-d9">
         <path>C:\ti\ccs1220\ccs\tools\compiler\ti-cgt-arm_20.2.7.LTS\lib\</path>
         <kind>archive</kind>
         <file>rtsv7M4_T_le_v4SPD16_eabi.lib</file>
         <name>fd_add_t2.asm.obj</name>
      </input_file>
      <input_file id="fl-da">
         <path>C:\ti\ccs1220\ccs\tools\compiler\ti-cgt-arm_20.2.7.LTS\lib\</path>
         <kind>archive</kind>
         <file>rtsv7M4_T_le_v4SPD16_eabi.lib</file>
         <name>fd_cmp_t2.asm.obj</name>
      </input_file>
      <input_file id="fl-db">
         <path>C:\ti\ccs1220\ccs\tools\compiler\ti-cgt-arm_20.2.7.LTS\lib\</path>
         <kind>archive</kind>
         <file>rtsv7M4_T_le_v4SPD16_eabi.lib</file>
         <name>fd_div_t2.asm.obj</name>
      </input_file>
      <input_file id="fl-dc">
         <path>C:\ti\ccs1220\ccs\tools\compiler\ti-cgt-arm_20.2.7.LTS\lib\</path>
         <kind>archive</kind>
         <file>rtsv7M4_T_le_v4SPD16_eabi.lib</file>
         <name>fd_mul_t2.asm.obj</name>
      </input_file>
      <input_file id="fl-dd">
         <path>C:\ti\ccs1220\ccs\tools\compiler\ti-cgt-arm_20.2.7.LTS\lib\</path>
         <kind>archive</kind>
         <file>rtsv7M4_T_le_v4SPD16_eabi.lib</file>
         <name>fd_toi_t2.asm.obj</name>
      </input_file>
      <input_file id="fl-de">
         <path>C:\ti\ccs1220\ccs\tools\compiler\ti-cgt-arm_20.2.7.LTS\lib\</path>
         <kind>archive</kind>
         <file>rtsv7M4_T_le_v4SPD16_eabi.lib</file>
         <name>i_tofd_t2.asm.obj</name>
      </input_file>
      <input_file id="fl-df">
         <path>C:\ti\ccs1220\ccs\tools\compiler\ti-cgt-arm_20.2.7.LTS\lib\</path>
         <kind>archive</kind>
         <file>rtsv7M4_T_le_v4SPD16_eabi.lib</file>
         <name>memcpy_t2.asm.obj</name>
      </input_file>
      <input_file id="fl-e0">
         <path>C:\ti\ccs1220\ccs\tools\compiler\ti-cgt-arm_20.2.7.LTS\lib\</path>
         <kind>archive</kind>
         <file>rtsv7M4_T_le_v4SPD16_eabi.lib</file>
         <name>memset_t2.asm.obj</name>
      </input_file>
      <input_file id="fl-e1">
         <path>C:\ti\ccs1220\ccs\tools\compiler\ti-cgt-arm_20.2.7.LTS\lib\</path>
         <kind>archive</kind>
         <file>rtsv7M4_T_le_v4SPD16_eabi.lib</file>
         <name>ull_div_t2.asm.obj</name>
      </input_file>
      <input_file id="fl-e2">
         <path>C:\ti\ccs1220\ccs\tools\compiler\ti-cgt-arm_20.2.7.LTS\lib\</path>
         <kind>archive</kind>
         <file>rtsv7M4_T_le_v4SPD16_eabi.lib</file>
         <name>copy_zero_init.c.obj</name>
      </input_file>
      <input_file id="fl-e3">
         <path>C:\ti\ccs1220\ccs\tools\compiler\ti-cgt-arm_20.2.7.LTS\lib\</path>
         <kind>archive</kind>
         <file>rtsv7M4_T_le_v4SPD16_eabi.lib</file>
         <name>copy_decompress_none.c.obj</name>
      </input_file>
      <input_file id="fl-e4">
         <path>C:\ti\ccs1220\ccs\tools\compiler\ti-cgt-arm_20.2.7.LTS\lib\</path>
         <kind>archive</kind>
         <file>rtsv7M4_T_le_v4SPD16_eabi.lib</file>
         <name>copy_decompress_lzss.c.obj</name>
      </input_file>
      <input_file id="fl-e5">
         <path>C:\ti\ccs1220\ccs\tools\compiler\ti-cgt-arm_20.2.7.LTS\lib\</path>
         <kind>archive</kind>
         <file>rtsv7M4_T_le_v4SPD16_eabi.lib</file>
         <name>exit.c.obj</name>
      </input_file>
      <input_file id="fl-e6">
         <path>C:\ti\ccs1220\ccs\tools\compiler\ti-cgt-arm_20.2.7.LTS\lib\</path>
         <kind>archive</kind>
         <file>rtsv7M4_T_le_v4SPD16_eabi.lib</file>
         <name>_lock.c.obj</name>
      </input_file>
      <input_file id="fl-e7">
         <path>C:\ti\ccs1220\ccs\tools\compiler\ti-cgt-arm_20.2.7.LTS\lib\</path>
         <kind>archive</kind>
         <file>rtsv7M4_T_le_v4SPD16_eabi.lib</file>
         <name>_ltoa.c.obj</name>
      </input_file>
      <input_file id="fl-e8">
         <path>C:\ti\ccs1220\ccs\tools\compiler\ti-cgt-arm_20.2.7.LTS\lib\</path>
         <kind>archive</kind>
         <file>rtsv7M4_T_le_v4SPD16_eabi.lib</file>
         <name>atoi.c.obj</name>
      </input_file>
      <input_file id="fl-e9">
         <path>C:\ti\ccs1220\ccs\tools\compiler\ti-cgt-arm_20.2.7.LTS\lib\</path>
         <kind>archive</kind>
         <file>rtsv7M4_T_le_v4SPD16_eabi.lib</file>
         <name>ctype.c.obj</name>
      </input_file>
      <input_file id="fl-ea">
         <path>C:\ti\ccs1220\ccs\tools\compiler\ti-cgt-arm_20.2.7.LTS\lib\</path>
         <kind>archive</kind>
         <file>rtsv7M4_T_le_v4SPD16_eabi.lib</file>
         <name>defs.c.obj</name>
      </input_file>
      <input_file id="fl-eb">
         <path>C:\ti\ccs1220\ccs\tools\compiler\ti-cgt-arm_20.2.7.LTS\lib\</path>
         <kind>archive</kind>
         <file>rtsv7M4_T_le_v4SPD16_eabi.lib</file>
         <name>memccpy.c.obj</name>
      </input_file>
      <input_file id="fl-ec">
         <path>C:\ti\ccs1220\ccs\tools\compiler\ti-cgt-arm_20.2.7.LTS\lib\</path>
         <kind>archive</kind>
         <file>rtsv7M4_T_le_v4SPD16_eabi.lib</file>
         <name>memchr.c.obj</name>
      </input_file>
      <input_file id="fl-ed">
         <path>C:\ti\ccs1220\ccs\tools\compiler\ti-cgt-arm_20.2.7.LTS\lib\</path>
         <kind>archive</kind>
         <file>rtsv7M4_T_le_v4SPD16_eabi.lib</file>
         <name>memory.c.obj</name>
      </input_file>
      <input_file id="fl-ee">
         <path>C:\ti\ccs1220\ccs\tools\compiler\ti-cgt-arm_20.2.7.LTS\lib\</path>
         <kind>archive</kind>
         <file>rtsv7M4_T_le_v4SPD16_eabi.lib</file>
         <name>strchr.c.obj</name>
      </input_file>
      <input_file id="fl-ef">
         <path>C:\ti\ccs1220\ccs\tools\compiler\ti-cgt-arm_20.2.7.LTS\lib\</path>
         <kind>archive</kind>
         <file>rtsv7M4_T_le_v4SPD16_eabi.lib</file>
         <name>strlen.c.obj</name>
      </input_file>
      <input_file id="fl-f0">
         <path>C:\ti\ccs1220\ccs\tools\compiler\ti-cgt-arm_20.2.7.LTS\lib\</path>
         <kind>archive</kind>
         <file>rtsv7M4_T_le_v4SPD16_eabi.lib</file>
         <name>boot_cortex_m.c.obj</name>
      </input_file>
      <input_file id="fl-f1">
         <path>C:\ti\ccs1220\ccs\tools\compiler\ti-cgt-arm_20.2.7.LTS\lib\</path>
         <kind>archive</kind>
         <file>rtsv7M4_T_le_v4SPD16_eabi.lib</file>
         <name>write.c.obj</name>
      </input_file>
      <input_file id="fl-f2">
         <path>C:\ti\ccs1220\ccs\tools\compiler\ti-cgt-arm_20.2.7.LTS\lib\</path>
         <kind>archive</kind>
         <file>rtsv7M4_T_le_v4SPD16_eabi.lib</file>
         <name>host_device.c.obj</name>
      </input_file>
      <input_file id="fl-f3">
         <path>C:\ti\ccs1220\ccs\tools\compiler\ti-cgt-arm_20.2.7.LTS\lib\</path>
         <kind>archive</kind>
         <file>rtsv7M4_T_le_v4SPD16_eabi.lib</file>
         <name>open.c.obj</name>
      </input_file>
      <input_file id="fl-f4">
         <path>C:\ti\ccs1220\ccs\tools\compiler\ti-cgt-arm_20.2.7.LTS\lib\</path>
         <kind>archive</kind>
         <file>rtsv7M4_T_le_v4SPD16_eabi.lib</file>
         <name>add_device.c.obj</name>
      </input_file>
      <input_file id="fl-f5">
         <path>C:\ti\ccs1220\ccs\tools\compiler\ti-cgt-arm_20.2.7.LTS\lib\</path>
         <kind>archive</kind>
         <file>rtsv7M4_T_le_v4SPD16_eabi.lib</file>
         <name>errno.c.obj</name>
      </input_file>
      <input_file id="fl-f6">
         <path>C:\ti\ccs1220\ccs\tools\compiler\ti-cgt-arm_20.2.7.LTS\lib\</path>
         <kind>archive</kind>
         <file>rtsv7M4_T_le_v4SPD16_eabi.lib</file>
         <name>wcslen.c.obj</name>
      </input_file>
      <input_file id="fl-f7">
         <path>C:\ti\ccs1220\ccs\tools\compiler\ti-cgt-arm_20.2.7.LTS\lib\</path>
         <kind>archive</kind>
         <file>rtsv7M4_T_le_v4SPD16_eabi.lib</file>
         <name>s_frexp.c.obj</name>
      </input_file>
      <input_file id="fl-f8">
         <path>C:\ti\ccs1220\ccs\tools\compiler\ti-cgt-arm_20.2.7.LTS\lib\</path>
         <kind>archive</kind>
         <file>rtsv7M4_T_le_v4SPD16_eabi.lib</file>
         <name>s_scalbn.c.obj</name>
      </input_file>
      <input_file id="fl-f9">
         <path>C:\ti\ccs1220\ccs\tools\compiler\ti-cgt-arm_20.2.7.LTS\lib\</path>
         <kind>archive</kind>
         <file>rtsv7M4_T_le_v4SPD16_eabi.lib</file>
         <name>fclose.c.obj</name>
      </input_file>
      <input_file id="fl-fa">
         <path>C:\ti\ccs1220\ccs\tools\compiler\ti-cgt-arm_20.2.7.LTS\lib\</path>
         <kind>archive</kind>
         <file>rtsv7M4_T_le_v4SPD16_eabi.lib</file>
         <name>fflush.c.obj</name>
      </input_file>
      <input_file id="fl-fb">
         <path>C:\ti\ccs1220\ccs\tools\compiler\ti-cgt-arm_20.2.7.LTS\lib\</path>
         <kind>archive</kind>
         <file>rtsv7M4_T_le_v4SPD16_eabi.lib</file>
         <name>fseek.c.obj</name>
      </input_file>
      <input_file id="fl-fc">
         <path>C:\ti\ccs1220\ccs\tools\compiler\ti-cgt-arm_20.2.7.LTS\lib\</path>
         <kind>archive</kind>
         <file>rtsv7M4_T_le_v4SPD16_eabi.lib</file>
         <name>getdevice.c.obj</name>
      </input_file>
      <input_file id="fl-fd">
         <path>C:\ti\ccs1220\ccs\tools\compiler\ti-cgt-arm_20.2.7.LTS\lib\</path>
         <kind>archive</kind>
         <file>rtsv7M4_T_le_v4SPD16_eabi.lib</file>
         <name>div0.asm.obj</name>
      </input_file>
      <input_file id="fl-fe">
         <path>C:\ti\ccs1220\ccs\tools\compiler\ti-cgt-arm_20.2.7.LTS\lib\</path>
         <kind>archive</kind>
         <file>rtsv7M4_T_le_v4SPD16_eabi.lib</file>
         <name>autoinit.c.obj</name>
      </input_file>
      <input_file id="fl-ff">
         <path>C:\ti\ccs1220\ccs\tools\compiler\ti-cgt-arm_20.2.7.LTS\lib\</path>
         <kind>archive</kind>
         <file>rtsv7M4_T_le_v4SPD16_eabi.lib</file>
         <name>pre_init.c.obj</name>
      </input_file>
      <input_file id="fl-100">
         <path>C:\ti\ccs1220\ccs\tools\compiler\ti-cgt-arm_20.2.7.LTS\lib\</path>
         <kind>archive</kind>
         <file>rtsv7M4_T_le_v4SPD16_eabi.lib</file>
         <name>cpy_tbl.c.obj</name>
      </input_file>
      <input_file id="fl-101">
         <path>C:\ti\ccs1220\ccs\tools\compiler\ti-cgt-arm_20.2.7.LTS\lib\</path>
         <kind>archive</kind>
         <file>rtsv7M4_T_le_v4SPD16_eabi.lib</file>
         <name>args_main.c.obj</name>
      </input_file>
      <input_file id="fl-102">
         <path>C:\ti\ccs1220\ccs\tools\compiler\ti-cgt-arm_20.2.7.LTS\lib\</path>
         <kind>archive</kind>
         <file>rtsv7M4_T_le_v4SPD16_eabi.lib</file>
         <name>strcmp.c.obj</name>
      </input_file>
      <input_file id="fl-103">
         <path>C:\ti\ccs1220\ccs\tools\compiler\ti-cgt-arm_20.2.7.LTS\lib\</path>
         <kind>archive</kind>
         <file>rtsv7M4_T_le_v4SPD16_eabi.lib</file>
         <name>strncpy.c.obj</name>
      </input_file>
      <input_file id="fl-104">
         <path>C:\ti\ccs1220\ccs\tools\compiler\ti-cgt-arm_20.2.7.LTS\lib\</path>
         <kind>archive</kind>
         <file>rtsv7M4_T_le_v4SPD16_eabi.lib</file>
         <name>hostclose.c.obj</name>
      </input_file>
      <input_file id="fl-105">
         <path>C:\ti\ccs1220\ccs\tools\compiler\ti-cgt-arm_20.2.7.LTS\lib\</path>
         <kind>archive</kind>
         <file>rtsv7M4_T_le_v4SPD16_eabi.lib</file>
         <name>hostlseek.c.obj</name>
      </input_file>
      <input_file id="fl-106">
         <path>C:\ti\ccs1220\ccs\tools\compiler\ti-cgt-arm_20.2.7.LTS\lib\</path>
         <kind>archive</kind>
         <file>rtsv7M4_T_le_v4SPD16_eabi.lib</file>
         <name>hostopen.c.obj</name>
      </input_file>
      <input_file id="fl-107">
         <path>C:\ti\ccs1220\ccs\tools\compiler\ti-cgt-arm_20.2.7.LTS\lib\</path>
         <kind>archive</kind>
         <file>rtsv7M4_T_le_v4SPD16_eabi.lib</file>
         <name>hostread.c.obj</name>
      </input_file>
      <input_file id="fl-108">
         <path>C:\ti\ccs1220\ccs\tools\compiler\ti-cgt-arm_20.2.7.LTS\lib\</path>
         <kind>archive</kind>
         <file>rtsv7M4_T_le_v4SPD16_eabi.lib</file>
         <name>hostrename.c.obj</name>
      </input_file>
      <input_file id="fl-109">
         <path>C:\ti\ccs1220\ccs\tools\compiler\ti-cgt-arm_20.2.7.LTS\lib\</path>
         <kind>archive</kind>
         <file>rtsv7M4_T_le_v4SPD16_eabi.lib</file>
         <name>hostunlink.c.obj</name>
      </input_file>
      <input_file id="fl-10a">
         <path>C:\ti\ccs1220\ccs\tools\compiler\ti-cgt-arm_20.2.7.LTS\lib\</path>
         <kind>archive</kind>
         <file>rtsv7M4_T_le_v4SPD16_eabi.lib</file>
         <name>hostwrite.c.obj</name>
      </input_file>
      <input_file id="fl-10b">
         <path>C:\ti\ccs1220\ccs\tools\compiler\ti-cgt-arm_20.2.7.LTS\lib\</path>
         <kind>archive</kind>
         <file>rtsv7M4_T_le_v4SPD16_eabi.lib</file>
         <name>trgmsg.c.obj</name>
      </input_file>
      <input_file id="fl-10c">
         <path>C:\ti\ccs1220\ccs\tools\compiler\ti-cgt-arm_20.2.7.LTS\lib\</path>
         <kind>archive</kind>
         <file>rtsv7M4_T_le_v4SPD16_eabi.lib</file>
         <name>remove.c.obj</name>
      </input_file>
      <input_file id="fl-10d">
         <path>C:\ti\ccs1220\ccs\tools\compiler\ti-cgt-arm_20.2.7.LTS\lib\</path>
         <kind>archive</kind>
         <file>rtsv7M4_T_le_v4SPD16_eabi.lib</file>
         <name>lseek.c.obj</name>
      </input_file>
      <input_file id="fl-10e">
         <path>C:\ti\ccs1220\ccs\tools\compiler\ti-cgt-arm_20.2.7.LTS\lib\</path>
         <kind>archive</kind>
         <file>rtsv7M4_T_le_v4SPD16_eabi.lib</file>
         <name>close.c.obj</name>
      </input_file>
      <input_file id="fl-10f">
         <path>C:\ti\ccs1220\ccs\tools\compiler\ti-cgt-arm_20.2.7.LTS\lib\</path>
         <kind>archive</kind>
         <file>rtsv7M4_T_le_v4SPD16_eabi.lib</file>
         <name>s_copysign.c.obj</name>
      </input_file>
      <input_file id="fl-110">
         <path>C:\ti\ccs1220\ccs\tools\compiler\ti-cgt-arm_20.2.7.LTS\lib\</path>
         <kind>archive</kind>
         <file>rtsv7M4_T_le_v4SPD16_eabi.lib</file>
         <name>strcpy.c.obj</name>
      </input_file>
      <input_file id="fl-111">
         <path>C:\ti\ccs1220\ccs\tools\compiler\ti-cgt-arm_20.2.7.LTS\lib\</path>
         <kind>archive</kind>
         <file>rtsv7M4_T_le_v4SPD16_eabi.lib</file>
         <name>unlink.c.obj</name>
      </input_file>
   </input_file_list>
   <object_component_list>
      <object_component id="oc-26">
         <name>.intvecs:retain</name>
         <load_address>0x0</load_address>
         <run_address>0x0</run_address>
         <size>0xe4</size>
         <input_file_ref idref="fl-17"/>
      </object_component>
      <object_component id="oc-1ad">
         <name>.text:__TI_printfi</name>
         <load_address>0xe4</load_address>
         <run_address>0xe4</run_address>
         <size>0xa4e</size>
         <input_file_ref idref="fl-d3"/>
      </object_component>
      <object_component id="oc-289">
         <name>.text:_nop</name>
         <load_address>0xb32</load_address>
         <run_address>0xb32</run_address>
         <size>0x2</size>
         <input_file_ref idref="fl-e6"/>
      </object_component>
      <object_component id="oc-11d">
         <name>.text</name>
         <load_address>0xb34</load_address>
         <run_address>0xb34</run_address>
         <size>0x6e0</size>
         <input_file_ref idref="fl-12"/>
      </object_component>
      <object_component id="oc-12c">
         <name>.text</name>
         <load_address>0x1214</load_address>
         <run_address>0x1214</run_address>
         <size>0x5d0</size>
         <input_file_ref idref="fl-8"/>
      </object_component>
      <object_component id="oc-7c">
         <name>.text</name>
         <load_address>0x17e4</load_address>
         <run_address>0x17e4</run_address>
         <size>0x51c</size>
         <input_file_ref idref="fl-16"/>
      </object_component>
      <object_component id="oc-ac">
         <name>.text</name>
         <load_address>0x1d00</load_address>
         <run_address>0x1d00</run_address>
         <size>0x46c</size>
         <input_file_ref idref="fl-c"/>
      </object_component>
      <object_component id="oc-d0">
         <name>.text</name>
         <load_address>0x216c</load_address>
         <run_address>0x216c</run_address>
         <size>0x3a4</size>
         <input_file_ref idref="fl-7"/>
      </object_component>
      <object_component id="oc-be">
         <name>.text</name>
         <load_address>0x2510</load_address>
         <run_address>0x2510</run_address>
         <size>0x334</size>
         <input_file_ref idref="fl-18"/>
      </object_component>
      <object_component id="oc-265">
         <name>.text:_pconv_a</name>
         <load_address>0x2844</load_address>
         <run_address>0x2844</run_address>
         <size>0x270</size>
         <input_file_ref idref="fl-d3"/>
      </object_component>
      <object_component id="oc-117">
         <name>.text</name>
         <load_address>0x2ab4</load_address>
         <run_address>0x2ab4</run_address>
         <size>0x26c</size>
         <input_file_ref idref="fl-a"/>
      </object_component>
      <object_component id="oc-d6">
         <name>.text</name>
         <load_address>0x2d20</load_address>
         <run_address>0x2d20</run_address>
         <size>0x1e0</size>
         <input_file_ref idref="fl-4"/>
      </object_component>
      <object_component id="oc-70">
         <name>.text</name>
         <load_address>0x2f00</load_address>
         <run_address>0x2f00</run_address>
         <size>0x1d4</size>
         <input_file_ref idref="fl-10"/>
      </object_component>
      <object_component id="oc-253">
         <name>.text:_pconv_g</name>
         <load_address>0x30d4</load_address>
         <run_address>0x30d4</run_address>
         <size>0x1d0</size>
         <input_file_ref idref="fl-d3"/>
      </object_component>
      <object_component id="oc-337">
         <name>.text</name>
         <load_address>0x32a4</load_address>
         <run_address>0x32a4</run_address>
         <size>0x1b6</size>
         <input_file_ref idref="fl-d9"/>
      </object_component>
      <object_component id="oc-42f">
         <name>.text</name>
         <load_address>0x345a</load_address>
         <run_address>0x345a</run_address>
         <size>0x2</size>
         <input_file_ref idref="fl-fd"/>
      </object_component>
      <object_component id="oc-25f">
         <name>.text:_pconv_e</name>
         <load_address>0x345c</load_address>
         <run_address>0x345c</run_address>
         <size>0x13c</size>
         <input_file_ref idref="fl-d3"/>
      </object_component>
      <object_component id="oc-31d">
         <name>.text</name>
         <load_address>0x3598</load_address>
         <run_address>0x3598</run_address>
         <size>0x136</size>
         <input_file_ref idref="fl-db"/>
      </object_component>
      <object_component id="oc-349">
         <name>.text:fcvt</name>
         <load_address>0x36d0</load_address>
         <run_address>0x36d0</run_address>
         <size>0x124</size>
         <input_file_ref idref="fl-d3"/>
      </object_component>
      <object_component id="oc-297">
         <name>.text:fputs</name>
         <load_address>0x37f4</load_address>
         <run_address>0x37f4</run_address>
         <size>0x114</size>
         <input_file_ref idref="fl-d6"/>
      </object_component>
      <object_component id="oc-2c5">
         <name>.text:_openfile</name>
         <load_address>0x3908</load_address>
         <run_address>0x3908</run_address>
         <size>0x110</size>
         <input_file_ref idref="fl-d4"/>
      </object_component>
      <object_component id="oc-35d">
         <name>.text:scalbn</name>
         <load_address>0x3a18</load_address>
         <run_address>0x3a18</run_address>
         <size>0x110</size>
         <input_file_ref idref="fl-f8"/>
      </object_component>
      <object_component id="oc-411">
         <name>.text:aligned_alloc</name>
         <load_address>0x3b28</load_address>
         <run_address>0x3b28</run_address>
         <size>0x100</size>
         <input_file_ref idref="fl-ed"/>
      </object_component>
      <object_component id="oc-318">
         <name>.text</name>
         <load_address>0x3c28</load_address>
         <run_address>0x3c28</run_address>
         <size>0xfc</size>
         <input_file_ref idref="fl-dc"/>
      </object_component>
      <object_component id="oc-2d8">
         <name>.text:free</name>
         <load_address>0x3d24</load_address>
         <run_address>0x3d24</run_address>
         <size>0xe4</size>
         <input_file_ref idref="fl-ed"/>
      </object_component>
      <object_component id="oc-1e3">
         <name>.text:setvbuf</name>
         <load_address>0x3e08</load_address>
         <run_address>0x3e08</run_address>
         <size>0xdc</size>
         <input_file_ref idref="fl-d8"/>
      </object_component>
      <object_component id="oc-3ea">
         <name>.text:open</name>
         <load_address>0x3ee4</load_address>
         <run_address>0x3ee4</run_address>
         <size>0xbc</size>
         <input_file_ref idref="fl-f3"/>
      </object_component>
      <object_component id="oc-1d1">
         <name>.text:add_device</name>
         <load_address>0x3fa0</load_address>
         <run_address>0x3fa0</run_address>
         <size>0xb8</size>
         <input_file_ref idref="fl-f4"/>
      </object_component>
      <object_component id="oc-248">
         <name>.text:_ltostr</name>
         <load_address>0x4058</load_address>
         <run_address>0x4058</run_address>
         <size>0xb1</size>
         <input_file_ref idref="fl-d3"/>
      </object_component>
      <object_component id="oc-1d7">
         <name>.text:fopen</name>
         <load_address>0x410c</load_address>
         <run_address>0x410c</run_address>
         <size>0x9c</size>
         <input_file_ref idref="fl-d4"/>
      </object_component>
      <object_component id="oc-3a">
         <name>.text</name>
         <load_address>0x41a8</load_address>
         <run_address>0x41a8</run_address>
         <size>0x9c</size>
         <input_file_ref idref="fl-df"/>
      </object_component>
      <object_component id="oc-123">
         <name>.text</name>
         <load_address>0x4244</load_address>
         <run_address>0x4244</run_address>
         <size>0x98</size>
         <input_file_ref idref="fl-3"/>
      </object_component>
      <object_component id="oc-311">
         <name>.text</name>
         <load_address>0x42dc</load_address>
         <run_address>0x42dc</run_address>
         <size>0x96</size>
         <input_file_ref idref="fl-e1"/>
      </object_component>
      <object_component id="oc-29e">
         <name>.text:fputc</name>
         <load_address>0x4374</load_address>
         <run_address>0x4374</run_address>
         <size>0x8c</size>
         <input_file_ref idref="fl-d5"/>
      </object_component>
      <object_component id="oc-24e">
         <name>.text:__aeabi_cdcmple</name>
         <load_address>0x4400</load_address>
         <run_address>0x4400</run_address>
         <size>0x86</size>
         <input_file_ref idref="fl-da"/>
      </object_component>
      <object_component id="oc-322">
         <name>.text:__aeabi_cdrcmple</name>
         <load_address>0x4486</load_address>
         <run_address>0x4486</run_address>
         <size>0x86</size>
         <input_file_ref idref="fl-da"/>
      </object_component>
      <object_component id="oc-a0">
         <name>.text</name>
         <load_address>0x450c</load_address>
         <run_address>0x450c</run_address>
         <size>0x7a</size>
         <input_file_ref idref="fl-e0"/>
      </object_component>
      <object_component id="oc-2d1">
         <name>.text:__TI_closefile</name>
         <load_address>0x4588</load_address>
         <run_address>0x4588</run_address>
         <size>0x74</size>
         <input_file_ref idref="fl-f9"/>
      </object_component>
      <object_component id="oc-4bd">
         <name>.text:split</name>
         <load_address>0x45fc</load_address>
         <run_address>0x45fc</run_address>
         <size>0x70</size>
         <input_file_ref idref="fl-ed"/>
      </object_component>
      <object_component id="oc-342">
         <name>.text:_mcpy</name>
         <load_address>0x466c</load_address>
         <run_address>0x466c</run_address>
         <size>0x6e</size>
         <input_file_ref idref="fl-d3"/>
      </object_component>
      <object_component id="oc-3da">
         <name>.text:HOSTrename</name>
         <load_address>0x46dc</load_address>
         <run_address>0x46dc</run_address>
         <size>0x6c</size>
         <input_file_ref idref="fl-108"/>
      </object_component>
      <object_component id="oc-3ce">
         <name>.text:HOSTlseek</name>
         <load_address>0x4748</load_address>
         <run_address>0x4748</run_address>
         <size>0x68</size>
         <input_file_ref idref="fl-105"/>
      </object_component>
      <object_component id="oc-17">
         <name>.text:decompress:lzss:__TI_decompress_lzss</name>
         <load_address>0x47b0</load_address>
         <run_address>0x47b0</run_address>
         <size>0x68</size>
         <input_file_ref idref="fl-e4"/>
      </object_component>
      <object_component id="oc-111">
         <name>.text:printf</name>
         <load_address>0x4818</load_address>
         <run_address>0x4818</run_address>
         <size>0x68</size>
         <input_file_ref idref="fl-d2"/>
      </object_component>
      <object_component id="oc-357">
         <name>.text:frexp</name>
         <load_address>0x4880</load_address>
         <run_address>0x4880</run_address>
         <size>0x64</size>
         <input_file_ref idref="fl-f7"/>
      </object_component>
      <object_component id="oc-464">
         <name>.text:fseek</name>
         <load_address>0x48e4</load_address>
         <run_address>0x48e4</run_address>
         <size>0x64</size>
         <input_file_ref idref="fl-fb"/>
      </object_component>
      <object_component id="oc-38e">
         <name>.text:__TI_wrt_ok</name>
         <load_address>0x4948</load_address>
         <run_address>0x4948</run_address>
         <size>0x62</size>
         <input_file_ref idref="fl-d7"/>
      </object_component>
      <object_component id="oc-76">
         <name>.text</name>
         <load_address>0x49ac</load_address>
         <run_address>0x49ac</run_address>
         <size>0x60</size>
         <input_file_ref idref="fl-2"/>
      </object_component>
      <object_component id="oc-3b6">
         <name>.text:HOSTopen</name>
         <load_address>0x4a0c</load_address>
         <run_address>0x4a0c</run_address>
         <size>0x60</size>
         <input_file_ref idref="fl-106"/>
      </object_component>
      <object_component id="oc-3f5">
         <name>.text:close</name>
         <load_address>0x4a6c</load_address>
         <run_address>0x4a6c</run_address>
         <size>0x5c</size>
         <input_file_ref idref="fl-10e"/>
      </object_component>
      <object_component id="oc-3c2">
         <name>.text:HOSTread</name>
         <load_address>0x4ac8</load_address>
         <run_address>0x4ac8</run_address>
         <size>0x58</size>
         <input_file_ref idref="fl-107"/>
      </object_component>
      <object_component id="oc-3c8">
         <name>.text:HOSTwrite</name>
         <load_address>0x4b20</load_address>
         <run_address>0x4b20</run_address>
         <size>0x58</size>
         <input_file_ref idref="fl-10a"/>
      </object_component>
      <object_component id="oc-259">
         <name>.text:_pconv_f</name>
         <load_address>0x4b78</load_address>
         <run_address>0x4b78</run_address>
         <size>0x56</size>
         <input_file_ref idref="fl-d3"/>
      </object_component>
      <object_component id="oc-32c">
         <name>.text:__TI_ltoa</name>
         <load_address>0x4bce</load_address>
         <run_address>0x4bce</run_address>
         <size>0x54</size>
         <input_file_ref idref="fl-e7"/>
      </object_component>
      <object_component id="oc-33c">
         <name>.text:_ecpy</name>
         <load_address>0x4c22</load_address>
         <run_address>0x4c22</run_address>
         <size>0x52</size>
         <input_file_ref idref="fl-d3"/>
      </object_component>
      <object_component id="oc-39a">
         <name>.text:__TI_doflush</name>
         <load_address>0x4c74</load_address>
         <run_address>0x4c74</run_address>
         <size>0x4c</size>
         <input_file_ref idref="fl-fa"/>
      </object_component>
      <object_component id="oc-242">
         <name>.text:atoi</name>
         <load_address>0x4cc0</load_address>
         <run_address>0x4cc0</run_address>
         <size>0x4c</size>
         <input_file_ref idref="fl-e8"/>
      </object_component>
      <object_component id="oc-152">
         <name>.text:exit</name>
         <load_address>0x4d0c</load_address>
         <run_address>0x4d0c</run_address>
         <size>0x48</size>
         <input_file_ref idref="fl-e5"/>
      </object_component>
      <object_component id="oc-327">
         <name>.text</name>
         <load_address>0x4d54</load_address>
         <run_address>0x4d54</run_address>
         <size>0x48</size>
         <input_file_ref idref="fl-dd"/>
      </object_component>
      <object_component id="oc-3bc">
         <name>.text:HOSTclose</name>
         <load_address>0x4d9c</load_address>
         <run_address>0x4d9c</run_address>
         <size>0x44</size>
         <input_file_ref idref="fl-104"/>
      </object_component>
      <object_component id="oc-3d4">
         <name>.text:HOSTunlink</name>
         <load_address>0x4de0</load_address>
         <run_address>0x4de0</run_address>
         <size>0x44</size>
         <input_file_ref idref="fl-109"/>
      </object_component>
      <object_component id="oc-158">
         <name>.text:__TI_auto_init_nobinit_nopinit:__TI_auto_init_nobinit_nopinit</name>
         <load_address>0x4e24</load_address>
         <run_address>0x4e24</run_address>
         <size>0x44</size>
         <input_file_ref idref="fl-fe"/>
      </object_component>
      <object_component id="oc-4a9">
         <name>.text:getdevice</name>
         <load_address>0x4e68</load_address>
         <run_address>0x4e68</run_address>
         <size>0x44</size>
         <input_file_ref idref="fl-fc"/>
      </object_component>
      <object_component id="oc-34f">
         <name>.text:_fcpy</name>
         <load_address>0x4eac</load_address>
         <run_address>0x4eac</run_address>
         <size>0x3e</size>
         <input_file_ref idref="fl-d3"/>
      </object_component>
      <object_component id="oc-480">
         <name>.text:__TI_writemsg</name>
         <load_address>0x4eec</load_address>
         <run_address>0x4eec</run_address>
         <size>0x38</size>
         <input_file_ref idref="fl-10b"/>
      </object_component>
      <object_component id="oc-2b9">
         <name>.text:strncpy</name>
         <load_address>0x4f24</load_address>
         <run_address>0x4f24</run_address>
         <size>0x36</size>
         <input_file_ref idref="fl-103"/>
      </object_component>
      <object_component id="oc-2e4">
         <name>.text:__TI_cleanup</name>
         <load_address>0x4f5c</load_address>
         <run_address>0x4f5c</run_address>
         <size>0x34</size>
         <input_file_ref idref="fl-d4"/>
      </object_component>
      <object_component id="oc-486">
         <name>.text:__TI_readmsg</name>
         <load_address>0x4f90</load_address>
         <run_address>0x4f90</run_address>
         <size>0x34</size>
         <input_file_ref idref="fl-10b"/>
      </object_component>
      <object_component id="oc-58">
         <name>.text:_c_int00_noargs:_c_int00_noargs</name>
         <load_address>0x4fc4</load_address>
         <run_address>0x4fc4</run_address>
         <size>0x34</size>
         <input_file_ref idref="fl-f0"/>
      </object_component>
      <object_component id="oc-1dd">
         <name>.text:freopen</name>
         <load_address>0x4ff8</load_address>
         <run_address>0x4ff8</run_address>
         <size>0x34</size>
         <input_file_ref idref="fl-d4"/>
      </object_component>
      <object_component id="oc-2b3">
         <name>.text:finddevice</name>
         <load_address>0x502c</load_address>
         <run_address>0x502c</run_address>
         <size>0x30</size>
         <input_file_ref idref="fl-fc"/>
      </object_component>
      <object_component id="oc-332">
         <name>.text</name>
         <load_address>0x505c</load_address>
         <run_address>0x505c</run_address>
         <size>0x2e</size>
         <input_file_ref idref="fl-de"/>
      </object_component>
      <object_component id="oc-3fb">
         <name>.text:unlink</name>
         <load_address>0x508c</load_address>
         <run_address>0x508c</run_address>
         <size>0x2c</size>
         <input_file_ref idref="fl-111"/>
      </object_component>
      <object_component id="oc-40a">
         <name>.text:free_list_insert</name>
         <load_address>0x50b8</load_address>
         <run_address>0x50b8</run_address>
         <size>0x28</size>
         <input_file_ref idref="fl-ed"/>
      </object_component>
      <object_component id="oc-4d7">
         <name>.text:lseek</name>
         <load_address>0x50e0</load_address>
         <run_address>0x50e0</run_address>
         <size>0x28</size>
         <input_file_ref idref="fl-10d"/>
      </object_component>
      <object_component id="oc-3a0">
         <name>.text:write</name>
         <load_address>0x5108</load_address>
         <run_address>0x5108</run_address>
         <size>0x28</size>
         <input_file_ref idref="fl-f1"/>
      </object_component>
      <object_component id="oc-132">
         <name>.text</name>
         <load_address>0x5130</load_address>
         <run_address>0x5130</run_address>
         <size>0x24</size>
         <input_file_ref idref="fl-5"/>
      </object_component>
      <object_component id="oc-394">
         <name>.text:memchr</name>
         <load_address>0x5154</load_address>
         <run_address>0x5154</run_address>
         <size>0x20</size>
         <input_file_ref idref="fl-ec"/>
      </object_component>
      <object_component id="oc-404">
         <name>.text:free_list_remove</name>
         <load_address>0x5174</load_address>
         <run_address>0x5174</run_address>
         <size>0x1c</size>
         <input_file_ref idref="fl-ed"/>
      </object_component>
      <object_component id="oc-26b">
         <name>.text:memccpy</name>
         <load_address>0x5190</load_address>
         <run_address>0x5190</run_address>
         <size>0x1c</size>
         <input_file_ref idref="fl-eb"/>
      </object_component>
      <object_component id="oc-448">
         <name>.text:copysign</name>
         <load_address>0x51ac</load_address>
         <run_address>0x51ac</run_address>
         <size>0x1a</size>
         <input_file_ref idref="fl-10f"/>
      </object_component>
      <object_component id="oc-3ac">
         <name>.text:strcmp</name>
         <load_address>0x51c6</load_address>
         <run_address>0x51c6</run_address>
         <size>0x18</size>
         <input_file_ref idref="fl-102"/>
      </object_component>
      <object_component id="oc-363">
         <name>.text:strchr</name>
         <load_address>0x51de</load_address>
         <run_address>0x51de</run_address>
         <size>0x16</size>
         <input_file_ref idref="fl-ee"/>
      </object_component>
      <object_component id="oc-49a">
         <name>.text:strcpy</name>
         <load_address>0x51f4</load_address>
         <run_address>0x51f4</run_address>
         <size>0x14</size>
         <input_file_ref idref="fl-110"/>
      </object_component>
      <object_component id="oc-23c">
         <name>.text:strlen</name>
         <load_address>0x5208</load_address>
         <run_address>0x5208</run_address>
         <size>0x14</size>
         <input_file_ref idref="fl-ef"/>
      </object_component>
      <object_component id="oc-271">
         <name>.text:wcslen</name>
         <load_address>0x521c</load_address>
         <run_address>0x521c</run_address>
         <size>0x12</size>
         <input_file_ref idref="fl-f6"/>
      </object_component>
      <object_component id="oc-1d">
         <name>.text:decompress:none:__TI_decompress_none</name>
         <load_address>0x522e</load_address>
         <run_address>0x522e</run_address>
         <size>0xe</size>
         <input_file_ref idref="fl-e3"/>
      </object_component>
      <object_component id="oc-6a">
         <name>.text</name>
         <load_address>0x523c</load_address>
         <run_address>0x523c</run_address>
         <size>0xe</size>
         <input_file_ref idref="fl-17"/>
      </object_component>
      <object_component id="oc-4c">
         <name>.text:decompress:ZI:__TI_zero_init</name>
         <load_address>0x524a</load_address>
         <run_address>0x524a</run_address>
         <size>0xc</size>
         <input_file_ref idref="fl-e2"/>
      </object_component>
      <object_component id="oc-277">
         <name>.text:__aeabi_errno_addr</name>
         <load_address>0x5258</load_address>
         <run_address>0x5258</run_address>
         <size>0x8</size>
         <input_file_ref idref="fl-f5"/>
      </object_component>
      <object_component id="oc-2de">
         <name>.text:malloc</name>
         <load_address>0x5260</load_address>
         <run_address>0x5260</run_address>
         <size>0x8</size>
         <input_file_ref idref="fl-ed"/>
      </object_component>
      <object_component id="oc-1bf">
         <name>.text:_outc</name>
         <load_address>0x5268</load_address>
         <run_address>0x5268</run_address>
         <size>0x4</size>
         <input_file_ref idref="fl-d2"/>
      </object_component>
      <object_component id="oc-1b9">
         <name>.text:_outs</name>
         <load_address>0x526c</load_address>
         <run_address>0x526c</run_address>
         <size>0x4</size>
         <input_file_ref idref="fl-d2"/>
      </object_component>
      <object_component id="oc-a6">
         <name>.text:_system_pre_init</name>
         <load_address>0x5270</load_address>
         <run_address>0x5270</run_address>
         <size>0x4</size>
         <input_file_ref idref="fl-ff"/>
      </object_component>
      <object_component id="oc-14c">
         <name>.text:abort:abort</name>
         <load_address>0x5274</load_address>
         <run_address>0x5274</run_address>
         <size>0x4</size>
         <input_file_ref idref="fl-e5"/>
      </object_component>
      <object_component id="oc-30c">
         <name>.const:.string:_ctypes_</name>
         <load_address>0x5278</load_address>
         <run_address>0x5278</run_address>
         <size>0x101</size>
         <input_file_ref idref="fl-e9"/>
      </object_component>
      <object_component id="oc-546">
         <name>.cinit..data.load</name>
         <load_address>0x5380</load_address>
         <run_address>0x5380</run_address>
         <size>0x80</size>
      </object_component>
      <object_component id="oc-544">
         <name>__TI_handler_table</name>
         <load_address>0x5400</load_address>
         <run_address>0x5400</run_address>
         <size>0xc</size>
      </object_component>
      <object_component id="oc-547">
         <name>.cinit..bss.load</name>
         <load_address>0x5410</load_address>
         <run_address>0x5410</run_address>
         <size>0x8</size>
      </object_component>
      <object_component id="oc-545">
         <name>__TI_cinit_table</name>
         <load_address>0x5418</load_address>
         <run_address>0x5418</run_address>
         <size>0x10</size>
      </object_component>
      <object_component id="oc-518">
         <name>.binit</name>
         <load_address>0x0</load_address>
         <run_address>0x0</run_address>
         <size>0x0</size>
      </object_component>
      <object_component id="oc-1a3">
         <name>.data</name>
         <load_address>0x20003858</load_address>
         <run_address>0x20003858</run_address>
         <size>0x18</size>
         <input_file_ref idref="fl-4"/>
      </object_component>
      <object_component id="oc-129">
         <name>.data</name>
         <load_address>0x20003838</load_address>
         <run_address>0x20003838</run_address>
         <size>0x1e</size>
         <input_file_ref idref="fl-c"/>
      </object_component>
      <object_component id="oc-c5">
         <name>.data</name>
         <load_address>0x2000388c</load_address>
         <run_address>0x2000388c</run_address>
         <size>0xc</size>
         <input_file_ref idref="fl-10"/>
      </object_component>
      <object_component id="oc-18a">
         <name>.data</name>
         <load_address>0x200038b8</load_address>
         <run_address>0x200038b8</run_address>
         <size>0x4</size>
         <input_file_ref idref="fl-18"/>
      </object_component>
      <object_component id="oc-2cb">
         <name>.data</name>
         <load_address>0x200038b0</load_address>
         <run_address>0x200038b0</run_address>
         <size>0x4</size>
         <input_file_ref idref="fl-d4"/>
      </object_component>
      <object_component id="oc-218">
         <name>.data:$O1$$</name>
         <load_address>0x20003880</load_address>
         <run_address>0x20003880</run_address>
         <size>0xc</size>
         <input_file_ref idref="fl-e5"/>
      </object_component>
      <object_component id="oc-1b3">
         <name>.data:$O1$$</name>
         <load_address>0x20003898</load_address>
         <run_address>0x20003898</run_address>
         <size>0x8</size>
         <input_file_ref idref="fl-e6"/>
      </object_component>
      <object_component id="oc-1b6">
         <name>.data:_ftable</name>
         <load_address>0x20003680</load_address>
         <run_address>0x20003680</run_address>
         <size>0xf0</size>
         <input_file_ref idref="fl-ea"/>
      </object_component>
      <object_component id="oc-2cc">
         <name>.data</name>
         <load_address>0x20003870</load_address>
         <run_address>0x20003870</run_address>
         <size>0x10</size>
         <input_file_ref idref="fl-ea"/>
      </object_component>
      <object_component id="oc-4b8">
         <name>.data:$O1$$</name>
         <load_address>0x200038a0</load_address>
         <run_address>0x200038a0</run_address>
         <size>0x8</size>
         <input_file_ref idref="fl-ed"/>
      </object_component>
      <object_component id="oc-2c0">
         <name>.data:_device</name>
         <load_address>0x20003770</load_address>
         <run_address>0x20003770</run_address>
         <size>0x78</size>
         <input_file_ref idref="fl-f2"/>
      </object_component>
      <object_component id="oc-46f">
         <name>.data:_stream</name>
         <load_address>0x200037e8</load_address>
         <run_address>0x200037e8</run_address>
         <size>0x50</size>
         <input_file_ref idref="fl-f2"/>
      </object_component>
      <object_component id="oc-4af">
         <name>.data</name>
         <load_address>0x200038b4</load_address>
         <run_address>0x200038b4</run_address>
         <size>0x4</size>
         <input_file_ref idref="fl-f3"/>
      </object_component>
      <object_component id="oc-2bf">
         <name>.data</name>
         <load_address>0x200038a8</load_address>
         <run_address>0x200038a8</run_address>
         <size>0x4</size>
         <input_file_ref idref="fl-f4"/>
      </object_component>
      <object_component id="oc-373">
         <name>.data</name>
         <load_address>0x200038ac</load_address>
         <run_address>0x200038ac</run_address>
         <size>0x4</size>
         <input_file_ref idref="fl-f5"/>
      </object_component>
      <object_component id="oc-dc">
         <name>.bss</name>
         <uninitialized>true</uninitialized>
         <run_address>0x200031f0</run_address>
         <size>0x8</size>
         <input_file_ref idref="fl-16"/>
      </object_component>
      <object_component id="oc-4e9">
         <name>.bss:_CIOBUF_</name>
         <uninitialized>true</uninitialized>
         <run_address>0x20003000</run_address>
         <size>0x120</size>
         <input_file_ref idref="fl-10b"/>
      </object_component>
      <object_component id="oc-1f6">
         <name>.common:Size</name>
         <uninitialized>true</uninitialized>
         <run_address>0x20003250</run_address>
         <size>0x4</size>
      </object_component>
      <object_component id="oc-1f5">
         <name>.common:x</name>
         <uninitialized>true</uninitialized>
         <run_address>0x20000000</run_address>
         <size>0x1000</size>
      </object_component>
      <object_component id="oc-1f2">
         <name>.common:Pt</name>
         <uninitialized>true</uninitialized>
         <run_address>0x20003240</run_address>
         <size>0x4</size>
      </object_component>
      <object_component id="oc-1f8">
         <name>.common:I1</name>
         <uninitialized>true</uninitialized>
         <run_address>0x20003210</run_address>
         <size>0x4</size>
      </object_component>
      <object_component id="oc-1f7">
         <name>.common:LPFSum</name>
         <uninitialized>true</uninitialized>
         <run_address>0x20003220</run_address>
         <size>0x4</size>
      </object_component>
      <object_component id="oc-1fa">
         <name>.common:x2</name>
         <uninitialized>true</uninitialized>
         <run_address>0x20001000</run_address>
         <size>0x1000</size>
      </object_component>
      <object_component id="oc-1f9">
         <name>.common:Pt2</name>
         <uninitialized>true</uninitialized>
         <run_address>0x20003244</run_address>
         <size>0x4</size>
      </object_component>
      <object_component id="oc-1fb">
         <name>.common:LPFSum2</name>
         <uninitialized>true</uninitialized>
         <run_address>0x20003224</run_address>
         <size>0x4</size>
      </object_component>
      <object_component id="oc-1fd">
         <name>.common:x3</name>
         <uninitialized>true</uninitialized>
         <run_address>0x20002000</run_address>
         <size>0x1000</size>
      </object_component>
      <object_component id="oc-1fc">
         <name>.common:Pt3</name>
         <uninitialized>true</uninitialized>
         <run_address>0x20003248</run_address>
         <size>0x4</size>
      </object_component>
      <object_component id="oc-1fe">
         <name>.common:LPFSum3</name>
         <uninitialized>true</uninitialized>
         <run_address>0x20003228</run_address>
         <size>0x4</size>
      </object_component>
      <object_component id="oc-201">
         <name>.common:u1</name>
         <uninitialized>true</uninitialized>
         <run_address>0x2000326c</run_address>
         <size>0x4</size>
      </object_component>
      <object_component id="oc-200">
         <name>.common:u2</name>
         <uninitialized>true</uninitialized>
         <run_address>0x20003270</run_address>
         <size>0x4</size>
      </object_component>
      <object_component id="oc-1ff">
         <name>.common:u3</name>
         <uninitialized>true</uninitialized>
         <run_address>0x20003274</run_address>
         <size>0x4</size>
      </object_component>
      <object_component id="oc-13b">
         <name>.common:Distances</name>
         <uninitialized>true</uninitialized>
         <run_address>0x200031d8</run_address>
         <size>0xc</size>
      </object_component>
      <object_component id="oc-149">
         <name>.common:FilteredDistances</name>
         <uninitialized>true</uninitialized>
         <run_address>0x200031e4</run_address>
         <size>0xc</size>
      </object_component>
      <object_component id="oc-13c">
         <name>.common:Amplitudes</name>
         <uninitialized>true</uninitialized>
         <run_address>0x200031c0</run_address>
         <size>0xc</size>
      </object_component>
      <object_component id="oc-138">
         <name>.common:TxChannel</name>
         <uninitialized>true</uninitialized>
         <run_address>0x2000325c</run_address>
         <size>0x4</size>
      </object_component>
      <object_component id="oc-145">
         <name>.common:StartTime</name>
         <uninitialized>true</uninitialized>
         <run_address>0x20003254</run_address>
         <size>0x4</size>
      </object_component>
      <object_component id="oc-147">
         <name>.common:TimeToConvert</name>
         <uninitialized>true</uninitialized>
         <run_address>0x20003258</run_address>
         <size>0x4</size>
      </object_component>
      <object_component id="oc-14a">
         <name>.common:i</name>
         <uninitialized>true</uninitialized>
         <run_address>0x20003268</run_address>
         <size>0x4</size>
      </object_component>
      <object_component id="oc-13e">
         <name>.common:Error</name>
         <uninitialized>true</uninitialized>
         <run_address>0x2000320c</run_address>
         <size>0x4</size>
      </object_component>
      <object_component id="oc-141">
         <name>.common:UR</name>
         <uninitialized>true</uninitialized>
         <run_address>0x20003264</run_address>
         <size>0x4</size>
      </object_component>
      <object_component id="oc-142">
         <name>.common:UL</name>
         <uninitialized>true</uninitialized>
         <run_address>0x20003260</run_address>
         <size>0x4</size>
      </object_component>
      <object_component id="oc-148">
         <name>.common:LeftDistance</name>
         <uninitialized>true</uninitialized>
         <run_address>0x2000322c</run_address>
         <size>0x4</size>
      </object_component>
      <object_component id="oc-143">
         <name>.common:CenterDistance</name>
         <uninitialized>true</uninitialized>
         <run_address>0x20003208</run_address>
         <size>0x4</size>
      </object_component>
      <object_component id="oc-13d">
         <name>.common:RightDistance</name>
         <uninitialized>true</uninitialized>
         <run_address>0x2000324c</run_address>
         <size>0x4</size>
      </object_component>
      <object_component id="oc-146">
         <name>.common:hope</name>
         <uninitialized>true</uninitialized>
         <run_address>0x20003279</run_address>
         <size>0x1</size>
      </object_component>
      <object_component id="oc-144">
         <name>.common:Bumper</name>
         <uninitialized>true</uninitialized>
         <run_address>0x20003278</run_address>
         <size>0x1</size>
      </object_component>
      <object_component id="oc-1d0">
         <name>.common:Messageindexb</name>
         <uninitialized>true</uninitialized>
         <run_address>0x20003230</run_address>
         <size>0x4</size>
      </object_component>
      <object_component id="oc-1cd">
         <name>.common:Messageb</name>
         <uninitialized>true</uninitialized>
         <run_address>0x200031f8</run_address>
         <size>0x8</size>
      </object_component>
      <object_component id="oc-df">
         <name>.common:ChannelCount</name>
         <uninitialized>true</uninitialized>
         <run_address>0x200031cc</run_address>
         <size>0xc</size>
      </object_component>
      <object_component id="oc-e2">
         <name>.common:PTxChan</name>
         <uninitialized>true</uninitialized>
         <run_address>0x20003234</run_address>
         <size>0x4</size>
      </object_component>
      <object_component id="oc-e3">
         <name>.common:Pdistances</name>
         <uninitialized>true</uninitialized>
         <run_address>0x2000323c</run_address>
         <size>0x4</size>
      </object_component>
      <object_component id="oc-e4">
         <name>.common:Pamplitudes</name>
         <uninitialized>true</uninitialized>
         <run_address>0x20003238</run_address>
         <size>0x4</size>
      </object_component>
      <object_component id="oc-e5">
         <name>.common:ISRTime</name>
         <uninitialized>true</uninitialized>
         <run_address>0x2000321c</run_address>
         <size>0x4</size>
      </object_component>
      <object_component id="oc-e7">
         <name>.common:ISRLast</name>
         <uninitialized>true</uninitialized>
         <run_address>0x20003214</run_address>
         <size>0x4</size>
      </object_component>
      <object_component id="oc-e6">
         <name>.common:ISRPeriod</name>
         <uninitialized>true</uninitialized>
         <run_address>0x20003218</run_address>
         <size>0x4</size>
      </object_component>
      <object_component id="oc-401">
         <name>.common:__TI_tmpnams</name>
         <uninitialized>true</uninitialized>
         <run_address>0x20003120</run_address>
         <size>0xa0</size>
      </object_component>
      <object_component id="oc-48c">
         <name>.common:parmbuf</name>
         <uninitialized>true</uninitialized>
         <run_address>0x20003200</run_address>
         <size>0x8</size>
      </object_component>
      <object_component id="oc-29">
         <name>.sysmem</name>
         <uninitialized>true</uninitialized>
         <run_address>0x20003280</run_address>
         <size>0x10</size>
         <input_file_ref idref="fl-ed"/>
      </object_component>
      <object_component id="oc-54a">
         <name>.sysmem</name>
         <uninitialized>true</uninitialized>
         <run_address>0x20003280</run_address>
         <size>0x0</size>
      </object_component>
      <object_component id="oc-2c">
         <name>.stack</name>
         <uninitialized>true</uninitialized>
         <run_address>0x2000fe00</run_address>
         <size>0x4</size>
         <input_file_ref idref="fl-f0"/>
      </object_component>
      <object_component id="oc-549">
         <name>.stack</name>
         <uninitialized>true</uninitialized>
         <run_address>0x2000fe00</run_address>
         <size>0x0</size>
      </object_component>
      <object_component id="oc-1ab">
         <name>.debug_info</name>
         <load_address>0x0</load_address>
         <run_address>0x0</run_address>
         <size>0x556</size>
         <input_file_ref idref="fl-2"/>
      </object_component>
      <object_component id="oc-77">
         <name>.debug_info</name>
         <load_address>0x556</load_address>
         <run_address>0x556</run_address>
         <size>0x24a</size>
         <input_file_ref idref="fl-2"/>
      </object_component>
      <object_component id="oc-197">
         <name>.debug_info</name>
         <load_address>0x7a0</load_address>
         <run_address>0x7a0</run_address>
         <size>0x37e2</size>
         <input_file_ref idref="fl-2"/>
      </object_component>
      <object_component id="oc-f0">
         <name>.debug_info</name>
         <load_address>0x3f82</load_address>
         <run_address>0x3f82</run_address>
         <size>0x26b</size>
         <input_file_ref idref="fl-2"/>
      </object_component>
      <object_component id="oc-19c">
         <name>.debug_info</name>
         <load_address>0x41ed</load_address>
         <run_address>0x41ed</run_address>
         <size>0x1055</size>
         <input_file_ref idref="fl-2"/>
      </object_component>
      <object_component id="oc-35">
         <name>.debug_info</name>
         <load_address>0x5242</load_address>
         <run_address>0x5242</run_address>
         <size>0x84</size>
         <input_file_ref idref="fl-2"/>
      </object_component>
      <object_component id="oc-190">
         <name>.debug_info</name>
         <load_address>0x52c6</load_address>
         <run_address>0x52c6</run_address>
         <size>0x2a4</size>
         <input_file_ref idref="fl-2"/>
      </object_component>
      <object_component id="oc-c9">
         <name>.debug_info</name>
         <load_address>0x556a</load_address>
         <run_address>0x556a</run_address>
         <size>0xbb</size>
         <input_file_ref idref="fl-2"/>
      </object_component>
      <object_component id="oc-124">
         <name>.debug_info</name>
         <load_address>0x5625</load_address>
         <run_address>0x5625</run_address>
         <size>0x189</size>
         <input_file_ref idref="fl-3"/>
      </object_component>
      <object_component id="oc-1a4">
         <name>.debug_info</name>
         <load_address>0x57ae</load_address>
         <run_address>0x57ae</run_address>
         <size>0x19a</size>
         <input_file_ref idref="fl-4"/>
      </object_component>
      <object_component id="oc-d9">
         <name>.debug_info</name>
         <load_address>0x5948</load_address>
         <run_address>0x5948</run_address>
         <size>0x3c2</size>
         <input_file_ref idref="fl-4"/>
      </object_component>
      <object_component id="oc-134">
         <name>.debug_info</name>
         <load_address>0x5d0a</load_address>
         <run_address>0x5d0a</run_address>
         <size>0x383</size>
         <input_file_ref idref="fl-5"/>
      </object_component>
      <object_component id="oc-1a2">
         <name>.debug_info</name>
         <load_address>0x608d</load_address>
         <run_address>0x608d</run_address>
         <size>0x52a</size>
         <input_file_ref idref="fl-7"/>
      </object_component>
      <object_component id="oc-d1">
         <name>.debug_info</name>
         <load_address>0x65b7</load_address>
         <run_address>0x65b7</run_address>
         <size>0x6b5</size>
         <input_file_ref idref="fl-7"/>
      </object_component>
      <object_component id="oc-1f3">
         <name>.debug_info</name>
         <load_address>0x6c6c</load_address>
         <run_address>0x6c6c</run_address>
         <size>0x69a</size>
         <input_file_ref idref="fl-8"/>
      </object_component>
      <object_component id="oc-12d">
         <name>.debug_info</name>
         <load_address>0x7306</load_address>
         <run_address>0x7306</run_address>
         <size>0xaef</size>
         <input_file_ref idref="fl-8"/>
      </object_component>
      <object_component id="oc-118">
         <name>.debug_info</name>
         <load_address>0x7df5</load_address>
         <run_address>0x7df5</run_address>
         <size>0x96a</size>
         <input_file_ref idref="fl-a"/>
      </object_component>
      <object_component id="oc-3aa">
         <name>.debug_info</name>
         <load_address>0x875f</load_address>
         <run_address>0x875f</run_address>
         <size>0x5d5</size>
         <input_file_ref idref="fl-b"/>
      </object_component>
      <object_component id="oc-2ae">
         <name>.debug_info</name>
         <load_address>0x8d34</load_address>
         <run_address>0x8d34</run_address>
         <size>0xcc</size>
         <input_file_ref idref="fl-b"/>
      </object_component>
      <object_component id="oc-1c7">
         <name>.debug_info</name>
         <load_address>0x8e00</load_address>
         <run_address>0x8e00</run_address>
         <size>0x2c</size>
         <input_file_ref idref="fl-b"/>
      </object_component>
      <object_component id="oc-139">
         <name>.debug_info</name>
         <load_address>0x8e2c</load_address>
         <run_address>0x8e2c</run_address>
         <size>0xc1a</size>
         <input_file_ref idref="fl-c"/>
      </object_component>
      <object_component id="oc-12a">
         <name>.debug_info</name>
         <load_address>0x9a46</load_address>
         <run_address>0x9a46</run_address>
         <size>0x185</size>
         <input_file_ref idref="fl-c"/>
      </object_component>
      <object_component id="oc-af">
         <name>.debug_info</name>
         <load_address>0x9bcb</load_address>
         <run_address>0x9bcb</run_address>
         <size>0x808</size>
         <input_file_ref idref="fl-c"/>
      </object_component>
      <object_component id="oc-e9">
         <name>.debug_info</name>
         <load_address>0xa3d3</load_address>
         <run_address>0xa3d3</run_address>
         <size>0x8b</size>
         <input_file_ref idref="fl-c"/>
      </object_component>
      <object_component id="oc-108">
         <name>.debug_info</name>
         <load_address>0xa45e</load_address>
         <run_address>0xa45e</run_address>
         <size>0x2c</size>
         <input_file_ref idref="fl-c"/>
      </object_component>
      <object_component id="oc-206">
         <name>.debug_info</name>
         <load_address>0xa48a</load_address>
         <run_address>0xa48a</run_address>
         <size>0x35</size>
         <input_file_ref idref="fl-c"/>
      </object_component>
      <object_component id="oc-ce">
         <name>.debug_info</name>
         <load_address>0xa4bf</load_address>
         <run_address>0xa4bf</run_address>
         <size>0x540</size>
         <input_file_ref idref="fl-10"/>
      </object_component>
      <object_component id="oc-c6">
         <name>.debug_info</name>
         <load_address>0xa9ff</load_address>
         <run_address>0xa9ff</run_address>
         <size>0x131</size>
         <input_file_ref idref="fl-10"/>
      </object_component>
      <object_component id="oc-72">
         <name>.debug_info</name>
         <load_address>0xab30</load_address>
         <run_address>0xab30</run_address>
         <size>0x397</size>
         <input_file_ref idref="fl-10"/>
      </object_component>
      <object_component id="oc-20d">
         <name>.debug_info</name>
         <load_address>0xaec7</load_address>
         <run_address>0xaec7</run_address>
         <size>0x48</size>
         <input_file_ref idref="fl-11"/>
      </object_component>
      <object_component id="oc-1ce">
         <name>.debug_info</name>
         <load_address>0xaf0f</load_address>
         <run_address>0xaf0f</run_address>
         <size>0x78b</size>
         <input_file_ref idref="fl-12"/>
      </object_component>
      <object_component id="oc-11f">
         <name>.debug_info</name>
         <load_address>0xb69a</load_address>
         <run_address>0xb69a</run_address>
         <size>0x1977</size>
         <input_file_ref idref="fl-12"/>
      </object_component>
      <object_component id="oc-1ea">
         <name>.debug_info</name>
         <load_address>0xd011</load_address>
         <run_address>0xd011</run_address>
         <size>0x2c</size>
         <input_file_ref idref="fl-12"/>
      </object_component>
      <object_component id="oc-13f">
         <name>.debug_info</name>
         <load_address>0xd03d</load_address>
         <run_address>0xd03d</run_address>
         <size>0xbb9</size>
         <input_file_ref idref="fl-15"/>
      </object_component>
      <object_component id="oc-212">
         <name>.debug_info</name>
         <load_address>0xdbf6</load_address>
         <run_address>0xdbf6</run_address>
         <size>0xa4</size>
         <input_file_ref idref="fl-15"/>
      </object_component>
      <object_component id="oc-e0">
         <name>.debug_info</name>
         <load_address>0xdc9a</load_address>
         <run_address>0xdc9a</run_address>
         <size>0x6d8</size>
         <input_file_ref idref="fl-16"/>
      </object_component>
      <object_component id="oc-dd">
         <name>.debug_info</name>
         <load_address>0xe372</load_address>
         <run_address>0xe372</run_address>
         <size>0xe2</size>
         <input_file_ref idref="fl-16"/>
      </object_component>
      <object_component id="oc-7d">
         <name>.debug_info</name>
         <load_address>0xe454</load_address>
         <run_address>0xe454</run_address>
         <size>0x1179</size>
         <input_file_ref idref="fl-16"/>
      </object_component>
      <object_component id="oc-84">
         <name>.debug_info</name>
         <load_address>0xf5cd</load_address>
         <run_address>0xf5cd</run_address>
         <size>0x2c3</size>
         <input_file_ref idref="fl-17"/>
      </object_component>
      <object_component id="oc-27">
         <name>.debug_info</name>
         <load_address>0xf890</load_address>
         <run_address>0xf890</run_address>
         <size>0xef</size>
         <input_file_ref idref="fl-17"/>
      </object_component>
      <object_component id="oc-6b">
         <name>.debug_info</name>
         <load_address>0xf97f</load_address>
         <run_address>0xf97f</run_address>
         <size>0x1b6</size>
         <input_file_ref idref="fl-17"/>
      </object_component>
      <object_component id="oc-18b">
         <name>.debug_info</name>
         <load_address>0xfb35</load_address>
         <run_address>0xfb35</run_address>
         <size>0xe8</size>
         <input_file_ref idref="fl-18"/>
      </object_component>
      <object_component id="oc-bf">
         <name>.debug_info</name>
         <load_address>0xfc1d</load_address>
         <run_address>0xfc1d</run_address>
         <size>0x25a</size>
         <input_file_ref idref="fl-18"/>
      </object_component>
      <object_component id="oc-1c6">
         <name>.debug_info</name>
         <load_address>0xfe77</load_address>
         <run_address>0xfe77</run_address>
         <size>0x3e5</size>
         <input_file_ref idref="fl-d2"/>
      </object_component>
      <object_component id="oc-1c3">
         <name>.debug_info</name>
         <load_address>0x1025c</load_address>
         <run_address>0x1025c</run_address>
         <size>0x157</size>
         <input_file_ref idref="fl-d2"/>
      </object_component>
      <object_component id="oc-1bc">
         <name>.debug_info</name>
         <load_address>0x103b3</load_address>
         <run_address>0x103b3</run_address>
         <size>0x166</size>
         <input_file_ref idref="fl-d2"/>
      </object_component>
      <object_component id="oc-114">
         <name>.debug_info</name>
         <load_address>0x10519</load_address>
         <run_address>0x10519</run_address>
         <size>0x1ac</size>
         <input_file_ref idref="fl-d2"/>
      </object_component>
      <object_component id="oc-2a7">
         <name>.debug_info</name>
         <load_address>0x106c5</load_address>
         <run_address>0x106c5</run_address>
         <size>0xb2</size>
         <input_file_ref idref="fl-d2"/>
      </object_component>
      <object_component id="oc-27e">
         <name>.debug_info</name>
         <load_address>0x10777</load_address>
         <run_address>0x10777</run_address>
         <size>0x590</size>
         <input_file_ref idref="fl-d3"/>
      </object_component>
      <object_component id="oc-249">
         <name>.debug_info</name>
         <load_address>0x10d07</load_address>
         <run_address>0x10d07</run_address>
         <size>0x21e</size>
         <input_file_ref idref="fl-d3"/>
      </object_component>
      <object_component id="oc-33d">
         <name>.debug_info</name>
         <load_address>0x10f25</load_address>
         <run_address>0x10f25</run_address>
         <size>0x1b3</size>
         <input_file_ref idref="fl-d3"/>
      </object_component>
      <object_component id="oc-343">
         <name>.debug_info</name>
         <load_address>0x110d8</load_address>
         <run_address>0x110d8</run_address>
         <size>0x21b</size>
         <input_file_ref idref="fl-d3"/>
      </object_component>
      <object_component id="oc-254">
         <name>.debug_info</name>
         <load_address>0x112f3</load_address>
         <run_address>0x112f3</run_address>
         <size>0x3c0</size>
         <input_file_ref idref="fl-d3"/>
      </object_component>
      <object_component id="oc-34a">
         <name>.debug_info</name>
         <load_address>0x116b3</load_address>
         <run_address>0x116b3</run_address>
         <size>0x30a</size>
         <input_file_ref idref="fl-d3"/>
      </object_component>
      <object_component id="oc-350">
         <name>.debug_info</name>
         <load_address>0x119bd</load_address>
         <run_address>0x119bd</run_address>
         <size>0x215</size>
         <input_file_ref idref="fl-d3"/>
      </object_component>
      <object_component id="oc-25a">
         <name>.debug_info</name>
         <load_address>0x11bd2</load_address>
         <run_address>0x11bd2</run_address>
         <size>0x215</size>
         <input_file_ref idref="fl-d3"/>
      </object_component>
      <object_component id="oc-260">
         <name>.debug_info</name>
         <load_address>0x11de7</load_address>
         <run_address>0x11de7</run_address>
         <size>0x304</size>
         <input_file_ref idref="fl-d3"/>
      </object_component>
      <object_component id="oc-266">
         <name>.debug_info</name>
         <load_address>0x120eb</load_address>
         <run_address>0x120eb</run_address>
         <size>0x4b5</size>
         <input_file_ref idref="fl-d3"/>
      </object_component>
      <object_component id="oc-1ae">
         <name>.debug_info</name>
         <load_address>0x125a0</load_address>
         <run_address>0x125a0</run_address>
         <size>0x5f4</size>
         <input_file_ref idref="fl-d3"/>
      </object_component>
      <object_component id="oc-27f">
         <name>.debug_info</name>
         <load_address>0x12b94</load_address>
         <run_address>0x12b94</run_address>
         <size>0x86</size>
         <input_file_ref idref="fl-d3"/>
      </object_component>
      <object_component id="oc-37f">
         <name>.debug_info</name>
         <load_address>0x12c1a</load_address>
         <run_address>0x12c1a</run_address>
         <size>0x39</size>
         <input_file_ref idref="fl-d3"/>
      </object_component>
      <object_component id="oc-45f">
         <name>.debug_info</name>
         <load_address>0x12c53</load_address>
         <run_address>0x12c53</run_address>
         <size>0xb6</size>
         <input_file_ref idref="fl-d3"/>
      </object_component>
      <object_component id="oc-384">
         <name>.debug_info</name>
         <load_address>0x12d09</load_address>
         <run_address>0x12d09</run_address>
         <size>0x46</size>
         <input_file_ref idref="fl-d3"/>
      </object_component>
      <object_component id="oc-284">
         <name>.debug_info</name>
         <load_address>0x12d4f</load_address>
         <run_address>0x12d4f</run_address>
         <size>0x46</size>
         <input_file_ref idref="fl-d3"/>
      </object_component>
      <object_component id="oc-37a">
         <name>.debug_info</name>
         <load_address>0x12d95</load_address>
         <run_address>0x12d95</run_address>
         <size>0x2c</size>
         <input_file_ref idref="fl-d3"/>
      </object_component>
      <object_component id="oc-2d0">
         <name>.debug_info</name>
         <load_address>0x12dc1</load_address>
         <run_address>0x12dc1</run_address>
         <size>0x3f5</size>
         <input_file_ref idref="fl-d4"/>
      </object_component>
      <object_component id="oc-2c6">
         <name>.debug_info</name>
         <load_address>0x131b6</load_address>
         <run_address>0x131b6</run_address>
         <size>0x20e</size>
         <input_file_ref idref="fl-d4"/>
      </object_component>
      <object_component id="oc-2e5">
         <name>.debug_info</name>
         <load_address>0x133c4</load_address>
         <run_address>0x133c4</run_address>
         <size>0x176</size>
         <input_file_ref idref="fl-d4"/>
      </object_component>
      <object_component id="oc-1de">
         <name>.debug_info</name>
         <load_address>0x1353a</load_address>
         <run_address>0x1353a</run_address>
         <size>0x1e4</size>
         <input_file_ref idref="fl-d4"/>
      </object_component>
[...]
      </symbol>
      <symbol id="sm-707">
         <name>__aeabi_memcpy8</name>
         <value>0x41a9</value>
         <object_component_ref idref="oc-3a"/>
      </symbol>
      <symbol id="sm-708">
         <name>__aeabi_memcpy4</name>
         <value>0x41a9</value>
         <object_component_ref idref="oc-3a"/>
      </symbol>
      <symbol id="sm-717">
         <name>__aeabi_memset</name>
         <value>0x450f</value>
         <object_component_ref idref="oc-a0"/>
      </symbol>
      <symbol id="sm-718">
         <name>memset</name>
         <value>0x4515</value>
         <object_component_ref idref="oc-a0"/>
      </symbol>
      <symbol id="sm-719">
         <name>__aeabi_memset8</name>
         <value>0x450f</value>
         <object_component_ref idref="oc-a0"/>
      </symbol>
      <symbol id="sm-71a">
         <name>__aeabi_memset4</name>
         <value>0x450f</value>
         <object_component_ref idref="oc-a0"/>
      </symbol>
      <symbol id="sm-71b">
         <name>__aeabi_memclr8</name>
         <value>0x450d</value>
         <object_component_ref idref="oc-a0"/>
      </symbol>
      <symbol id="sm-71c">
         <name>__aeabi_memclr4</name>
         <value>0x450d</value>
         <object_component_ref idref="oc-a0"/>
      </symbol>
      <symbol id="sm-71d">
         <name>__aeabi_memclr</name>
         <value>0x450d</value>
         <object_component_ref idref="oc-a0"/>
      </symbol>
      <symbol id="sm-72a">
         <name>__aeabi_uldivmod</name>
         <value>0x42dd</value>
         <object_component_ref idref="oc-311"/>
      </symbol>
      <symbol id="sm-73c">
         <name>__TI_zero_init</name>
         <value>0x524b</value>
         <object_component_ref idref="oc-4c"/>
      </symbol>
      <symbol id="sm-753">
         <name>__TI_decompress_none</name>
         <value>0x522f</value>
         <object_component_ref idref="oc-1d"/>
      </symbol>
      <symbol id="sm-776">
         <name>__TI_decompress_lzss</name>
         <value>0x47b1</value>
         <object_component_ref idref="oc-17"/>
      </symbol>
      <symbol id="sm-79c">
         <name>C$$EXIT</name>
         <value>0x5275</value>
         <object_component_ref idref="oc-14c"/>
      </symbol>
      <symbol id="sm-79d">
         <name>abort</name>
         <value>0x5275</value>
         <object_component_ref idref="oc-14c"/>
      </symbol>
      <symbol id="sm-79e">
         <name>__TI_dtors_ptr</name>
         <value>0x20003884</value>
         <object_component_ref idref="oc-218"/>
      </symbol>
      <symbol id="sm-79f">
         <name>__TI_cleanup_ptr</name>
         <value>0x20003880</value>
         <object_component_ref idref="oc-218"/>
      </symbol>
      <symbol id="sm-7a0">
         <name>__TI_enable_exit_profile_output</name>
         <value>0x20003888</value>
         <object_component_ref idref="oc-218"/>
      </symbol>
      <symbol id="sm-7a1">
         <name>exit</name>
         <value>0x4d0d</value>
         <object_component_ref idref="oc-152"/>
      </symbol>
      <symbol id="sm-7b6">
         <name>_nop</name>
         <value>0xb33</value>
         <object_component_ref idref="oc-289"/>
      </symbol>
      <symbol id="sm-7b7">
         <name>_lock</name>
         <value>0x20003898</value>
         <object_component_ref idref="oc-1b3"/>
      </symbol>
      <symbol id="sm-7b8">
         <name>_unlock</name>
         <value>0x2000389c</value>
         <object_component_ref idref="oc-1b3"/>
      </symbol>
      <symbol id="sm-7c7">
         <name>__TI_ltoa</name>
         <value>0x4bcf</value>
         <object_component_ref idref="oc-32c"/>
      </symbol>
      <symbol id="sm-7dd">
         <name>atoi</name>
         <value>0x4cc1</value>
         <object_component_ref idref="oc-242"/>
      </symbol>
      <symbol id="sm-7e8">
         <name>_ctypes_</name>
         <value>0x5278</value>
         <object_component_ref idref="oc-30c"/>
      </symbol>
      <symbol id="sm-7fd">
         <name>__TI_tmpnams</name>
         <value>0x20003120</value>
      </symbol>
      <symbol id="sm-7fe">
         <name>__aeabi_stdout</name>
         <value>0x20003878</value>
         <object_component_ref idref="oc-2cc"/>
      </symbol>
      <symbol id="sm-7ff">
         <name>__aeabi_stderr</name>
         <value>0x2000387c</value>
         <object_component_ref idref="oc-2cc"/>
      </symbol>
      <symbol id="sm-800">
         <name>__aeabi_stdin</name>
         <value>0x20003874</value>
         <object_component_ref idref="oc-2cc"/>
      </symbol>
      <symbol id="sm-801">
         <name>_ftable</name>
         <value>0x20003680</value>
         <object_component_ref idref="oc-1b6"/>
      </symbol>
      <symbol id="sm-802">
         <name>__TI_ft_end</name>
         <value>0x20003870</value>
         <object_component_ref idref="oc-2cc"/>
      </symbol>
      <symbol id="sm-812">
         <name>memccpy</name>
         <value>0x5191</value>
         <object_component_ref idref="oc-26b"/>
      </symbol>
      <symbol id="sm-822">
         <name>memchr</name>
         <value>0x5155</value>
         <object_component_ref idref="oc-394"/>
      </symbol>
      <symbol id="sm-8a6">
         <name>_sys_memory</name>
         <value>0x20003280</value>
         <object_component_ref idref="oc-29"/>
      </symbol>
      <symbol id="sm-8a7">
         <name>free</name>
         <value>0x3d25</value>
         <object_component_ref idref="oc-2d8"/>
      </symbol>
      <symbol id="sm-8a8">
         <name>memalign</name>
         <value>0x3b29</value>
         <object_component_ref idref="oc-411"/>
      </symbol>
      <symbol id="sm-8a9">
         <name>malloc</name>
         <value>0x5261</value>
         <object_component_ref idref="oc-2de"/>
      </symbol>
      <symbol id="sm-8aa">
         <name>aligned_alloc</name>
         <value>0x3b29</value>
         <object_component_ref idref="oc-411"/>
      </symbol>
      <symbol id="sm-8ba">
         <name>strchr</name>
         <value>0x51df</value>
         <object_component_ref idref="oc-363"/>
      </symbol>
      <symbol id="sm-8c8">
         <name>strlen</name>
         <value>0x5209</value>
         <object_component_ref idref="oc-23c"/>
      </symbol>
      <symbol id="sm-8db">
         <name>__stack</name>
         <value>0x2000fe00</value>
         <object_component_ref idref="oc-2c"/>
      </symbol>
      <symbol id="sm-8dc">
         <name>_c_int00_noargs</name>
         <value>0x4fc5</value>
         <object_component_ref idref="oc-58"/>
      </symbol>
      <symbol id="sm-8f1">
         <name>write</name>
         <value>0x5109</value>
         <object_component_ref idref="oc-3a0"/>
      </symbol>
      <symbol id="sm-902">
         <name>_stream</name>
         <value>0x200037e8</value>
         <object_component_ref idref="oc-46f"/>
      </symbol>
      <symbol id="sm-903">
         <name>_device</name>
         <value>0x20003770</value>
         <object_component_ref idref="oc-2c0"/>
      </symbol>
      <symbol id="sm-920">
         <name>open</name>
         <value>0x3ee5</value>
         <object_component_ref idref="oc-3ea"/>
      </symbol>
      <symbol id="sm-940">
         <name>add_device</name>
         <value>0x3fa1</value>
         <object_component_ref idref="oc-1d1"/>
      </symbol>
      <symbol id="sm-956">
         <name>__aeabi_errno_addr</name>
         <value>0x5259</value>
         <object_component_ref idref="oc-277"/>
      </symbol>
      <symbol id="sm-957">
         <name>errno</name>
         <value>0x200038ac</value>
         <object_component_ref idref="oc-373"/>
      </symbol>
      <symbol id="sm-970">
         <name>wcslen</name>
         <value>0x521d</value>
         <object_component_ref idref="oc-271"/>
      </symbol>
      <symbol id="sm-990">
         <name>frexpl</name>
         <value>0x4881</value>
         <object_component_ref idref="oc-357"/>
      </symbol>
      <symbol id="sm-991">
         <name>frexp</name>
         <value>0x4881</value>
         <object_component_ref idref="oc-357"/>
      </symbol>
      <symbol id="sm-9ae">
         <name>scalbn</name>
         <value>0x3a19</value>
         <object_component_ref idref="oc-35d"/>
      </symbol>
      <symbol id="sm-9af">
         <name>scalbnl</name>
         <value>0x3a19</value>
         <object_component_ref idref="oc-35d"/>
      </symbol>
      <symbol id="sm-9b0">
         <name>ldexpl</name>
         <value>0x3a19</value>
         <object_component_ref idref="oc-35d"/>
      </symbol>
      <symbol id="sm-9b1">
         <name>ldexp</name>
         <value>0x3a19</value>
         <object_component_ref idref="oc-35d"/>
      </symbol>
      <symbol id="sm-9c6">
         <name>__TI_closefile</name>
         <value>0x4589</value>
         <object_component_ref idref="oc-2d1"/>
      </symbol>
      <symbol id="sm-9d6">
         <name>__TI_doflush</name>
         <value>0x4c75</value>
         <object_component_ref idref="oc-39a"/>
      </symbol>
      <symbol id="sm-9e8">
         <name>fseek</name>
         <value>0x48e5</value>
         <object_component_ref idref="oc-464"/>
      </symbol>
      <symbol id="sm-a06">
         <name>finddevice</name>
         <value>0x502d</value>
         <object_component_ref idref="oc-2b3"/>
      </symbol>
      <symbol id="sm-a07">
         <name>getdevice</name>
         <value>0x4e69</value>
         <object_component_ref idref="oc-4a9"/>
      </symbol>
      <symbol id="sm-a11">
         <name>__aeabi_idiv0</name>
         <value>0x345b</value>
         <object_component_ref idref="oc-42f"/>
      </symbol>
      <symbol id="sm-a12">
         <name>__aeabi_ldiv0</name>
         <value>0x345b</value>
         <object_component_ref idref="oc-42f"/>
      </symbol>
      <symbol id="sm-a3a">
         <name>__TI_auto_init_nobinit_nopinit</name>
         <value>0x4e25</value>
         <object_component_ref idref="oc-158"/>
      </symbol>
      <symbol id="sm-a44">
         <name>_system_pre_init</name>
         <value>0x5271</value>
         <object_component_ref idref="oc-a6"/>
      </symbol>
      <symbol id="sm-a55">
         <name>strcmp</name>
         <value>0x51c7</value>
         <object_component_ref idref="oc-3ac"/>
      </symbol>
      <symbol id="sm-a65">
         <name>strncpy</name>
         <value>0x4f25</value>
         <object_component_ref idref="oc-2b9"/>
      </symbol>
      <symbol id="sm-a76">
         <name>HOSTclose</name>
         <value>0x4d9d</value>
         <object_component_ref idref="oc-3bc"/>
      </symbol>
      <symbol id="sm-a87">
         <name>HOSTlseek</name>
         <value>0x4749</value>
         <object_component_ref idref="oc-3ce"/>
      </symbol>
      <symbol id="sm-a99">
         <name>parmbuf</name>
         <value>0x20003200</value>
      </symbol>
      <symbol id="sm-a9a">
         <name>HOSTopen</name>
         <value>0x4a0d</value>
         <object_component_ref idref="oc-3b6"/>
      </symbol>
      <symbol id="sm-aab">
         <name>HOSTread</name>
         <value>0x4ac9</value>
         <object_component_ref idref="oc-3c2"/>
      </symbol>
      <symbol id="sm-abc">
         <name>HOSTrename</name>
         <value>0x46dd</value>
         <object_component_ref idref="oc-3da"/>
      </symbol>
      <symbol id="sm-acd">
         <name>HOSTunlink</name>
         <value>0x4de1</value>
         <object_component_ref idref="oc-3d4"/>
      </symbol>
      <symbol id="sm-ade">
         <name>HOSTwrite</name>
         <value>0x4b21</value>
         <object_component_ref idref="oc-3c8"/>
      </symbol>
      <symbol id="sm-b02">
         <name>__TI_readmsg</name>
         <value>0x4f91</value>
         <object_component_ref idref="oc-486"/>
      </symbol>
      <symbol id="sm-b03">
         <name>C$$IO$$</name>
         <value>0x4f1b</value>
         <object_component_ref idref="oc-480"/>
      </symbol>
      <symbol id="sm-b04">
         <name>__CIOBUF_</name>
         <value>0x20003000</value>
         <object_component_ref idref="oc-4e9"/>
      </symbol>
      <symbol id="sm-b05">
         <name>__TI_writemsg</name>
         <value>0x4eed</value>
         <object_component_ref idref="oc-480"/>
      </symbol>
      <symbol id="sm-b16">
         <name>lseek</name>
         <value>0x50e1</value>
         <object_component_ref idref="oc-4d7"/>
      </symbol>
      <symbol id="sm-b2a">
         <name>close</name>
         <value>0x4a6d</value>
         <object_component_ref idref="oc-3f5"/>
      </symbol>
      <symbol id="sm-b34">
         <name>copysign</name>
         <value>0x51ad</value>
         <object_component_ref idref="oc-448"/>
      </symbol>
      <symbol id="sm-b35">
         <name>copysignl</name>
         <value>0x51ad</value>
         <object_component_ref idref="oc-448"/>
      </symbol>
      <symbol id="sm-b43">
         <name>strcpy</name>
         <value>0x51f5</value>
         <object_component_ref idref="oc-49a"/>
      </symbol>
      <symbol id="sm-b53">
         <name>unlink</name>
         <value>0x508d</value>
         <object_component_ref idref="oc-3fb"/>
      </symbol>
      <symbol id="sm-b54">
         <name>__TI_static_base__</name>
         <value>0x0</value>
      </symbol>
      <symbol id="sm-b57">
         <name>__mpu_init</name>
         <value>0x0</value>
      </symbol>
      <symbol id="sm-b58">
         <name>_system_post_cinit</name>
         <value>0x0</value>
      </symbol>
      <symbol id="sm-b59">
         <name>NMI_Handler</name>
         <value>0x5249</value>
      </symbol>
      <symbol id="sm-b5a">
         <name>HardFault_Handler</name>
         <value>0x5249</value>
      </symbol>
      <symbol id="sm-b5b">
         <name>MemManage_Handler</name>
         <value>0x5249</value>
      </symbol>
      <symbol id="sm-b5c">
         <name>BusFault_Handler</name>
         <value>0x5249</value>
      </symbol>
      <symbol id="sm-b5d">
         <name>UsageFault_Handler</name>
         <value>0x5249</value>
      </symbol>
      <symbol id="sm-b5e">
         <name>SVC_Handler</name>
         <value>0x5249</value>
      </symbol>
      <symbol id="sm-b5f">
         <name>DebugMon_Handler</name>
         <value>0x5249</value>
      </symbol>
      <symbol id="sm-b60">
         <name>PendSV_Handler</name>
         <value>0x5249</value>
      </symbol>
      <symbol id="sm-b61">
         <name>SysTick_Handler</name>
         <value>0x5249</value>
      </symbol>
      <symbol id="sm-b62">
         <name>PSS_IRQHandler</name>
         <value>0x5249</value>
      </symbol>
      <symbol id="sm-b63">
         <name>CS_IRQHandler</name>
         <value>0x5249</value>
      </symbol>
      <symbol id="sm-b64">
         <name>PCM_IRQHandler</name>
         <value>0x5249</value>
      </symbol>
      <symbol id="sm-b65">
         <name>WDT_A_IRQHandler</name>
         <value>0x5249</value>
      </symbol>
      <symbol id="sm-b66">
         <name>FPU_IRQHandler</name>
         <value>0x5249</value>
      </symbol>
      <symbol id="sm-b67">
         <name>FLCTL_IRQHandler</name>
         <value>0x5249</value>
      </symbol>
      <symbol id="sm-b68">
         <name>COMP_E0_IRQHandler</name>
         <value>0x5249</value>
      </symbol>
      <symbol id="sm-b69">
         <name>COMP_E1_IRQHandler</name>
         <value>0x5249</value>
      </symbol>
      <symbol id="sm-b6a">
         <name>TA0_0_IRQHandler</name>
         <value>0x5249</value>
      </symbol>
      <symbol id="sm-b6b">
         <name>TA0_N_IRQHandler</name>
         <value>0x5249</value>
      </symbol>
      <symbol id="sm-b6c">
         <name>TA1_0_IRQHandler</name>
         <value>0x5249</value>
      </symbol>
      <symbol id="sm-b6d">
         <name>TA1_N_IRQHandler</name>
         <value>0x5249</value>
      </symbol>
      <symbol id="sm-b6e">
         <name>TA2_0_IRQHandler</name>
         <value>0x5249</value>
      </symbol>
      <symbol id="sm-b6f">
         <name>TA2_N_IRQHandler</name>
         <value>0x5249</value>
      </symbol>
      <symbol id="sm-b70">
         <name>TA3_0_IRQHandler</name>
         <value>0x2f8d</value>
      </symbol>
      <symbol id="sm-b71">
         <name>TA3_N_IRQHandler</name>
         <value>0x2fa7</value>
      </symbol>
      <symbol id="sm-b72">
         <name>EUSCIA0_IRQHandler</name>
         <value>0x5249</value>
      </symbol>
      <symbol id="sm-b73">
         <name>EUSCIA1_IRQHandler</name>
         <value>0x5249</value>
      </symbol>
      <symbol id="sm-b74">
         <name>EUSCIA2_IRQHandler</name>
         <value>0x5249</value>
      </symbol>
      <symbol id="sm-b75">
         <name>EUSCIA3_IRQHandler</name>
         <value>0x5249</value>
      </symbol>
      <symbol id="sm-b76">
         <name>EUSCIB0_IRQHandler</name>
         <value>0x5249</value>
      </symbol>
      <symbol id="sm-b77">
         <name>EUSCIB1_IRQHandler</name>
         <value>0x5249</value>
      </symbol>
      <symbol id="sm-b78">
         <name>EUSCIB2_IRQHandler</name>
         <value>0x5249</value>
      </symbol>
      <symbol id="sm-b79">
         <name>EUSCIB3_IRQHandler</name>
         <value>0x5249</value>
      </symbol>
      <symbol id="sm-b7a">
         <name>ADC14_IRQHandler</name>
         <value>0x5249</value>
      </symbol>
      <symbol id="sm-b7b">
         <name>T32_INT1_IRQHandler</name>
         <value>0x5249</value>
      </symbol>
      <symbol id="sm-b7c">
         <name>T32_INT2_IRQHandler</name>
         <value>0x5249</value>
      </symbol>
      <symbol id="sm-b7d">
         <name>T32_INTC_IRQHandler</name>
         <value>0x5249</value>
      </symbol>
      <symbol id="sm-b7e">
         <name>AES256_IRQHandler</name>
         <value>0x5249</value>
      </symbol>
      <symbol id="sm-b7f">
         <name>RTC_C_IRQHandler</name>
         <value>0x5249</value>
      </symbol>
      <symbol id="sm-b80">
         <name>DMA_ERR_IRQHandler</name>
         <value>0x5249</value>
      </symbol>
      <symbol id="sm-b81">
         <name>DMA_INT3_IRQHandler</name>
         <value>0x5249</value>
      </symbol>
      <symbol id="sm-b82">
         <name>DMA_INT2_IRQHandler</name>
         <value>0x5249</value>
      </symbol>
      <symbol id="sm-b83">
         <name>DMA_INT1_IRQHandler</name>
         <value>0x5249</value>
      </symbol>
      <symbol id="sm-b84">
         <name>DMA_INT0_IRQHandler</name>
         <value>0x5249</value>
      </symbol>
      <symbol id="sm-b85">
         <name>PORT1_IRQHandler</name>
         <value>0x5249</value>
      </symbol>
      <symbol id="sm-b86">
         <name>PORT2_IRQHandler</name>
         <value>0x5249</value>
      </symbol>
      <symbol id="sm-b87">
         <name>PORT3_IRQHandler</name>
         <value>0x5249</value>
      </symbol>
      <symbol id="sm-b88">
         <name>PORT4_IRQHandler</name>
         <value>0x49ad</value>
      </symbol>
      <symbol id="sm-b89">
         <name>PORT5_IRQHandler</name>
         <value>0x5249</value>
      </symbol>
      <symbol id="sm-b8a">
         <name>PORT6_IRQHandler</name>
         <value>0x1c6d</value>
      </symbol>
      <symbol id="sm-b8b">
         <name>remove</name>
         <value>0x508d</value>
      </symbol>
   </symbol_table>
   <title>Link successful</title>
</link_info>
