******************************************************************************
                  TI ARM Linker PC v20.2.7                     
******************************************************************************
>> Linked Tue Apr 25 06:30:17 2023

OUTPUT FILE NAME:   <Lab21_OPT3101.out>
ENTRY POINT SYMBOL: "_c_int00_noargs"  address: 00005119


MEMORY CONFIGURATION

         name            origin    length      used     unused   attr    fill
----------------------  --------  ---------  --------  --------  ----  --------
  MAIN                  00000000   00040000  00005575  0003aa8b  R  X
  INFO                  00200000   00004000  00000000  00004000  R  X
  SRAM_CODE             01000000   00010000  00003ab2  0000c54e  RW X
  SRAM_DATA             20000000   00010000  00003ab2  0000c54e  RW  


SEGMENT ALLOCATION MAP

run origin  load origin   length   init length attrs members
----------  ----------- ---------- ----------- ----- -------
00000000    00000000    00005578   00005578    r-x
  00000000    00000000    000000e4   000000e4    r-- .intvecs
  000000e4    000000e4    000052e8   000052e8    r-x .text
  000053cc    000053cc    00000101   00000101    r-- .const
  000054d0    000054d0    000000a8   000000a8    r-- .cinit
20000000    20000000    000038b4   00000000    rw-
  20000000    20000000    00003276   00000000    rw- .bss
  20003278    20003278    00000400   00000000    rw- .sysmem
  20003678    20003678    0000023c   00000000    rw- .data
2000fe00    2000fe00    00000200   00000000    rw-
  2000fe00    2000fe00    00000200   00000000    rw- .stack


SECTION ALLOCATION MAP

 output                                  attributes/
section   page    origin      length       input sections
--------  ----  ----------  ----------   ----------------
.intvecs   0    00000000    000000e4     
                  00000000    000000e4     startup_msp432p401r_ccs.obj (.intvecs:retain)

.text      0    000000e4    000052e8     
                  000000e4    00000a4e     rtsv7M4_T_le_v4SPD16_eabi.lib : _printfi.c.obj (.text:__TI_printfi)
                  00000b32    00000002                                   : _lock.c.obj (.text:_nop)
                  00000b34    000006e0     UART0.obj (.text)
                  00001214    000005d0     LPF.obj (.text)
                  000017e4    0000051c     opt3101.obj (.text)
                  00001d00    000004c8     OPT3101_Simple.obj (.text)
                  000021c8    000003a4     I2CB1.obj (.text)
                  0000256c    00000334     system_msp432p401r.obj (.text)
                  000028a0    00000270     rtsv7M4_T_le_v4SPD16_eabi.lib : _printfi.c.obj (.text:_pconv_a)
                  00002b10    0000026c     Motor.obj (.text)
                  00002d7c    000001e0     Clock.obj (.text)
                  00002f5c    000001d4     TA3InputCapture.obj (.text)
                  00003130    000001d0     rtsv7M4_T_le_v4SPD16_eabi.lib : _printfi.c.obj (.text:_pconv_g)
                  00003300    000001b6                                   : fd_add_t2.asm.obj (.text)
                  000034b6    00000002                                   : div0.asm.obj (.text)
                  000034b8    0000013c                                   : _printfi.c.obj (.text:_pconv_e)
                  000035f4    00000136                                   : fd_div_t2.asm.obj (.text)
                  0000372a    00000002     --HOLE-- [fill = 0]
                  0000372c    00000124                                   : _printfi.c.obj (.text:fcvt)
                  00003850    00000114                                   : fputs.c.obj (.text:fputs)
                  00003964    00000110                                   : fopen.c.obj (.text:_openfile)
                  00003a74    00000110                                   : s_scalbn.c.obj (.text:scalbn)
                  00003b84    00000100                                   : memory.c.obj (.text:aligned_alloc)
                  00003c84    000000fc                                   : fd_mul_t2.asm.obj (.text)
                  00003d80    000000f8     LaunchPad.obj (.text)
                  00003e78    000000e4     rtsv7M4_T_le_v4SPD16_eabi.lib : memory.c.obj (.text:free)
                  00003f5c    000000dc                                   : setvbuf.c.obj (.text:setvbuf)
                  00004038    000000bc                                   : open.c.obj (.text:open)
                  000040f4    000000b8                                   : add_device.c.obj (.text:add_device)
                  000041ac    000000b1                                   : _printfi.c.obj (.text:_ltostr)
                  0000425d    00000003     --HOLE-- [fill = 0]
                  00004260    0000009c                                   : fopen.c.obj (.text:fopen)
                  000042fc    0000009c                                   : memcpy_t2.asm.obj (.text)
                  00004398    00000098     BumpInt.obj (.text)
                  00004430    00000096     rtsv7M4_T_le_v4SPD16_eabi.lib : ull_div_t2.asm.obj (.text)
                  000044c6    00000002     --HOLE-- [fill = 0]
                  000044c8    0000008c                                   : fputc.c.obj (.text:fputc)
                  00004554    00000086                                   : fd_cmp_t2.asm.obj (.text:__aeabi_cdcmple)
                  000045da    00000086                                   : fd_cmp_t2.asm.obj (.text:__aeabi_cdrcmple)
                  00004660    0000007a                                   : memset_t2.asm.obj (.text)
                  000046da    00000002     --HOLE-- [fill = 0]
                  000046dc    00000074                                   : fclose.c.obj (.text:__TI_closefile)
                  00004750    00000070                                   : memory.c.obj (.text:split)
                  000047c0    0000006e                                   : _printfi.c.obj (.text:_mcpy)
                  0000482e    00000002     --HOLE-- [fill = 0]
                  00004830    0000006c                                   : hostrename.c.obj (.text:HOSTrename)
                  0000489c    00000068                                   : hostlseek.c.obj (.text:HOSTlseek)
                  00004904    00000068                                   : copy_decompress_lzss.c.obj (.text:decompress:lzss:__TI_decompress_lzss)
                  0000496c    00000068                                   : printf.c.obj (.text:printf)
                  000049d4    00000064                                   : s_frexp.c.obj (.text:frexp)
                  00004a38    00000064                                   : fseek.c.obj (.text:fseek)
                  00004a9c    00000062                                   : _io_perm.c.obj (.text:__TI_wrt_ok)
                  00004afe    00000002     --HOLE-- [fill = 0]
                  00004b00    00000060     Bump.obj (.text)
                  00004b60    00000060     rtsv7M4_T_le_v4SPD16_eabi.lib : hostopen.c.obj (.text:HOSTopen)
                  00004bc0    0000005c                                   : close.c.obj (.text:close)
                  00004c1c    00000058                                   : hostread.c.obj (.text:HOSTread)
                  00004c74    00000058                                   : hostwrite.c.obj (.text:HOSTwrite)
                  00004ccc    00000056                                   : _printfi.c.obj (.text:_pconv_f)
                  00004d22    00000054                                   : _ltoa.c.obj (.text:__TI_ltoa)
                  00004d76    00000052                                   : _printfi.c.obj (.text:_ecpy)
                  00004dc8    0000004c                                   : fflush.c.obj (.text:__TI_doflush)
                  00004e14    0000004c                                   : atoi.c.obj (.text:atoi)
                  00004e60    00000048                                   : exit.c.obj (.text:exit)
                  00004ea8    00000048                                   : fd_toi_t2.asm.obj (.text)
                  00004ef0    00000044                                   : hostclose.c.obj (.text:HOSTclose)
                  00004f34    00000044                                   : hostunlink.c.obj (.text:HOSTunlink)
                  00004f78    00000044                                   : autoinit.c.obj (.text:__TI_auto_init_nobinit_nopinit:__TI_auto_init_nobinit_nopinit)
                  00004fbc    00000044                                   : getdevice.c.obj (.text:getdevice)
                  00005000    0000003e                                   : _printfi.c.obj (.text:_fcpy)
                  0000503e    00000002     --HOLE-- [fill = 0]
                  00005040    00000038                                   : trgmsg.c.obj (.text:__TI_writemsg)
                  00005078    00000036                                   : strncpy.c.obj (.text:strncpy)
                  000050ae    00000002     --HOLE-- [fill = 0]
                  000050b0    00000034                                   : fopen.c.obj (.text:__TI_cleanup)
                  000050e4    00000034                                   : trgmsg.c.obj (.text:__TI_readmsg)
                  00005118    00000034                                   : boot_cortex_m.c.obj (.text:_c_int00_noargs:_c_int00_noargs)
                  0000514c    00000034                                   : fopen.c.obj (.text:freopen)
                  00005180    00000030                                   : getdevice.c.obj (.text:finddevice)
                  000051b0    0000002e                                   : i_tofd_t2.asm.obj (.text)
                  000051de    00000002     --HOLE-- [fill = 0]
                  000051e0    0000002c                                   : unlink.c.obj (.text:unlink)
                  0000520c    00000028                                   : memory.c.obj (.text:free_list_insert)
                  00005234    00000028                                   : lseek.c.obj (.text:lseek)
                  0000525c    00000028                                   : write.c.obj (.text:write)
                  00005284    00000024     CortexM.obj (.text)
                  000052a8    00000020     rtsv7M4_T_le_v4SPD16_eabi.lib : memchr.c.obj (.text:memchr)
                  000052c8    0000001c                                   : memory.c.obj (.text:free_list_remove)
                  000052e4    0000001c                                   : memccpy.c.obj (.text:memccpy)
                  00005300    0000001a                                   : s_copysign.c.obj (.text:copysign)
                  0000531a    00000018                                   : strcmp.c.obj (.text:strcmp)
                  00005332    00000016                                   : strchr.c.obj (.text:strchr)
                  00005348    00000014                                   : strcpy.c.obj (.text:strcpy)
                  0000535c    00000014                                   : strlen.c.obj (.text:strlen)
                  00005370    00000012                                   : wcslen.c.obj (.text:wcslen)
                  00005382    0000000e                                   : copy_decompress_none.c.obj (.text:decompress:none:__TI_decompress_none)
                  00005390    0000000e     startup_msp432p401r_ccs.obj (.text)
                  0000539e    0000000c     rtsv7M4_T_le_v4SPD16_eabi.lib : copy_zero_init.c.obj (.text:decompress:ZI:__TI_zero_init)
                  000053aa    00000002     --HOLE-- [fill = 0]
                  000053ac    00000008                                   : errno.c.obj (.text:__aeabi_errno_addr)
                  000053b4    00000008                                   : memory.c.obj (.text:malloc)
                  000053bc    00000004                                   : printf.c.obj (.text:_outc)
                  000053c0    00000004                                   : printf.c.obj (.text:_outs)
                  000053c4    00000004                                   : pre_init.c.obj (.text:_system_pre_init)
                  000053c8    00000004                                   : exit.c.obj (.text:abort:abort)

.const     0    000053cc    00000101     
                  000053cc    00000101     rtsv7M4_T_le_v4SPD16_eabi.lib : ctype.c.obj (.const:.string:_ctypes_)

.cinit     0    000054d0    000000a8     
                  000054d0    00000083     (.cinit..data.load) [load image, compression = lzss]
                  00005553    00000001     --HOLE-- [fill = 0]
                  00005554    0000000c     (__TI_handler_table)
                  00005560    00000008     (.cinit..bss.load) [load image, compression = zero_init]
                  00005568    00000010     (__TI_cinit_table)

.init_array 
*          0    00000000    00000000     UNINITIALIZED

.binit     0    00000000    00000000     

.bss       0    20000000    00003276     UNINITIALIZED
                  20000000    00001000     (.common:x)
                  20001000    00001000     (.common:x2)
                  20002000    00001000     (.common:x3)
                  20003000    00000120     rtsv7M4_T_le_v4SPD16_eabi.lib : trgmsg.c.obj (.bss:_CIOBUF_)
                  20003120    000000a0     (.common:__TI_tmpnams)
                  200031c0    0000000c     (.common:Amplitudes)
                  200031cc    0000000c     (.common:ChannelCount)
                  200031d8    0000000c     (.common:Distances)
                  200031e4    0000000c     (.common:FilteredDistances)
                  200031f0    00000008     opt3101.obj (.bss)
                  200031f8    00000008     (.common:Messageb)
                  20003200    00000008     (.common:parmbuf)
                  20003208    00000004     (.common:CenterDistance)
                  2000320c    00000004     (.common:Error)
                  20003210    00000004     (.common:I1)
                  20003214    00000004     (.common:ISRLast)
                  20003218    00000004     (.common:ISRPeriod)
                  2000321c    00000004     (.common:ISRTime)
                  20003220    00000004     (.common:LPFSum)
                  20003224    00000004     (.common:LPFSum2)
                  20003228    00000004     (.common:LPFSum3)
                  2000322c    00000004     (.common:LeftDistance)
                  20003230    00000004     (.common:Messageindexb)
                  20003234    00000004     (.common:PTxChan)
                  20003238    00000004     (.common:Pamplitudes)
                  2000323c    00000004     (.common:Pdistances)
                  20003240    00000004     (.common:Pt)
                  20003244    00000004     (.common:Pt2)
                  20003248    00000004     (.common:Pt3)
                  2000324c    00000004     (.common:RightDistance)
                  20003250    00000004     (.common:Size)
                  20003254    00000004     (.common:StartTime)
                  20003258    00000004     (.common:TxChannel)
                  2000325c    00000004     (.common:UL)
                  20003260    00000004     (.common:UR)
                  20003264    00000004     (.common:i)
                  20003268    00000004     (.common:u1)
                  2000326c    00000004     (.common:u2)
                  20003270    00000004     (.common:u3)
                  20003274    00000001     (.common:Bumper)
                  20003275    00000001     (.common:hope)

.sysmem    0    20003278    00000400     UNINITIALIZED
                  20003278    00000010     rtsv7M4_T_le_v4SPD16_eabi.lib : memory.c.obj (.sysmem)
                  20003288    000003f0     --HOLE--

.data      0    20003678    0000023c     UNINITIALIZED
                  20003678    000000f0     rtsv7M4_T_le_v4SPD16_eabi.lib : defs.c.obj (.data:_ftable)
                  20003768    00000078                                   : host_device.c.obj (.data:_device)
                  200037e0    00000050                                   : host_device.c.obj (.data:_stream)
                  20003830    0000001e     OPT3101_Simple.obj (.data)
                  2000384e    00000002     --HOLE--
                  20003850    00000018     Clock.obj (.data)
                  20003868    00000010     rtsv7M4_T_le_v4SPD16_eabi.lib : defs.c.obj (.data)
                  20003878    0000000c                                   : exit.c.obj (.data:$O1$$)
                  20003884    0000000c     TA3InputCapture.obj (.data)
                  20003890    00000008     rtsv7M4_T_le_v4SPD16_eabi.lib : _lock.c.obj (.data:$O1$$)
                  20003898    00000008                                   : memory.c.obj (.data:$O1$$)
                  200038a0    00000004                                   : add_device.c.obj (.data)
                  200038a4    00000004                                   : errno.c.obj (.data)
                  200038a8    00000004                                   : fopen.c.obj (.data)
                  200038ac    00000004                                   : open.c.obj (.data)
                  200038b0    00000004     system_msp432p401r.obj (.data)

.stack     0    2000fe00    00000200     UNINITIALIZED
                  2000fe00    00000004     rtsv7M4_T_le_v4SPD16_eabi.lib : boot_cortex_m.c.obj (.stack)
                  2000fe04    000001fc     --HOLE--

__llvm_prf_cnts 
*          0    20000000    00000000     UNINITIALIZED

MODULE SUMMARY

       Module                        code    ro data   rw data
       ------                        ----    -------   -------
    .\
       LPF.obj                       1488    0         24664  
       UART0.obj                     1760    0         24     
       OPT3101_Simple.obj            1224    0         208    
       opt3101.obj                   1308    0         88     
       I2CB1.obj                     932     0         0      
       system_msp432p401r.obj        820     0         8      
       Motor.obj                     620     0         0      
       Clock.obj                     480     0         48     
       TA3InputCapture.obj           468     0         24     
       LaunchPad.obj                 248     0         0      
       startup_msp432p401r_ccs.obj   14      228       0      
       BumpInt.obj                   152     0         0      
       Bump.obj                      96      0         0      
       CortexM.obj                   36      0         0      
    +--+-----------------------------+-------+---------+---------+
       Total:                        9646    228       25064  
                                                              
    C:\ti\ccs1220\ccs\tools\compiler\ti-cgt-arm_20.2.7.LTS\lib\rtsv7M4_T_le_v4SPD16_eabi.lib
       _printfi.c.obj                4851    0         0      
       defs.c.obj                    0       0         832    
       memory.c.obj                  672     0         16     
       trgmsg.c.obj                  108     0         576    
       fopen.c.obj                   532     0         8      
       fd_add_t2.asm.obj             438     0         0      
       host_device.c.obj             0       0         400    
       fd_div_t2.asm.obj             310     0         0      
       fputs.c.obj                   276     0         0      
       s_scalbn.c.obj                272     0         0      
       fd_cmp_t2.asm.obj             268     0         0      
       ctype.c.obj                   0       257       0      
       fd_mul_t2.asm.obj             252     0         0      
       setvbuf.c.obj                 220     0         0      
       open.c.obj                    188     0         8      
       add_device.c.obj              184     0         8      
       memcpy_t2.asm.obj             156     0         0      
       ull_div_t2.asm.obj            150     0         0      
       fputc.c.obj                   140     0         0      
       memset_t2.asm.obj             122     0         0      
       fclose.c.obj                  116     0         0      
       getdevice.c.obj               116     0         0      
       hostopen.c.obj                96      0         16     
       printf.c.obj                  112     0         0      
       hostrename.c.obj              108     0         0      
       copy_decompress_lzss.c.obj    104     0         0      
       hostlseek.c.obj               104     0         0      
       exit.c.obj                    76      0         24     
       fseek.c.obj                   100     0         0      
       s_frexp.c.obj                 100     0         0      
       _io_perm.c.obj                98      0         0      
       close.c.obj                   92      0         0      
       hostread.c.obj                88      0         0      
       hostwrite.c.obj               88      0         0      
       _ltoa.c.obj                   84      0         0      
       atoi.c.obj                    76      0         0      
       fflush.c.obj                  76      0         0      
       fd_toi_t2.asm.obj             72      0         0      
       autoinit.c.obj                68      0         0      
       hostclose.c.obj               68      0         0      
       hostunlink.c.obj              68      0         0      
       strncpy.c.obj                 54      0         0      
       boot_cortex_m.c.obj           52      0         0      
       i_tofd_t2.asm.obj             46      0         0      
       unlink.c.obj                  44      0         0      
       lseek.c.obj                   40      0         0      
       write.c.obj                   40      0         0      
       memchr.c.obj                  32      0         0      
       memccpy.c.obj                 28      0         0      
       s_copysign.c.obj              26      0         0      
       strcmp.c.obj                  24      0         0      
       strchr.c.obj                  22      0         0      
       strcpy.c.obj                  20      0         0      
       strlen.c.obj                  20      0         0      
       _lock.c.obj                   2       0         16     
       wcslen.c.obj                  18      0         0      
       errno.c.obj                   8       0         8      
       copy_decompress_none.c.obj    14      0         0      
       copy_zero_init.c.obj          12      0         0      
       pre_init.c.obj                4       0         0      
       div0.asm.obj                  2       0         0      
    +--+-----------------------------+-------+---------+---------+
       Total:                        11557   257       1912   
                                                              
       Heap:                         0       0         2048   
       Stack:                        0       0         1024   
       Linker Generated:             0       167       0      
    +--+-----------------------------+-------+---------+---------+
       Grand Total:                  21203   652       30048  


LINKER GENERATED COPY TABLES

__TI_cinit_table @ 00005568 records: 2, size/record: 8, table size: 16
	.data: load addr=000054d0, load size=00000083 bytes, run addr=20003678, run size=0000023c bytes, compression=lzss
	.bss: load addr=00005560, load size=00000008 bytes, run addr=20000000, run size=00003276 bytes, compression=zero_init


LINKER GENERATED HANDLER TABLE

__TI_handler_table @ 00005554 records: 3, size/record: 4, table size: 12
	index: 0, handler: __TI_decompress_lzss
	index: 1, handler: __TI_decompress_none
	index: 2, handler: __TI_zero_init


GLOBAL SYMBOLS: SORTED ALPHABETICALLY BY Name 

address   name                              
-------   ----                              
0000539d  ADC14_IRQHandler                  
0000539d  AES256_IRQHandler                 
200031c0  Amplitudes                        
00004399  BumpInt_Init                      
00004401  BumpInt_Read                      
00004b17  Bump_Init                         
00004b37  Bump_Read                         
20003274  Bumper                            
0000539d  BusFault_Handler                  
000053c9  C$$EXIT                           
0000506f  C$$IO$$                           
0000539d  COMP_E0_IRQHandler                
0000539d  COMP_E1_IRQHandler                
20003858  CPMwait                           
0000539d  CS_IRQHandler                     
20003884  CaptureTask0                      
20003888  CaptureTask1                      
2000388c  CaptureTask2                      
20003208  CenterDistance                    
200031cc  ChannelCount                      
20003850  ClockFrequency                    
00002ed1  Clock_Delay1ms                    
00002ea7  Clock_Delay1us                    
00002e93  Clock_GetFreq                     
00002d7d  Clock_Init48MHz                   
00001ddf  Controller_Right                  
20003864  Crystalstable                     
0000539d  DMA_ERR_IRQHandler                
0000539d  DMA_INT0_IRQHandler               
0000539d  DMA_INT1_IRQHandler               
0000539d  DMA_INT2_IRQHandler               
0000539d  DMA_INT3_IRQHandler               
0000539d  DebugMon_Handler                  
0000539d  Default_Handler                   
00005285  DisableInterrupts                 
200031d8  Distances                         
0000539d  EUSCIA0_IRQHandler                
0000539d  EUSCIA1_IRQHandler                
0000539d  EUSCIA2_IRQHandler                
0000539d  EUSCIA3_IRQHandler                
0000539d  EUSCIB0_IRQHandler                
0000539d  EUSCIB1_IRQHandler                
0000539d  EUSCIB2_IRQHandler                
0000539d  EUSCIB3_IRQHandler                
0000528b  EnableInterrupts                  
0000529b  EndCritical                       
2000320c  Error                             
0000539d  FLCTL_IRQHandler                  
0000539d  FPU_IRQHandler                    
200031e4  FilteredDistances                 
00004ef1  HOSTclose                         
0000489d  HOSTlseek                         
00004b61  HOSTopen                          
00004c1d  HOSTread                          
00004831  HOSTrename                        
00004f35  HOSTunlink                        
00004c75  HOSTwrite                         
0000539d  HardFault_Handler                 
20003210  I1                                
000021c9  I2CB1_Init                        
0000228f  I2CB1_Recv                        
000024e3  I2CB1_Recv1                       
00002217  I2CB1_Send                        
0000230b  I2CB1_Send1                       
00002367  I2CB1_Send2                       
000023d7  I2CB1_Send3                       
00002455  I2CB1_Send4                       
20003860  IFlags                            
20003214  ISRLast                           
20003218  ISRPeriod                         
2000321c  ISRTime                           
2000383c  Ki                                
20003840  Kp                                
20003220  LPFSum                            
20003224  LPFSum2                           
20003228  LPFSum3                           
00001369  LPF_Calc                          
000014bd  LPF_Calc2                         
00001629  LPF_Calc3                         
000012a9  LPF_Calc_old                      
0000130b  LPF_Init                          
00001461  LPF_Init2                         
000015d5  LPF_Init3                         
00001255  LPF_Init_old                      
00003d81  LaunchPad_Init                    
00003df1  LaunchPad_Input                   
00003e0f  LaunchPad_LED                     
00003e2d  LaunchPad_Output                  
00001da1  Left                              
2000322c  LeftDistance                      
00001741  Median                            
0000539d  MemManage_Handler                 
200031f8  Messageb                          
20003230  Messageindexb                     
20003838  Mode                              
00002c59  Motor_Backward                    
00002bbf  Motor_Forward                     
00002b11  Motor_Init                        
00002bef  Motor_Left                        
00002c29  Motor_Right                       
00002ba5  Motor_Stop                        
0000539d  NMI_Handler                       
000013bd  Noise                             
00001531  Noise2                            
00001695  Noise3                            
20003834  ON                                
00001c17  OPT3101_ArmInterrupts             
000019d7  OPT3101_CalibrateInternalCrosstalk
00001b7d  OPT3101_CheckDistanceSensor       
00001b49  OPT3101_GetAmplitude              
00001b67  OPT3101_GetDistanceMillimeters    
00001b95  OPT3101_GetMeasurement            
00001b5d  OPT3101_GetPhase                  
00001b3f  OPT3101_GetTxChannel              
0000184f  OPT3101_Init                      
00001b1f  OPT3101_MeasurementError          
00001b07  OPT3101_ReadMeasurement           
000017e5  OPT3101_ReadRegister              
000018ad  OPT3101_Setup                     
00001ab9  OPT3101_StartMeasurement          
00001ac7  OPT3101_StartMeasurementChannel   
00001815  OPT3101_WriteRegister             
0000539d  PCM_IRQHandler                    
0000539d  PORT1_IRQHandler                  
0000539d  PORT2_IRQHandler                  
0000539d  PORT3_IRQHandler                  
00004b01  PORT4_IRQHandler                  
00004b01  PORT4_IRQHandler                  
0000539d  PORT5_IRQHandler                  
00001c6d  PORT6_IRQHandler                  
00001c6d  PORT6_IRQHandler                  
0000539d  PSS_IRQHandler                    
20003234  PTxChan                           
00002d15  PWM_DutyLeft                      
00002cf5  PWM_DutyRight                     
00002c89  PWM_InitRL                        
20003238  Pamplitudes                       
00001ecd  Pause                             
2000323c  Pdistances                        
0000539d  PendSV_Handler                    
2000385c  Postwait                          
20003854  Prewait                           
20003240  Pt                                
20003244  Pt2                               
20003248  Pt3                               
0000539d  RTC_C_IRQHandler                  
00005391  Reset_Handler                     
00001dbd  Right                             
2000324c  RightDistance                     
0000539d  SVC_Handler                       
20003848  Semaphore                         
20003830  SetPoint                          
20003250  Size                              
00005291  StartCritical                     
20003254  StartTime                         
0000539d  SysTick_Handler                   
200038b0  SystemCoreClock                   
0000256d  SystemCoreClockUpdate             
000027e5  SystemInit                        
0000539d  T32_INT1_IRQHandler               
0000539d  T32_INT2_IRQHandler               
0000539d  T32_INTC_IRQHandler               
0000539d  TA0_0_IRQHandler                  
0000539d  TA0_N_IRQHandler                  
0000539d  TA1_0_IRQHandler                  
0000539d  TA1_N_IRQHandler                  
0000539d  TA2_0_IRQHandler                  
0000539d  TA2_N_IRQHandler                  
00002fe9  TA3_0_IRQHandler                  
00002fe9  TA3_0_IRQHandler                  
00003003  TA3_N_IRQHandler                  
00003003  TA3_N_IRQHandler                  
00002f69  TimerA3Capture_Init01             
00003043  TimerA3Capture_Init02             
20003258  TxChannel                         
00000b7d  UART0_InChar                      
00001025  UART0_InString                    
00000bc7  UART0_InUDec                      
00000ed9  UART0_InUHex                      
00000b35  UART0_Init                        
00001187  UART0_Initprintf                  
00000b8d  UART0_OutChar                     
00000c7b  UART0_OutSDec                     
00000ba9  UART0_OutString                   
00000c4b  UART0_OutUDec                     
00000ded  UART0_OutUDec4                    
00000e35  UART0_OutUDec5                    
00000e67  UART0_OutUFix1                    
00000e8f  UART0_OutUFix2                    
00000f9d  UART0_OutUHex                     
00001009  UART0_OutUHex2                    
2000325c  UL                                
20003260  UR                                
00001d7b  UartClear                         
00001d49  UartSetCur                        
0000539d  UsageFault_Handler                
4000480c  WDTCTL_SYM                        
0000539d  WDT_A_IRQHandler                  
000052a3  WaitForInterrupt                  
20003000  __CIOBUF_                         
20010000  __STACK_END                       
00000200  __STACK_SIZE                      
00000400  __SYSMEM_SIZE                     
00005568  __TI_CINIT_Base                   
00005578  __TI_CINIT_Limit                  
00005554  __TI_Handler_Table_Base           
00005560  __TI_Handler_Table_Limit          
00004f79  __TI_auto_init_nobinit_nopinit    
000050b1  __TI_cleanup                      
20003878  __TI_cleanup_ptr                  
000046dd  __TI_closefile                    
00004905  __TI_decompress_lzss              
00005383  __TI_decompress_none              
00004dc9  __TI_doflush                      
2000387c  __TI_dtors_ptr                    
20003880  __TI_enable_exit_profile_output   
20003868  __TI_ft_end                       
00004d23  __TI_ltoa                         
ffffffff  __TI_pprof_out_hndl               
000000e5  __TI_printfi                      
ffffffff  __TI_prof_data_size               
ffffffff  __TI_prof_data_start              
000050e5  __TI_readmsg                      
00000000  __TI_static_base__                
20003120  __TI_tmpnams                      
00005041  __TI_writemsg                     
00004a9d  __TI_wrt_ok                       
0000539f  __TI_zero_init                    
00004555  __aeabi_cdcmpeq                   
00004555  __aeabi_cdcmple                   
000045db  __aeabi_cdrcmple                  
00004ea9  __aeabi_d2iz                      
0000330b  __aeabi_dadd                      
000035f5  __aeabi_ddiv                      
00003c85  __aeabi_dmul                      
00003301  __aeabi_dsub                      
000053ad  __aeabi_errno_addr                
000051b1  __aeabi_i2d                       
000034b7  __aeabi_idiv0                     
000034b7  __aeabi_ldiv0                     
00004661  __aeabi_memclr                    
00004661  __aeabi_memclr4                   
00004661  __aeabi_memclr8                   
000042fd  __aeabi_memcpy                    
000042fd  __aeabi_memcpy4                   
000042fd  __aeabi_memcpy8                   
00004663  __aeabi_memset                    
00004663  __aeabi_memset4                   
00004663  __aeabi_memset8                   
20003874  __aeabi_stderr                    
2000386c  __aeabi_stdin                     
20003870  __aeabi_stdout                    
00004431  __aeabi_uldivmod                  
ffffffff  __binit__                         
ffffffff  __c_args__                        
UNDEFED   __mpu_init                        
2000fe00  __stack                           
20000000  __start___llvm_prf_cnts           
20000000  __stop___llvm_prf_cnts            
00005119  _c_int00_noargs                   
000053cc  _ctypes_                          
20003768  _device                           
20003678  _ftable                           
20003890  _lock                             
00000b33  _nop                              
200037e0  _stream                           
20003278  _sys_memory                       
UNDEFED   _system_post_cinit                
000053c5  _system_pre_init                  
20003894  _unlock                           
000053c9  abort                             
000040f5  add_device                        
00003b85  aligned_alloc                     
00004e15  atoi                              
ffffffff  binit                             
00001f6f  bump                              
00004bc1  close                             
00005301  copysign                          
00005301  copysignl                         
00002e99  delay                             
200038a4  errno                             
00004e61  exit                              
000010b9  ferror                            
0000109f  fgetc                             
00005181  finddevice                        
00004261  fopen                             
000044c9  fputc                             
00003851  fputs                             
00003e79  free                              
0000514d  freopen                           
000049d5  frexp                             
000049d5  frexpl                            
00004a39  fseek                             
00004fbd  getdevice                         
20003275  hope                              
20003264  i                                 
00000000  interruptVectors                  
00001215  isqrt                             
00003a75  ldexp                             
00003a75  ldexpl                            
00005235  lseek                             
00001fe1  main                              
000053b5  malloc                            
00001d01  mapBits                           
2000384c  max                               
00003b85  memalign                          
000052e5  memccpy                           
000052a9  memchr                            
000042fd  memcpy                            
00004669  memset                            
00004039  open                              
00000fe1  outnibble                         
20003200  parmbuf                           
00001d85  pollDistanceSensor                
0000496d  printf                            
000044c9  putc                              
000051e1  remove                            
00003a75  scalbn                            
00003a75  scalbnl                           
00003f5d  setvbuf                           
20003844  status                            
00005333  strchr                            
0000531b  strcmp                            
00005349  strcpy                            
0000535d  strlen                            
00005079  strncpy                           
00002f5d  ta3dummy                          
20003268  u1                                
2000326c  u2                                
20003270  u3                                
000010df  uart_close                        
0000115d  uart_lseek                        
000010cf  uart_open                         
000010eb  uart_read                         
00001179  uart_rename                       
0000116d  uart_unlink                       
0000111b  uart_write                        
000051e1  unlink                            
00005371  wcslen                            
0000525d  write                             
20000000  x                                 
20001000  x2                                
20002000  x3                                


GLOBAL SYMBOLS: SORTED BY Symbol Address 

address   name                              
-------   ----                              
00000000  __TI_static_base__                
00000000  interruptVectors                  
000000e5  __TI_printfi                      
00000200  __STACK_SIZE                      
00000400  __SYSMEM_SIZE                     
00000b33  _nop                              
00000b35  UART0_Init                        
00000b7d  UART0_InChar                      
00000b8d  UART0_OutChar                     
00000ba9  UART0_OutString                   
00000bc7  UART0_InUDec                      
00000c4b  UART0_OutUDec                     
00000c7b  UART0_OutSDec                     
00000ded  UART0_OutUDec4                    
00000e35  UART0_OutUDec5                    
00000e67  UART0_OutUFix1                    
00000e8f  UART0_OutUFix2                    
00000ed9  UART0_InUHex                      
00000f9d  UART0_OutUHex                     
00000fe1  outnibble                         
00001009  UART0_OutUHex2                    
00001025  UART0_InString                    
0000109f  fgetc                             
000010b9  ferror                            
000010cf  uart_open                         
000010df  uart_close                        
000010eb  uart_read                         
0000111b  uart_write                        
0000115d  uart_lseek                        
0000116d  uart_unlink                       
00001179  uart_rename                       
00001187  UART0_Initprintf                  
00001215  isqrt                             
00001255  LPF_Init_old                      
000012a9  LPF_Calc_old                      
0000130b  LPF_Init                          
00001369  LPF_Calc                          
000013bd  Noise                             
00001461  LPF_Init2                         
000014bd  LPF_Calc2                         
00001531  Noise2                            
000015d5  LPF_Init3                         
00001629  LPF_Calc3                         
00001695  Noise3                            
00001741  Median                            
000017e5  OPT3101_ReadRegister              
00001815  OPT3101_WriteRegister             
0000184f  OPT3101_Init                      
000018ad  OPT3101_Setup                     
000019d7  OPT3101_CalibrateInternalCrosstalk
00001ab9  OPT3101_StartMeasurement          
00001ac7  OPT3101_StartMeasurementChannel   
00001b07  OPT3101_ReadMeasurement           
00001b1f  OPT3101_MeasurementError          
00001b3f  OPT3101_GetTxChannel              
00001b49  OPT3101_GetAmplitude              
00001b5d  OPT3101_GetPhase                  
00001b67  OPT3101_GetDistanceMillimeters    
00001b7d  OPT3101_CheckDistanceSensor       
00001b95  OPT3101_GetMeasurement            
00001c17  OPT3101_ArmInterrupts             
00001c6d  PORT6_IRQHandler                  
00001c6d  PORT6_IRQHandler                  
00001d01  mapBits                           
00001d49  UartSetCur                        
00001d7b  UartClear                         
00001d85  pollDistanceSensor                
00001da1  Left                              
00001dbd  Right                             
00001ddf  Controller_Right                  
00001ecd  Pause                             
00001f6f  bump                              
00001fe1  main                              
000021c9  I2CB1_Init                        
00002217  I2CB1_Send                        
0000228f  I2CB1_Recv                        
0000230b  I2CB1_Send1                       
00002367  I2CB1_Send2                       
000023d7  I2CB1_Send3                       
00002455  I2CB1_Send4                       
000024e3  I2CB1_Recv1                       
0000256d  SystemCoreClockUpdate             
000027e5  SystemInit                        
00002b11  Motor_Init                        
00002ba5  Motor_Stop                        
00002bbf  Motor_Forward                     
00002bef  Motor_Left                        
00002c29  Motor_Right                       
00002c59  Motor_Backward                    
00002c89  PWM_InitRL                        
00002cf5  PWM_DutyRight                     
00002d15  PWM_DutyLeft                      
00002d7d  Clock_Init48MHz                   
00002e93  Clock_GetFreq                     
00002e99  delay                             
00002ea7  Clock_Delay1us                    
00002ed1  Clock_Delay1ms                    
00002f5d  ta3dummy                          
00002f69  TimerA3Capture_Init01             
00002fe9  TA3_0_IRQHandler                  
00002fe9  TA3_0_IRQHandler                  
00003003  TA3_N_IRQHandler                  
00003003  TA3_N_IRQHandler                  
00003043  TimerA3Capture_Init02             
00003301  __aeabi_dsub                      
0000330b  __aeabi_dadd                      
000034b7  __aeabi_idiv0                     
000034b7  __aeabi_ldiv0                     
000035f5  __aeabi_ddiv                      
00003851  fputs                             
00003a75  ldexp                             
00003a75  ldexpl                            
00003a75  scalbn                            
00003a75  scalbnl                           
00003b85  aligned_alloc                     
00003b85  memalign                          
00003c85  __aeabi_dmul                      
00003d81  LaunchPad_Init                    
00003df1  LaunchPad_Input                   
00003e0f  LaunchPad_LED                     
00003e2d  LaunchPad_Output                  
00003e79  free                              
00003f5d  setvbuf                           
00004039  open                              
000040f5  add_device                        
00004261  fopen                             
000042fd  __aeabi_memcpy                    
000042fd  __aeabi_memcpy4                   
000042fd  __aeabi_memcpy8                   
000042fd  memcpy                            
00004399  BumpInt_Init                      
00004401  BumpInt_Read                      
00004431  __aeabi_uldivmod                  
000044c9  fputc                             
000044c9  putc                              
00004555  __aeabi_cdcmpeq                   
00004555  __aeabi_cdcmple                   
000045db  __aeabi_cdrcmple                  
00004661  __aeabi_memclr                    
00004661  __aeabi_memclr4                   
00004661  __aeabi_memclr8                   
00004663  __aeabi_memset                    
00004663  __aeabi_memset4                   
00004663  __aeabi_memset8                   
00004669  memset                            
000046dd  __TI_closefile                    
00004831  HOSTrename                        
0000489d  HOSTlseek                         
00004905  __TI_decompress_lzss              
0000496d  printf                            
000049d5  frexp                             
000049d5  frexpl                            
00004a39  fseek                             
00004a9d  __TI_wrt_ok                       
00004b01  PORT4_IRQHandler                  
00004b01  PORT4_IRQHandler                  
00004b17  Bump_Init                         
00004b37  Bump_Read                         
00004b61  HOSTopen                          
00004bc1  close                             
00004c1d  HOSTread                          
00004c75  HOSTwrite                         
00004d23  __TI_ltoa                         
00004dc9  __TI_doflush                      
00004e15  atoi                              
00004e61  exit                              
00004ea9  __aeabi_d2iz                      
00004ef1  HOSTclose                         
00004f35  HOSTunlink                        
00004f79  __TI_auto_init_nobinit_nopinit    
00004fbd  getdevice                         
00005041  __TI_writemsg                     
0000506f  C$$IO$$                           
00005079  strncpy                           
000050b1  __TI_cleanup                      
000050e5  __TI_readmsg                      
00005119  _c_int00_noargs                   
0000514d  freopen                           
00005181  finddevice                        
000051b1  __aeabi_i2d                       
000051e1  remove                            
000051e1  unlink                            
00005235  lseek                             
0000525d  write                             
00005285  DisableInterrupts                 
0000528b  EnableInterrupts                  
00005291  StartCritical                     
0000529b  EndCritical                       
000052a3  WaitForInterrupt                  
000052a9  memchr                            
000052e5  memccpy                           
00005301  copysign                          
00005301  copysignl                         
0000531b  strcmp                            
00005333  strchr                            
00005349  strcpy                            
0000535d  strlen                            
00005371  wcslen                            
00005383  __TI_decompress_none              
00005391  Reset_Handler                     
0000539d  ADC14_IRQHandler                  
0000539d  AES256_IRQHandler                 
0000539d  BusFault_Handler                  
0000539d  COMP_E0_IRQHandler                
0000539d  COMP_E1_IRQHandler                
0000539d  CS_IRQHandler                     
0000539d  DMA_ERR_IRQHandler                
0000539d  DMA_INT0_IRQHandler               
0000539d  DMA_INT1_IRQHandler               
0000539d  DMA_INT2_IRQHandler               
0000539d  DMA_INT3_IRQHandler               
0000539d  DebugMon_Handler                  
0000539d  Default_Handler                   
0000539d  EUSCIA0_IRQHandler                
0000539d  EUSCIA1_IRQHandler                
0000539d  EUSCIA2_IRQHandler                
0000539d  EUSCIA3_IRQHandler                
0000539d  EUSCIB0_IRQHandler                
0000539d  EUSCIB1_IRQHandler                
0000539d  EUSCIB2_IRQHandler                
0000539d  EUSCIB3_IRQHandler                
0000539d  FLCTL_IRQHandler                  
0000539d  FPU_IRQHandler                    
0000539d  HardFault_Handler                 
0000539d  MemManage_Handler                 
0000539d  NMI_Handler                       
0000539d  PCM_IRQHandler                    
0000539d  PORT1_IRQHandler                  
0000539d  PORT2_IRQHandler                  
0000539d  PORT3_IRQHandler                  
0000539d  PORT5_IRQHandler                  
0000539d  PSS_IRQHandler                    
0000539d  PendSV_Handler                    
0000539d  RTC_C_IRQHandler                  
0000539d  SVC_Handler                       
0000539d  SysTick_Handler                   
0000539d  T32_INT1_IRQHandler               
0000539d  T32_INT2_IRQHandler               
0000539d  T32_INTC_IRQHandler               
0000539d  TA0_0_IRQHandler                  
0000539d  TA0_N_IRQHandler                  
0000539d  TA1_0_IRQHandler                  
0000539d  TA1_N_IRQHandler                  
0000539d  TA2_0_IRQHandler                  
0000539d  TA2_N_IRQHandler                  
0000539d  UsageFault_Handler                
0000539d  WDT_A_IRQHandler                  
0000539f  __TI_zero_init                    
000053ad  __aeabi_errno_addr                
000053b5  malloc                            
000053c5  _system_pre_init                  
000053c9  C$$EXIT                           
000053c9  abort                             
000053cc  _ctypes_                          
00005554  __TI_Handler_Table_Base           
00005560  __TI_Handler_Table_Limit          
00005568  __TI_CINIT_Base                   
00005578  __TI_CINIT_Limit                  
20000000  __start___llvm_prf_cnts           
20000000  __stop___llvm_prf_cnts            
20000000  x                                 
20001000  x2                                
20002000  x3                                
20003000  __CIOBUF_                         
20003120  __TI_tmpnams                      
200031c0  Amplitudes                        
200031cc  ChannelCount                      
200031d8  Distances                         
200031e4  FilteredDistances                 
200031f8  Messageb                          
20003200  parmbuf                           
20003208  CenterDistance                    
2000320c  Error                             
20003210  I1                                
20003214  ISRLast                           
20003218  ISRPeriod                         
2000321c  ISRTime                           
20003220  LPFSum                            
20003224  LPFSum2                           
20003228  LPFSum3                           
2000322c  LeftDistance                      
20003230  Messageindexb                     
20003234  PTxChan                           
20003238  Pamplitudes                       
2000323c  Pdistances                        
20003240  Pt                                
20003244  Pt2                               
20003248  Pt3                               
2000324c  RightDistance                     
20003250  Size                              
20003254  StartTime                         
20003258  TxChannel                         
2000325c  UL                                
20003260  UR                                
20003264  i                                 
20003268  u1                                
2000326c  u2                                
20003270  u3                                
20003274  Bumper                            
20003275  hope                              
20003278  _sys_memory                       
20003678  _ftable                           
20003768  _device                           
200037e0  _stream                           
20003830  SetPoint                          
20003834  ON                                
20003838  Mode                              
2000383c  Ki                                
20003840  Kp                                
20003844  status                            
20003848  Semaphore                         
2000384c  max                               
20003850  ClockFrequency                    
20003854  Prewait                           
20003858  CPMwait                           
2000385c  Postwait                          
20003860  IFlags                            
20003864  Crystalstable                     
20003868  __TI_ft_end                       
2000386c  __aeabi_stdin                     
20003870  __aeabi_stdout                    
20003874  __aeabi_stderr                    
20003878  __TI_cleanup_ptr                  
2000387c  __TI_dtors_ptr                    
20003880  __TI_enable_exit_profile_output   
20003884  CaptureTask0                      
20003888  CaptureTask1                      
2000388c  CaptureTask2                      
20003890  _lock                             
20003894  _unlock                           
200038a4  errno                             
200038b0  SystemCoreClock                   
2000fe00  __stack                           
20010000  __STACK_END                       
4000480c  WDTCTL_SYM                        
ffffffff  __TI_pprof_out_hndl               
ffffffff  __TI_prof_data_size               
ffffffff  __TI_prof_data_start              
ffffffff  __binit__                         
ffffffff  __c_args__                        
ffffffff  binit                             
UNDEFED   __mpu_init                        
UNDEFED   _system_post_cinit                

[343 symbols]
