******************************************************************************
                  TI ARM Linker PC v20.2.7                     
******************************************************************************
>> Linked Tue Apr 25 08:41:55 2023

OUTPUT FILE NAME:   <Lab21_OPT3101.out>
ENTRY POINT SYMBOL: "_c_int00_noargs"  address: 00004fc5


MEMORY CONFIGURATION

         name            origin    length      used     unused   attr    fill
----------------------  --------  ---------  --------  --------  ----  --------
  MAIN                  00000000   00040000  00005421  0003abdf  R  X
  INFO                  00200000   00004000  00000000  00004000  R  X
  SRAM_CODE             01000000   00010000  00003ab6  0000c54a  RW X
  SRAM_DATA             20000000   00010000  00003ab6  0000c54a  RW  


SEGMENT ALLOCATION MAP

run origin  load origin   length   init length attrs members
----------  ----------- ---------- ----------- ----- -------
00000000    00000000    00005428   00005428    r-x
  00000000    00000000    000000e4   000000e4    r-- .intvecs
  000000e4    000000e4    00005194   00005194    r-x .text
  00005278    00005278    00000101   00000101    r-- .const
  00005380    00005380    000000a8   000000a8    r-- .cinit
20000000    20000000    000038bc   00000000    rw-
  20000000    20000000    0000327a   00000000    rw- .bss
  20003280    20003280    00000400   00000000    rw- .sysmem
  20003680    20003680    0000023c   00000000    rw- .data
2000fe00    2000fe00    00000200   00000000    rw-
  2000fe00    2000fe00    00000200   00000000    rw- .stack


SECTION ALLOCATION MAP

 output                                  attributes/
section   page    origin      length       input sections
--------  ----  ----------  ----------   ----------------
.intvecs   0    00000000    000000e4     
                  00000000    000000e4     startup_msp432p401r_ccs.obj (.intvecs:retain)

.text      0    000000e4    00005194     
                  000000e4    00000a4e     rtsv7M4_T_le_v4SPD16_eabi.lib : _printfi.c.obj (.text:__TI_printfi)
                  00000b32    00000002                                   : _lock.c.obj (.text:_nop)
                  00000b34    000006e0     UART0.obj (.text)
                  00001214    000005d0     LPF.obj (.text)
                  000017e4    0000051c     opt3101.obj (.text)
                  00001d00    0000046c     OPT3101_Simple.obj (.text)
                  0000216c    000003a4     I2CB1.obj (.text)
                  00002510    00000334     system_msp432p401r.obj (.text)
                  00002844    00000270     rtsv7M4_T_le_v4SPD16_eabi.lib : _printfi.c.obj (.text:_pconv_a)
                  00002ab4    0000026c     Motor.obj (.text)
                  00002d20    000001e0     Clock.obj (.text)
                  00002f00    000001d4     TA3InputCapture.obj (.text)
                  000030d4    000001d0     rtsv7M4_T_le_v4SPD16_eabi.lib : _printfi.c.obj (.text:_pconv_g)
                  000032a4    000001b6                                   : fd_add_t2.asm.obj (.text)
                  0000345a    00000002                                   : div0.asm.obj (.text)
                  0000345c    0000013c                                   : _printfi.c.obj (.text:_pconv_e)
                  00003598    00000136                                   : fd_div_t2.asm.obj (.text)
                  000036ce    00000002     --HOLE-- [fill = 0]
                  000036d0    00000124                                   : _printfi.c.obj (.text:fcvt)
                  000037f4    00000114                                   : fputs.c.obj (.text:fputs)
                  00003908    00000110                                   : fopen.c.obj (.text:_openfile)
                  00003a18    00000110                                   : s_scalbn.c.obj (.text:scalbn)
                  00003b28    00000100                                   : memory.c.obj (.text:aligned_alloc)
                  00003c28    000000fc                                   : fd_mul_t2.asm.obj (.text)
                  00003d24    000000e4                                   : memory.c.obj (.text:free)
                  00003e08    000000dc                                   : setvbuf.c.obj (.text:setvbuf)
                  00003ee4    000000bc                                   : open.c.obj (.text:open)
                  00003fa0    000000b8                                   : add_device.c.obj (.text:add_device)
                  00004058    000000b1                                   : _printfi.c.obj (.text:_ltostr)
                  00004109    00000003     --HOLE-- [fill = 0]
                  0000410c    0000009c                                   : fopen.c.obj (.text:fopen)
                  000041a8    0000009c                                   : memcpy_t2.asm.obj (.text)
                  00004244    00000098     BumpInt.obj (.text)
                  000042dc    00000096     rtsv7M4_T_le_v4SPD16_eabi.lib : ull_div_t2.asm.obj (.text)
                  00004372    00000002     --HOLE-- [fill = 0]
                  00004374    0000008c                                   : fputc.c.obj (.text:fputc)
                  00004400    00000086                                   : fd_cmp_t2.asm.obj (.text:__aeabi_cdcmple)
                  00004486    00000086                                   : fd_cmp_t2.asm.obj (.text:__aeabi_cdrcmple)
                  0000450c    0000007a                                   : memset_t2.asm.obj (.text)
                  00004586    00000002     --HOLE-- [fill = 0]
                  00004588    00000074                                   : fclose.c.obj (.text:__TI_closefile)
                  000045fc    00000070                                   : memory.c.obj (.text:split)
                  0000466c    0000006e                                   : _printfi.c.obj (.text:_mcpy)
                  000046da    00000002     --HOLE-- [fill = 0]
                  000046dc    0000006c                                   : hostrename.c.obj (.text:HOSTrename)
                  00004748    00000068                                   : hostlseek.c.obj (.text:HOSTlseek)
                  000047b0    00000068                                   : copy_decompress_lzss.c.obj (.text:decompress:lzss:__TI_decompress_lzss)
                  00004818    00000068                                   : printf.c.obj (.text:printf)
                  00004880    00000064                                   : s_frexp.c.obj (.text:frexp)
                  000048e4    00000064                                   : fseek.c.obj (.text:fseek)
                  00004948    00000062                                   : _io_perm.c.obj (.text:__TI_wrt_ok)
                  000049aa    00000002     --HOLE-- [fill = 0]
                  000049ac    00000060     Bump.obj (.text)
                  00004a0c    00000060     rtsv7M4_T_le_v4SPD16_eabi.lib : hostopen.c.obj (.text:HOSTopen)
                  00004a6c    0000005c                                   : close.c.obj (.text:close)
                  00004ac8    00000058                                   : hostread.c.obj (.text:HOSTread)
                  00004b20    00000058                                   : hostwrite.c.obj (.text:HOSTwrite)
                  00004b78    00000056                                   : _printfi.c.obj (.text:_pconv_f)
                  00004bce    00000054                                   : _ltoa.c.obj (.text:__TI_ltoa)
                  00004c22    00000052                                   : _printfi.c.obj (.text:_ecpy)
                  00004c74    0000004c                                   : fflush.c.obj (.text:__TI_doflush)
                  00004cc0    0000004c                                   : atoi.c.obj (.text:atoi)
                  00004d0c    00000048                                   : exit.c.obj (.text:exit)
                  00004d54    00000048                                   : fd_toi_t2.asm.obj (.text)
                  00004d9c    00000044                                   : hostclose.c.obj (.text:HOSTclose)
                  00004de0    00000044                                   : hostunlink.c.obj (.text:HOSTunlink)
                  00004e24    00000044                                   : autoinit.c.obj (.text:__TI_auto_init_nobinit_nopinit:__TI_auto_init_nobinit_nopinit)
                  00004e68    00000044                                   : getdevice.c.obj (.text:getdevice)
                  00004eac    0000003e                                   : _printfi.c.obj (.text:_fcpy)
                  00004eea    00000002     --HOLE-- [fill = 0]
                  00004eec    00000038                                   : trgmsg.c.obj (.text:__TI_writemsg)
                  00004f24    00000036                                   : strncpy.c.obj (.text:strncpy)
                  00004f5a    00000002     --HOLE-- [fill = 0]
                  00004f5c    00000034                                   : fopen.c.obj (.text:__TI_cleanup)
                  00004f90    00000034                                   : trgmsg.c.obj (.text:__TI_readmsg)
                  00004fc4    00000034                                   : boot_cortex_m.c.obj (.text:_c_int00_noargs:_c_int00_noargs)
                  00004ff8    00000034                                   : fopen.c.obj (.text:freopen)
                  0000502c    00000030                                   : getdevice.c.obj (.text:finddevice)
                  0000505c    0000002e                                   : i_tofd_t2.asm.obj (.text)
                  0000508a    00000002     --HOLE-- [fill = 0]
                  0000508c    0000002c                                   : unlink.c.obj (.text:unlink)
                  000050b8    00000028                                   : memory.c.obj (.text:free_list_insert)
                  000050e0    00000028                                   : lseek.c.obj (.text:lseek)
                  00005108    00000028                                   : write.c.obj (.text:write)
                  00005130    00000024     CortexM.obj (.text)
                  00005154    00000020     rtsv7M4_T_le_v4SPD16_eabi.lib : memchr.c.obj (.text:memchr)
                  00005174    0000001c                                   : memory.c.obj (.text:free_list_remove)
                  00005190    0000001c                                   : memccpy.c.obj (.text:memccpy)
                  000051ac    0000001a                                   : s_copysign.c.obj (.text:copysign)
                  000051c6    00000018                                   : strcmp.c.obj (.text:strcmp)
                  000051de    00000016                                   : strchr.c.obj (.text:strchr)
                  000051f4    00000014                                   : strcpy.c.obj (.text:strcpy)
                  00005208    00000014                                   : strlen.c.obj (.text:strlen)
                  0000521c    00000012                                   : wcslen.c.obj (.text:wcslen)
                  0000522e    0000000e                                   : copy_decompress_none.c.obj (.text:decompress:none:__TI_decompress_none)
                  0000523c    0000000e     startup_msp432p401r_ccs.obj (.text)
                  0000524a    0000000c     rtsv7M4_T_le_v4SPD16_eabi.lib : copy_zero_init.c.obj (.text:decompress:ZI:__TI_zero_init)
                  00005256    00000002     --HOLE-- [fill = 0]
                  00005258    00000008                                   : errno.c.obj (.text:__aeabi_errno_addr)
                  00005260    00000008                                   : memory.c.obj (.text:malloc)
                  00005268    00000004                                   : printf.c.obj (.text:_outc)
                  0000526c    00000004                                   : printf.c.obj (.text:_outs)
                  00005270    00000004                                   : pre_init.c.obj (.text:_system_pre_init)
                  00005274    00000004                                   : exit.c.obj (.text:abort:abort)

.const     0    00005278    00000101     
                  00005278    00000101     rtsv7M4_T_le_v4SPD16_eabi.lib : ctype.c.obj (.const:.string:_ctypes_)

.cinit     0    00005380    000000a8     
                  00005380    00000080     (.cinit..data.load) [load image, compression = lzss]
                  00005400    0000000c     (__TI_handler_table)
                  0000540c    00000004     --HOLE-- [fill = 0]
                  00005410    00000008     (.cinit..bss.load) [load image, compression = zero_init]
                  00005418    00000010     (__TI_cinit_table)

.init_array 
*          0    00000000    00000000     UNINITIALIZED

.binit     0    00000000    00000000     

.bss       0    20000000    0000327a     UNINITIALIZED
                  20000000    00001000     (.common:x)
                  20001000    00001000     (.common:x2)
                  20002000    00001000     (.common:x3)
                  20003000    00000120     rtsv7M4_T_le_v4SPD16_eabi.lib : trgmsg.c.obj (.bss:_CIOBUF_)
                  20003120    000000a0     (.common:__TI_tmpnams)
                  200031c0    0000000c     (.common:Amplitudes)
                  200031cc    0000000c     (.common:ChannelCount)
                  200031d8    0000000c     (.common:Distances)
                  200031e4    0000000c     (.common:FilteredDistances)
                  200031f0    00000008     opt3101.obj (.bss)
                  200031f8    00000008     (.common:Messageb)
                  20003200    00000008     (.common:parmbuf)
                  20003208    00000004     (.common:CenterDistance)
                  2000320c    00000004     (.common:Error)
                  20003210    00000004     (.common:I1)
                  20003214    00000004     (.common:ISRLast)
                  20003218    00000004     (.common:ISRPeriod)
                  2000321c    00000004     (.common:ISRTime)
                  20003220    00000004     (.common:LPFSum)
                  20003224    00000004     (.common:LPFSum2)
                  20003228    00000004     (.common:LPFSum3)
                  2000322c    00000004     (.common:LeftDistance)
                  20003230    00000004     (.common:Messageindexb)
                  20003234    00000004     (.common:PTxChan)
                  20003238    00000004     (.common:Pamplitudes)
                  2000323c    00000004     (.common:Pdistances)
                  20003240    00000004     (.common:Pt)
                  20003244    00000004     (.common:Pt2)
                  20003248    00000004     (.common:Pt3)
                  2000324c    00000004     (.common:RightDistance)
                  20003250    00000004     (.common:Size)
                  20003254    00000004     (.common:StartTime)
                  20003258    00000004     (.common:TimeToConvert)
                  2000325c    00000004     (.common:TxChannel)
                  20003260    00000004     (.common:UL)
                  20003264    00000004     (.common:UR)
                  20003268    00000004     (.common:i)
                  2000326c    00000004     (.common:u1)
                  20003270    00000004     (.common:u2)
                  20003274    00000004     (.common:u3)
                  20003278    00000001     (.common:Bumper)
                  20003279    00000001     (.common:hope)

.sysmem    0    20003280    00000400     UNINITIALIZED
                  20003280    00000010     rtsv7M4_T_le_v4SPD16_eabi.lib : memory.c.obj (.sysmem)
                  20003290    000003f0     --HOLE--

.data      0    20003680    0000023c     UNINITIALIZED
                  20003680    000000f0     rtsv7M4_T_le_v4SPD16_eabi.lib : defs.c.obj (.data:_ftable)
                  20003770    00000078                                   : host_device.c.obj (.data:_device)
                  200037e8    00000050                                   : host_device.c.obj (.data:_stream)
                  20003838    0000001e     OPT3101_Simple.obj (.data)
                  20003856    00000002     --HOLE--
                  20003858    00000018     Clock.obj (.data)
                  20003870    00000010     rtsv7M4_T_le_v4SPD16_eabi.lib : defs.c.obj (.data)
                  20003880    0000000c                                   : exit.c.obj (.data:$O1$$)
                  2000388c    0000000c     TA3InputCapture.obj (.data)
                  20003898    00000008     rtsv7M4_T_le_v4SPD16_eabi.lib : _lock.c.obj (.data:$O1$$)
                  200038a0    00000008                                   : memory.c.obj (.data:$O1$$)
                  200038a8    00000004                                   : add_device.c.obj (.data)
                  200038ac    00000004                                   : errno.c.obj (.data)
                  200038b0    00000004                                   : fopen.c.obj (.data)
                  200038b4    00000004                                   : open.c.obj (.data)
                  200038b8    00000004     system_msp432p401r.obj (.data)

.stack     0    2000fe00    00000200     UNINITIALIZED
                  2000fe00    00000004     rtsv7M4_T_le_v4SPD16_eabi.lib : boot_cortex_m.c.obj (.stack)
                  2000fe04    000001fc     --HOLE--

__llvm_prf_cnts 
*          0    20000000    00000000     UNINITIALIZED

MODULE SUMMARY

       Module                        code    ro data   rw data
       ------                        ----    -------   -------
    .\
       LPF.obj                       1488    0         24664  
       UART0.obj                     1760    0         24     
       opt3101.obj                   1308    0         88     
       OPT3101_Simple.obj            1132    0         216    
       I2CB1.obj                     932     0         0      
       system_msp432p401r.obj        820     0         8      
       Motor.obj                     620     0         0      
       Clock.obj                     480     0         48     
       TA3InputCapture.obj           468     0         24     
       startup_msp432p401r_ccs.obj   14      228       0      
       BumpInt.obj                   152     0         0      
       Bump.obj                      96      0         0      
       CortexM.obj                   36      0         0      
    +--+-----------------------------+-------+---------+---------+
       Total:                        9306    228       25072  
                                                              
    C:\ti\ccs1220\ccs\tools\compiler\ti-cgt-arm_20.2.7.LTS\lib\rtsv7M4_T_le_v4SPD16_eabi.lib
       _printfi.c.obj                4851    0         0      
       defs.c.obj                    0       0         832    
       memory.c.obj                  672     0         16     
       trgmsg.c.obj                  108     0         576    
       fopen.c.obj                   532     0         8      
       fd_add_t2.asm.obj             438     0         0      
       host_device.c.obj             0       0         400    
       fd_div_t2.asm.obj             310     0         0      
       fputs.c.obj                   276     0         0      
       s_scalbn.c.obj                272     0         0      
       fd_cmp_t2.asm.obj             268     0         0      
       ctype.c.obj                   0       257       0      
       fd_mul_t2.asm.obj             252     0         0      
       setvbuf.c.obj                 220     0         0      
       open.c.obj                    188     0         8      
       add_device.c.obj              184     0         8      
       memcpy_t2.asm.obj             156     0         0      
       ull_div_t2.asm.obj            150     0         0      
       fputc.c.obj                   140     0         0      
       memset_t2.asm.obj             122     0         0      
       fclose.c.obj                  116     0         0      
       getdevice.c.obj               116     0         0      
       hostopen.c.obj                96      0         16     
       printf.c.obj                  112     0         0      
       hostrename.c.obj              108     0         0      
       copy_decompress_lzss.c.obj    104     0         0      
       hostlseek.c.obj               104     0         0      
       exit.c.obj                    76      0         24     
       fseek.c.obj                   100     0         0      
       s_frexp.c.obj                 100     0         0      
       _io_perm.c.obj                98      0         0      
       close.c.obj                   92      0         0      
       hostread.c.obj                88      0         0      
       hostwrite.c.obj               88      0         0      
       _ltoa.c.obj                   84      0         0      
       atoi.c.obj                    76      0         0      
       fflush.c.obj                  76      0         0      
       fd_toi_t2.asm.obj             72      0         0      
       autoinit.c.obj                68      0         0      
       hostclose.c.obj               68      0         0      
       hostunlink.c.obj              68      0         0      
       strncpy.c.obj                 54      0         0      
       boot_cortex_m.c.obj           52      0         0      
       i_tofd_t2.asm.obj             46      0         0      
       unlink.c.obj                  44      0         0      
       lseek.c.obj                   40      0         0      
       write.c.obj                   40      0         0      
       memchr.c.obj                  32      0         0      
       memccpy.c.obj                 28      0         0      
       s_copysign.c.obj              26      0         0      
       strcmp.c.obj                  24      0         0      
       strchr.c.obj                  22      0         0      
       strcpy.c.obj                  20      0         0      
       strlen.c.obj                  20      0         0      
       _lock.c.obj                   2       0         16     
       wcslen.c.obj                  18      0         0      
       errno.c.obj                   8       0         8      
       copy_decompress_none.c.obj    14      0         0      
       copy_zero_init.c.obj          12      0         0      
       pre_init.c.obj                4       0         0      
       div0.asm.obj                  2       0         0      
    +--+-----------------------------+-------+---------+---------+
       Total:                        11557   257       1912   
                                                              
       Heap:                         0       0         2048   
       Stack:                        0       0         1024   
       Linker Generated:             0       164       0      
    +--+-----------------------------+-------+---------+---------+
       Grand Total:                  20863   649       30056  


LINKER GENERATED COPY TABLES

__TI_cinit_table @ 00005418 records: 2, size/record: 8, table size: 16
	.data: load addr=00005380, load size=00000080 bytes, run addr=20003680, run size=0000023c bytes, compression=lzss
	.bss: load addr=00005410, load size=00000008 bytes, run addr=20000000, run size=0000327a bytes, compression=zero_init


LINKER GENERATED HANDLER TABLE

__TI_handler_table @ 00005400 records: 3, size/record: 4, table size: 12
	index: 0, handler: __TI_decompress_lzss
	index: 1, handler: __TI_decompress_none
	index: 2, handler: __TI_zero_init


GLOBAL SYMBOLS: SORTED ALPHABETICALLY BY Name 

address   name                              
-------   ----                              
00005249  ADC14_IRQHandler                  
00005249  AES256_IRQHandler                 
200031c0  Amplitudes                        
00004245  BumpInt_Init                      
000042ad  BumpInt_Read                      
000049c3  Bump_Init                         
000049e3  Bump_Read                         
20003278  Bumper                            
00005249  BusFault_Handler                  
00005275  C$$EXIT                           
00004f1b  C$$IO$$                           
00005249  COMP_E0_IRQHandler                
00005249  COMP_E1_IRQHandler                
20003860  CPMwait                           
00005249  CS_IRQHandler                     
2000388c  CaptureTask0                      
20003890  CaptureTask1                      
20003894  CaptureTask2                      
20003208  CenterDistance                    
200031cc  ChannelCount                      
20003858  ClockFrequency                    
00002e75  Clock_Delay1ms                    
00002e4b  Clock_Delay1us                    
00002e37  Clock_GetFreq                     
00002d21  Clock_Init48MHz                   
00001ddf  Controller_Right                  
2000386c  Crystalstable                     
00005249  DMA_ERR_IRQHandler                
00005249  DMA_INT0_IRQHandler               
00005249  DMA_INT1_IRQHandler               
00005249  DMA_INT2_IRQHandler               
00005249  DMA_INT3_IRQHandler               
00005249  DebugMon_Handler                  
00005249  Default_Handler                   
00005131  DisableInterrupts                 
200031d8  Distances                         
00005249  EUSCIA0_IRQHandler                
00005249  EUSCIA1_IRQHandler                
00005249  EUSCIA2_IRQHandler                
00005249  EUSCIA3_IRQHandler                
00005249  EUSCIB0_IRQHandler                
00005249  EUSCIB1_IRQHandler                
00005249  EUSCIB2_IRQHandler                
00005249  EUSCIB3_IRQHandler                
00005137  EnableInterrupts                  
00005147  EndCritical                       
2000320c  Error                             
00005249  FLCTL_IRQHandler                  
00005249  FPU_IRQHandler                    
200031e4  FilteredDistances                 
00004d9d  HOSTclose                         
00004749  HOSTlseek                         
00004a0d  HOSTopen                          
00004ac9  HOSTread                          
000046dd  HOSTrename                        
00004de1  HOSTunlink                        
00004b21  HOSTwrite                         
00005249  HardFault_Handler                 
20003210  I1                                
0000216d  I2CB1_Init                        
00002233  I2CB1_Recv                        
00002487  I2CB1_Recv1                       
000021bb  I2CB1_Send                        
000022af  I2CB1_Send1                       
0000230b  I2CB1_Send2                       
0000237b  I2CB1_Send3                       
000023f9  I2CB1_Send4                       
20003868  IFlags                            
20003214  ISRLast                           
20003218  ISRPeriod                         
2000321c  ISRTime                           
20003844  Ki                                
20003848  Kp                                
20003220  LPFSum                            
20003224  LPFSum2                           
20003228  LPFSum3                           
00001369  LPF_Calc                          
000014bd  LPF_Calc2                         
00001629  LPF_Calc3                         
000012a9  LPF_Calc_old                      
0000130b  LPF_Init                          
00001461  LPF_Init2                         
000015d5  LPF_Init3                         
00001255  LPF_Init_old                      
00001da1  Left                              
2000322c  LeftDistance                      
00001741  Median                            
00005249  MemManage_Handler                 
200031f8  Messageb                          
20003230  Messageindexb                     
20003840  Mode                              
00002bfd  Motor_Backward                    
00002b63  Motor_Forward                     
00002ab5  Motor_Init                        
00002b93  Motor_Left                        
00002bcd  Motor_Right                       
00002b49  Motor_Stop                        
00005249  NMI_Handler                       
000013bd  Noise                             
00001531  Noise2                            
00001695  Noise3                            
2000383c  ON                                
00001c17  OPT3101_ArmInterrupts             
000019d7  OPT3101_CalibrateInternalCrosstalk
00001b7d  OPT3101_CheckDistanceSensor       
00001b49  OPT3101_GetAmplitude              
00001b67  OPT3101_GetDistanceMillimeters    
00001b95  OPT3101_GetMeasurement            
00001b5d  OPT3101_GetPhase                  
00001b3f  OPT3101_GetTxChannel              
0000184f  OPT3101_Init                      
00001b1f  OPT3101_MeasurementError          
00001b07  OPT3101_ReadMeasurement           
000017e5  OPT3101_ReadRegister              
000018ad  OPT3101_Setup                     
00001ab9  OPT3101_StartMeasurement          
00001ac7  OPT3101_StartMeasurementChannel   
00001815  OPT3101_WriteRegister             
00005249  PCM_IRQHandler                    
00005249  PORT1_IRQHandler                  
00005249  PORT2_IRQHandler                  
00005249  PORT3_IRQHandler                  
000049ad  PORT4_IRQHandler                  
000049ad  PORT4_IRQHandler                  
00005249  PORT5_IRQHandler                  
00001c6d  PORT6_IRQHandler                  
00001c6d  PORT6_IRQHandler                  
00005249  PSS_IRQHandler                    
20003234  PTxChan                           
00002cb9  PWM_DutyLeft                      
00002c99  PWM_DutyRight                     
00002c2d  PWM_InitRL                        
20003238  Pamplitudes                       
2000323c  Pdistances                        
00005249  PendSV_Handler                    
20003864  Postwait                          
2000385c  Prewait                           
20003240  Pt                                
20003244  Pt2                               
20003248  Pt3                               
00005249  RTC_C_IRQHandler                  
0000523d  Reset_Handler                     
00001dbd  Right                             
2000324c  RightDistance                     
00005249  SVC_Handler                       
20003850  Semaphore                         
20003838  SetPoint                          
20003250  Size                              
0000513d  StartCritical                     
20003254  StartTime                         
00005249  SysTick_Handler                   
200038b8  SystemCoreClock                   
00002511  SystemCoreClockUpdate             
00002789  SystemInit                        
00005249  T32_INT1_IRQHandler               
00005249  T32_INT2_IRQHandler               
00005249  T32_INTC_IRQHandler               
00005249  TA0_0_IRQHandler                  
00005249  TA0_N_IRQHandler                  
00005249  TA1_0_IRQHandler                  
00005249  TA1_N_IRQHandler                  
00005249  TA2_0_IRQHandler                  
00005249  TA2_N_IRQHandler                  
00002f8d  TA3_0_IRQHandler                  
00002f8d  TA3_0_IRQHandler                  
00002fa7  TA3_N_IRQHandler                  
00002fa7  TA3_N_IRQHandler                  
20003258  TimeToConvert                     
00002f0d  TimerA3Capture_Init01             
00002fe7  TimerA3Capture_Init02             
2000325c  TxChannel                         
00000b7d  UART0_InChar                      
00001025  UART0_InString                    
00000bc7  UART0_InUDec                      
00000ed9  UART0_InUHex                      
00000b35  UART0_Init                        
00001187  UART0_Initprintf                  
00000b8d  UART0_OutChar                     
00000c7b  UART0_OutSDec                     
00000ba9  UART0_OutString                   
00000c4b  UART0_OutUDec                     
00000ded  UART0_OutUDec4                    
00000e35  UART0_OutUDec5                    
00000e67  UART0_OutUFix1                    
00000e8f  UART0_OutUFix2                    
00000f9d  UART0_OutUHex                     
00001009  UART0_OutUHex2                    
20003260  UL                                
20003264  UR                                
00001d7b  UartClear                         
00001d49  UartSetCur                        
00005249  UsageFault_Handler                
4000480c  WDTCTL_SYM                        
00005249  WDT_A_IRQHandler                  
0000514f  WaitForInterrupt                  
20003000  __CIOBUF_                         
20010000  __STACK_END                       
00000200  __STACK_SIZE                      
00000400  __SYSMEM_SIZE                     
00005418  __TI_CINIT_Base                   
00005428  __TI_CINIT_Limit                  
00005400  __TI_Handler_Table_Base           
0000540c  __TI_Handler_Table_Limit          
00004e25  __TI_auto_init_nobinit_nopinit    
00004f5d  __TI_cleanup                      
20003880  __TI_cleanup_ptr                  
00004589  __TI_closefile                    
000047b1  __TI_decompress_lzss              
0000522f  __TI_decompress_none              
00004c75  __TI_doflush                      
20003884  __TI_dtors_ptr                    
20003888  __TI_enable_exit_profile_output   
20003870  __TI_ft_end                       
00004bcf  __TI_ltoa                         
ffffffff  __TI_pprof_out_hndl               
000000e5  __TI_printfi                      
ffffffff  __TI_prof_data_size               
ffffffff  __TI_prof_data_start              
00004f91  __TI_readmsg                      
00000000  __TI_static_base__                
20003120  __TI_tmpnams                      
00004eed  __TI_writemsg                     
00004949  __TI_wrt_ok                       
0000524b  __TI_zero_init                    
00004401  __aeabi_cdcmpeq                   
00004401  __aeabi_cdcmple                   
00004487  __aeabi_cdrcmple                  
00004d55  __aeabi_d2iz                      
000032af  __aeabi_dadd                      
00003599  __aeabi_ddiv                      
00003c29  __aeabi_dmul                      
000032a5  __aeabi_dsub                      
00005259  __aeabi_errno_addr                
0000505d  __aeabi_i2d                       
0000345b  __aeabi_idiv0                     
0000345b  __aeabi_ldiv0                     
0000450d  __aeabi_memclr                    
0000450d  __aeabi_memclr4                   
0000450d  __aeabi_memclr8                   
000041a9  __aeabi_memcpy                    
000041a9  __aeabi_memcpy4                   
000041a9  __aeabi_memcpy8                   
0000450f  __aeabi_memset                    
0000450f  __aeabi_memset4                   
0000450f  __aeabi_memset8                   
2000387c  __aeabi_stderr                    
20003874  __aeabi_stdin                     
20003878  __aeabi_stdout                    
000042dd  __aeabi_uldivmod                  
ffffffff  __binit__                         
ffffffff  __c_args__                        
UNDEFED   __mpu_init                        
2000fe00  __stack                           
20000000  __start___llvm_prf_cnts           
20000000  __stop___llvm_prf_cnts            
00004fc5  _c_int00_noargs                   
00005278  _ctypes_                          
20003770  _device                           
20003680  _ftable                           
20003898  _lock                             
00000b33  _nop                              
200037e8  _stream                           
20003280  _sys_memory                       
UNDEFED   _system_post_cinit                
00005271  _system_pre_init                  
2000389c  _unlock                           
00005275  abort                             
00003fa1  add_device                        
00003b29  aligned_alloc                     
00004cc1  atoi                              
ffffffff  binit                             
00001ecd  bump                              
00004a6d  close                             
000051ad  copysign                          
000051ad  copysignl                         
00002e3d  delay                             
200038ac  errno                             
00004d0d  exit                              
000010b9  ferror                            
0000109f  fgetc                             
0000502d  finddevice                        
0000410d  fopen                             
00004375  fputc                             
000037f5  fputs                             
00003d25  free                              
00004ff9  freopen                           
00004881  frexp                             
00004881  frexpl                            
000048e5  fseek                             
00004e69  getdevice                         
20003279  hope                              
20003268  i                                 
00000000  interruptVectors                  
00001215  isqrt                             
00003a19  ldexp                             
00003a19  ldexpl                            
000050e1  lseek                             
00001f31  main                              
00005261  malloc                            
00001d01  mapBits                           
20003854  max                               
00003b29  memalign                          
00005191  memccpy                           
00005155  memchr                            
000041a9  memcpy                            
00004515  memset                            
00003ee5  open                              
00000fe1  outnibble                         
20003200  parmbuf                           
00001d85  pollDistanceSensor                
00004819  printf                            
00004375  putc                              
0000508d  remove                            
00003a19  scalbn                            
00003a19  scalbnl                           
00003e09  setvbuf                           
2000384c  status                            
000051df  strchr                            
000051c7  strcmp                            
000051f5  strcpy                            
00005209  strlen                            
00004f25  strncpy                           
00002f01  ta3dummy                          
2000326c  u1                                
20003270  u2                                
20003274  u3                                
000010df  uart_close                        
0000115d  uart_lseek                        
000010cf  uart_open                         
000010eb  uart_read                         
00001179  uart_rename                       
0000116d  uart_unlink                       
0000111b  uart_write                        
0000508d  unlink                            
0000521d  wcslen                            
00005109  write                             
20000000  x                                 
20001000  x2                                
20002000  x3                                


GLOBAL SYMBOLS: SORTED BY Symbol Address 

address   name                              
-------   ----                              
00000000  __TI_static_base__                
00000000  interruptVectors                  
000000e5  __TI_printfi                      
00000200  __STACK_SIZE                      
00000400  __SYSMEM_SIZE                     
00000b33  _nop                              
00000b35  UART0_Init                        
00000b7d  UART0_InChar                      
00000b8d  UART0_OutChar                     
00000ba9  UART0_OutString                   
00000bc7  UART0_InUDec                      
00000c4b  UART0_OutUDec                     
00000c7b  UART0_OutSDec                     
00000ded  UART0_OutUDec4                    
00000e35  UART0_OutUDec5                    
00000e67  UART0_OutUFix1                    
00000e8f  UART0_OutUFix2                    
00000ed9  UART0_InUHex                      
00000f9d  UART0_OutUHex                     
00000fe1  outnibble                         
00001009  UART0_OutUHex2                    
00001025  UART0_InString                    
0000109f  fgetc                             
000010b9  ferror                            
000010cf  uart_open                         
000010df  uart_close                        
000010eb  uart_read                         
0000111b  uart_write                        
0000115d  uart_lseek                        
0000116d  uart_unlink                       
00001179  uart_rename                       
00001187  UART0_Initprintf                  
00001215  isqrt                             
00001255  LPF_Init_old                      
000012a9  LPF_Calc_old                      
0000130b  LPF_Init                          
00001369  LPF_Calc                          
000013bd  Noise                             
00001461  LPF_Init2                         
000014bd  LPF_Calc2                         
00001531  Noise2                            
000015d5  LPF_Init3                         
00001629  LPF_Calc3                         
00001695  Noise3                            
00001741  Median                            
000017e5  OPT3101_ReadRegister              
00001815  OPT3101_WriteRegister             
0000184f  OPT3101_Init                      
000018ad  OPT3101_Setup                     
000019d7  OPT3101_CalibrateInternalCrosstalk
00001ab9  OPT3101_StartMeasurement          
00001ac7  OPT3101_StartMeasurementChannel   
00001b07  OPT3101_ReadMeasurement           
00001b1f  OPT3101_MeasurementError          
00001b3f  OPT3101_GetTxChannel              
00001b49  OPT3101_GetAmplitude              
00001b5d  OPT3101_GetPhase                  
00001b67  OPT3101_GetDistanceMillimeters    
00001b7d  OPT3101_CheckDistanceSensor       
00001b95  OPT3101_GetMeasurement            
00001c17  OPT3101_ArmInterrupts             
00001c6d  PORT6_IRQHandler                  
00001c6d  PORT6_IRQHandler                  
00001d01  mapBits                           
00001d49  UartSetCur                        
00001d7b  UartClear                         
00001d85  pollDistanceSensor                
00001da1  Left                              
00001dbd  Right                             
00001ddf  Controller_Right                  
00001ecd  bump                              
00001f31  main                              
0000216d  I2CB1_Init                        
000021bb  I2CB1_Send                        
00002233  I2CB1_Recv                        
000022af  I2CB1_Send1                       
0000230b  I2CB1_Send2                       
0000237b  I2CB1_Send3                       
000023f9  I2CB1_Send4                       
00002487  I2CB1_Recv1                       
00002511  SystemCoreClockUpdate             
00002789  SystemInit                        
00002ab5  Motor_Init                        
00002b49  Motor_Stop                        
00002b63  Motor_Forward                     
00002b93  Motor_Left                        
00002bcd  Motor_Right                       
00002bfd  Motor_Backward                    
00002c2d  PWM_InitRL                        
00002c99  PWM_DutyRight                     
00002cb9  PWM_DutyLeft                      
00002d21  Clock_Init48MHz                   
00002e37  Clock_GetFreq                     
00002e3d  delay                             
00002e4b  Clock_Delay1us                    
00002e75  Clock_Delay1ms                    
00002f01  ta3dummy                          
00002f0d  TimerA3Capture_Init01             
00002f8d  TA3_0_IRQHandler                  
00002f8d  TA3_0_IRQHandler                  
00002fa7  TA3_N_IRQHandler                  
00002fa7  TA3_N_IRQHandler                  
00002fe7  TimerA3Capture_Init02             
000032a5  __aeabi_dsub                      
000032af  __aeabi_dadd                      
0000345b  __aeabi_idiv0                     
0000345b  __aeabi_ldiv0                     
00003599  __aeabi_ddiv                      
000037f5  fputs                             
00003a19  ldexp                             
00003a19  ldexpl                            
00003a19  scalbn                            
00003a19  scalbnl                           
00003b29  aligned_alloc                     
00003b29  memalign                          
00003c29  __aeabi_dmul                      
00003d25  free                              
00003e09  setvbuf                           
00003ee5  open                              
00003fa1  add_device                        
0000410d  fopen                             
000041a9  __aeabi_memcpy                    
000041a9  __aeabi_memcpy4                   
000041a9  __aeabi_memcpy8                   
000041a9  memcpy                            
00004245  BumpInt_Init                      
000042ad  BumpInt_Read                      
000042dd  __aeabi_uldivmod                  
00004375  fputc                             
00004375  putc                              
00004401  __aeabi_cdcmpeq                   
00004401  __aeabi_cdcmple                   
00004487  __aeabi_cdrcmple                  
0000450d  __aeabi_memclr                    
0000450d  __aeabi_memclr4                   
0000450d  __aeabi_memclr8                   
0000450f  __aeabi_memset                    
0000450f  __aeabi_memset4                   
0000450f  __aeabi_memset8                   
00004515  memset                            
00004589  __TI_closefile                    
000046dd  HOSTrename                        
00004749  HOSTlseek                         
000047b1  __TI_decompress_lzss              
00004819  printf                            
00004881  frexp                             
00004881  frexpl                            
000048e5  fseek                             
00004949  __TI_wrt_ok                       
000049ad  PORT4_IRQHandler                  
000049ad  PORT4_IRQHandler                  
000049c3  Bump_Init                         
000049e3  Bump_Read                         
00004a0d  HOSTopen                          
00004a6d  close                             
00004ac9  HOSTread                          
00004b21  HOSTwrite                         
00004bcf  __TI_ltoa                         
00004c75  __TI_doflush                      
00004cc1  atoi                              
00004d0d  exit                              
00004d55  __aeabi_d2iz                      
00004d9d  HOSTclose                         
00004de1  HOSTunlink                        
00004e25  __TI_auto_init_nobinit_nopinit    
00004e69  getdevice                         
00004eed  __TI_writemsg                     
00004f1b  C$$IO$$                           
00004f25  strncpy                           
00004f5d  __TI_cleanup                      
00004f91  __TI_readmsg                      
00004fc5  _c_int00_noargs                   
00004ff9  freopen                           
0000502d  finddevice                        
0000505d  __aeabi_i2d                       
0000508d  remove                            
0000508d  unlink                            
000050e1  lseek                             
00005109  write                             
00005131  DisableInterrupts                 
00005137  EnableInterrupts                  
0000513d  StartCritical                     
00005147  EndCritical                       
0000514f  WaitForInterrupt                  
00005155  memchr                            
00005191  memccpy                           
000051ad  copysign                          
000051ad  copysignl                         
000051c7  strcmp                            
000051df  strchr                            
000051f5  strcpy                            
00005209  strlen                            
0000521d  wcslen                            
0000522f  __TI_decompress_none              
0000523d  Reset_Handler                     
00005249  ADC14_IRQHandler                  
00005249  AES256_IRQHandler                 
00005249  BusFault_Handler                  
00005249  COMP_E0_IRQHandler                
00005249  COMP_E1_IRQHandler                
00005249  CS_IRQHandler                     
00005249  DMA_ERR_IRQHandler                
00005249  DMA_INT0_IRQHandler               
00005249  DMA_INT1_IRQHandler               
00005249  DMA_INT2_IRQHandler               
00005249  DMA_INT3_IRQHandler               
00005249  DebugMon_Handler                  
00005249  Default_Handler                   
00005249  EUSCIA0_IRQHandler                
00005249  EUSCIA1_IRQHandler                
00005249  EUSCIA2_IRQHandler                
00005249  EUSCIA3_IRQHandler                
00005249  EUSCIB0_IRQHandler                
00005249  EUSCIB1_IRQHandler                
00005249  EUSCIB2_IRQHandler                
00005249  EUSCIB3_IRQHandler                
00005249  FLCTL_IRQHandler                  
00005249  FPU_IRQHandler                    
00005249  HardFault_Handler                 
00005249  MemManage_Handler                 
00005249  NMI_Handler                       
00005249  PCM_IRQHandler                    
00005249  PORT1_IRQHandler                  
00005249  PORT2_IRQHandler                  
00005249  PORT3_IRQHandler                  
00005249  PORT5_IRQHandler                  
00005249  PSS_IRQHandler                    
00005249  PendSV_Handler                    
00005249  RTC_C_IRQHandler                  
00005249  SVC_Handler                       
00005249  SysTick_Handler                   
00005249  T32_INT1_IRQHandler               
00005249  T32_INT2_IRQHandler               
00005249  T32_INTC_IRQHandler               
00005249  TA0_0_IRQHandler                  
00005249  TA0_N_IRQHandler                  
00005249  TA1_0_IRQHandler                  
00005249  TA1_N_IRQHandler                  
00005249  TA2_0_IRQHandler                  
00005249  TA2_N_IRQHandler                  
00005249  UsageFault_Handler                
00005249  WDT_A_IRQHandler                  
0000524b  __TI_zero_init                    
00005259  __aeabi_errno_addr                
00005261  malloc                            
00005271  _system_pre_init                  
00005275  C$$EXIT                           
00005275  abort                             
00005278  _ctypes_                          
00005400  __TI_Handler_Table_Base           
0000540c  __TI_Handler_Table_Limit          
00005418  __TI_CINIT_Base                   
00005428  __TI_CINIT_Limit                  
20000000  __start___llvm_prf_cnts           
20000000  __stop___llvm_prf_cnts            
20000000  x                                 
20001000  x2                                
20002000  x3                                
20003000  __CIOBUF_                         
20003120  __TI_tmpnams                      
200031c0  Amplitudes                        
200031cc  ChannelCount                      
200031d8  Distances                         
200031e4  FilteredDistances                 
200031f8  Messageb                          
20003200  parmbuf                           
20003208  CenterDistance                    
2000320c  Error                             
20003210  I1                                
20003214  ISRLast                           
20003218  ISRPeriod                         
2000321c  ISRTime                           
20003220  LPFSum                            
20003224  LPFSum2                           
20003228  LPFSum3                           
2000322c  LeftDistance                      
20003230  Messageindexb                     
20003234  PTxChan                           
20003238  Pamplitudes                       
2000323c  Pdistances                        
20003240  Pt                                
20003244  Pt2                               
20003248  Pt3                               
2000324c  RightDistance                     
20003250  Size                              
20003254  StartTime                         
20003258  TimeToConvert                     
2000325c  TxChannel                         
20003260  UL                                
20003264  UR                                
20003268  i                                 
2000326c  u1                                
20003270  u2                                
20003274  u3                                
20003278  Bumper                            
20003279  hope                              
20003280  _sys_memory                       
20003680  _ftable                           
20003770  _device                           
200037e8  _stream                           
20003838  SetPoint                          
2000383c  ON                                
20003840  Mode                              
20003844  Ki                                
20003848  Kp                                
2000384c  status                            
20003850  Semaphore                         
20003854  max                               
20003858  ClockFrequency                    
2000385c  Prewait                           
20003860  CPMwait                           
20003864  Postwait                          
20003868  IFlags                            
2000386c  Crystalstable                     
20003870  __TI_ft_end                       
20003874  __aeabi_stdin                     
20003878  __aeabi_stdout                    
2000387c  __aeabi_stderr                    
20003880  __TI_cleanup_ptr                  
20003884  __TI_dtors_ptr                    
20003888  __TI_enable_exit_profile_output   
2000388c  CaptureTask0                      
20003890  CaptureTask1                      
20003894  CaptureTask2                      
20003898  _lock                             
2000389c  _unlock                           
200038ac  errno                             
200038b8  SystemCoreClock                   
2000fe00  __stack                           
20010000  __STACK_END                       
4000480c  WDTCTL_SYM                        
ffffffff  __TI_pprof_out_hndl               
ffffffff  __TI_prof_data_size               
ffffffff  __TI_prof_data_start              
ffffffff  __binit__                         
ffffffff  __c_args__                        
ffffffff  binit                             
UNDEFED   __mpu_init                        
UNDEFED   _system_post_cinit                

[339 symbols]
