******************************************************************************
                  TI ARM Linker PC v20.2.7                     
******************************************************************************
>> Linked Sun Apr 23 19:37:34 2023

OUTPUT FILE NAME:   <MotorControl-MQTT.out>
ENTRY POINT SYMBOL: "_c_int00_noargs"  address: 0000ed21


MEMORY CONFIGURATION

         name            origin    length      used     unused   attr    fill
----------------------  --------  ---------  --------  --------  ----  --------
  MAIN                  00000000   00040000  0000f454  00030bac  R  X
  INFO                  00200000   00004000  00000000  00004000  R  X
  SRAM_CODE             01000000   00010000  00000c01  0000f3ff  RW X
  SRAM_DATA             20000000   00010000  00000c01  0000f3ff  RW  


SEGMENT ALLOCATION MAP

run origin  load origin   length   init length attrs members
----------  ----------- ---------- ----------- ----- -------
00000000    00000000    0000f458   0000f458    r-x
  00000000    00000000    000000e4   000000e4    r-- .intvecs
  000000e4    000000e4    0000edf8   0000edf8    r-x .text
  0000eedc    0000eedc    000004d0   000004d0    r-- .const
  0000f3b0    0000f3b0    000000a8   000000a8    r-- .cinit
20000000    20000000    00000a04   00000000    rw-
  20000000    20000000    000000e4   00000000    rw- .vtable
  200000e4    200000e4    0000087d   00000000    rw- .bss
  20000964    20000964    000000a0   00000000    rw- .data
2000fe00    2000fe00    00000200   00000000    rw-
  2000fe00    2000fe00    00000200   00000000    rw- .stack


SECTION ALLOCATION MAP

 output                                  attributes/
section   page    origin      length       input sections
--------  ----  ----------  ----------   ----------------
.intvecs   0    00000000    000000e4     
                  00000000    000000e4     startup_msp432p401r_ccs.obj (.intvecs:retain)

.text      0    000000e4    0000edf8     
                  000000e4    00002034     driver.obj (.text)
                  00002118    00001598     flash.obj (.text)
                  000036b0    00000f08     main.obj (.text)
                  000045b8    00000ed4     socket.obj (.text)
                  0000548c    00000d7c     cs.obj (.text)
                  00006208    00000b3c     netapp.obj (.text)
                  00006d44    00000ac0     wlan.obj (.text)
                  00007804    00000a4e     rtsv7M4_T_le_v4SPD16_eabi.lib : _printfi.c.obj (.text:__TI_printfi)
                  00008252    00000002                                   : div0.asm.obj (.text)
                  00008254    000009fc     MQTTClient.obj (.text)
                  00008c50    00000838     pcm.obj (.text)
                  00009488    00000798     timer_a.obj (.text)
                  00009c20    000005b4     device.obj (.text)
                  0000a1d4    00000508     rtc_c.obj (.text)
                  0000a6dc    00000480     gpio.obj (.text)
                  0000ab5c    00000420     PWM.obj (.text)
                  0000af7c    000003f8     MQTTPacket.obj (.text)
                  0000b374    000003f0     interrupt.obj (.text)
                  0000b764    000003ac     MQTTConnectClient.obj (.text)
                  0000bb10    00000388     MQTTCC3100.obj (.text)
                  0000be98    00000344     board.obj (.text)
                  0000c1dc    0000032c     system_msp432p401r.obj (.text)
                  0000c508    00000270     rtsv7M4_T_le_v4SPD16_eabi.lib : _printfi.c.obj (.text:_pconv_a)
                  0000c778    00000244     sysctl.obj (.text)
                  0000c9bc    00000218     MQTTSerializePublish.obj (.text)
                  0000cbd4    00000218     MQTTSubscribeClient.obj (.text)
                  0000cdec    00000214     spi_cc3100.obj (.text)
                  0000d000    000001d4     Motor.obj (.text)
                  0000d1d4    000001d0     rtsv7M4_T_le_v4SPD16_eabi.lib : _printfi.c.obj (.text:_pconv_g)
                  0000d3a4    000001b6                                   : fd_add_t2.asm.obj (.text)
                  0000d55a    00000002     --HOLE-- [fill = 0]
                  0000d55c    000001a0     MQTTUnsubscribeClient.obj (.text)
                  0000d6fc    00000184     crc32.obj (.text)
                  0000d880    0000016c     cli_uart.obj (.text)
                  0000d9ec    0000013c     rtsv7M4_T_le_v4SPD16_eabi.lib : _printfi.c.obj (.text:_pconv_e)
                  0000db28    00000138     MQTTDeserializePublish.obj (.text)
                  0000dc60    00000136     rtsv7M4_T_le_v4SPD16_eabi.lib : fd_div_t2.asm.obj (.text)
                  0000dd96    00000002     --HOLE-- [fill = 0]
                  0000dd98    00000130     nonos.obj (.text)
                  0000dec8    00000124     rtsv7M4_T_le_v4SPD16_eabi.lib : _printfi.c.obj (.text:fcvt)
                  0000dfec    00000110     netcfg.obj (.text)
                  0000e0fc    00000110     rtsv7M4_T_le_v4SPD16_eabi.lib : s_scalbn.c.obj (.text:scalbn)
                  0000e20c    000000fc                                   : fd_mul_t2.asm.obj (.text)
                  0000e308    000000d8     wdt_a.obj (.text)
                  0000e3e0    000000b1     rtsv7M4_T_le_v4SPD16_eabi.lib : _printfi.c.obj (.text:_ltostr)
                  0000e491    00000001     --HOLE-- [fill = 0]
                  0000e492    0000009c                                   : memcpy_t2.asm.obj (.text)
                  0000e52e    00000096                                   : ull_div_t2.asm.obj (.text)
                  0000e5c4    00000090     Bump.obj (.text)
                  0000e654    00000086     rtsv7M4_T_le_v4SPD16_eabi.lib : fd_cmp_t2.asm.obj (.text:__aeabi_cdcmple)
                  0000e6da    00000086                                   : fd_cmp_t2.asm.obj (.text:__aeabi_cdrcmple)
                  0000e760    00000080     flowcont.obj (.text)
                  0000e7e0    0000007a     rtsv7M4_T_le_v4SPD16_eabi.lib : memset_t2.asm.obj (.text)
                  0000e85a    00000002     --HOLE-- [fill = 0]
                  0000e85c    00000074     systick.obj (.text)
                  0000e8d0    0000006e     rtsv7M4_T_le_v4SPD16_eabi.lib : _printfi.c.obj (.text:_mcpy)
                  0000e93e    00000068                                   : copy_decompress_lzss.c.obj (.text:decompress:lzss:__TI_decompress_lzss)
                  0000e9a6    00000002     --HOLE-- [fill = 0]
                  0000e9a8    00000064                                   : s_frexp.c.obj (.text:frexp)
                  0000ea0c    00000056                                   : _printfi.c.obj (.text:_pconv_f)
                  0000ea62    00000054                                   : _ltoa.c.obj (.text:__TI_ltoa)
                  0000eab6    00000052                                   : _printfi.c.obj (.text:_ecpy)
                  0000eb08    0000004c                                   : atoi.c.obj (.text:atoi)
                  0000eb54    0000004c                                   : snprintf.c.obj (.text:snprintf)
                  0000eba0    00000048                                   : fd_toi_t2.asm.obj (.text)
                  0000ebe8    00000044                                   : autoinit.c.obj (.text:__TI_auto_init_nobinit_nopinit:__TI_auto_init_nobinit_nopinit)
                  0000ec2c    00000040                                   : sprintf.c.obj (.text:sprintf)
                  0000ec6c    0000003e                                   : _printfi.c.obj (.text:_fcpy)
                  0000ecaa    0000003e     cpu.obj (.text)
                  0000ece8    00000036     rtsv7M4_T_le_v4SPD16_eabi.lib : strncpy.c.obj (.text:strncpy)
                  0000ed1e    00000002     --HOLE-- [fill = 0]
                  0000ed20    00000034                                   : boot_cortex_m.c.obj (.text:_c_int00_noargs:_c_int00_noargs)
                  0000ed54    00000030                                   : snprintf.c.obj (.text:_outs)
                  0000ed84    0000002e                                   : i_tofd_t2.asm.obj (.text)
                  0000edb2    0000002c                                   : strncmp.c.obj (.text:strncmp)
                  0000edde    0000001c                                   : memccpy.c.obj (.text:memccpy)
                  0000edfa    0000001a                                   : s_copysign.c.obj (.text:copysign)
                  0000ee14    00000018                                   : snprintf.c.obj (.text:_outc)
                  0000ee2c    00000018                                   : sprintf.c.obj (.text:_outs)
                  0000ee44    00000018                                   : strcmp.c.obj (.text:strcmp)
                  0000ee5c    00000016                                   : strchr.c.obj (.text:strchr)
                  0000ee72    00000014                                   : strlen.c.obj (.text:strlen)
                  0000ee86    00000012                                   : wcslen.c.obj (.text:wcslen)
                  0000ee98    0000000e                                   : copy_decompress_none.c.obj (.text:decompress:none:__TI_decompress_none)
                  0000eea6    0000000e     startup_msp432p401r_ccs.obj (.text)
                  0000eeb4    0000000c     rtsv7M4_T_le_v4SPD16_eabi.lib : copy_zero_init.c.obj (.text:decompress:ZI:__TI_zero_init)
                  0000eec0    0000000a                                   : sprintf.c.obj (.text:_outc)
                  0000eeca    00000002     --HOLE-- [fill = 0]
                  0000eecc    00000008                                   : errno.c.obj (.text:__aeabi_errno_addr)
                  0000eed4    00000004                                   : pre_init.c.obj (.text:_system_pre_init)
                  0000eed8    00000004                                   : exit.c.obj (.text:abort:abort)

.const     0    0000eedc    000004d0     
                  0000eedc    00000101     rtsv7M4_T_le_v4SPD16_eabi.lib : ctype.c.obj (.const:.string:_ctypes_)
                  0000efdd    00000003     --HOLE-- [fill = 0]
                  0000efe0    000000b0     wlan.obj (.const:$P$T0$1)
                  0000f090    00000058     main.obj (.const:$P$T0$1)
                  0000f0e8    00000058     MQTTClient.obj (.const:$P$T1$2)
                  0000f140    00000050     interrupt.obj (.const:g_pulRegs)
                  0000f190    00000038     driver.obj (.const:_SlActionLookupTable)
                  0000f1c8    0000002c     main.obj (.const:$P$T1$2)
                  0000f1f4    00000020     interrupt.obj (.const:g_pulPriority)
                  0000f214    0000001c     gpio.obj (.const:GPIO_PORT_TO_INT)
                  0000f230    00000018     main.obj (.const:upConfig)
                  0000f248    00000014     main.obj (.const:$P$T2$3)
                  0000f25c    0000000c     MQTTClient.obj (.const:$P$T2$3)
                  0000f268    0000000c     MQTTClient.obj (.const:$P$T3$4)
                  0000f274    0000000c     main.obj (.const:$P$T3$4)
                  0000f280    0000000c     MQTTClient.obj (.const:$P$T4$5)
                  0000f28c    00000008     driver.obj (.const:g_H2NCnysPattern)
                  0000f294    00000008     driver.obj (.const:g_H2NSyncPattern)
                  0000f29c    00000008     interrupt.obj (.const:g_pulDisRegs)
                  0000f2a4    00000008     interrupt.obj (.const:g_pulEnRegs)
                  0000f2ac    00000008     interrupt.obj (.const:g_pulPendRegs)
                  0000f2b4    00000008     interrupt.obj (.const:g_pulUnpendRegs)
                  0000f2bc    00000004     MQTTClient.obj (.const:$P$T0$1)
                  0000f2c0    00000004     MQTTConnectClient.obj (.const:$P$T0$1)
                  0000f2c4    00000004     MQTTDeserializePublish.obj (.const:$P$T0$1)
                  0000f2c8    00000004     MQTTPacket.obj (.const:$P$T0$1)
                  0000f2cc    00000004     MQTTSerializePublish.obj (.const:$P$T0$1)
                  0000f2d0    00000004     MQTTSubscribeClient.obj (.const:$P$T0$1)
                  0000f2d4    00000004     MQTTUnsubscribeClient.obj (.const:$P$T0$1)
                  0000f2d8    00000004     driver.obj (.const:$P$T0$1)
                  0000f2dc    00000004     netapp.obj (.const:$P$T0$1)
                  0000f2e0    00000004     socket.obj (.const:$P$T0$1)
                  0000f2e4    00000004     MQTTConnectClient.obj (.const:$P$T1$2)
                  0000f2e8    00000004     MQTTDeserializePublish.obj (.const:$P$T1$2)
                  0000f2ec    00000004     MQTTSerializePublish.obj (.const:$P$T1$2)
                  0000f2f0    00000004     MQTTSubscribeClient.obj (.const:$P$T1$2)
                  0000f2f4    00000004     socket.obj (.const:$P$T1$2)
                  0000f2f8    00000004     wlan.obj (.const:$P$T1$2)
                  0000f2fc    00000004     MQTTConnectClient.obj (.const:$P$T2$3)
                  0000f300    00000004     socket.obj (.const:$P$T2$3)
                  0000f304    00000004     wlan.obj (.const:$P$T2$3)
                  0000f308    00000004     MQTTConnectClient.obj (.const:$P$T3$4)
                  0000f30c    00000004     wlan.obj (.const:$P$T3$4)
                  0000f310    00000004     MQTTConnectClient.obj (.const:$P$T4$5)
                  0000f314    00000004     socket.obj (.const:_SlAcceptCmdCtrl)
                  0000f318    00000004     device.obj (.const:_SlDeviceGetCmdCtrl)
                  0000f31c    00000004     device.obj (.const:_SlDeviceSetCmdCtrl)
                  0000f320    00000004     device.obj (.const:_SlEventMaskGetCmdCtrl)
                  0000f324    00000004     device.obj (.const:_SlEventMaskSetCmdCtrl)
                  0000f328    00000004     netapp.obj (.const:_SlGetHostByNameCtrl)
                  0000f32c    00000004     netapp.obj (.const:_SlGetHostByServiceCtrl)
                  0000f330    00000004     netapp.obj (.const:_SlGetServiceListeCtrl)
                  0000f334    00000004     socket.obj (.const:_SlGetSockOptCmdCtrl)
                  0000f338    00000004     socket.obj (.const:_SlListenCmdCtrl)
                  0000f33c    00000004     netapp.obj (.const:_SlNetAppGetCmdCtrl)
                  0000f340    00000004     netapp.obj (.const:_SlNetAppSendTokenValueCmdCtrl)
                  0000f344    00000004     netapp.obj (.const:_SlNetAppSetCmdCtrl)
                  0000f348    00000004     netapp.obj (.const:_SlNetAppStartCtrl)
                  0000f34c    00000004     netapp.obj (.const:_SlNetAppStopCtrl)
                  0000f350    00000004     netcfg.obj (.const:_SlNetCfgGetCmdCtrl)
                  0000f354    00000004     netcfg.obj (.const:_SlNetCfgSetCmdCtrl)
                  0000f358    00000004     wlan.obj (.const:_SlPolicyGetCmdCtrl)
                  0000f35c    00000004     wlan.obj (.const:_SlPolicySetCmdCtrl)
                  0000f360    00000004     wlan.obj (.const:_SlProfileDelCmdCtrl)
                  0000f364    00000004     wlan.obj (.const:_SlProfileGetCmdCtrl)
                  0000f368    00000004     socket.obj (.const:_SlRecvCmdCtrl)
                  0000f36c    00000004     socket.obj (.const:_SlRecvfomCmdCtrl)
                  0000f370    00000004     netapp.obj (.const:_SlRegisterServiceCtrl)
                  0000f374    00000004     wlan.obj (.const:_SlRxFilterAddtCmdCtrl)
                  0000f378    00000004     wlan.obj (.const:_SlRxFilterGetCmdCtrl)
                  0000f37c    00000004     wlan.obj (.const:_SlRxFilterSetCmdCtrl)
                  0000f380    00000004     socket.obj (.const:_SlSelectCmdCtrl)
                  0000f384    00000004     socket.obj (.const:_SlSendCmdCtrl)
                  0000f388    00000004     socket.obj (.const:_SlSetSockOptCmdCtrl)
                  0000f38c    00000004     wlan.obj (.const:_SlSmartConfigStartCmdCtrl)
                  0000f390    00000004     socket.obj (.const:_SlSockCloseCmdCtrl)
                  0000f394    00000004     socket.obj (.const:_SlSockSocketCmdCtrl)
                  0000f398    00000004     device.obj (.const:_SlStopCmdCtrl)
                  0000f39c    00000004     wlan.obj (.const:_SlWlanCfgGetCmdCtrl)
                  0000f3a0    00000004     wlan.obj (.const:_SlWlanCfgSetCmdCtrl)
                  0000f3a4    00000004     wlan.obj (.const:_SlWlanGetNetworkListCtrl)
                  0000f3a8    00000004     wlan.obj (.const:_SlWlanSetModeCmdCtrl)

.cinit     0    0000f3b0    000000a8     
                  0000f3b0    00000070     (.cinit..data.load) [load image, compression = lzss]
                  0000f420    0000000c     (__TI_handler_table)
                  0000f42c    00000004     --HOLE-- [fill = 0]
                  0000f430    00000008     (.cinit..bss.load) [load image, compression = zero_init]
                  0000f438    00000008     (.cinit..vtable.load) [load image, compression = zero_init]
                  0000f440    00000018     (__TI_cinit_table)

.init_array 
*          0    00000000    00000000     UNINITIALIZED

.binit     0    00000000    00000000     

.vtable    0    20000000    000000e4     UNINITIALIZED
                  20000000    000000e4     interrupt.obj (.vtable)

.bss       0    200000e4    0000087d     UNINITIALIZED
                  200000e4    00000648     (.common:g_AppData)
                  2000072c    00000164     (.common:g_StatMem)
                  20000890    0000005c     (.common:hMQTTClient)
                  200008ec    00000028     (.common:g__SlNonOsCB)
                  20000914    00000014     (.common:macStr)
                  20000928    00000010     (.common:n)
                  20000938    0000000c     (.common:uniqueID)
                  20000944    00000008     cs.obj (.bss)
                  2000094c    00000008     (.common:macAddressVal)
                  20000954    00000004     MQTTPacket.obj (.bss)
                  20000958    00000004     (.common:MilliTimer)
                  2000095c    00000004     (.common:g_ucUARTBuffer)
                  20000960    00000001     (.common:IntIsMasked)

.data      0    20000964    000000a0     UNINITIALIZED
                  20000964    00000040     flash.obj (.data:__getBurstProgramRegs)
                  200009a4    00000030     gpio.obj (.data:GPIO_PORT_TO_BASE)
                  200009d4    00000014     main.obj (.data)
                  200009e8    00000009     driver.obj (.data)
                  200009f1    00000003     --HOLE--
                  200009f4    00000004     board.obj (.data)
                  200009f8    00000004     cli_uart.obj (.data)
                  200009fc    00000004     rtsv7M4_T_le_v4SPD16_eabi.lib : errno.c.obj (.data)
                  20000a00    00000004     system_msp432p401r.obj (.data)

.stack     0    2000fe00    00000200     UNINITIALIZED
                  2000fe00    00000004     rtsv7M4_T_le_v4SPD16_eabi.lib : boot_cortex_m.c.obj (.stack)
                  2000fe04    000001fc     --HOLE--

__llvm_prf_cnts 
*          0    20000000    00000000     UNINITIALIZED

MODULE SUMMARY

       Module                        code    ro data   rw data
       ------                        ----    -------   -------
    .\
       main.obj                      3848    188       3552   
       PWM.obj                       1056    0         0      
       system_msp432p401r.obj        812     0         8      
       Motor.obj                     468     0         0      
       startup_msp432p401r_ccs.obj   14      228       0      
       Bump.obj                      144     0         0      
    +--+-----------------------------+-------+---------+---------+
       Total:                        6342    416       3560   
                                                              
    .\board\
       board.obj                     836     0         10     
    +--+-----------------------------+-------+---------+---------+
       Total:                        836     0         10     
                                                              
    .\cli_uart\
       cli_uart.obj                  364     0         16     
    +--+-----------------------------+-------+---------+---------+
       Total:                        364     0         16     
                                                              
    .\driverlib\MSP432P4xx\
       flash.obj                     5528    0         128    
       cs.obj                        3452    0         16     
       pcm.obj                       2104    0         0      
       timer_a.obj                   1944    0         0      
       interrupt.obj                 1008    144       456    
       rtc_c.obj                     1288    0         0      
       gpio.obj                      1152    28        96     
       sysctl.obj                    580     0         0      
       crc32.obj                     388     0         0      
       wdt_a.obj                     216     0         0      
       systick.obj                   116     0         0      
       cpu.obj                       62      0         0      
    +--+-----------------------------+-------+---------+---------+
       Total:                        17838   172       696    
                                                              
    .\mqtt\
       MQTTClient.obj                2556    128       0      
       MQTTPacket.obj                1016    4         8      
       MQTTConnectClient.obj         940     20        0      
       MQTTCC3100.obj                904     0         8      
       MQTTSerializePublish.obj      536     8         0      
       MQTTSubscribeClient.obj       536     8         0      
       MQTTUnsubscribeClient.obj     416     4         0      
       MQTTDeserializePublish.obj    312     8         0      
    +--+-----------------------------+-------+---------+---------+
       Total:                        7216    180       16     
                                                              
    .\simplelink\source\
       driver.obj                    8244    76        730    
       socket.obj                    3796    52        0      
       wlan.obj                      2752    236       0      
       netapp.obj                    2876    40        0      
       device.obj                    1460    20        0      
       nonos.obj                     304     0         80     
       netcfg.obj                    272     8         0      
       flowcont.obj                  128     0         0      
    +--+-----------------------------+-------+---------+---------+
       Total:                        19832   432       810    
                                                              
    .\spi_cc3100\
       spi_cc3100.obj                532     0         0      
    +--+-----------------------------+-------+---------+---------+
       Total:                        532     0         0      
                                                              
    D:\Program Files\ti\ccs1220\ccs\tools\compiler\ti-cgt-arm_20.2.7.LTS\lib\rtsv7M4_T_le_v4SPD16_eabi.lib
       _printfi.c.obj                4851    0         0      
       fd_add_t2.asm.obj             438     0         0      
       fd_div_t2.asm.obj             310     0         0      
       s_scalbn.c.obj                272     0         0      
       fd_cmp_t2.asm.obj             268     0         0      
       ctype.c.obj                   0       257       0      
       fd_mul_t2.asm.obj             252     0         0      
       memcpy_t2.asm.obj             156     0         0      
       ull_div_t2.asm.obj            150     0         0      
       snprintf.c.obj                148     0         0      
       memset_t2.asm.obj             122     0         0      
       copy_decompress_lzss.c.obj    104     0         0      
       s_frexp.c.obj                 100     0         0      
       sprintf.c.obj                 98      0         0      
       _ltoa.c.obj                   84      0         0      
       atoi.c.obj                    76      0         0      
       fd_toi_t2.asm.obj             72      0         0      
       autoinit.c.obj                68      0         0      
       strncpy.c.obj                 54      0         0      
       boot_cortex_m.c.obj           52      0         0      
       i_tofd_t2.asm.obj             46      0         0      
       strncmp.c.obj                 44      0         0      
       memccpy.c.obj                 28      0         0      
       s_copysign.c.obj              26      0         0      
       strcmp.c.obj                  24      0         0      
       strchr.c.obj                  22      0         0      
       strlen.c.obj                  20      0         0      
       wcslen.c.obj                  18      0         0      
       errno.c.obj                   8       0         8      
       copy_decompress_none.c.obj    14      0         0      
       copy_zero_init.c.obj          12      0         0      
       exit.c.obj                    4       0         0      
       pre_init.c.obj                4       0         0      
       div0.asm.obj                  2       0         0      
    +--+-----------------------------+-------+---------+---------+
       Total:                        7947    257       8      
                                                              
       Stack:                        0       0         1024   
       Linker Generated:             0       164       0      
    +--+-----------------------------+-------+---------+---------+
       Grand Total:                  60907   1621      6140   


LINKER GENERATED COPY TABLES

__TI_cinit_table @ 0000f440 records: 3, size/record: 8, table size: 24
	.data: load addr=0000f3b0, load size=00000070 bytes, run addr=20000964, run size=000000a0 bytes, compression=lzss
	.bss: load addr=0000f430, load size=00000008 bytes, run addr=200000e4, run size=0000087d bytes, compression=zero_init
	.vtable: load addr=0000f438, load size=00000008 bytes, run addr=20000000, run size=000000e4 bytes, compression=zero_init


LINKER GENERATED HANDLER TABLE

__TI_handler_table @ 0000f420 records: 3, size/record: 4, table size: 12
	index: 0, handler: __TI_zero_init
	index: 1, handler: __TI_decompress_lzss
	index: 2, handler: __TI_decompress_none


GLOBAL SYMBOLS: SORTED ALPHABETICALLY BY Name 

address   name                                           
-------   ----                                           
0000eeb3  ADC14_IRQHandler                               
0000eeb3  AES256_IRQHandler                              
0000e5c5  Bump_Init                                      
0000e5f9  Bump_Read                                      
0000eeb3  BusFault_Handler                               
0000eed9  C$$EXIT                                        
0000bee7  CC3100_InterruptDisable                        
0000bec5  CC3100_InterruptEnable                         
0000c18f  CC3100_UART_ISR                                
0000bead  CC3100_disable                                 
0000beb9  CC3100_enable                                  
0000d96d  CLI_Configure                                  
0000d8c7  CLI_Read                                       
0000d919  CLI_Write                                      
0000eeb3  COMP_E0_IRQHandler                             
0000eeb3  COMP_E1_IRQHandler                             
0000ecdf  CPU_basepriGet                                 
0000ecd1  CPU_basepriSet                                 
0000ecab  CPU_cpsid                                      
0000ecc1  CPU_cpsie                                      
0000ecb7  CPU_primask                                    
0000eccd  CPU_wfi                                        
0000d805  CRC32_getResult                                
0000d831  CRC32_getResultReversed                        
0000d753  CRC32_set16BitData                             
0000d7c1  CRC32_set16BitDataReversed                     
0000d779  CRC32_set32BitData                             
0000d7e5  CRC32_set32BitDataReversed                     
0000d72d  CRC32_set8BitData                              
0000d79d  CRC32_set8BitDataReversed                      
0000d6fd  CRC32_setSeed                                  
0000eeb3  CS_IRQHandler                                  
0000618d  CS_clearInterruptFlag                          
00005a35  CS_disableClockRequest                         
00005b1b  CS_disableDCOExternalResistor                  
00006061  CS_disableFaultCounter                         
0000614b  CS_disableInterrupt                            
00005a0d  CS_enableClockRequest                          
00005a7d  CS_enableDCOExternalResistor                   
00006035  CS_enableFaultCounter                          
00006129  CS_enableInterrupt                             
00005fcd  CS_getACLK                                     
00005f8d  CS_getBCLK                                     
00005c15  CS_getDCOFrequency                             
00006173  CS_getEnabledInterruptStatus                   
00005fa9  CS_getHSMCLK                                   
0000616d  CS_getInterruptStatus                          
00006013  CS_getMCLK                                     
00005ff1  CS_getSMCLK                                    
0000572d  CS_initClockSignal                             
000061af  CS_registerInterrupt                           
0000608d  CS_resetFaultCounter                           
00005b39  CS_setDCOCenteredFrequency                     
00005aa5  CS_setDCOExternalResistorCalibration           
00005db5  CS_setDCOFrequency                             
000056f1  CS_setExternalClockSourceFrequency             
00005a57  CS_setReferenceOscillatorFrequency             
000060d9  CS_startFaultCounter                           
00005831  CS_startHFXT                                   
00005855  CS_startHFXTWithTimeout                        
00005919  CS_startLFXT                                   
0000593d  CS_startLFXTWithTimeout                        
00005b71  CS_tuneDCOFrequency                            
000061c3  CS_unregisterInterrupt                         
0000bded  ConnectNetwork                                 
00006865  CopyPingResultsToReport                        
0000eeb3  DMA_ERR_IRQHandler                             
0000eeb3  DMA_INT0_IRQHandler                            
0000eeb3  DMA_INT1_IRQHandler                            
0000eeb3  DMA_INT2_IRQHandler                            
0000eeb3  DMA_INT3_IRQHandler                            
0000eeb3  DebugMon_Handler                               
0000eeb3  Default_Handler                                
0000c139  Delay                                          
0000d881  EUSCIA0_IRQHandler                             
0000d881  EUSCIA0_IRQHandler                             
0000eeb3  EUSCIA1_IRQHandler                             
0000eeb3  EUSCIA2_IRQHandler                             
0000eeb3  EUSCIA3_IRQHandler                             
0000eeb3  EUSCIB0_IRQHandler                             
0000eeb3  EUSCIB1_IRQHandler                             
0000eeb3  EUSCIB2_IRQHandler                             
0000eeb3  EUSCIB3_IRQHandler                             
0000eeb3  FLCTL_IRQHandler                               
0000eeb3  FPU_IRQHandler                                 
0000315f  FlashCtl_clearInterruptFlag                    
00003023  FlashCtl_clearProgramVerification              
00003135  FlashCtl_disableInterrupt                      
00002695  FlashCtl_disableReadBuffering                  
0000308d  FlashCtl_disableWordProgramming                
00003121  FlashCtl_enableInterrupt                       
00002641  FlashCtl_enableReadBuffering                   
0000305d  FlashCtl_enableWordProgramming                 
00002cc1  FlashCtl_eraseSector                           
0000314f  FlashCtl_getEnabledInterruptStatus             
00003149  FlashCtl_getInterruptStatus                    
000022c3  FlashCtl_getMemoryInfo                         
00002b25  FlashCtl_getReadMode                           
000030f3  FlashCtl_getWaitState                          
00002b4f  FlashCtl_initiateMassErase                     
00002de5  FlashCtl_initiateSectorErase                   
000027c5  FlashCtl_isSectorProtected                     
00003095  FlashCtl_isWordProgrammingEnabled              
00002b75  FlashCtl_performMassErase                      
00002e7d  FlashCtl_programMemory                         
00002765  FlashCtl_protectSector                         
00003173  FlashCtl_registerInterrupt                     
00002fe9  FlashCtl_setProgramVerification                
00002ab9  FlashCtl_setReadMode                           
000030b5  FlashCtl_setWaitState                          
000026f5  FlashCtl_unprotectSector                       
00003187  FlashCtl_unregisterInterrupt                   
00002851  FlashCtl_verifyMemory                          
0000a9ff  GPIO_clearInterruptFlag                        
0000a9bf  GPIO_disableInterrupt                          
0000a99d  GPIO_enableInterrupt                           
0000aa57  GPIO_getEnabledInterruptStatus                 
0000a96f  GPIO_getInputPinValue                          
0000a9e1  GPIO_getInterruptStatus                        
0000aa21  GPIO_interruptEdgeSelect                       
0000ab17  GPIO_registerInterrupt                         
0000a717  GPIO_setAsInputPin                             
0000a8cb  GPIO_setAsInputPinWithPullDownResistor         
0000a91d  GPIO_setAsInputPinWithPullUpResistor           
0000a6dd  GPIO_setAsOutputPin                            
0000a7e1  GPIO_setAsPeripheralModuleFunctionInputPin     
0000a75d  GPIO_setAsPeripheralModuleFunctionOutputPin    
0000aad3  GPIO_setDriveStrengthHigh                      
0000aaf5  GPIO_setDriveStrengthLow                       
0000a865  GPIO_setOutputHighOnPin                        
0000a887  GPIO_setOutputLowOnPin                         
0000a8a9  GPIO_toggleOutputOnPin                         
0000ab37  GPIO_unregisterInterrupt                       
0000c085  GetLEDStatus                                   
0000eeb3  HardFault_Handler                              
0000d001  InitPort2                                      
0000d035  InitPort3                                      
0000d069  InitPort5                                      
0000bb93  InitTimer                                      
20000960  IntIsMasked                                    
0000b537  Interrupt_disableInterrupt                     
0000b387  Interrupt_disableMaster                        
0000b735  Interrupt_disableSleepOnIsrExit                
0000b4c5  Interrupt_enableInterrupt                      
0000b377  Interrupt_enableMaster                         
0000b723  Interrupt_enableSleepOnIsrExit                 
0000b49f  Interrupt_getPriority                          
0000b417  Interrupt_getPriorityGrouping                  
0000b703  Interrupt_getPriorityMask                      
0000b71d  Interrupt_getVectorTableAddress                
0000b5a9  Interrupt_isEnabled                            
0000b635  Interrupt_pendInterrupt                        
0000b397  Interrupt_registerInterrupt                    
0000b44f  Interrupt_setPriority                          
0000b3fd  Interrupt_setPriorityGrouping                  
0000b6f3  Interrupt_setPriorityMask                      
0000b70d  Interrupt_setVectorTableAddress                
0000b6a5  Interrupt_unpendInterrupt                      
0000b3e9  Interrupt_unregisterInterrupt                  
00008313  MQTTClient                                     
00008859  MQTTConnect                                    
0000dbe1  MQTTDeserialize_ack                            
0000b9d7  MQTTDeserialize_connack                        
0000db29  MQTTDeserialize_publish                        
0000cd3b  MQTTDeserialize_suback                         
0000d6b7  MQTTDeserialize_unsuback                       
00008bff  MQTTDisconnect                                 
0000afd3  MQTTPacket_decode                              
0000b0b9  MQTTPacket_decodeBuf                           
0000af7d  MQTTPacket_encode                              
0000b295  MQTTPacket_equals                              
0000b03b  MQTTPacket_len                                 
0000b2f9  MQTTPacket_read                                
00008ad5  MQTTPublish                                    
0000cad1  MQTTSerialize_ack                              
0000b81d  MQTTSerialize_connect                          
0000b765  MQTTSerialize_connectLength                    
0000bac7  MQTTSerialize_disconnect                       
0000badd  MQTTSerialize_pingreq                          
0000cb5b  MQTTSerialize_puback                           
0000cba9  MQTTSerialize_pubcomp                          
0000c9fb  MQTTSerialize_publish                          
0000c9bd  MQTTSerialize_publishLength                    
0000cb7f  MQTTSerialize_pubrel                           
0000cc39  MQTTSerialize_subscribe                        
0000cbd5  MQTTSerialize_subscribeLength                  
0000d5c1  MQTTSerialize_unsubscribe                      
0000d55d  MQTTSerialize_unsubscribeLength                
0000ba5f  MQTTSerialize_zero                             
00008923  MQTTSubscribe                                  
00008a2b  MQTTUnsubscribe                                
000087e5  MQTTYield                                      
0000b269  MQTTstrlen                                     
0000befb  MaskIntHdlr                                    
0000eeb3  MemManage_Handler                              
20000958  MilliTimer                                     
0000d167  Motor_Backward                                 
0000d0d7  Motor_Forward                                  
0000d09d  Motor_Init                                     
0000d137  Motor_Left                                     
0000d107  Motor_Right                                    
0000d0c7  Motor_Stop                                     
0000eeb3  NMI_Handler                                    
00008255  NewMessageData                                 
0000bc9f  NewNetwork                                     
0000eeb3  PCM_IRQHandler                                 
0000942b  PCM_clearInterruptFlag                         
00009401  PCM_disableInterrupt                           
000093d9  PCM_disableRudeMode                            
000093ed  PCM_enableInterrupt                            
000093c7  PCM_enableRudeMode                             
00008dd3  PCM_getCoreVoltageLevel                        
0000941b  PCM_getEnabledInterruptStatus                  
00009415  PCM_getInterruptStatus                         
00008d79  PCM_getPowerMode                               
000093bb  PCM_getPowerState                              
000092ed  PCM_gotoLPM0                                   
0000930b  PCM_gotoLPM0InterruptSafe                      
00009327  PCM_gotoLPM3                                   
0000939f  PCM_gotoLPM3InterruptSafe                      
000092c1  PCM_gotoLPM4                                   
000092d1  PCM_gotoLPM4InterruptSafe                      
0000943f  PCM_registerInterrupt                          
00008d47  PCM_setCoreVoltageLevel                        
00008d69  PCM_setCoreVoltageLevelNonBlocking             
00008d57  PCM_setCoreVoltageLevelWithTimeout             
00008f79  PCM_setPowerMode                               
00008f89  PCM_setPowerModeNonBlocking                    
00008f99  PCM_setPowerModeWithTimeout                    
0000924b  PCM_setPowerState                              
0000926d  PCM_setPowerStateNonBlocking                   
0000925b  PCM_setPowerStateWithTimeout                   
0000927d  PCM_shutdownDevice                             
00009453  PCM_unregisterInterrupt                        
00004117  PORT1_IRQHandler                               
00004117  PORT1_IRQHandler                               
0000c169  PORT2_IRQHandler                               
0000c169  PORT2_IRQHandler                               
0000eeb3  PORT3_IRQHandler                               
0000eeb3  PORT4_IRQHandler                               
0000eeb3  PORT5_IRQHandler                               
0000eeb3  PORT6_IRQHandler                               
0000eeb3  PSS_IRQHandler                                 
0000ac47  PWM_Duty1                                      
0000ac67  PWM_Duty2                                      
0000ad0b  PWM_Duty3                                      
0000ad2b  PWM_Duty4                                      
0000ab5d  PWM_Init1                                      
0000abc3  PWM_Init12                                     
0000ac87  PWM_Init34                                     
0000ae73  PWM_RobotArmDuty0                              
0000ae99  PWM_RobotArmDuty1                              
0000aebf  PWM_RobotArmDuty2                              
0000ae93  PWM_RobotArmGetDuty0                           
0000aeb9  PWM_RobotArmGetDuty1                           
0000aedf  PWM_RobotArmGetDuty2                           
0000ad4b  PWM_RobotArmInit                               
0000eeb3  PendSV_Handler                                 
0000c137  Port1_ISR                                      
0000eeb3  RTC_C_IRQHandler                               
0000a631  RTC_C_clearInterruptFlag                       
0000a47b  RTC_C_convertBCDToBinary                       
0000a493  RTC_C_convertBinaryToBCD                       
0000a3d7  RTC_C_definePrescaleEvent                      
0000a501  RTC_C_disableInterrupt                         
0000a4ab  RTC_C_enableInterrupt                          
0000a309  RTC_C_getCalendarTime                          
0000a5d1  RTC_C_getEnabledInterruptStatus                
0000a569  RTC_C_getInterruptStatus                       
0000a3ff  RTC_C_getPrescaleValue                         
0000a1f3  RTC_C_holdClock                                
0000a297  RTC_C_initCalendar                             
0000a677  RTC_C_registerInterrupt                        
0000a36f  RTC_C_setCalendarAlarm                         
0000a3a7  RTC_C_setCalendarEvent                         
0000a241  RTC_C_setCalibrationData                       
0000a211  RTC_C_setCalibrationFrequency                  
0000a42b  RTC_C_setPrescaleValue                         
0000a26d  RTC_C_setTemperatureCompensation               
0000a1d5  RTC_C_startClock                               
0000a695  RTC_C_unregisterInterrupt                      
0000eea7  Reset_Handler                                  
200009d4  S1buttonDebounce                               
200009d8  S2buttonDebounce                               
0000538f  SL_FD_CLR                                      
000053b5  SL_FD_ISSET                                    
0000536d  SL_FD_SET                                      
000053dd  SL_FD_ZERO                                     
0000eeb3  SVC_Handler                                    
0000c0f3  SelAntenna                                     
0000375b  SimpleLinkGeneralEventHandler                  
0000374d  SimpleLinkHttpServerCallback                   
0000371d  SimpleLinkNetAppEventHandler                   
00003767  SimpleLinkSockEventHandler                     
000036b1  SimpleLinkWlanEventHandler                     
0000c96b  SysCtl_disableGlitchFilter                     
0000c7fb  SysCtl_disableNMISource                        
0000c903  SysCtl_disablePeripheralAtCPUHalt              
0000c845  SysCtl_disableSRAMBank                         
0000c8c9  SysCtl_disableSRAMBankRetention                
0000c95f  SysCtl_enableGlitchFilter                      
0000c80f  SysCtl_enableNMISource                         
0000c8ef  SysCtl_enablePeripheralAtCPUHalt               
0000c829  SysCtl_enableSRAMBank                          
0000c8ad  SysCtl_enableSRAMBankRetention                 
0000c7f5  SysCtl_getFlashSize                            
0000c823  SysCtl_getNMISourceStatus                      
0000c7ef  SysCtl_getSRAMSize                             
0000c779  SysCtl_getTLVInfo                              
0000c977  SysCtl_getTempCalibrationConstant              
0000c8e5  SysCtl_rebootDevice                            
0000c93b  SysCtl_setWDTPasswordViolationResetType        
0000c917  SysCtl_setWDTTimeoutResetType                  
0000bb11  SysTick_Handler                                
0000bb11  SysTick_Handler                                
0000e899  SysTick_disableInterrupt                       
0000e869  SysTick_disableModule                          
0000e88d  SysTick_enableInterrupt                        
0000e85d  SysTick_enableModule                           
0000e8b7  SysTick_getPeriod                              
0000e8bf  SysTick_getValue                               
0000e875  SysTick_registerInterrupt                      
0000e8a5  SysTick_setPeriod                              
0000e883  SysTick_unregisterInterrupt                    
20000a00  SystemCoreClock                                
0000c1dd  SystemCoreClockUpdate                          
0000c451  SystemInit                                     
0000eeb3  T32_INT1_IRQHandler                            
0000eeb3  T32_INT2_IRQHandler                            
0000eeb3  T32_INTC_IRQHandler                            
0000eeb3  TA0_0_IRQHandler                               
0000eeb3  TA0_N_IRQHandler                               
0000417f  TA1_0_IRQHandler                               
0000417f  TA1_0_IRQHandler                               
0000eeb3  TA1_N_IRQHandler                               
0000eeb3  TA2_0_IRQHandler                               
0000eeb3  TA2_N_IRQHandler                               
0000eeb3  TA3_0_IRQHandler                               
0000eeb3  TA3_N_IRQHandler                               
0000bcc5  TLSConnectNetwork                              
00009953  Timer_A_clearCaptureCompareInterrupt           
0000993d  Timer_A_clearInterruptFlag                     
000097bb  Timer_A_clearTimer                             
000095e3  Timer_A_configureContinuousMode                
00009671  Timer_A_configureUpDownMode                    
00009613  Timer_A_configureUpMode                        
000099e1  Timer_A_disableCaptureCompareInterrupt         
0000998f  Timer_A_disableInterrupt                       
000099b5  Timer_A_enableCaptureCompareInterrupt          
0000997b  Timer_A_enableInterrupt                        
00009887  Timer_A_generatePWM                            
0000982d  Timer_A_getCaptureCompareCount                 
00009a49  Timer_A_getCaptureCompareEnabledInterruptStatus
00009a09  Timer_A_getCaptureCompareInterruptStatus       
0000976f  Timer_A_getCounterValue                        
00009a31  Timer_A_getEnabledInterruptStatus              
000099a3  Timer_A_getInterruptStatus                     
000097ff  Timer_A_getOutputForOutputModeOutBitValue      
000097cf  Timer_A_getSynchronizedCaptureCompareInput     
000096cf  Timer_A_initCapture                            
00009721  Timer_A_initCompare                            
00009a85  Timer_A_registerInterrupt                      
00009911  Timer_A_setCompareValue                        
0000984f  Timer_A_setOutputForOutputModeOutBitValue      
000095cd  Timer_A_startCounter                           
000098fd  Timer_A_stopTimer                              
00009b57  Timer_A_unregisterInterrupt                    
0000bf03  UnMaskIntHdlr                                  
0000eeb3  UsageFault_Handler                             
4000480c  WDTCTL_SYM                                     
0000eeb3  WDT_A_IRQHandler                               
0000e349  WDT_A_clearTimer                               
0000e309  WDT_A_holdTimer                                
0000e385  WDT_A_initIntervalTimer                        
0000e369  WDT_A_initWatchdogTimer                        
0000e3b9  WDT_A_registerInterrupt                        
0000e3a1  WDT_A_setPasswordViolationReset                
0000e3ad  WDT_A_setTimeoutReset                          
0000e329  WDT_A_startTimer                               
0000e3cd  WDT_A_unregisterInterrupt                      
0000f314  _SlAcceptCmdCtrl                               
0000f190  _SlActionLookupTable                           
00000fb1  _SlAsyncEventGenericHandler                    
0000f318  _SlDeviceGetCmdCtrl                            
0000f31c  _SlDeviceSetCmdCtrl                            
000019c9  _SlDrvBasicCmd                                 
00001677  _SlDrvClassifyRxMsg                            
000002af  _SlDrvCmdOp                                    
0000035f  _SlDrvCmdSend                                  
000003b5  _SlDrvDataReadOp                               
000005b9  _SlDrvDataWriteOp                              
0000a155  _SlDrvDeviceEventHandler                       
000001c9  _SlDrvDriverCBDeinit                           
000000e5  _SlDrvDriverCBInit                             
0000e79f  _SlDrvFlowContDeinit                           
0000e761  _SlDrvFlowContInit                             
00000979  _SlDrvMsgRead                                  
00001499  _SlDrvMsgReadCmdCtx                            
00001593  _SlDrvMsgReadSpawnCtx                          
00000785  _SlDrvMsgWrite                                 
00006c35  _SlDrvNetAppEventHandler                       
00001ec1  _SlDrvObjDeInit                                
00001e45  _SlDrvObjInit                                  
00001c39  _SlDrvReleasePoolObj                           
000017c5  _SlDrvRxHdrRead                                
0000026d  _SlDrvRxIrqHandler                             
0000177d  _SlDrvShiftDWord                               
00001a31  _SlDrvWaitForPoolObj                           
0000f320  _SlEventMaskGetCmdCtrl                         
0000f324  _SlEventMaskSetCmdCtrl                         
00001f9f  _SlFindAndSetActiveObj                         
0000f328  _SlGetHostByNameCtrl                           
0000f32c  _SlGetHostByServiceCtrl                        
0000f330  _SlGetServiceListeCtrl                         
0000f334  _SlGetSockOptCmdCtrl                           
0000f338  _SlListenCmdCtrl                               
0000f33c  _SlNetAppGetCmdCtrl                            
0000f340  _SlNetAppSendTokenValueCmdCtrl                 
0000f344  _SlNetAppSetCmdCtrl                            
0000f348  _SlNetAppStartCtrl                             
0000f34c  _SlNetAppStopCtrl                              
0000f350  _SlNetCfgGetCmdCtrl                            
0000f354  _SlNetCfgSetCmdCtrl                            
0000de5d  _SlNonOsMainLoopTask                           
0000ddb1  _SlNonOsSemGet                                 
0000dd99  _SlNonOsSemSet                                 
0000de0d  _SlNonOsSpawn                                  
0000f358  _SlPolicyGetCmdCtrl                            
0000f35c  _SlPolicySetCmdCtrl                            
0000f360  _SlProfileDelCmdCtrl                           
0000f364  _SlProfileGetCmdCtrl                           
0000f368  _SlRecvCmdCtrl                                 
0000f36c  _SlRecvfomCmdCtrl                              
0000f370  _SlRegisterServiceCtrl                         
00001ee1  _SlRemoveFromList                              
0000f374  _SlRxFilterAddtCmdCtrl                         
0000f378  _SlRxFilterGetCmdCtrl                          
0000f37c  _SlRxFilterSetCmdCtrl                          
0000f380  _SlSelectCmdCtrl                               
0000f384  _SlSendCmdCtrl                                 
0000f388  _SlSetSockOptCmdCtrl                           
0000f38c  _SlSmartConfigStartCmdCtrl                     
0000f390  _SlSockCloseCmdCtrl                            
0000f394  _SlSockSocketCmdCtrl                           
0000f398  _SlStopCmdCtrl                                 
0000f39c  _SlWlanCfgGetCmdCtrl                           
0000f3a0  _SlWlanCfgSetCmdCtrl                           
0000f3a4  _SlWlanGetNetworkListCtrl                      
0000f3a8  _SlWlanSetModeCmdCtrl                          
0000358b  __FlashCtl_remaskBurstDataPost                 
00003471  __FlashCtl_remaskBurstDataPre                  
000032b5  __FlashCtl_remaskData32Post                    
00003399  __FlashCtl_remaskData32Pre                     
00003197  __FlashCtl_remaskData8Post                     
00003217  __FlashCtl_remaskData8Pre                      
20010000  __STACK_END                                    
00000200  __STACK_SIZE                                   
0000f440  __TI_CINIT_Base                                
0000f458  __TI_CINIT_Limit                               
0000f420  __TI_Handler_Table_Base                        
0000f42c  __TI_Handler_Table_Limit                       
0000ebe9  __TI_auto_init_nobinit_nopinit                 
0000e93f  __TI_decompress_lzss                           
0000ee99  __TI_decompress_none                           
0000ea63  __TI_ltoa                                      
ffffffff  __TI_pprof_out_hndl                            
00007805  __TI_printfi                                   
ffffffff  __TI_prof_data_size                            
ffffffff  __TI_prof_data_start                           
00000000  __TI_static_base__                             
0000eeb5  __TI_zero_init                                 
0000e655  __aeabi_cdcmpeq                                
0000e655  __aeabi_cdcmple                                
0000e6db  __aeabi_cdrcmple                               
0000eba1  __aeabi_d2iz                                   
0000d3af  __aeabi_dadd                                   
0000dc61  __aeabi_ddiv                                   
0000e20d  __aeabi_dmul                                   
0000d3a5  __aeabi_dsub                                   
0000eecd  __aeabi_errno_addr                             
0000ed85  __aeabi_i2d                                    
00008253  __aeabi_idiv0                                  
00008253  __aeabi_ldiv0                                  
0000e7e1  __aeabi_memclr                                 
0000e7e1  __aeabi_memclr4                                
0000e7e1  __aeabi_memclr8                                
0000e493  __aeabi_memcpy                                 
0000e493  __aeabi_memcpy4                                
0000e493  __aeabi_memcpy8                                
0000e7e3  __aeabi_memset                                 
0000e7e3  __aeabi_memset4                                
0000e7e3  __aeabi_memset8                                
0000e52f  __aeabi_uldivmod                               
ffffffff  __binit__                                      
ffffffff  __c_args__                                     
UNDEFED   __mpu_init                                     
2000fe00  __stack                                        
20000000  __start___llvm_prf_cnts                        
20000000  __stop___llvm_prf_cnts                         
0000ed21  _c_int00_noargs                                
0000eedc  _ctypes_                                       
000045b9  _sl_BuildAddress                               
00009c21  _sl_GetStartResponseConvert                    
00004fcd  _sl_HandleAsync_Accept                         
00004bc7  _sl_HandleAsync_Connect                        
0000664f  _sl_HandleAsync_DnsGetHostByAddr               
0000679d  _sl_HandleAsync_DnsGetHostByName               
00006581  _sl_HandleAsync_DnsGetHostByService            
00009d85  _sl_HandleAsync_InitComplete                   
000068a1  _sl_HandleAsync_PingResponse                   
000053f5  _sl_HandleAsync_Select                         
00009e37  _sl_HandleAsync_Stop                           
000046d1  _sl_ParseAddress                               
00004609  _sl_TruncatePayloadByProtocol                  
UNDEFED   _system_post_cinit                             
0000eed5  _system_pre_init                               
0000eed9  abort                                          
0000eb09  atoi                                           
ffffffff  binit                                          
0000b081  bufchar                                        
0000bc8f  cc3100_disconnect                              
0000bba3  cc3100_read                                    
0000bc25  cc3100_write                                   
0000bf17  clear_rts                                      
200009f8  cli_have_cmd                                   
0000edfb  copysign                                       
0000edfb  copysignl                                      
0000bb53  countdown                                      
0000bb3b  countdown_ms                                   
00008679  cycle                                          
00008385  decodePacket                                   
0000855d  deliverMessage                                 
200009fc  errno                                          
0000bb1b  expired                                        
0000e9a9  frexp                                          
0000e9a9  frexpl                                         
200009f0  gFirstCmdMode                                  
200000e4  g_AppData                                      
0000f28c  g_H2NCnysPattern                               
0000f294  g_H2NSyncPattern                               
2000072c  g_StatMem                                      
200009e4  g_Status                                       
200008ec  g__SlNonOsCB                                   
200009e8  g_pCB                                          
20000000  g_pfnRAMVectors                                
2000095c  g_ucUARTBuffer                                 
0000b1a5  getLenStringLen                                
0000826f  getNextPacketId                                
20000890  hMQTTClient                                    
0000c0bf  initAntSelGPIO                                 
0000bf23  initClk                                        
0000bf97  initLEDs                                       
00000000  interruptVectors                               
000084a9  isTopicMatched                                 
0000860d  keepalive                                      
0000e0fd  ldexp                                          
0000e0fd  ldexpl                                         
0000bb71  left_ms                                        
200009e0  macAddressLen                                  
2000094c  macAddressVal                                  
20000914  macStr                                         
00003985  main                                           
0000eddf  memccpy                                        
0000e493  memcpy                                         
0000e7e9  memset                                         
20000928  n                                              
200009f4  pIraEventHandler                               
200009ec  pPingCallBackFunc                              
200009dc  publishID                                      
0000b0f7  readChar                                       
0000b0cf  readInt                                        
0000b20f  readMQTTLenString                              
000083ff  readPacket                                     
0000be99  registerInterruptHandler                       
0000e0fd  scalbn                                         
0000e0fd  scalbnl                                        
00008293  sendPacket                                     
0000bf0b  set_rts                                        
00004dc9  sl_Accept                                      
000047ab  sl_Bind                                        
00004781  sl_Close                                       
00004a71  sl_Connect                                     
0000a051  sl_DevGet                                      
0000a0ef  sl_DevSet                                      
0000a01d  sl_EventMaskGet                                
00009fe3  sl_EventMaskSet                                
0000514d  sl_GetSockOpt                                  
00004f4b  sl_Htonl                                       
00004f8d  sl_Htons                                       
00004d89  sl_Listen                                      
0000665d  sl_NetAppDnsGetHostByName                      
00006451  sl_NetAppDnsGetHostByService                   
00006ba5  sl_NetAppGet                                   
00006251  sl_NetAppGetServiceList                        
000063d5  sl_NetAppMDNSRegisterService                   
00006321  sl_NetAppMDNSRegisterUnregisterService         
00006411  sl_NetAppMDNSUnRegisterService                 
00006965  sl_NetAppPingStart                             
00006b41  sl_NetAppSendTokenValue                        
00006ad5  sl_NetAppSet                                   
00006209  sl_NetAppStart                                 
0000622d  sl_NetAppStop                                  
0000e053  sl_NetCfgGet                                   
0000dfed  sl_NetCfgSet                                   
00005065  sl_Recv                                        
0000494f  sl_RecvFrom                                    
000051e7  sl_Select                                      
00004c79  sl_Send                                        
00004833  sl_SendTo                                      
000050e1  sl_SetSockOpt                                  
0000472b  sl_Socket                                      
00009c81  sl_Start                                       
00009ebb  sl_Stop                                        
00009c79  sl_Task                                        
00006d45  sl_WlanConnect                                 
00006f7d  sl_WlanDisconnect                              
0000774d  sl_WlanGet                                     
00007415  sl_WlanGetNetworkList                          
00006ff1  sl_WlanPolicyGet                               
00006f89  sl_WlanPolicySet                               
00007095  sl_WlanProfileAdd                              
000073e7  sl_WlanProfileDel                              
00007305  sl_WlanProfileGet                              
00007487  sl_WlanRxFilterAdd                             
00007549  sl_WlanRxFilterGet                             
000074f5  sl_WlanRxFilterSet                             
000075d7  sl_WlanRxStatGet                               
000075bf  sl_WlanRxStatStart                             
000075cb  sl_WlanRxStatStop                              
000076d9  sl_WlanSet                                     
000076a9  sl_WlanSetMode                                 
0000761d  sl_WlanSmartConfigStart                        
0000760d  sl_WlanSmartConfigStop                         
0000eb55  snprintf                                       
0000cded  spi_Close                                      
0000cdf9  spi_Open                                       
0000cf45  spi_Read                                       
0000ceeb  spi_Write                                      
0000ec2d  sprintf                                        
0000bf8d  stopWDT                                        
0000ee5d  strchr                                         
0000ee45  strcmp                                         
0000ee73  strlen                                         
0000edb3  strncmp                                        
0000ece9  strncpy                                        
0000c051  toggleLed                                      
0000c01d  turnLedOff                                     
0000bfe9  turnLedOn                                      
20000938  uniqueID                                       
0000f230  upConfig                                       
00008829  waitfor                                        
0000ee87  wcslen                                         
0000b177  writeCString                                   
0000b117  writeChar                                      
0000b137  writeInt                                       
0000b1bf  writeMQTTString                                


GLOBAL SYMBOLS: SORTED BY Symbol Address 

address   name                                           
-------   ----                                           
00000000  __TI_static_base__                             
00000000  interruptVectors                               
000000e5  _SlDrvDriverCBInit                             
000001c9  _SlDrvDriverCBDeinit                           
00000200  __STACK_SIZE                                   
0000026d  _SlDrvRxIrqHandler                             
000002af  _SlDrvCmdOp                                    
0000035f  _SlDrvCmdSend                                  
000003b5  _SlDrvDataReadOp                               
000005b9  _SlDrvDataWriteOp                              
00000785  _SlDrvMsgWrite                                 
00000979  _SlDrvMsgRead                                  
00000fb1  _SlAsyncEventGenericHandler                    
00001499  _SlDrvMsgReadCmdCtx                            
00001593  _SlDrvMsgReadSpawnCtx                          
00001677  _SlDrvClassifyRxMsg                            
0000177d  _SlDrvShiftDWord                               
000017c5  _SlDrvRxHdrRead                                
000019c9  _SlDrvBasicCmd                                 
00001a31  _SlDrvWaitForPoolObj                           
00001c39  _SlDrvReleasePoolObj                           
00001e45  _SlDrvObjInit                                  
00001ec1  _SlDrvObjDeInit                                
00001ee1  _SlRemoveFromList                              
00001f9f  _SlFindAndSetActiveObj                         
000022c3  FlashCtl_getMemoryInfo                         
00002641  FlashCtl_enableReadBuffering                   
00002695  FlashCtl_disableReadBuffering                  
000026f5  FlashCtl_unprotectSector                       
00002765  FlashCtl_protectSector                         
000027c5  FlashCtl_isSectorProtected                     
00002851  FlashCtl_verifyMemory                          
00002ab9  FlashCtl_setReadMode                           
00002b25  FlashCtl_getReadMode                           
00002b4f  FlashCtl_initiateMassErase                     
00002b75  FlashCtl_performMassErase                      
00002cc1  FlashCtl_eraseSector                           
00002de5  FlashCtl_initiateSectorErase                   
00002e7d  FlashCtl_programMemory                         
00002fe9  FlashCtl_setProgramVerification                
00003023  FlashCtl_clearProgramVerification              
0000305d  FlashCtl_enableWordProgramming                 
0000308d  FlashCtl_disableWordProgramming                
00003095  FlashCtl_isWordProgrammingEnabled              
000030b5  FlashCtl_setWaitState                          
000030f3  FlashCtl_getWaitState                          
00003121  FlashCtl_enableInterrupt                       
00003135  FlashCtl_disableInterrupt                      
00003149  FlashCtl_getInterruptStatus                    
0000314f  FlashCtl_getEnabledInterruptStatus             
0000315f  FlashCtl_clearInterruptFlag                    
00003173  FlashCtl_registerInterrupt                     
00003187  FlashCtl_unregisterInterrupt                   
00003197  __FlashCtl_remaskData8Post                     
00003217  __FlashCtl_remaskData8Pre                      
000032b5  __FlashCtl_remaskData32Post                    
00003399  __FlashCtl_remaskData32Pre                     
00003471  __FlashCtl_remaskBurstDataPre                  
0000358b  __FlashCtl_remaskBurstDataPost                 
000036b1  SimpleLinkWlanEventHandler                     
0000371d  SimpleLinkNetAppEventHandler                   
0000374d  SimpleLinkHttpServerCallback                   
0000375b  SimpleLinkGeneralEventHandler                  
00003767  SimpleLinkSockEventHandler                     
00003985  main                                           
00004117  PORT1_IRQHandler                               
00004117  PORT1_IRQHandler                               
0000417f  TA1_0_IRQHandler                               
0000417f  TA1_0_IRQHandler                               
000045b9  _sl_BuildAddress                               
00004609  _sl_TruncatePayloadByProtocol                  
000046d1  _sl_ParseAddress                               
0000472b  sl_Socket                                      
00004781  sl_Close                                       
000047ab  sl_Bind                                        
00004833  sl_SendTo                                      
0000494f  sl_RecvFrom                                    
00004a71  sl_Connect                                     
00004bc7  _sl_HandleAsync_Connect                        
00004c79  sl_Send                                        
00004d89  sl_Listen                                      
00004dc9  sl_Accept                                      
00004f4b  sl_Htonl                                       
00004f8d  sl_Htons                                       
00004fcd  _sl_HandleAsync_Accept                         
00005065  sl_Recv                                        
000050e1  sl_SetSockOpt                                  
0000514d  sl_GetSockOpt                                  
000051e7  sl_Select                                      
0000536d  SL_FD_SET                                      
0000538f  SL_FD_CLR                                      
000053b5  SL_FD_ISSET                                    
000053dd  SL_FD_ZERO                                     
000053f5  _sl_HandleAsync_Select                         
000056f1  CS_setExternalClockSourceFrequency             
0000572d  CS_initClockSignal                             
00005831  CS_startHFXT                                   
00005855  CS_startHFXTWithTimeout                        
00005919  CS_startLFXT                                   
0000593d  CS_startLFXTWithTimeout                        
00005a0d  CS_enableClockRequest                          
00005a35  CS_disableClockRequest                         
00005a57  CS_setReferenceOscillatorFrequency             
00005a7d  CS_enableDCOExternalResistor                   
00005aa5  CS_setDCOExternalResistorCalibration           
00005b1b  CS_disableDCOExternalResistor                  
00005b39  CS_setDCOCenteredFrequency                     
00005b71  CS_tuneDCOFrequency                            
00005c15  CS_getDCOFrequency                             
00005db5  CS_setDCOFrequency                             
00005f8d  CS_getBCLK                                     
00005fa9  CS_getHSMCLK                                   
00005fcd  CS_getACLK                                     
00005ff1  CS_getSMCLK                                    
00006013  CS_getMCLK                                     
00006035  CS_enableFaultCounter                          
00006061  CS_disableFaultCounter                         
0000608d  CS_resetFaultCounter                           
000060d9  CS_startFaultCounter                           
00006129  CS_enableInterrupt                             
0000614b  CS_disableInterrupt                            
0000616d  CS_getInterruptStatus                          
00006173  CS_getEnabledInterruptStatus                   
0000618d  CS_clearInterruptFlag                          
000061af  CS_registerInterrupt                           
000061c3  CS_unregisterInterrupt                         
00006209  sl_NetAppStart                                 
0000622d  sl_NetAppStop                                  
00006251  sl_NetAppGetServiceList                        
00006321  sl_NetAppMDNSRegisterUnregisterService         
000063d5  sl_NetAppMDNSRegisterService                   
00006411  sl_NetAppMDNSUnRegisterService                 
00006451  sl_NetAppDnsGetHostByService                   
00006581  _sl_HandleAsync_DnsGetHostByService            
0000664f  _sl_HandleAsync_DnsGetHostByAddr               
0000665d  sl_NetAppDnsGetHostByName                      
0000679d  _sl_HandleAsync_DnsGetHostByName               
00006865  CopyPingResultsToReport                        
000068a1  _sl_HandleAsync_PingResponse                   
00006965  sl_NetAppPingStart                             
00006ad5  sl_NetAppSet                                   
00006b41  sl_NetAppSendTokenValue                        
00006ba5  sl_NetAppGet                                   
00006c35  _SlDrvNetAppEventHandler                       
00006d45  sl_WlanConnect                                 
00006f7d  sl_WlanDisconnect                              
00006f89  sl_WlanPolicySet                               
00006ff1  sl_WlanPolicyGet                               
00007095  sl_WlanProfileAdd                              
00007305  sl_WlanProfileGet                              
000073e7  sl_WlanProfileDel                              
00007415  sl_WlanGetNetworkList                          
00007487  sl_WlanRxFilterAdd                             
000074f5  sl_WlanRxFilterSet                             
00007549  sl_WlanRxFilterGet                             
000075bf  sl_WlanRxStatStart                             
000075cb  sl_WlanRxStatStop                              
000075d7  sl_WlanRxStatGet                               
0000760d  sl_WlanSmartConfigStop                         
0000761d  sl_WlanSmartConfigStart                        
000076a9  sl_WlanSetMode                                 
000076d9  sl_WlanSet                                     
0000774d  sl_WlanGet                                     
00007805  __TI_printfi                                   
00008253  __aeabi_idiv0                                  
00008253  __aeabi_ldiv0                                  
00008255  NewMessageData                                 
0000826f  getNextPacketId                                
00008293  sendPacket                                     
00008313  MQTTClient                                     
00008385  decodePacket                                   
000083ff  readPacket                                     
000084a9  isTopicMatched                                 
0000855d  deliverMessage                                 
0000860d  keepalive                                      
00008679  cycle                                          
000087e5  MQTTYield                                      
00008829  waitfor                                        
00008859  MQTTConnect                                    
00008923  MQTTSubscribe                                  
00008a2b  MQTTUnsubscribe                                
00008ad5  MQTTPublish                                    
00008bff  MQTTDisconnect                                 
00008d47  PCM_setCoreVoltageLevel                        
00008d57  PCM_setCoreVoltageLevelWithTimeout             
00008d69  PCM_setCoreVoltageLevelNonBlocking             
00008d79  PCM_getPowerMode                               
00008dd3  PCM_getCoreVoltageLevel                        
00008f79  PCM_setPowerMode                               
00008f89  PCM_setPowerModeNonBlocking                    
00008f99  PCM_setPowerModeWithTimeout                    
0000924b  PCM_setPowerState                              
0000925b  PCM_setPowerStateWithTimeout                   
0000926d  PCM_setPowerStateNonBlocking                   
0000927d  PCM_shutdownDevice                             
000092c1  PCM_gotoLPM4                                   
000092d1  PCM_gotoLPM4InterruptSafe                      
000092ed  PCM_gotoLPM0                                   
0000930b  PCM_gotoLPM0InterruptSafe                      
00009327  PCM_gotoLPM3                                   
0000939f  PCM_gotoLPM3InterruptSafe                      
000093bb  PCM_getPowerState                              
000093c7  PCM_enableRudeMode                             
000093d9  PCM_disableRudeMode                            
000093ed  PCM_enableInterrupt                            
00009401  PCM_disableInterrupt                           
00009415  PCM_getInterruptStatus                         
0000941b  PCM_getEnabledInterruptStatus                  
0000942b  PCM_clearInterruptFlag                         
0000943f  PCM_registerInterrupt                          
00009453  PCM_unregisterInterrupt                        
000095cd  Timer_A_startCounter                           
000095e3  Timer_A_configureContinuousMode                
00009613  Timer_A_configureUpMode                        
00009671  Timer_A_configureUpDownMode                    
000096cf  Timer_A_initCapture                            
00009721  Timer_A_initCompare                            
0000976f  Timer_A_getCounterValue                        
000097bb  Timer_A_clearTimer                             
000097cf  Timer_A_getSynchronizedCaptureCompareInput     
000097ff  Timer_A_getOutputForOutputModeOutBitValue      
0000982d  Timer_A_getCaptureCompareCount                 
0000984f  Timer_A_setOutputForOutputModeOutBitValue      
00009887  Timer_A_generatePWM                            
000098fd  Timer_A_stopTimer                              
00009911  Timer_A_setCompareValue                        
0000993d  Timer_A_clearInterruptFlag                     
00009953  Timer_A_clearCaptureCompareInterrupt           
0000997b  Timer_A_enableInterrupt                        
0000998f  Timer_A_disableInterrupt                       
000099a3  Timer_A_getInterruptStatus                     
000099b5  Timer_A_enableCaptureCompareInterrupt          
000099e1  Timer_A_disableCaptureCompareInterrupt         
00009a09  Timer_A_getCaptureCompareInterruptStatus       
00009a31  Timer_A_getEnabledInterruptStatus              
00009a49  Timer_A_getCaptureCompareEnabledInterruptStatus
00009a85  Timer_A_registerInterrupt                      
00009b57  Timer_A_unregisterInterrupt                    
00009c21  _sl_GetStartResponseConvert                    
00009c79  sl_Task                                        
00009c81  sl_Start                                       
00009d85  _sl_HandleAsync_InitComplete                   
00009e37  _sl_HandleAsync_Stop                           
00009ebb  sl_Stop                                        
00009fe3  sl_EventMaskSet                                
0000a01d  sl_EventMaskGet                                
0000a051  sl_DevGet                                      
0000a0ef  sl_DevSet                                      
0000a155  _SlDrvDeviceEventHandler                       
0000a1d5  RTC_C_startClock                               
0000a1f3  RTC_C_holdClock                                
0000a211  RTC_C_setCalibrationFrequency                  
0000a241  RTC_C_setCalibrationData                       
0000a26d  RTC_C_setTemperatureCompensation               
0000a297  RTC_C_initCalendar                             
0000a309  RTC_C_getCalendarTime                          
0000a36f  RTC_C_setCalendarAlarm                         
0000a3a7  RTC_C_setCalendarEvent                         
0000a3d7  RTC_C_definePrescaleEvent                      
0000a3ff  RTC_C_getPrescaleValue                         
0000a42b  RTC_C_setPrescaleValue                         
[...]
0000b137  writeInt                                       
0000b177  writeCString                                   
0000b1a5  getLenStringLen                                
0000b1bf  writeMQTTString                                
0000b20f  readMQTTLenString                              
0000b269  MQTTstrlen                                     
0000b295  MQTTPacket_equals                              
0000b2f9  MQTTPacket_read                                
0000b377  Interrupt_enableMaster                         
0000b387  Interrupt_disableMaster                        
0000b397  Interrupt_registerInterrupt                    
0000b3e9  Interrupt_unregisterInterrupt                  
0000b3fd  Interrupt_setPriorityGrouping                  
0000b417  Interrupt_getPriorityGrouping                  
0000b44f  Interrupt_setPriority                          
0000b49f  Interrupt_getPriority                          
0000b4c5  Interrupt_enableInterrupt                      
0000b537  Interrupt_disableInterrupt                     
0000b5a9  Interrupt_isEnabled                            
0000b635  Interrupt_pendInterrupt                        
0000b6a5  Interrupt_unpendInterrupt                      
0000b6f3  Interrupt_setPriorityMask                      
0000b703  Interrupt_getPriorityMask                      
0000b70d  Interrupt_setVectorTableAddress                
0000b71d  Interrupt_getVectorTableAddress                
0000b723  Interrupt_enableSleepOnIsrExit                 
0000b735  Interrupt_disableSleepOnIsrExit                
0000b765  MQTTSerialize_connectLength                    
0000b81d  MQTTSerialize_connect                          
0000b9d7  MQTTDeserialize_connack                        
0000ba5f  MQTTSerialize_zero                             
0000bac7  MQTTSerialize_disconnect                       
0000badd  MQTTSerialize_pingreq                          
0000bb11  SysTick_Handler                                
0000bb11  SysTick_Handler                                
0000bb1b  expired                                        
0000bb3b  countdown_ms                                   
0000bb53  countdown                                      
0000bb71  left_ms                                        
0000bb93  InitTimer                                      
0000bba3  cc3100_read                                    
0000bc25  cc3100_write                                   
0000bc8f  cc3100_disconnect                              
0000bc9f  NewNetwork                                     
0000bcc5  TLSConnectNetwork                              
0000bded  ConnectNetwork                                 
0000be99  registerInterruptHandler                       
0000bead  CC3100_disable                                 
0000beb9  CC3100_enable                                  
0000bec5  CC3100_InterruptEnable                         
0000bee7  CC3100_InterruptDisable                        
0000befb  MaskIntHdlr                                    
0000bf03  UnMaskIntHdlr                                  
0000bf0b  set_rts                                        
0000bf17  clear_rts                                      
0000bf23  initClk                                        
0000bf8d  stopWDT                                        
0000bf97  initLEDs                                       
0000bfe9  turnLedOn                                      
0000c01d  turnLedOff                                     
0000c051  toggleLed                                      
0000c085  GetLEDStatus                                   
0000c0bf  initAntSelGPIO                                 
0000c0f3  SelAntenna                                     
0000c137  Port1_ISR                                      
0000c139  Delay                                          
0000c169  PORT2_IRQHandler                               
0000c169  PORT2_IRQHandler                               
0000c18f  CC3100_UART_ISR                                
0000c1dd  SystemCoreClockUpdate                          
0000c451  SystemInit                                     
0000c779  SysCtl_getTLVInfo                              
0000c7ef  SysCtl_getSRAMSize                             
0000c7f5  SysCtl_getFlashSize                            
0000c7fb  SysCtl_disableNMISource                        
0000c80f  SysCtl_enableNMISource                         
0000c823  SysCtl_getNMISourceStatus                      
0000c829  SysCtl_enableSRAMBank                          
0000c845  SysCtl_disableSRAMBank                         
0000c8ad  SysCtl_enableSRAMBankRetention                 
0000c8c9  SysCtl_disableSRAMBankRetention                
0000c8e5  SysCtl_rebootDevice                            
0000c8ef  SysCtl_enablePeripheralAtCPUHalt               
0000c903  SysCtl_disablePeripheralAtCPUHalt              
0000c917  SysCtl_setWDTTimeoutResetType                  
0000c93b  SysCtl_setWDTPasswordViolationResetType        
0000c95f  SysCtl_enableGlitchFilter                      
0000c96b  SysCtl_disableGlitchFilter                     
0000c977  SysCtl_getTempCalibrationConstant              
0000c9bd  MQTTSerialize_publishLength                    
0000c9fb  MQTTSerialize_publish                          
0000cad1  MQTTSerialize_ack                              
0000cb5b  MQTTSerialize_puback                           
0000cb7f  MQTTSerialize_pubrel                           
0000cba9  MQTTSerialize_pubcomp                          
0000cbd5  MQTTSerialize_subscribeLength                  
0000cc39  MQTTSerialize_subscribe                        
0000cd3b  MQTTDeserialize_suback                         
0000cded  spi_Close                                      
0000cdf9  spi_Open                                       
0000ceeb  spi_Write                                      
0000cf45  spi_Read                                       
0000d001  InitPort2                                      
0000d035  InitPort3                                      
0000d069  InitPort5                                      
0000d09d  Motor_Init                                     
0000d0c7  Motor_Stop                                     
0000d0d7  Motor_Forward                                  
0000d107  Motor_Right                                    
0000d137  Motor_Left                                     
0000d167  Motor_Backward                                 
0000d3a5  __aeabi_dsub                                   
0000d3af  __aeabi_dadd                                   
0000d55d  MQTTSerialize_unsubscribeLength                
0000d5c1  MQTTSerialize_unsubscribe                      
0000d6b7  MQTTDeserialize_unsuback                       
0000d6fd  CRC32_setSeed                                  
0000d72d  CRC32_set8BitData                              
0000d753  CRC32_set16BitData                             
0000d779  CRC32_set32BitData                             
0000d79d  CRC32_set8BitDataReversed                      
0000d7c1  CRC32_set16BitDataReversed                     
0000d7e5  CRC32_set32BitDataReversed                     
0000d805  CRC32_getResult                                
0000d831  CRC32_getResultReversed                        
0000d881  EUSCIA0_IRQHandler                             
0000d881  EUSCIA0_IRQHandler                             
0000d8c7  CLI_Read                                       
0000d919  CLI_Write                                      
0000d96d  CLI_Configure                                  
0000db29  MQTTDeserialize_publish                        
0000dbe1  MQTTDeserialize_ack                            
0000dc61  __aeabi_ddiv                                   
0000dd99  _SlNonOsSemSet                                 
0000ddb1  _SlNonOsSemGet                                 
0000de0d  _SlNonOsSpawn                                  
0000de5d  _SlNonOsMainLoopTask                           
0000dfed  sl_NetCfgSet                                   
0000e053  sl_NetCfgGet                                   
0000e0fd  ldexp                                          
0000e0fd  ldexpl                                         
0000e0fd  scalbn                                         
0000e0fd  scalbnl                                        
0000e20d  __aeabi_dmul                                   
0000e309  WDT_A_holdTimer                                
0000e329  WDT_A_startTimer                               
0000e349  WDT_A_clearTimer                               
0000e369  WDT_A_initWatchdogTimer                        
0000e385  WDT_A_initIntervalTimer                        
0000e3a1  WDT_A_setPasswordViolationReset                
0000e3ad  WDT_A_setTimeoutReset                          
0000e3b9  WDT_A_registerInterrupt                        
0000e3cd  WDT_A_unregisterInterrupt                      
0000e493  __aeabi_memcpy                                 
0000e493  __aeabi_memcpy4                                
0000e493  __aeabi_memcpy8                                
0000e493  memcpy                                         
0000e52f  __aeabi_uldivmod                               
0000e5c5  Bump_Init                                      
0000e5f9  Bump_Read                                      
0000e655  __aeabi_cdcmpeq                                
0000e655  __aeabi_cdcmple                                
0000e6db  __aeabi_cdrcmple                               
0000e761  _SlDrvFlowContInit                             
0000e79f  _SlDrvFlowContDeinit                           
0000e7e1  __aeabi_memclr                                 
0000e7e1  __aeabi_memclr4                                
0000e7e1  __aeabi_memclr8                                
0000e7e3  __aeabi_memset                                 
0000e7e3  __aeabi_memset4                                
0000e7e3  __aeabi_memset8                                
0000e7e9  memset                                         
0000e85d  SysTick_enableModule                           
0000e869  SysTick_disableModule                          
0000e875  SysTick_registerInterrupt                      
0000e883  SysTick_unregisterInterrupt                    
0000e88d  SysTick_enableInterrupt                        
0000e899  SysTick_disableInterrupt                       
0000e8a5  SysTick_setPeriod                              
0000e8b7  SysTick_getPeriod                              
0000e8bf  SysTick_getValue                               
0000e93f  __TI_decompress_lzss                           
0000e9a9  frexp                                          
0000e9a9  frexpl                                         
0000ea63  __TI_ltoa                                      
0000eb09  atoi                                           
0000eb55  snprintf                                       
0000eba1  __aeabi_d2iz                                   
0000ebe9  __TI_auto_init_nobinit_nopinit                 
0000ec2d  sprintf                                        
0000ecab  CPU_cpsid                                      
0000ecb7  CPU_primask                                    
0000ecc1  CPU_cpsie                                      
0000eccd  CPU_wfi                                        
0000ecd1  CPU_basepriSet                                 
0000ecdf  CPU_basepriGet                                 
0000ece9  strncpy                                        
0000ed21  _c_int00_noargs                                
0000ed85  __aeabi_i2d                                    
0000edb3  strncmp                                        
0000eddf  memccpy                                        
0000edfb  copysign                                       
0000edfb  copysignl                                      
0000ee45  strcmp                                         
0000ee5d  strchr                                         
0000ee73  strlen                                         
0000ee87  wcslen                                         
0000ee99  __TI_decompress_none                           
0000eea7  Reset_Handler                                  
0000eeb3  ADC14_IRQHandler                               
0000eeb3  AES256_IRQHandler                              
0000eeb3  BusFault_Handler                               
0000eeb3  COMP_E0_IRQHandler                             
0000eeb3  COMP_E1_IRQHandler                             
0000eeb3  CS_IRQHandler                                  
0000eeb3  DMA_ERR_IRQHandler                             
0000eeb3  DMA_INT0_IRQHandler                            
0000eeb3  DMA_INT1_IRQHandler                            
0000eeb3  DMA_INT2_IRQHandler                            
0000eeb3  DMA_INT3_IRQHandler                            
0000eeb3  DebugMon_Handler                               
0000eeb3  Default_Handler                                
0000eeb3  EUSCIA1_IRQHandler                             
0000eeb3  EUSCIA2_IRQHandler                             
0000eeb3  EUSCIA3_IRQHandler                             
0000eeb3  EUSCIB0_IRQHandler                             
0000eeb3  EUSCIB1_IRQHandler                             
0000eeb3  EUSCIB2_IRQHandler                             
0000eeb3  EUSCIB3_IRQHandler                             
0000eeb3  FLCTL_IRQHandler                               
0000eeb3  FPU_IRQHandler                                 
0000eeb3  HardFault_Handler                              
0000eeb3  MemManage_Handler                              
0000eeb3  NMI_Handler                                    
0000eeb3  PCM_IRQHandler                                 
0000eeb3  PORT3_IRQHandler                               
0000eeb3  PORT4_IRQHandler                               
0000eeb3  PORT5_IRQHandler                               
0000eeb3  PORT6_IRQHandler                               
0000eeb3  PSS_IRQHandler                                 
0000eeb3  PendSV_Handler                                 
0000eeb3  RTC_C_IRQHandler                               
0000eeb3  SVC_Handler                                    
0000eeb3  T32_INT1_IRQHandler                            
0000eeb3  T32_INT2_IRQHandler                            
0000eeb3  T32_INTC_IRQHandler                            
0000eeb3  TA0_0_IRQHandler                               
0000eeb3  TA0_N_IRQHandler                               
0000eeb3  TA1_N_IRQHandler                               
0000eeb3  TA2_0_IRQHandler                               
0000eeb3  TA2_N_IRQHandler                               
0000eeb3  TA3_0_IRQHandler                               
0000eeb3  TA3_N_IRQHandler                               
0000eeb3  UsageFault_Handler                             
0000eeb3  WDT_A_IRQHandler                               
0000eeb5  __TI_zero_init                                 
0000eecd  __aeabi_errno_addr                             
0000eed5  _system_pre_init                               
0000eed9  C$$EXIT                                        
0000eed9  abort                                          
0000eedc  _ctypes_                                       
0000f190  _SlActionLookupTable                           
0000f230  upConfig                                       
0000f28c  g_H2NCnysPattern                               
0000f294  g_H2NSyncPattern                               
0000f314  _SlAcceptCmdCtrl                               
0000f318  _SlDeviceGetCmdCtrl                            
0000f31c  _SlDeviceSetCmdCtrl                            
0000f320  _SlEventMaskGetCmdCtrl                         
0000f324  _SlEventMaskSetCmdCtrl                         
0000f328  _SlGetHostByNameCtrl                           
0000f32c  _SlGetHostByServiceCtrl                        
0000f330  _SlGetServiceListeCtrl                         
0000f334  _SlGetSockOptCmdCtrl                           
0000f338  _SlListenCmdCtrl                               
0000f33c  _SlNetAppGetCmdCtrl                            
0000f340  _SlNetAppSendTokenValueCmdCtrl                 
0000f344  _SlNetAppSetCmdCtrl                            
0000f348  _SlNetAppStartCtrl                             
0000f34c  _SlNetAppStopCtrl                              
0000f350  _SlNetCfgGetCmdCtrl                            
0000f354  _SlNetCfgSetCmdCtrl                            
0000f358  _SlPolicyGetCmdCtrl                            
0000f35c  _SlPolicySetCmdCtrl                            
0000f360  _SlProfileDelCmdCtrl                           
0000f364  _SlProfileGetCmdCtrl                           
0000f368  _SlRecvCmdCtrl                                 
0000f36c  _SlRecvfomCmdCtrl                              
0000f370  _SlRegisterServiceCtrl                         
0000f374  _SlRxFilterAddtCmdCtrl                         
0000f378  _SlRxFilterGetCmdCtrl                          
0000f37c  _SlRxFilterSetCmdCtrl                          
0000f380  _SlSelectCmdCtrl                               
0000f384  _SlSendCmdCtrl                                 
0000f388  _SlSetSockOptCmdCtrl                           
0000f38c  _SlSmartConfigStartCmdCtrl                     
0000f390  _SlSockCloseCmdCtrl                            
0000f394  _SlSockSocketCmdCtrl                           
0000f398  _SlStopCmdCtrl                                 
0000f39c  _SlWlanCfgGetCmdCtrl                           
0000f3a0  _SlWlanCfgSetCmdCtrl                           
0000f3a4  _SlWlanGetNetworkListCtrl                      
0000f3a8  _SlWlanSetModeCmdCtrl                          
0000f420  __TI_Handler_Table_Base                        
0000f42c  __TI_Handler_Table_Limit                       
0000f440  __TI_CINIT_Base                                
0000f458  __TI_CINIT_Limit                               
20000000  __start___llvm_prf_cnts                        
20000000  __stop___llvm_prf_cnts                         
20000000  g_pfnRAMVectors                                
200000e4  g_AppData                                      
2000072c  g_StatMem                                      
20000890  hMQTTClient                                    
200008ec  g__SlNonOsCB                                   
20000914  macStr                                         
20000928  n                                              
20000938  uniqueID                                       
2000094c  macAddressVal                                  
20000958  MilliTimer                                     
2000095c  g_ucUARTBuffer                                 
20000960  IntIsMasked                                    
200009d4  S1buttonDebounce                               
200009d8  S2buttonDebounce                               
200009dc  publishID                                      
200009e0  macAddressLen                                  
200009e4  g_Status                                       
200009e8  g_pCB                                          
200009ec  pPingCallBackFunc                              
200009f0  gFirstCmdMode                                  
200009f4  pIraEventHandler                               
200009f8  cli_have_cmd                                   
200009fc  errno                                          
20000a00  SystemCoreClock                                
2000fe00  __stack                                        
20010000  __STACK_END                                    
4000480c  WDTCTL_SYM                                     
ffffffff  __TI_pprof_out_hndl                            
ffffffff  __TI_prof_data_size                            
ffffffff  __TI_prof_data_start                           
ffffffff  __binit__                                      
ffffffff  __c_args__                                     
ffffffff  binit                                          
UNDEFED   __mpu_init                                     
UNDEFED   _system_post_cinit                             

[656 symbols]
