<?xml version="1.0" encoding="ISO-8859-1" ?>
<link_info>
   <banner>TI ARM Linker PC v20.2.7.LTS</banner>
   <copyright>Copyright (c) 1996-2018 Texas Instruments Incorporated</copyright>
   <link_time>0x643ac57f</link_time>
   <link_errors>0x0</link_errors>
   <output_file>CC3100BOOST_MQTT-TwitterLED_MSP432P401R.out</output_file>
   <entry_point>
      <name>_c_int00_noargs</name>
      <address>0xe809</address>
   </entry_point>
   <input_file_list>
      <input_file id="fl-2">
         <path>.\</path>
         <kind>object</kind>
         <file>main.obj</file>
         <name>main.obj</name>
      </input_file>
      <input_file id="fl-3">
         <path>.\</path>
         <kind>object</kind>
         <file>startup_msp432p401r_ccs.obj</file>
         <name>startup_msp432p401r_ccs.obj</name>
      </input_file>
      <input_file id="fl-4">
         <path>.\</path>
         <kind>object</kind>
         <file>system_msp432p401r.obj</file>
         <name>system_msp432p401r.obj</name>
      </input_file>
      <input_file id="fl-5">
         <path>.\board\</path>
         <kind>object</kind>
         <file>board.obj</file>
         <name>board.obj</name>
      </input_file>
      <input_file id="fl-6">
         <path>.\cli_uart\</path>
         <kind>object</kind>
         <file>cli_uart.obj</file>
         <name>cli_uart.obj</name>
      </input_file>
      <input_file id="fl-7">
         <path>.\driverlib\MSP432P4xx\</path>
         <kind>object</kind>
         <file>adc14.obj</file>
         <name>adc14.obj</name>
      </input_file>
      <input_file id="fl-8">
         <path>.\driverlib\MSP432P4xx\</path>
         <kind>object</kind>
         <file>aes256.obj</file>
         <name>aes256.obj</name>
      </input_file>
      <input_file id="fl-9">
         <path>.\driverlib\MSP432P4xx\</path>
         <kind>object</kind>
         <file>comp_e.obj</file>
         <name>comp_e.obj</name>
      </input_file>
      <input_file id="fl-a">
         <path>.\driverlib\MSP432P4xx\</path>
         <kind>object</kind>
         <file>cpu.obj</file>
         <name>cpu.obj</name>
      </input_file>
      <input_file id="fl-b">
         <path>.\driverlib\MSP432P4xx\</path>
         <kind>object</kind>
         <file>crc32.obj</file>
         <name>crc32.obj</name>
      </input_file>
      <input_file id="fl-c">
         <path>.\driverlib\MSP432P4xx\</path>
         <kind>object</kind>
         <file>cs.obj</file>
         <name>cs.obj</name>
      </input_file>
      <input_file id="fl-d">
         <path>.\driverlib\MSP432P4xx\</path>
         <kind>object</kind>
         <file>dma.obj</file>
         <name>dma.obj</name>
      </input_file>
      <input_file id="fl-e">
         <path>.\driverlib\MSP432P4xx\</path>
         <kind>object</kind>
         <file>flash.obj</file>
         <name>flash.obj</name>
      </input_file>
      <input_file id="fl-f">
         <path>.\driverlib\MSP432P4xx\</path>
         <kind>object</kind>
         <file>fpu.obj</file>
         <name>fpu.obj</name>
      </input_file>
      <input_file id="fl-10">
         <path>.\driverlib\MSP432P4xx\</path>
         <kind>object</kind>
         <file>gpio.obj</file>
         <name>gpio.obj</name>
      </input_file>
      <input_file id="fl-11">
         <path>.\driverlib\MSP432P4xx\</path>
         <kind>object</kind>
         <file>i2c.obj</file>
         <name>i2c.obj</name>
      </input_file>
      <input_file id="fl-12">
         <path>.\driverlib\MSP432P4xx\</path>
         <kind>object</kind>
         <file>interrupt.obj</file>
         <name>interrupt.obj</name>
      </input_file>
      <input_file id="fl-13">
         <path>.\driverlib\MSP432P4xx\</path>
         <kind>object</kind>
         <file>mpu.obj</file>
         <name>mpu.obj</name>
      </input_file>
      <input_file id="fl-14">
         <path>.\driverlib\MSP432P4xx\</path>
         <kind>object</kind>
         <file>pcm.obj</file>
         <name>pcm.obj</name>
      </input_file>
      <input_file id="fl-15">
         <path>.\driverlib\MSP432P4xx\</path>
         <kind>object</kind>
         <file>pmap.obj</file>
         <name>pmap.obj</name>
      </input_file>
      <input_file id="fl-16">
         <path>.\driverlib\MSP432P4xx\</path>
         <kind>object</kind>
         <file>pss.obj</file>
         <name>pss.obj</name>
      </input_file>
      <input_file id="fl-17">
         <path>.\driverlib\MSP432P4xx\</path>
         <kind>object</kind>
         <file>ref_a.obj</file>
         <name>ref_a.obj</name>
      </input_file>
      <input_file id="fl-18">
         <path>.\driverlib\MSP432P4xx\</path>
         <kind>object</kind>
         <file>reset.obj</file>
         <name>reset.obj</name>
      </input_file>
      <input_file id="fl-19">
         <path>.\driverlib\MSP432P4xx\</path>
         <kind>object</kind>
         <file>rtc_c.obj</file>
         <name>rtc_c.obj</name>
      </input_file>
      <input_file id="fl-1a">
         <path>.\driverlib\MSP432P4xx\</path>
         <kind>object</kind>
         <file>spi.obj</file>
         <name>spi.obj</name>
      </input_file>
      <input_file id="fl-1b">
         <path>.\driverlib\MSP432P4xx\</path>
         <kind>object</kind>
         <file>sysctl.obj</file>
         <name>sysctl.obj</name>
      </input_file>
      <input_file id="fl-1c">
         <path>.\driverlib\MSP432P4xx\</path>
         <kind>object</kind>
         <file>systick.obj</file>
         <name>systick.obj</name>
      </input_file>
      <input_file id="fl-1d">
         <path>.\driverlib\MSP432P4xx\</path>
         <kind>object</kind>
         <file>timer32.obj</file>
         <name>timer32.obj</name>
      </input_file>
      <input_file id="fl-1e">
         <path>.\driverlib\MSP432P4xx\</path>
         <kind>object</kind>
         <file>timer_a.obj</file>
         <name>timer_a.obj</name>
      </input_file>
      <input_file id="fl-1f">
         <path>.\driverlib\MSP432P4xx\</path>
         <kind>object</kind>
         <file>uart.obj</file>
         <name>uart.obj</name>
      </input_file>
      <input_file id="fl-20">
         <path>.\driverlib\MSP432P4xx\</path>
         <kind>object</kind>
         <file>wdt_a.obj</file>
         <name>wdt_a.obj</name>
      </input_file>
      <input_file id="fl-21">
         <path>.\mqtt\</path>
         <kind>object</kind>
         <file>MQTTCC3100.obj</file>
         <name>MQTTCC3100.obj</name>
      </input_file>
      <input_file id="fl-22">
         <path>.\mqtt\</path>
         <kind>object</kind>
         <file>MQTTClient.obj</file>
         <name>MQTTClient.obj</name>
      </input_file>
      <input_file id="fl-23">
         <path>.\mqtt\</path>
         <kind>object</kind>
         <file>MQTTConnectClient.obj</file>
         <name>MQTTConnectClient.obj</name>
      </input_file>
      <input_file id="fl-24">
         <path>.\mqtt\</path>
         <kind>object</kind>
         <file>MQTTConnectServer.obj</file>
         <name>MQTTConnectServer.obj</name>
      </input_file>
      <input_file id="fl-25">
         <path>.\mqtt\</path>
         <kind>object</kind>
         <file>MQTTDeserializePublish.obj</file>
         <name>MQTTDeserializePublish.obj</name>
      </input_file>
      <input_file id="fl-26">
         <path>.\mqtt\</path>
         <kind>object</kind>
         <file>MQTTFormat.obj</file>
         <name>MQTTFormat.obj</name>
      </input_file>
      <input_file id="fl-27">
         <path>.\mqtt\</path>
         <kind>object</kind>
         <file>MQTTPacket.obj</file>
         <name>MQTTPacket.obj</name>
      </input_file>
      <input_file id="fl-28">
         <path>.\mqtt\</path>
         <kind>object</kind>
         <file>MQTTSerializePublish.obj</file>
         <name>MQTTSerializePublish.obj</name>
      </input_file>
      <input_file id="fl-29">
         <path>.\mqtt\</path>
         <kind>object</kind>
         <file>MQTTSubscribeClient.obj</file>
         <name>MQTTSubscribeClient.obj</name>
      </input_file>
      <input_file id="fl-2a">
         <path>.\mqtt\</path>
         <kind>object</kind>
         <file>MQTTSubscribeServer.obj</file>
         <name>MQTTSubscribeServer.obj</name>
      </input_file>
      <input_file id="fl-2b">
         <path>.\mqtt\</path>
         <kind>object</kind>
         <file>MQTTUnsubscribeClient.obj</file>
         <name>MQTTUnsubscribeClient.obj</name>
      </input_file>
      <input_file id="fl-2c">
         <path>.\mqtt\</path>
         <kind>object</kind>
         <file>MQTTUnsubscribeServer.obj</file>
         <name>MQTTUnsubscribeServer.obj</name>
      </input_file>
      <input_file id="fl-2d">
         <path>.\simplelink\source\</path>
         <kind>object</kind>
         <file>device.obj</file>
         <name>device.obj</name>
      </input_file>
      <input_file id="fl-2e">
         <path>.\simplelink\source\</path>
         <kind>object</kind>
         <file>driver.obj</file>
         <name>driver.obj</name>
      </input_file>
      <input_file id="fl-2f">
         <path>.\simplelink\source\</path>
         <kind>object</kind>
         <file>flowcont.obj</file>
         <name>flowcont.obj</name>
      </input_file>
      <input_file id="fl-30">
         <path>.\simplelink\source\</path>
         <kind>object</kind>
         <file>fs.obj</file>
         <name>fs.obj</name>
      </input_file>
      <input_file id="fl-31">
         <path>.\simplelink\source\</path>
         <kind>object</kind>
         <file>netapp.obj</file>
         <name>netapp.obj</name>
      </input_file>
      <input_file id="fl-32">
         <path>.\simplelink\source\</path>
         <kind>object</kind>
         <file>netcfg.obj</file>
         <name>netcfg.obj</name>
      </input_file>
      <input_file id="fl-33">
         <path>.\simplelink\source\</path>
         <kind>object</kind>
         <file>nonos.obj</file>
         <name>nonos.obj</name>
      </input_file>
      <input_file id="fl-34">
         <path>.\simplelink\source\</path>
         <kind>object</kind>
         <file>socket.obj</file>
         <name>socket.obj</name>
      </input_file>
      <input_file id="fl-35">
         <path>.\simplelink\source\</path>
         <kind>object</kind>
         <file>spawn.obj</file>
         <name>spawn.obj</name>
      </input_file>
      <input_file id="fl-36">
         <path>.\simplelink\source\</path>
         <kind>object</kind>
         <file>wlan.obj</file>
         <name>wlan.obj</name>
      </input_file>
      <input_file id="fl-37">
         <path>.\spi_cc3100\</path>
         <kind>object</kind>
         <file>spi_cc3100.obj</file>
         <name>spi_cc3100.obj</name>
      </input_file>
      <input_file id="fl-38">
         <path>.\uart_cc3100\</path>
         <kind>object</kind>
         <file>uart_cc3100.obj</file>
         <name>uart_cc3100.obj</name>
      </input_file>
      <input_file id="fl-3c">
         <kind>object</kind>
         <file>&lt;internal&gt;</file>
         <name>&lt;internal&gt;</name>
      </input_file>
      <input_file id="fl-f2">
         <path>D:\Program Files\ti\ccs1220\ccs\tools\compiler\ti-cgt-arm_20.2.7.LTS\lib\</path>
         <kind>archive</kind>
         <file>rtsv7M4_T_le_v4SPD16_eabi.lib</file>
         <name>snprintf.c.obj</name>
      </input_file>
      <input_file id="fl-f3">
         <path>D:\Program Files\ti\ccs1220\ccs\tools\compiler\ti-cgt-arm_20.2.7.LTS\lib\</path>
         <kind>archive</kind>
         <file>rtsv7M4_T_le_v4SPD16_eabi.lib</file>
         <name>sprintf.c.obj</name>
      </input_file>
      <input_file id="fl-f4">
         <path>D:\Program Files\ti\ccs1220\ccs\tools\compiler\ti-cgt-arm_20.2.7.LTS\lib\</path>
         <kind>archive</kind>
         <file>rtsv7M4_T_le_v4SPD16_eabi.lib</file>
         <name>fd_div_t2.asm.obj</name>
      </input_file>
      <input_file id="fl-f5">
         <path>D:\Program Files\ti\ccs1220\ccs\tools\compiler\ti-cgt-arm_20.2.7.LTS\lib\</path>
         <kind>archive</kind>
         <file>rtsv7M4_T_le_v4SPD16_eabi.lib</file>
         <name>fd_mul_t2.asm.obj</name>
      </input_file>
      <input_file id="fl-f6">
         <path>D:\Program Files\ti\ccs1220\ccs\tools\compiler\ti-cgt-arm_20.2.7.LTS\lib\</path>
         <kind>archive</kind>
         <file>rtsv7M4_T_le_v4SPD16_eabi.lib</file>
         <name>fd_toi_t2.asm.obj</name>
      </input_file>
      <input_file id="fl-f7">
         <path>D:\Program Files\ti\ccs1220\ccs\tools\compiler\ti-cgt-arm_20.2.7.LTS\lib\</path>
         <kind>archive</kind>
         <file>rtsv7M4_T_le_v4SPD16_eabi.lib</file>
         <name>i_tofd_t2.asm.obj</name>
      </input_file>
      <input_file id="fl-f8">
         <path>D:\Program Files\ti\ccs1220\ccs\tools\compiler\ti-cgt-arm_20.2.7.LTS\lib\</path>
         <kind>archive</kind>
         <file>rtsv7M4_T_le_v4SPD16_eabi.lib</file>
         <name>memcpy_t2.asm.obj</name>
      </input_file>
      <input_file id="fl-f9">
         <path>D:\Program Files\ti\ccs1220\ccs\tools\compiler\ti-cgt-arm_20.2.7.LTS\lib\</path>
         <kind>archive</kind>
         <file>rtsv7M4_T_le_v4SPD16_eabi.lib</file>
         <name>memset_t2.asm.obj</name>
      </input_file>
      <input_file id="fl-fa">
         <path>D:\Program Files\ti\ccs1220\ccs\tools\compiler\ti-cgt-arm_20.2.7.LTS\lib\</path>
         <kind>archive</kind>
         <file>rtsv7M4_T_le_v4SPD16_eabi.lib</file>
         <name>copy_zero_init.c.obj</name>
      </input_file>
      <input_file id="fl-fb">
         <path>D:\Program Files\ti\ccs1220\ccs\tools\compiler\ti-cgt-arm_20.2.7.LTS\lib\</path>
         <kind>archive</kind>
         <file>rtsv7M4_T_le_v4SPD16_eabi.lib</file>
         <name>copy_decompress_none.c.obj</name>
      </input_file>
      <input_file id="fl-fc">
         <path>D:\Program Files\ti\ccs1220\ccs\tools\compiler\ti-cgt-arm_20.2.7.LTS\lib\</path>
         <kind>archive</kind>
         <file>rtsv7M4_T_le_v4SPD16_eabi.lib</file>
         <name>copy_decompress_lzss.c.obj</name>
      </input_file>
      <input_file id="fl-fd">
         <path>D:\Program Files\ti\ccs1220\ccs\tools\compiler\ti-cgt-arm_20.2.7.LTS\lib\</path>
         <kind>archive</kind>
         <file>rtsv7M4_T_le_v4SPD16_eabi.lib</file>
         <name>memcmp.c.obj</name>
      </input_file>
      <input_file id="fl-fe">
         <path>D:\Program Files\ti\ccs1220\ccs\tools\compiler\ti-cgt-arm_20.2.7.LTS\lib\</path>
         <kind>archive</kind>
         <file>rtsv7M4_T_le_v4SPD16_eabi.lib</file>
         <name>strlen.c.obj</name>
      </input_file>
      <input_file id="fl-ff">
         <path>D:\Program Files\ti\ccs1220\ccs\tools\compiler\ti-cgt-arm_20.2.7.LTS\lib\</path>
         <kind>archive</kind>
         <file>rtsv7M4_T_le_v4SPD16_eabi.lib</file>
         <name>strncmp.c.obj</name>
      </input_file>
      <input_file id="fl-100">
         <path>D:\Program Files\ti\ccs1220\ccs\tools\compiler\ti-cgt-arm_20.2.7.LTS\lib\</path>
         <kind>archive</kind>
         <file>rtsv7M4_T_le_v4SPD16_eabi.lib</file>
         <name>strncpy.c.obj</name>
      </input_file>
      <input_file id="fl-101">
         <path>D:\Program Files\ti\ccs1220\ccs\tools\compiler\ti-cgt-arm_20.2.7.LTS\lib\</path>
         <kind>archive</kind>
         <file>rtsv7M4_T_le_v4SPD16_eabi.lib</file>
         <name>strtok.c.obj</name>
      </input_file>
      <input_file id="fl-102">
         <path>D:\Program Files\ti\ccs1220\ccs\tools\compiler\ti-cgt-arm_20.2.7.LTS\lib\</path>
         <kind>archive</kind>
         <file>rtsv7M4_T_le_v4SPD16_eabi.lib</file>
         <name>strtol.c.obj</name>
      </input_file>
      <input_file id="fl-103">
         <path>D:\Program Files\ti\ccs1220\ccs\tools\compiler\ti-cgt-arm_20.2.7.LTS\lib\</path>
         <kind>archive</kind>
         <file>rtsv7M4_T_le_v4SPD16_eabi.lib</file>
         <name>boot_cortex_m.c.obj</name>
      </input_file>
      <input_file id="fl-104">
         <path>D:\Program Files\ti\ccs1220\ccs\tools\compiler\ti-cgt-arm_20.2.7.LTS\lib\</path>
         <kind>archive</kind>
         <file>rtsv7M4_T_le_v4SPD16_eabi.lib</file>
         <name>errno.c.obj</name>
      </input_file>
      <input_file id="fl-105">
         <path>D:\Program Files\ti\ccs1220\ccs\tools\compiler\ti-cgt-arm_20.2.7.LTS\lib\</path>
         <kind>archive</kind>
         <file>rtsv7M4_T_le_v4SPD16_eabi.lib</file>
         <name>_printfi.c.obj</name>
      </input_file>
      <input_file id="fl-106">
         <path>D:\Program Files\ti\ccs1220\ccs\tools\compiler\ti-cgt-arm_20.2.7.LTS\lib\</path>
         <kind>archive</kind>
         <file>rtsv7M4_T_le_v4SPD16_eabi.lib</file>
         <name>fd_add_t2.asm.obj</name>
      </input_file>
      <input_file id="fl-107">
         <path>D:\Program Files\ti\ccs1220\ccs\tools\compiler\ti-cgt-arm_20.2.7.LTS\lib\</path>
         <kind>archive</kind>
         <file>rtsv7M4_T_le_v4SPD16_eabi.lib</file>
         <name>fd_cmp_t2.asm.obj</name>
      </input_file>
      <input_file id="fl-108">
         <path>D:\Program Files\ti\ccs1220\ccs\tools\compiler\ti-cgt-arm_20.2.7.LTS\lib\</path>
         <kind>archive</kind>
         <file>rtsv7M4_T_le_v4SPD16_eabi.lib</file>
         <name>ull_div_t2.asm.obj</name>
      </input_file>
      <input_file id="fl-109">
         <path>D:\Program Files\ti\ccs1220\ccs\tools\compiler\ti-cgt-arm_20.2.7.LTS\lib\</path>
         <kind>archive</kind>
         <file>rtsv7M4_T_le_v4SPD16_eabi.lib</file>
         <name>autoinit.c.obj</name>
      </input_file>
      <input_file id="fl-10a">
         <path>D:\Program Files\ti\ccs1220\ccs\tools\compiler\ti-cgt-arm_20.2.7.LTS\lib\</path>
         <kind>archive</kind>
         <file>rtsv7M4_T_le_v4SPD16_eabi.lib</file>
         <name>pre_init.c.obj</name>
      </input_file>
      <input_file id="fl-10b">
         <path>D:\Program Files\ti\ccs1220\ccs\tools\compiler\ti-cgt-arm_20.2.7.LTS\lib\</path>
         <kind>archive</kind>
         <file>rtsv7M4_T_le_v4SPD16_eabi.lib</file>
         <name>cpy_tbl.c.obj</name>
      </input_file>
      <input_file id="fl-10c">
         <path>D:\Program Files\ti\ccs1220\ccs\tools\compiler\ti-cgt-arm_20.2.7.LTS\lib\</path>
         <kind>archive</kind>
         <file>rtsv7M4_T_le_v4SPD16_eabi.lib</file>
         <name>exit.c.obj</name>
      </input_file>
      <input_file id="fl-10d">
         <path>D:\Program Files\ti\ccs1220\ccs\tools\compiler\ti-cgt-arm_20.2.7.LTS\lib\</path>
         <kind>archive</kind>
         <file>rtsv7M4_T_le_v4SPD16_eabi.lib</file>
         <name>_lock.c.obj</name>
      </input_file>
      <input_file id="fl-10e">
         <path>D:\Program Files\ti\ccs1220\ccs\tools\compiler\ti-cgt-arm_20.2.7.LTS\lib\</path>
         <kind>archive</kind>
         <file>rtsv7M4_T_le_v4SPD16_eabi.lib</file>
         <name>_ltoa.c.obj</name>
      </input_file>
      <input_file id="fl-10f">
         <path>D:\Program Files\ti\ccs1220\ccs\tools\compiler\ti-cgt-arm_20.2.7.LTS\lib\</path>
         <kind>archive</kind>
         <file>rtsv7M4_T_le_v4SPD16_eabi.lib</file>
         <name>args_main.c.obj</name>
      </input_file>
      <input_file id="fl-110">
         <path>D:\Program Files\ti\ccs1220\ccs\tools\compiler\ti-cgt-arm_20.2.7.LTS\lib\</path>
         <kind>archive</kind>
         <file>rtsv7M4_T_le_v4SPD16_eabi.lib</file>
         <name>atoi.c.obj</name>
      </input_file>
      <input_file id="fl-111">
         <path>D:\Program Files\ti\ccs1220\ccs\tools\compiler\ti-cgt-arm_20.2.7.LTS\lib\</path>
         <kind>archive</kind>
         <file>rtsv7M4_T_le_v4SPD16_eabi.lib</file>
         <name>ctype.c.obj</name>
      </input_file>
      <input_file id="fl-112">
         <path>D:\Program Files\ti\ccs1220\ccs\tools\compiler\ti-cgt-arm_20.2.7.LTS\lib\</path>
         <kind>archive</kind>
         <file>rtsv7M4_T_le_v4SPD16_eabi.lib</file>
         <name>memccpy.c.obj</name>
      </input_file>
      <input_file id="fl-113">
         <path>D:\Program Files\ti\ccs1220\ccs\tools\compiler\ti-cgt-arm_20.2.7.LTS\lib\</path>
         <kind>archive</kind>
         <file>rtsv7M4_T_le_v4SPD16_eabi.lib</file>
         <name>strchr.c.obj</name>
      </input_file>
      <input_file id="fl-114">
         <path>D:\Program Files\ti\ccs1220\ccs\tools\compiler\ti-cgt-arm_20.2.7.LTS\lib\</path>
         <kind>archive</kind>
         <file>rtsv7M4_T_le_v4SPD16_eabi.lib</file>
         <name>strcspn.c.obj</name>
      </input_file>
      <input_file id="fl-115">
         <path>D:\Program Files\ti\ccs1220\ccs\tools\compiler\ti-cgt-arm_20.2.7.LTS\lib\</path>
         <kind>archive</kind>
         <file>rtsv7M4_T_le_v4SPD16_eabi.lib</file>
         <name>strspn.c.obj</name>
      </input_file>
      <input_file id="fl-116">
         <path>D:\Program Files\ti\ccs1220\ccs\tools\compiler\ti-cgt-arm_20.2.7.LTS\lib\</path>
         <kind>archive</kind>
         <file>rtsv7M4_T_le_v4SPD16_eabi.lib</file>
         <name>wcslen.c.obj</name>
      </input_file>
      <input_file id="fl-117">
         <path>D:\Program Files\ti\ccs1220\ccs\tools\compiler\ti-cgt-arm_20.2.7.LTS\lib\</path>
         <kind>archive</kind>
         <file>rtsv7M4_T_le_v4SPD16_eabi.lib</file>
         <name>s_frexp.c.obj</name>
      </input_file>
      <input_file id="fl-118">
         <path>D:\Program Files\ti\ccs1220\ccs\tools\compiler\ti-cgt-arm_20.2.7.LTS\lib\</path>
         <kind>archive</kind>
         <file>rtsv7M4_T_le_v4SPD16_eabi.lib</file>
         <name>s_scalbn.c.obj</name>
      </input_file>
      <input_file id="fl-119">
         <path>D:\Program Files\ti\ccs1220\ccs\tools\compiler\ti-cgt-arm_20.2.7.LTS\lib\</path>
         <kind>archive</kind>
         <file>rtsv7M4_T_le_v4SPD16_eabi.lib</file>
         <name>div0.asm.obj</name>
      </input_file>
      <input_file id="fl-11a">
         <path>D:\Program Files\ti\ccs1220\ccs\tools\compiler\ti-cgt-arm_20.2.7.LTS\lib\</path>
         <kind>archive</kind>
         <file>rtsv7M4_T_le_v4SPD16_eabi.lib</file>
         <name>s_copysign.c.obj</name>
      </input_file>
   </input_file_list>
   <object_component_list>
      <object_component id="oc-26">
         <name>.intvecs:retain</name>
         <load_address>0x0</load_address>
         <run_address>0x0</run_address>
         <size>0xe4</size>
         <input_file_ref idref="fl-3"/>
      </object_component>
      <object_component id="oc-20c">
         <name>.text</name>
         <load_address>0xe4</load_address>
         <run_address>0xe4</run_address>
         <size>0x2034</size>
         <input_file_ref idref="fl-2e"/>
      </object_component>
      <object_component id="oc-1a1">
         <name>.text</name>
         <load_address>0x2118</load_address>
         <run_address>0x2118</run_address>
         <size>0x1598</size>
         <input_file_ref idref="fl-e"/>
      </object_component>
      <object_component id="oc-be">
         <name>.text</name>
         <load_address>0x36b0</load_address>
         <run_address>0x36b0</run_address>
         <size>0xed4</size>
         <input_file_ref idref="fl-34"/>
      </object_component>
      <object_component id="oc-73">
         <name>.text</name>
         <load_address>0x4584</load_address>
         <run_address>0x4584</run_address>
         <size>0xe9c</size>
         <input_file_ref idref="fl-2"/>
      </object_component>
      <object_component id="oc-19b">
         <name>.text</name>
         <load_address>0x5420</load_address>
         <run_address>0x5420</run_address>
         <size>0xd7c</size>
         <input_file_ref idref="fl-c"/>
      </object_component>
      <object_component id="oc-cd">
         <name>.text</name>
         <load_address>0x619c</load_address>
         <run_address>0x619c</run_address>
         <size>0xb3c</size>
         <input_file_ref idref="fl-31"/>
      </object_component>
      <object_component id="oc-15a">
         <name>.text</name>
         <load_address>0x6cd8</load_address>
         <run_address>0x6cd8</run_address>
         <size>0xac0</size>
         <input_file_ref idref="fl-36"/>
      </object_component>
      <object_component id="oc-2ef">
         <name>.text:__TI_printfi</name>
         <load_address>0x7798</load_address>
         <run_address>0x7798</run_address>
         <size>0xa4e</size>
         <input_file_ref idref="fl-105"/>
      </object_component>
      <object_component id="oc-68c">
         <name>.text</name>
         <load_address>0x81e6</load_address>
         <run_address>0x81e6</run_address>
         <size>0x2</size>
         <input_file_ref idref="fl-119"/>
      </object_component>
      <object_component id="oc-10c">
         <name>.text</name>
         <load_address>0x81e8</load_address>
         <run_address>0x81e8</run_address>
         <size>0x9fc</size>
         <input_file_ref idref="fl-22"/>
      </object_component>
      <object_component id="oc-18e">
         <name>.text</name>
         <load_address>0x8be4</load_address>
         <run_address>0x8be4</run_address>
         <size>0x838</size>
         <input_file_ref idref="fl-14"/>
      </object_component>
      <object_component id="oc-ee">
         <name>.text</name>
         <load_address>0x941c</load_address>
         <run_address>0x941c</run_address>
         <size>0x798</size>
         <input_file_ref idref="fl-1e"/>
      </object_component>
      <object_component id="oc-fa">
         <name>.text</name>
         <load_address>0x9bb4</load_address>
         <run_address>0x9bb4</run_address>
         <size>0x5b4</size>
         <input_file_ref idref="fl-2d"/>
      </object_component>
      <object_component id="oc-3f4">
         <name>.text</name>
         <load_address>0xa168</load_address>
         <run_address>0xa168</run_address>
         <size>0x508</size>
         <input_file_ref idref="fl-19"/>
      </object_component>
      <object_component id="oc-e8">
         <name>.text</name>
         <load_address>0xa670</load_address>
         <run_address>0xa670</run_address>
         <size>0x480</size>
         <input_file_ref idref="fl-10"/>
      </object_component>
      <object_component id="oc-312">
         <name>.text</name>
         <load_address>0xaaf0</load_address>
         <run_address>0xaaf0</run_address>
         <size>0x3f8</size>
         <input_file_ref idref="fl-27"/>
      </object_component>
      <object_component id="oc-f4">
         <name>.text</name>
         <load_address>0xaee8</load_address>
         <run_address>0xaee8</run_address>
         <size>0x3f0</size>
         <input_file_ref idref="fl-12"/>
      </object_component>
      <object_component id="oc-318">
         <name>.text</name>
         <load_address>0xb2d8</load_address>
         <run_address>0xb2d8</run_address>
         <size>0x3ac</size>
         <input_file_ref idref="fl-23"/>
      </object_component>
      <object_component id="oc-6d">
         <name>.text</name>
         <load_address>0xb684</load_address>
         <run_address>0xb684</run_address>
         <size>0x388</size>
         <input_file_ref idref="fl-21"/>
      </object_component>
      <object_component id="oc-7f">
         <name>.text</name>
         <load_address>0xba0c</load_address>
         <run_address>0xba0c</run_address>
         <size>0x344</size>
         <input_file_ref idref="fl-5"/>
      </object_component>
      <object_component id="oc-b7">
         <name>.text</name>
         <load_address>0xbd50</load_address>
         <run_address>0xbd50</run_address>
         <size>0x32c</size>
         <input_file_ref idref="fl-4"/>
      </object_component>
      <object_component id="oc-4eb">
         <name>.text:_pconv_a</name>
         <load_address>0xc07c</load_address>
         <run_address>0xc07c</run_address>
         <size>0x270</size>
         <input_file_ref idref="fl-105"/>
      </object_component>
      <object_component id="oc-403">
         <name>.text</name>
         <load_address>0xc2ec</load_address>
         <run_address>0xc2ec</run_address>
         <size>0x244</size>
         <input_file_ref idref="fl-1b"/>
      </object_component>
      <object_component id="oc-327">
         <name>.text</name>
         <load_address>0xc530</load_address>
         <run_address>0xc530</run_address>
         <size>0x218</size>
         <input_file_ref idref="fl-28"/>
      </object_component>
      <object_component id="oc-32d">
         <name>.text</name>
         <load_address>0xc748</load_address>
         <run_address>0xc748</run_address>
         <size>0x218</size>
         <input_file_ref idref="fl-29"/>
      </object_component>
      <object_component id="oc-2c6">
         <name>.text</name>
         <load_address>0xc960</load_address>
         <run_address>0xc960</run_address>
         <size>0x214</size>
         <input_file_ref idref="fl-37"/>
      </object_component>
      <object_component id="oc-4d9">
         <name>.text:_pconv_g</name>
         <load_address>0xcb74</load_address>
         <run_address>0xcb74</run_address>
         <size>0x1d0</size>
         <input_file_ref idref="fl-105"/>
      </object_component>
      <object_component id="oc-5f9">
         <name>.text</name>
         <load_address>0xcd44</load_address>
         <run_address>0xcd44</run_address>
         <size>0x1b6</size>
         <input_file_ref idref="fl-106"/>
      </object_component>
      <object_component id="oc-333">
         <name>.text</name>
         <load_address>0xcefc</load_address>
         <run_address>0xcefc</run_address>
         <size>0x1a0</size>
         <input_file_ref idref="fl-2b"/>
      </object_component>
      <object_component id="oc-122">
         <name>.text</name>
         <load_address>0xd09c</load_address>
         <run_address>0xd09c</run_address>
         <size>0x184</size>
         <input_file_ref idref="fl-b"/>
      </object_component>
      <object_component id="oc-79">
         <name>.text</name>
         <load_address>0xd220</load_address>
         <run_address>0xd220</run_address>
         <size>0x16c</size>
         <input_file_ref idref="fl-6"/>
      </object_component>
      <object_component id="oc-4e5">
         <name>.text:_pconv_e</name>
         <load_address>0xd38c</load_address>
         <run_address>0xd38c</run_address>
         <size>0x13c</size>
         <input_file_ref idref="fl-105"/>
      </object_component>
      <object_component id="oc-321">
         <name>.text</name>
         <load_address>0xd4c8</load_address>
         <run_address>0xd4c8</run_address>
         <size>0x138</size>
         <input_file_ref idref="fl-25"/>
      </object_component>
      <object_component id="oc-145">
         <name>.text</name>
         <load_address>0xd600</load_address>
         <run_address>0xd600</run_address>
         <size>0x136</size>
         <input_file_ref idref="fl-f4"/>
      </object_component>
      <object_component id="oc-154">
         <name>.text</name>
         <load_address>0xd738</load_address>
         <run_address>0xd738</run_address>
         <size>0x130</size>
         <input_file_ref idref="fl-33"/>
      </object_component>
      <object_component id="oc-13a">
         <name>.text:strtol</name>
         <load_address>0xd868</load_address>
         <run_address>0xd868</run_address>
         <size>0x130</size>
         <input_file_ref idref="fl-102"/>
      </object_component>
      <object_component id="oc-60b">
         <name>.text:fcvt</name>
         <load_address>0xd998</load_address>
         <run_address>0xd998</run_address>
         <size>0x124</size>
         <input_file_ref idref="fl-105"/>
      </object_component>
      <object_component id="oc-100">
         <name>.text</name>
         <load_address>0xdabc</load_address>
         <run_address>0xdabc</run_address>
         <size>0x110</size>
         <input_file_ref idref="fl-32"/>
      </object_component>
      <object_component id="oc-61f">
         <name>.text:scalbn</name>
         <load_address>0xdbcc</load_address>
         <run_address>0xdbcc</run_address>
         <size>0x110</size>
         <input_file_ref idref="fl-118"/>
      </object_component>
      <object_component id="oc-14a">
         <name>.text</name>
         <load_address>0xdcdc</load_address>
         <run_address>0xdcdc</run_address>
         <size>0xfc</size>
         <input_file_ref idref="fl-f5"/>
      </object_component>
      <object_component id="oc-3ee">
         <name>.text</name>
         <load_address>0xddd8</load_address>
         <run_address>0xddd8</run_address>
         <size>0xd8</size>
         <input_file_ref idref="fl-20"/>
      </object_component>
      <object_component id="oc-4ce">
         <name>.text:_ltostr</name>
         <load_address>0xdeb0</load_address>
         <run_address>0xdeb0</run_address>
         <size>0xb1</size>
         <input_file_ref idref="fl-105"/>
      </object_component>
      <object_component id="oc-37">
         <name>.text</name>
         <load_address>0xdf62</load_address>
         <run_address>0xdf62</run_address>
         <size>0x9c</size>
         <input_file_ref idref="fl-f8"/>
      </object_component>
      <object_component id="oc-5e7">
         <name>.text</name>
         <load_address>0xdffe</load_address>
         <run_address>0xdffe</run_address>
         <size>0x96</size>
         <input_file_ref idref="fl-108"/>
      </object_component>
      <object_component id="oc-4d4">
         <name>.text:__aeabi_cdcmple</name>
         <load_address>0xe094</load_address>
         <run_address>0xe094</run_address>
         <size>0x86</size>
         <input_file_ref idref="fl-107"/>
      </object_component>
      <object_component id="oc-5ee">
         <name>.text:__aeabi_cdrcmple</name>
         <load_address>0xe11a</load_address>
         <run_address>0xe11a</run_address>
         <size>0x86</size>
         <input_file_ref idref="fl-107"/>
      </object_component>
      <object_component id="oc-436">
         <name>.text</name>
         <load_address>0xe1a0</load_address>
         <run_address>0xe1a0</run_address>
         <size>0x80</size>
         <input_file_ref idref="fl-2f"/>
      </object_component>
      <object_component id="oc-9f">
         <name>.text</name>
         <load_address>0xe220</load_address>
         <run_address>0xe220</run_address>
         <size>0x7a</size>
         <input_file_ref idref="fl-f9"/>
      </object_component>
      <object_component id="oc-d3">
         <name>.text</name>
         <load_address>0xe29c</load_address>
         <run_address>0xe29c</run_address>
         <size>0x74</size>
         <input_file_ref idref="fl-1c"/>
      </object_component>
      <object_component id="oc-604">
         <name>.text:_mcpy</name>
         <load_address>0xe310</load_address>
         <run_address>0xe310</run_address>
         <size>0x6e</size>
         <input_file_ref idref="fl-105"/>
      </object_component>
      <object_component id="oc-17">
         <name>.text:decompress:lzss:__TI_decompress_lzss</name>
         <load_address>0xe37e</load_address>
         <run_address>0xe37e</run_address>
         <size>0x68</size>
         <input_file_ref idref="fl-fc"/>
      </object_component>
      <object_component id="oc-e2">
         <name>.text</name>
         <load_address>0xe3e8</load_address>
         <run_address>0xe3e8</run_address>
         <size>0x68</size>
         <input_file_ref idref="fl-15"/>
      </object_component>
      <object_component id="oc-619">
         <name>.text:frexp</name>
         <load_address>0xe450</load_address>
         <run_address>0xe450</run_address>
         <size>0x64</size>
         <input_file_ref idref="fl-117"/>
      </object_component>
      <object_component id="oc-4df">
         <name>.text:_pconv_f</name>
         <load_address>0xe4b4</load_address>
         <run_address>0xe4b4</run_address>
         <size>0x56</size>
         <input_file_ref idref="fl-105"/>
      </object_component>
      <object_component id="oc-5f3">
         <name>.text:__TI_ltoa</name>
         <load_address>0xe50a</load_address>
         <run_address>0xe50a</run_address>
         <size>0x54</size>
         <input_file_ref idref="fl-10e"/>
      </object_component>
      <object_component id="oc-5fe">
         <name>.text:_ecpy</name>
         <load_address>0xe55e</load_address>
         <run_address>0xe55e</run_address>
         <size>0x52</size>
         <input_file_ref idref="fl-105"/>
      </object_component>
      <object_component id="oc-4c8">
         <name>.text:atoi</name>
         <load_address>0xe5b0</load_address>
         <run_address>0xe5b0</run_address>
         <size>0x4c</size>
         <input_file_ref idref="fl-110"/>
      </object_component>
      <object_component id="oc-106">
         <name>.text:snprintf</name>
         <load_address>0xe5fc</load_address>
         <run_address>0xe5fc</run_address>
         <size>0x4c</size>
         <input_file_ref idref="fl-f2"/>
      </object_component>
      <object_component id="oc-14f">
         <name>.text</name>
         <load_address>0xe648</load_address>
         <run_address>0xe648</run_address>
         <size>0x48</size>
         <input_file_ref idref="fl-f6"/>
      </object_component>
      <object_component id="oc-1d6">
         <name>.text:__TI_auto_init_nobinit_nopinit:__TI_auto_init_nobinit_nopinit</name>
         <load_address>0xe690</load_address>
         <run_address>0xe690</run_address>
         <size>0x44</size>
         <input_file_ref idref="fl-109"/>
      </object_component>
      <object_component id="oc-128">
         <name>.text:sprintf</name>
         <load_address>0xe6d4</load_address>
         <run_address>0xe6d4</run_address>
         <size>0x40</size>
         <input_file_ref idref="fl-f3"/>
      </object_component>
      <object_component id="oc-134">
         <name>.text:strtok</name>
         <load_address>0xe714</load_address>
         <run_address>0xe714</run_address>
         <size>0x40</size>
         <input_file_ref idref="fl-101"/>
      </object_component>
      <object_component id="oc-611">
         <name>.text:_fcpy</name>
         <load_address>0xe754</load_address>
         <run_address>0xe754</run_address>
         <size>0x3e</size>
         <input_file_ref idref="fl-105"/>
      </object_component>
      <object_component id="oc-2a9">
         <name>.text</name>
         <load_address>0xe792</load_address>
         <run_address>0xe792</run_address>
         <size>0x3e</size>
         <input_file_ref idref="fl-a"/>
      </object_component>
      <object_component id="oc-12e">
         <name>.text:strncpy</name>
         <load_address>0xe7d0</load_address>
         <run_address>0xe7d0</run_address>
         <size>0x36</size>
         <input_file_ref idref="fl-100"/>
      </object_component>
      <object_component id="oc-55">
         <name>.text:_c_int00_noargs:_c_int00_noargs</name>
         <load_address>0xe808</load_address>
         <run_address>0xe808</run_address>
         <size>0x34</size>
         <input_file_ref idref="fl-103"/>
      </object_component>
      <object_component id="oc-2f5">
         <name>.text:_outs</name>
         <load_address>0xe83c</load_address>
         <run_address>0xe83c</run_address>
         <size>0x30</size>
         <input_file_ref idref="fl-f2"/>
      </object_component>
      <object_component id="oc-140">
         <name>.text</name>
         <load_address>0xe86c</load_address>
         <run_address>0xe86c</run_address>
         <size>0x2e</size>
         <input_file_ref idref="fl-f7"/>
      </object_component>
      <object_component id="oc-50d">
         <name>.text:strncmp</name>
         <load_address>0xe89a</load_address>
         <run_address>0xe89a</run_address>
         <size>0x2c</size>
         <input_file_ref idref="fl-ff"/>
      </object_component>
      <object_component id="oc-388">
         <name>.text:strspn</name>
         <load_address>0xe8c6</load_address>
         <run_address>0xe8c6</run_address>
         <size>0x2a</size>
         <input_file_ref idref="fl-115"/>
      </object_component>
      <object_component id="oc-38e">
         <name>.text:strcspn</name>
         <load_address>0xe8f0</load_address>
         <run_address>0xe8f0</run_address>
         <size>0x24</size>
         <input_file_ref idref="fl-114"/>
      </object_component>
      <object_component id="oc-4f1">
         <name>.text:memccpy</name>
         <load_address>0xe914</load_address>
         <run_address>0xe914</run_address>
         <size>0x1c</size>
         <input_file_ref idref="fl-112"/>
      </object_component>
      <object_component id="oc-6a1">
         <name>.text:copysign</name>
         <load_address>0xe930</load_address>
         <run_address>0xe930</run_address>
         <size>0x1a</size>
         <input_file_ref idref="fl-11a"/>
      </object_component>
      <object_component id="oc-2fb">
         <name>.text:_outc</name>
         <load_address>0xe94a</load_address>
         <run_address>0xe94a</run_address>
         <size>0x18</size>
         <input_file_ref idref="fl-f2"/>
      </object_component>
      <object_component id="oc-378">
         <name>.text:_outs</name>
         <load_address>0xe962</load_address>
         <run_address>0xe962</run_address>
         <size>0x18</size>
         <input_file_ref idref="fl-f3"/>
      </object_component>
      <object_component id="oc-625">
         <name>.text:strchr</name>
         <load_address>0xe97a</load_address>
         <run_address>0xe97a</run_address>
         <size>0x16</size>
         <input_file_ref idref="fl-113"/>
      </object_component>
      <object_component id="oc-c7">
         <name>.text:strlen</name>
         <load_address>0xe990</load_address>
         <run_address>0xe990</run_address>
         <size>0x14</size>
         <input_file_ref idref="fl-fe"/>
      </object_component>
      <object_component id="oc-4f7">
         <name>.text:wcslen</name>
         <load_address>0xe9a4</load_address>
         <run_address>0xe9a4</run_address>
         <size>0x12</size>
         <input_file_ref idref="fl-116"/>
      </object_component>
      <object_component id="oc-1d">
         <name>.text:decompress:none:__TI_decompress_none</name>
         <load_address>0xe9b6</load_address>
         <run_address>0xe9b6</run_address>
         <size>0xe</size>
         <input_file_ref idref="fl-fb"/>
      </object_component>
      <object_component id="oc-67">
         <name>.text</name>
         <load_address>0xe9c4</load_address>
         <run_address>0xe9c4</run_address>
         <size>0xe</size>
         <input_file_ref idref="fl-3"/>
      </object_component>
      <object_component id="oc-49">
         <name>.text:decompress:ZI:__TI_zero_init</name>
         <load_address>0xe9d2</load_address>
         <run_address>0xe9d2</run_address>
         <size>0xc</size>
         <input_file_ref idref="fl-fa"/>
      </object_component>
      <object_component id="oc-37e">
         <name>.text:_outc</name>
         <load_address>0xe9de</load_address>
         <run_address>0xe9de</run_address>
         <size>0xa</size>
         <input_file_ref idref="fl-f3"/>
      </object_component>
      <object_component id="oc-399">
         <name>.text:__aeabi_errno_addr</name>
         <load_address>0xe9e8</load_address>
         <run_address>0xe9e8</run_address>
         <size>0x8</size>
         <input_file_ref idref="fl-104"/>
      </object_component>
      <object_component id="oc-a5">
         <name>.text:_system_pre_init</name>
         <load_address>0xe9f0</load_address>
         <run_address>0xe9f0</run_address>
         <size>0x4</size>
         <input_file_ref idref="fl-10a"/>
      </object_component>
      <object_component id="oc-1ca">
         <name>.text:abort:abort</name>
         <load_address>0xe9f4</load_address>
         <run_address>0xe9f4</run_address>
         <size>0x4</size>
         <input_file_ref idref="fl-10c"/>
      </object_component>
      <object_component id="oc-39f">
         <name>.const:.string:_ctypes_</name>
         <load_address>0xe9f8</load_address>
         <run_address>0xe9f8</run_address>
         <size>0x101</size>
         <input_file_ref idref="fl-111"/>
      </object_component>
      <object_component id="oc-3ac">
         <name>.const:$P$T0$1</name>
         <load_address>0xeafc</load_address>
         <run_address>0xeafc</run_address>
         <size>0xb0</size>
         <input_file_ref idref="fl-36"/>
      </object_component>
      <object_component id="oc-11e">
         <name>.const:$P$T0$1</name>
         <load_address>0xebac</load_address>
         <run_address>0xebac</run_address>
         <size>0x58</size>
         <input_file_ref idref="fl-2"/>
      </object_component>
      <object_component id="oc-339">
         <name>.const:$P$T1$2</name>
         <load_address>0xec04</load_address>
         <run_address>0xec04</run_address>
         <size>0x58</size>
         <input_file_ref idref="fl-22"/>
      </object_component>
      <object_component id="oc-2b5">
         <name>.const:g_pulRegs</name>
         <load_address>0xec5c</load_address>
         <run_address>0xec5c</run_address>
         <size>0x50</size>
         <input_file_ref idref="fl-12"/>
      </object_component>
      <object_component id="oc-448">
         <name>.const:_SlActionLookupTable</name>
         <load_address>0xecac</load_address>
         <run_address>0xecac</run_address>
         <size>0x38</size>
         <input_file_ref idref="fl-2e"/>
      </object_component>
      <object_component id="oc-160">
         <name>.const:$P$T1$2</name>
         <load_address>0xece4</load_address>
         <run_address>0xece4</run_address>
         <size>0x2c</size>
         <input_file_ref idref="fl-2"/>
      </object_component>
      <object_component id="oc-2b2">
         <name>.const:g_pulPriority</name>
         <load_address>0xed10</load_address>
         <run_address>0xed10</run_address>
         <size>0x20</size>
         <input_file_ref idref="fl-12"/>
      </object_component>
      <object_component id="oc-2a2">
         <name>.const:GPIO_PORT_TO_INT</name>
         <load_address>0xed30</load_address>
         <run_address>0xed30</run_address>
         <size>0x1c</size>
         <input_file_ref idref="fl-10"/>
      </object_component>
      <object_component id="oc-115">
         <name>.const:upConfig</name>
         <load_address>0xed4c</load_address>
         <run_address>0xed4c</run_address>
         <size>0x18</size>
         <input_file_ref idref="fl-2"/>
      </object_component>
      <object_component id="oc-163">
         <name>.const:$P$T2$3</name>
         <load_address>0xed64</load_address>
         <run_address>0xed64</run_address>
         <size>0x14</size>
         <input_file_ref idref="fl-2"/>
      </object_component>
      <object_component id="oc-33c">
         <name>.const:$P$T2$3</name>
         <load_address>0xed78</load_address>
         <run_address>0xed78</run_address>
         <size>0xc</size>
         <input_file_ref idref="fl-22"/>
      </object_component>
      <object_component id="oc-33f">
         <name>.const:$P$T3$4</name>
         <load_address>0xed84</load_address>
         <run_address>0xed84</run_address>
         <size>0xc</size>
         <input_file_ref idref="fl-22"/>
      </object_component>
      <object_component id="oc-166">
         <name>.const:$P$T3$4</name>
         <load_address>0xed90</load_address>
         <run_address>0xed90</run_address>
         <size>0xc</size>
         <input_file_ref idref="fl-2"/>
      </object_component>
      <object_component id="oc-342">
         <name>.const:$P$T4$5</name>
         <load_address>0xed9c</load_address>
         <run_address>0xed9c</run_address>
         <size>0xc</size>
         <input_file_ref idref="fl-22"/>
      </object_component>
      <object_component id="oc-112">
         <name>.const:.string:port_mapping</name>
         <load_address>0xeda8</load_address>
         <run_address>0xeda8</run_address>
         <size>0x8</size>
         <input_file_ref idref="fl-2"/>
      </object_component>
      <object_component id="oc-442">
         <name>.const:g_H2NCnysPattern</name>
         <load_address>0xedb0</load_address>
         <run_address>0xedb0</run_address>
         <size>0x8</size>
         <input_file_ref idref="fl-2e"/>
      </object_component>
      <object_component id="oc-43f">
         <name>.const:g_H2NSyncPattern</name>
         <load_address>0xedb8</load_address>
         <run_address>0xedb8</run_address>
         <size>0x8</size>
         <input_file_ref idref="fl-2e"/>
      </object_component>
      <object_component id="oc-2bb">
         <name>.const:g_pulDisRegs</name>
         <load_address>0xedc0</load_address>
         <run_address>0xedc0</run_address>
         <size>0x8</size>
         <input_file_ref idref="fl-12"/>
      </object_component>
      <object_component id="oc-2b8">
         <name>.const:g_pulEnRegs</name>
         <load_address>0xedc8</load_address>
         <run_address>0xedc8</run_address>
         <size>0x8</size>
         <input_file_ref idref="fl-12"/>
      </object_component>
      <object_component id="oc-2be">
         <name>.const:g_pulPendRegs</name>
         <load_address>0xedd0</load_address>
         <run_address>0xedd0</run_address>
         <size>0x8</size>
         <input_file_ref idref="fl-12"/>
      </object_component>
      <object_component id="oc-2c1">
         <name>.const:g_pulUnpendRegs</name>
         <load_address>0xedd8</load_address>
         <run_address>0xedd8</run_address>
         <size>0x8</size>
         <input_file_ref idref="fl-12"/>
      </object_component>
      <object_component id="oc-31e">
         <name>.const:$P$T0$1</name>
         <load_address>0xede0</load_address>
         <run_address>0xede0</run_address>
         <size>0x4</size>
         <input_file_ref idref="fl-22"/>
      </object_component>
      <object_component id="oc-51b">
         <name>.const:$P$T0$1</name>
         <load_address>0xede4</load_address>
         <run_address>0xede4</run_address>
         <size>0x4</size>
         <input_file_ref idref="fl-23"/>
      </object_component>
      <object_component id="oc-52e">
         <name>.const:$P$T0$1</name>
         <load_address>0xede8</load_address>
         <run_address>0xede8</run_address>
         <size>0x4</size>
         <input_file_ref idref="fl-25"/>
      </object_component>
      <object_component id="oc-516">
         <name>.const:$P$T0$1</name>
         <load_address>0xedec</load_address>
         <run_address>0xedec</run_address>
         <size>0x4</size>
         <input_file_ref idref="fl-27"/>
      </object_component>
      <object_component id="oc-536">
         <name>.const:$P$T0$1</name>
         <load_address>0xedf0</load_address>
         <run_address>0xedf0</run_address>
         <size>0x4</size>
         <input_file_ref idref="fl-28"/>
      </object_component>
      <object_component id="oc-53e">
         <name>.const:$P$T0$1</name>
         <load_address>0xedf4</load_address>
         <run_address>0xedf4</run_address>
         <size>0x4</size>
         <input_file_ref idref="fl-29"/>
      </object_component>
      <object_component id="oc-546">
         <name>.const:$P$T0$1</name>
         <load_address>0xedf8</load_address>
         <run_address>0xedf8</run_address>
         <size>0x4</size>
         <input_file_ref idref="fl-2b"/>
      </object_component>
      <object_component id="oc-445">
         <name>.const:$P$T0$1</name>
         <load_address>0xedfc</load_address>
         <run_address>0xedfc</run_address>
         <size>0x4</size>
         <input_file_ref idref="fl-2e"/>
      </object_component>
      <object_component id="oc-281">
         <name>.const:$P$T0$1</name>
         <load_address>0xee00</load_address>
         <run_address>0xee00</run_address>
         <size>0x4</size>
         <input_file_ref idref="fl-31"/>
      </object_component>
      <object_component id="oc-218">
         <name>.const:$P$T0$1</name>
         <load_address>0xee04</load_address>
         <run_address>0xee04</run_address>
         <size>0x4</size>
         <input_file_ref idref="fl-34"/>
      </object_component>
      <object_component id="oc-51e">
         <name>.const:$P$T1$2</name>
         <load_address>0xee08</load_address>
         <run_address>0xee08</run_address>
         <size>0x4</size>
         <input_file_ref idref="fl-23"/>
      </object_component>
      <object_component id="oc-531">
         <name>.const:$P$T1$2</name>
         <load_address>0xee0c</load_address>
         <run_address>0xee0c</run_address>
         <size>0x4</size>
         <input_file_ref idref="fl-25"/>
      </object_component>
      <object_component id="oc-539">
         <name>.const:$P$T1$2</name>
         <load_address>0xee10</load_address>
         <run_address>0xee10</run_address>
         <size>0x4</size>
         <input_file_ref idref="fl-28"/>
      </object_component>
      <object_component id="oc-541">
         <name>.const:$P$T1$2</name>
         <load_address>0xee14</load_address>
         <run_address>0xee14</run_address>
         <size>0x4</size>
         <input_file_ref idref="fl-29"/>
      </object_component>
      <object_component id="oc-21b">
         <name>.const:$P$T1$2</name>
         <load_address>0xee18</load_address>
         <run_address>0xee18</run_address>
         <size>0x4</size>
         <input_file_ref idref="fl-34"/>
      </object_component>
      <object_component id="oc-3af">
         <name>.const:$P$T1$2</name>
         <load_address>0xee1c</load_address>
         <run_address>0xee1c</run_address>
         <size>0x4</size>
         <input_file_ref idref="fl-36"/>
      </object_component>
      <object_component id="oc-521">
         <name>.const:$P$T2$3</name>
         <load_address>0xee20</load_address>
         <run_address>0xee20</run_address>
         <size>0x4</size>
         <input_file_ref idref="fl-23"/>
      </object_component>
      <object_component id="oc-221">
         <name>.const:$P$T2$3</name>
         <load_address>0xee24</load_address>
         <run_address>0xee24</run_address>
         <size>0x4</size>
         <input_file_ref idref="fl-34"/>
      </object_component>
      <object_component id="oc-3b8">
         <name>.const:$P$T2$3</name>
         <load_address>0xee28</load_address>
         <run_address>0xee28</run_address>
         <size>0x4</size>
         <input_file_ref idref="fl-36"/>
      </object_component>
      <object_component id="oc-524">
         <name>.const:$P$T3$4</name>
         <load_address>0xee2c</load_address>
         <run_address>0xee2c</run_address>
         <size>0x4</size>
         <input_file_ref idref="fl-23"/>
      </object_component>
      <object_component id="oc-3cd">
         <name>.const:$P$T3$4</name>
         <load_address>0xee30</load_address>
         <run_address>0xee30</run_address>
         <size>0x4</size>
         <input_file_ref idref="fl-36"/>
      </object_component>
      <object_component id="oc-527">
         <name>.const:$P$T4$5</name>
         <load_address>0xee34</load_address>
         <run_address>0xee34</run_address>
         <size>0x4</size>
         <input_file_ref idref="fl-23"/>
      </object_component>
      <object_component id="oc-22d">
         <name>.const:_SlAcceptCmdCtrl</name>
         <load_address>0xee38</load_address>
         <run_address>0xee38</run_address>
         <size>0x4</size>
         <input_file_ref idref="fl-34"/>
      </object_component>
      <object_component id="oc-2d5">
         <name>.const:_SlDeviceGetCmdCtrl</name>
         <load_address>0xee3c</load_address>
         <run_address>0xee3c</run_address>
         <size>0x4</size>
         <input_file_ref idref="fl-2d"/>
      </object_component>
      <object_component id="oc-2d8">
         <name>.const:_SlDeviceSetCmdCtrl</name>
         <load_address>0xee40</load_address>
         <run_address>0xee40</run_address>
         <size>0x4</size>
         <input_file_ref idref="fl-2d"/>
      </object_component>
      <object_component id="oc-2d2">
         <name>.const:_SlEventMaskGetCmdCtrl</name>
         <load_address>0xee44</load_address>
         <run_address>0xee44</run_address>
         <size>0x4</size>
         <input_file_ref idref="fl-2d"/>
      </object_component>
      <object_component id="oc-2cf">
         <name>.const:_SlEventMaskSetCmdCtrl</name>
         <load_address>0xee48</load_address>
         <run_address>0xee48</run_address>
         <size>0x4</size>
         <input_file_ref idref="fl-2d"/>
      </object_component>
      <object_component id="oc-27e">
         <name>.const:_SlGetHostByNameCtrl</name>
         <load_address>0xee4c</load_address>
         <run_address>0xee4c</run_address>
         <size>0x4</size>
         <input_file_ref idref="fl-31"/>
      </object_component>
      <object_component id="oc-27b">
         <name>.const:_SlGetHostByServiceCtrl</name>
         <load_address>0xee50</load_address>
         <run_address>0xee50</run_address>
         <size>0x4</size>
         <input_file_ref idref="fl-31"/>
      </object_component>
      <object_component id="oc-275">
         <name>.const:_SlGetServiceListeCtrl</name>
         <load_address>0xee54</load_address>
         <run_address>0xee54</run_address>
         <size>0x4</size>
         <input_file_ref idref="fl-31"/>
      </object_component>
      <object_component id="oc-236">
         <name>.const:_SlGetSockOptCmdCtrl</name>
         <load_address>0xee58</load_address>
         <run_address>0xee58</run_address>
         <size>0x4</size>
         <input_file_ref idref="fl-34"/>
      </object_component>
      <object_component id="oc-22a">
         <name>.const:_SlListenCmdCtrl</name>
         <load_address>0xee5c</load_address>
         <run_address>0xee5c</run_address>
         <size>0x4</size>
         <input_file_ref idref="fl-34"/>
      </object_component>
      <object_component id="oc-28a">
         <name>.const:_SlNetAppGetCmdCtrl</name>
         <load_address>0xee60</load_address>
         <run_address>0xee60</run_address>
         <size>0x4</size>
         <input_file_ref idref="fl-31"/>
      </object_component>
      <object_component id="oc-287">
         <name>.const:_SlNetAppSendTokenValueCmdCtrl</name>
         <load_address>0xee64</load_address>
         <run_address>0xee64</run_address>
         <size>0x4</size>
         <input_file_ref idref="fl-31"/>
      </object_component>
      <object_component id="oc-284">
         <name>.const:_SlNetAppSetCmdCtrl</name>
         <load_address>0xee68</load_address>
         <run_address>0xee68</run_address>
         <size>0x4</size>
         <input_file_ref idref="fl-31"/>
      </object_component>
      <object_component id="oc-26f">
         <name>.const:_SlNetAppStartCtrl</name>
         <load_address>0xee6c</load_address>
         <run_address>0xee6c</run_address>
         <size>0x4</size>
         <input_file_ref idref="fl-31"/>
      </object_component>
      <object_component id="oc-272">
         <name>.const:_SlNetAppStopCtrl</name>
         <load_address>0xee70</load_address>
         <run_address>0xee70</run_address>
         <size>0x4</size>
         <input_file_ref idref="fl-31"/>
      </object_component>
      <object_component id="oc-2e5">
         <name>.const:_SlNetCfgGetCmdCtrl</name>
         <load_address>0xee74</load_address>
         <run_address>0xee74</run_address>
         <size>0x4</size>
         <input_file_ref idref="fl-32"/>
      </object_component>
      <object_component id="oc-2e2">
         <name>.const:_SlNetCfgSetCmdCtrl</name>
         <load_address>0xee78</load_address>
         <run_address>0xee78</run_address>
         <size>0x4</size>
         <input_file_ref idref="fl-32"/>
      </object_component>
      <object_component id="oc-3b5">
         <name>.const:_SlPolicyGetCmdCtrl</name>
         <load_address>0xee7c</load_address>
         <run_address>0xee7c</run_address>
         <size>0x4</size>
         <input_file_ref idref="fl-36"/>
      </object_component>
      <object_component id="oc-3b2">
         <name>.const:_SlPolicySetCmdCtrl</name>
         <load_address>0xee80</load_address>
         <run_address>0xee80</run_address>
         <size>0x4</size>
         <input_file_ref idref="fl-36"/>
      </object_component>
      <object_component id="oc-3be">
         <name>.const:_SlProfileDelCmdCtrl</name>
         <load_address>0xee84</load_address>
         <run_address>0xee84</run_address>
         <size>0x4</size>
         <input_file_ref idref="fl-36"/>
      </object_component>
      <object_component id="oc-3bb">
         <name>.const:_SlProfileGetCmdCtrl</name>
         <load_address>0xee88</load_address>
         <run_address>0xee88</run_address>
         <size>0x4</size>
         <input_file_ref idref="fl-36"/>
      </object_component>
      <object_component id="oc-230">
         <name>.const:_SlRecvCmdCtrl</name>
         <load_address>0xee8c</load_address>
         <run_address>0xee8c</run_address>
         <size>0x4</size>
         <input_file_ref idref="fl-34"/>
      </object_component>
      <object_component id="oc-21e">
         <name>.const:_SlRecvfomCmdCtrl</name>
         <load_address>0xee90</load_address>
         <run_address>0xee90</run_address>
         <size>0x4</size>
         <input_file_ref idref="fl-34"/>
      </object_component>
      <object_component id="oc-278">
         <name>.const:_SlRegisterServiceCtrl</name>
         <load_address>0xee94</load_address>
         <run_address>0xee94</run_address>
         <size>0x4</size>
         <input_file_ref idref="fl-31"/>
      </object_component>
      <object_component id="oc-3c4">
         <name>.const:_SlRxFilterAddtCmdCtrl</name>
         <load_address>0xee98</load_address>
         <run_address>0xee98</run_address>
         <size>0x4</size>
         <input_file_ref idref="fl-36"/>
      </object_component>
      <object_component id="oc-3ca">
         <name>.const:_SlRxFilterGetCmdCtrl</name>
         <load_address>0xee9c</load_address>
         <run_address>0xee9c</run_address>
         <size>0x4</size>
         <input_file_ref idref="fl-36"/>
      </object_component>
      <object_component id="oc-3c7">
         <name>.const:_SlRxFilterSetCmdCtrl</name>
         <load_address>0xeea0</load_address>
         <run_address>0xeea0</run_address>
         <size>0x4</size>
         <input_file_ref idref="fl-36"/>
      </object_component>
      <object_component id="oc-239">
         <name>.const:_SlSelectCmdCtrl</name>
         <load_address>0xeea4</load_address>
         <run_address>0xeea4</run_address>
         <size>0x4</size>
         <input_file_ref idref="fl-34"/>
      </object_component>
      <object_component id="oc-227">
         <name>.const:_SlSendCmdCtrl</name>
         <load_address>0xeea8</load_address>
         <run_address>0xeea8</run_address>
         <size>0x4</size>
         <input_file_ref idref="fl-34"/>
      </object_component>
      <object_component id="oc-233">
         <name>.const:_SlSetSockOptCmdCtrl</name>
         <load_address>0xeeac</load_address>
         <run_address>0xeeac</run_address>
         <size>0x4</size>
         <input_file_ref idref="fl-34"/>
      </object_component>
      <object_component id="oc-3d0">
         <name>.const:_SlSmartConfigStartCmdCtrl</name>
         <load_address>0xeeb0</load_address>
         <run_address>0xeeb0</run_address>
         <size>0x4</size>
         <input_file_ref idref="fl-36"/>
      </object_component>
      <object_component id="oc-215">
         <name>.const:_SlSockCloseCmdCtrl</name>
         <load_address>0xeeb4</load_address>
         <run_address>0xeeb4</run_address>
         <size>0x4</size>
         <input_file_ref idref="fl-34"/>
      </object_component>
      <object_component id="oc-212">
         <name>.const:_SlSockSocketCmdCtrl</name>
         <load_address>0xeeb8</load_address>
         <run_address>0xeeb8</run_address>
         <size>0x4</size>
         <input_file_ref idref="fl-34"/>
      </object_component>
      <object_component id="oc-2cc">
         <name>.const:_SlStopCmdCtrl</name>
         <load_address>0xeebc</load_address>
         <run_address>0xeebc</run_address>
         <size>0x4</size>
         <input_file_ref idref="fl-2d"/>
      </object_component>
      <object_component id="oc-3d9">
         <name>.const:_SlWlanCfgGetCmdCtrl</name>
         <load_address>0xeec0</load_address>
         <run_address>0xeec0</run_address>
         <size>0x4</size>
         <input_file_ref idref="fl-36"/>
      </object_component>
      <object_component id="oc-3d6">
         <name>.const:_SlWlanCfgSetCmdCtrl</name>
         <load_address>0xeec4</load_address>
         <run_address>0xeec4</run_address>
         <size>0x4</size>
         <input_file_ref idref="fl-36"/>
      </object_component>
      <object_component id="oc-3c1">
         <name>.const:_SlWlanGetNetworkListCtrl</name>
         <load_address>0xeec8</load_address>
         <run_address>0xeec8</run_address>
         <size>0x4</size>
         <input_file_ref idref="fl-36"/>
      </object_component>
      <object_component id="oc-3d3">
         <name>.const:_SlWlanSetModeCmdCtrl</name>
         <load_address>0xeecc</load_address>
         <run_address>0xeecc</run_address>
         <size>0x4</size>
         <input_file_ref idref="fl-36"/>
      </object_component>
      <object_component id="oc-6fc">
         <name>.cinit..data.load</name>
         <load_address>0xeed0</load_address>
         <run_address>0xeed0</run_address>
         <size>0x71</size>
      </object_component>
      <object_component id="oc-6f9">
         <name>__TI_handler_table</name>
         <load_address>0xef44</load_address>
         <run_address>0xef44</run_address>
         <size>0xc</size>
      </object_component>
      <object_component id="oc-6fd">
         <name>.cinit..bss.load</name>
         <load_address>0xef50</load_address>
         <run_address>0xef50</run_address>
         <size>0x8</size>
      </object_component>
      <object_component id="oc-6fb">
         <name>.cinit..vtable.load</name>
         <load_address>0xef58</load_address>
         <run_address>0xef58</run_address>
         <size>0x8</size>
      </object_component>
      <object_component id="oc-6fa">
         <name>__TI_cinit_table</name>
         <load_address>0xef60</load_address>
         <run_address>0xef60</run_address>
         <size>0x18</size>
      </object_component>
      <object_component id="oc-6cd">
         <name>.binit</name>
         <load_address>0x0</load_address>
         <run_address>0x0</run_address>
         <size>0x0</size>
      </object_component>
      <object_component id="oc-2af">
         <name>.vtable</name>
         <uninitialized>true</uninitialized>
         <run_address>0x20000000</run_address>
         <size>0xe4</size>
         <input_file_ref idref="fl-12"/>
      </object_component>
      <object_component id="oc-df">
         <name>.data</name>
         <load_address>0x200009d4</load_address>
         <run_address>0x200009d4</run_address>
         <size>0x14</size>
         <input_file_ref idref="fl-2"/>
      </object_component>
      <object_component id="oc-208">
         <name>.data</name>
         <load_address>0x20000a04</load_address>
         <run_address>0x20000a04</run_address>
         <size>0x4</size>
         <input_file_ref idref="fl-4"/>
      </object_component>
      <object_component id="oc-1a7">
         <name>.data</name>
         <load_address>0x200009f4</load_address>
         <run_address>0x200009f4</run_address>
         <size>0x4</size>
         <input_file_ref idref="fl-5"/>
      </object_component>
      <object_component id="oc-197">
         <name>.data</name>
         <load_address>0x200009f8</load_address>
         <run_address>0x200009f8</run_address>
         <size>0x4</size>
         <input_file_ref idref="fl-6"/>
      </object_component>
      <object_component id="oc-40b">
         <name>.data:__getBurstProgramRegs</name>
         <load_address>0x20000964</load_address>
         <run_address>0x20000964</run_address>
         <size>0x40</size>
         <input_file_ref idref="fl-e"/>
      </object_component>
      <object_component id="oc-29f">
         <name>.data:GPIO_PORT_TO_BASE</name>
         <load_address>0x200009a4</load_address>
         <run_address>0x200009a4</run_address>
         <size>0x30</size>
         <input_file_ref idref="fl-10"/>
      </object_component>
      <object_component id="oc-224">
         <name>.data</name>
         <load_address>0x200009e8</load_address>
         <run_address>0x200009e8</run_address>
         <size>0x9</size>
         <input_file_ref idref="fl-2e"/>
      </object_component>
      <object_component id="oc-394">
         <name>.data</name>
         <load_address>0x20000a00</load_address>
         <run_address>0x20000a00</run_address>
         <size>0x4</size>
         <input_file_ref idref="fl-101"/>
      </object_component>
      <object_component id="oc-568">
         <name>.data</name>
         <load_address>0x200009fc</load_address>
         <run_address>0x200009fc</run_address>
         <size>0x4</size>
         <input_file_ref idref="fl-104"/>
      </object_component>
      <object_component id="oc-400">
         <name>.bss</name>
         <uninitialized>true</uninitialized>
         <run_address>0x20000944</run_address>
         <size>0x8</size>
         <input_file_ref idref="fl-c"/>
      </object_component>
      <object_component id="oc-513">
         <name>.bss</name>
         <uninitialized>true</uninitialized>
         <run_address>0x20000954</run_address>
         <size>0x4</size>
         <input_file_ref idref="fl-27"/>
      </object_component>
      <object_component id="oc-118">
         <name>.common:macAddressVal</name>
         <uninitialized>true</uninitialized>
         <run_address>0x2000094c</run_address>
         <size>0x8</size>
      </object_component>
      <object_component id="oc-11b">
         <name>.common:macStr</name>
         <uninitialized>true</uninitialized>
         <run_address>0x20000914</run_address>
         <size>0x14</size>
      </object_component>
      <object_component id="oc-121">
         <name>.common:uniqueID</name>
         <uninitialized>true</uninitialized>
         <run_address>0x20000938</run_address>
         <size>0xc</size>
      </object_component>
      <object_component id="oc-11c">
         <name>.common:n</name>
         <uninitialized>true</uninitialized>
         <run_address>0x20000928</run_address>
         <size>0x10</size>
      </object_component>
      <object_component id="oc-11d">
         <name>.common:hMQTTClient</name>
         <uninitialized>true</uninitialized>
         <run_address>0x20000890</run_address>
         <size>0x5c</size>
      </object_component>
      <object_component id="oc-169">
         <name>.common:g_AppData</name>
         <uninitialized>true</uninitialized>
         <run_address>0x200000e4</run_address>
         <size>0x648</size>
      </object_component>
      <object_component id="oc-1aa">
         <name>.common:IntIsMasked</name>
         <uninitialized>true</uninitialized>
         <run_address>0x20000960</run_address>
         <size>0x1</size>
      </object_component>
      <object_component id="oc-194">
         <name>.common:g_ucUARTBuffer</name>
         <uninitialized>true</uninitialized>
         <run_address>0x2000095c</run_address>
         <size>0x4</size>
      </object_component>
      <object_component id="oc-c4">
         <name>.common:MilliTimer</name>
         <uninitialized>true</uninitialized>
         <run_address>0x20000958</run_address>
         <size>0x4</size>
      </object_component>
      <object_component id="oc-43c">
         <name>.common:g_StatMem</name>
         <uninitialized>true</uninitialized>
         <run_address>0x2000072c</run_address>
         <size>0x164</size>
      </object_component>
      <object_component id="oc-3a8">
         <name>.common:g__SlNonOsCB</name>
         <uninitialized>true</uninitialized>
         <run_address>0x200008ec</run_address>
         <size>0x28</size>
      </object_component>
      <object_component id="oc-29">
         <name>.stack</name>
         <uninitialized>true</uninitialized>
         <run_address>0x2000fe00</run_address>
         <size>0x4</size>
         <input_file_ref idref="fl-103"/>
      </object_component>
      <object_component id="oc-6ff">
         <name>.stack</name>
         <uninitialized>true</uninitialized>
         <run_address>0x2000fe00</run_address>
         <size>0x0</size>
      </object_component>
      <object_component id="oc-119">
         <name>.debug_info</name>
         <load_address>0x0</load_address>
         <run_address>0x0</run_address>
         <size>0x1633</size>
         <input_file_ref idref="fl-2"/>
      </object_component>
      <object_component id="oc-e0">
         <name>.debug_info</name>
         <load_address>0x1633</load_address>
         <run_address>0x1633</run_address>
         <size>0x1cd</size>
         <input_file_ref idref="fl-2"/>
      </object_component>
      <object_component id="oc-113">
         <name>.debug_info</name>
         <load_address>0x1800</load_address>
         <run_address>0x1800</run_address>
         <size>0x125</size>
         <input_file_ref idref="fl-2"/>
      </object_component>
      <object_component id="oc-116">
         <name>.debug_info</name>
         <load_address>0x1925</load_address>
         <run_address>0x1925</run_address>
         <size>0x11d</size>
         <input_file_ref idref="fl-2"/>
      </object_component>
      <object_component id="oc-11f">
         <name>.debug_info</name>
         <load_address>0x1a42</load_address>
         <run_address>0x1a42</run_address>
         <size>0x11b</size>
         <input_file_ref idref="fl-2"/>
      </object_component>
      <object_component id="oc-161">
         <name>.debug_info</name>
         <load_address>0x1b5d</load_address>
         <run_address>0x1b5d</run_address>
         <size>0x11b</size>
         <input_file_ref idref="fl-2"/>
      </object_component>
      <object_component id="oc-164">
         <name>.debug_info</name>
         <load_address>0x1c78</load_address>
         <run_address>0x1c78</run_address>
         <size>0x11b</size>
         <input_file_ref idref="fl-2"/>
      </object_component>
      <object_component id="oc-167">
         <name>.debug_info</name>
         <load_address>0x1d93</load_address>
         <run_address>0x1d93</run_address>
         <size>0x11b</size>
         <input_file_ref idref="fl-2"/>
      </object_component>
      <object_component id="oc-75">
         <name>.debug_info</name>
         <load_address>0x1eae</load_address>
         <run_address>0x1eae</run_address>
         <size>0x14a6</size>
         <input_file_ref idref="fl-2"/>
      </object_component>
      <object_component id="oc-17f">
         <name>.debug_info</name>
         <load_address>0x3354</load_address>
         <run_address>0x3354</run_address>
         <size>0x30f</size>
         <input_file_ref idref="fl-2"/>
      </object_component>
      <object_component id="oc-1ae">
         <name>.debug_info</name>
         <load_address>0x3663</load_address>
         <run_address>0x3663</run_address>
         <size>0x13e</size>
         <input_file_ref idref="fl-2"/>
      </object_component>
      <object_component id="oc-da">
         <name>.debug_info</name>
         <load_address>0x37a1</load_address>
         <run_address>0x37a1</run_address>
         <size>0x827</size>
         <input_file_ref idref="fl-2"/>
      </object_component>
      <object_component id="oc-259">
         <name>.debug_info</name>
         <load_address>0x3fc8</load_address>
         <run_address>0x3fc8</run_address>
         <size>0x60f</size>
         <input_file_ref idref="fl-2"/>
      </object_component>
      <object_component id="oc-189">
         <name>.debug_info</name>
         <load_address>0x45d7</load_address>
         <run_address>0x45d7</run_address>
         <size>0x92b</size>
         <input_file_ref idref="fl-2"/>
      </object_component>
      <object_component id="oc-366">
         <name>.debug_info</name>
         <load_address>0x4f02</load_address>
         <run_address>0x4f02</run_address>
         <size>0xf0</size>
         <input_file_ref idref="fl-2"/>
      </object_component>
      <object_component id="oc-34c">
         <name>.debug_info</name>
         <load_address>0x4ff2</load_address>
         <run_address>0x4ff2</run_address>
         <size>0x1f3</size>
         <input_file_ref idref="fl-2"/>
      </object_component>
      <object_component id="oc-170">
         <name>.debug_info</name>
         <load_address>0x51e5</load_address>
         <run_address>0x51e5</run_address>
         <size>0x2b9</size>
         <input_file_ref idref="fl-2"/>
      </object_component>
      <object_component id="oc-35c">
         <name>.debug_info</name>
         <load_address>0x549e</load_address>
         <run_address>0x549e</run_address>
         <size>0x37e2</size>
         <input_file_ref idref="fl-2"/>
      </object_component>
      <object_component id="oc-36b">
         <name>.debug_info</name>
         <load_address>0x8c80</load_address>
         <run_address>0x8c80</run_address>
         <size>0x110</size>
         <input_file_ref idref="fl-2"/>
      </object_component>
      <object_component id="oc-1b5">
         <name>.debug_info</name>
         <load_address>0x8d90</load_address>
         <run_address>0x8d90</run_address>
         <size>0x26b</size>
         <input_file_ref idref="fl-2"/>
      </object_component>
      <object_component id="oc-25e">
         <name>.debug_info</name>
         <load_address>0x8ffb</load_address>
         <run_address>0x8ffb</run_address>
         <size>0x1055</size>
         <input_file_ref idref="fl-2"/>
      </object_component>
      <object_component id="oc-5ac">
         <name>.debug_info</name>
         <load_address>0xa050</load_address>
         <run_address>0xa050</run_address>
         <size>0x1b5</size>
         <input_file_ref idref="fl-2"/>
      </object_component>
      <object_component id="oc-175">
         <name>.debug_info</name>
         <load_address>0xa205</load_address>
         <run_address>0xa205</run_address>
         <size>0x280</size>
         <input_file_ref idref="fl-2"/>
      </object_component>
      <object_component id="oc-263">
         <name>.debug_info</name>
         <load_address>0xa485</load_address>
         <run_address>0xa485</run_address>
         <size>0xcd</size>
         <input_file_ref idref="fl-2"/>
      </object_component>
      <object_component id="oc-184">
         <name>.debug_info</name>
         <load_address>0xa552</load_address>
         <run_address>0xa552</run_address>
         <size>0x6c8</size>
         <input_file_ref idref="fl-2"/>
      </object_component>
      <object_component id="oc-59f">
         <name>.debug_info</name>
         <load_address>0xac1a</load_address>
         <run_address>0xac1a</run_address>
         <size>0xc6</size>
         <input_file_ref idref="fl-2"/>
      </object_component>
      <object_component id="oc-361">
         <name>.debug_info</name>
         <load_address>0xace0</load_address>
         <run_address>0xace0</run_address>
         <size>0x341</size>
         <input_file_ref idref="fl-2"/>
      </object_component>
      <object_component id="oc-16b">
         <name>.debug_info</name>
         <load_address>0xb021</load_address>
         <run_address>0xb021</run_address>
         <size>0x8b</size>
         <input_file_ref idref="fl-2"/>
      </object_component>
      <object_component id="oc-243">
         <name>.debug_info</name>
         <load_address>0xb0ac</load_address>
         <run_address>0xb0ac</run_address>
         <size>0x65</size>
         <input_file_ref idref="fl-2"/>
      </object_component>
      <object_component id="oc-370">
         <name>.debug_info</name>
         <load_address>0xb111</load_address>
[...]
         <object_component_ref idref="oc-3ca"/>
      </symbol>
      <symbol id="sm-1215">
         <name>_SlRxFilterSetCmdCtrl</name>
         <value>0xeea0</value>
         <object_component_ref idref="oc-3c7"/>
      </symbol>
      <symbol id="sm-1216">
         <name>sl_WlanRxFilterGet</name>
         <value>0x74dd</value>
         <object_component_ref idref="oc-15a"/>
      </symbol>
      <symbol id="sm-1217">
         <name>_SlProfileGetCmdCtrl</name>
         <value>0xee88</value>
         <object_component_ref idref="oc-3bb"/>
      </symbol>
      <symbol id="sm-1218">
         <name>sl_WlanRxStatGet</name>
         <value>0x756b</value>
         <object_component_ref idref="oc-15a"/>
      </symbol>
      <symbol id="sm-1219">
         <name>_SlWlanGetNetworkListCtrl</name>
         <value>0xeec8</value>
         <object_component_ref idref="oc-3c1"/>
      </symbol>
      <symbol id="sm-121a">
         <name>sl_WlanPolicySet</name>
         <value>0x6f1d</value>
         <object_component_ref idref="oc-15a"/>
      </symbol>
      <symbol id="sm-121b">
         <name>_SlProfileDelCmdCtrl</name>
         <value>0xee84</value>
         <object_component_ref idref="oc-3be"/>
      </symbol>
      <symbol id="sm-121c">
         <name>sl_WlanRxStatStart</name>
         <value>0x7553</value>
         <object_component_ref idref="oc-15a"/>
      </symbol>
      <symbol id="sm-121d">
         <name>sl_WlanProfileGet</name>
         <value>0x7299</value>
         <object_component_ref idref="oc-15a"/>
      </symbol>
      <symbol id="sm-121e">
         <name>_SlWlanSetModeCmdCtrl</name>
         <value>0xeecc</value>
         <object_component_ref idref="oc-3d3"/>
      </symbol>
      <symbol id="sm-121f">
         <name>sl_WlanPolicyGet</name>
         <value>0x6f85</value>
         <object_component_ref idref="oc-15a"/>
      </symbol>
      <symbol id="sm-1220">
         <name>_SlWlanCfgSetCmdCtrl</name>
         <value>0xeec4</value>
         <object_component_ref idref="oc-3d6"/>
      </symbol>
      <symbol id="sm-1221">
         <name>_SlWlanCfgGetCmdCtrl</name>
         <value>0xeec0</value>
         <object_component_ref idref="oc-3d9"/>
      </symbol>
      <symbol id="sm-1222">
         <name>sl_WlanGet</name>
         <value>0x76e1</value>
         <object_component_ref idref="oc-15a"/>
      </symbol>
      <symbol id="sm-1223">
         <name>sl_WlanRxStatStop</name>
         <value>0x755f</value>
         <object_component_ref idref="oc-15a"/>
      </symbol>
      <symbol id="sm-1224">
         <name>sl_WlanSmartConfigStart</name>
         <value>0x75b1</value>
         <object_component_ref idref="oc-15a"/>
      </symbol>
      <symbol id="sm-1225">
         <name>sl_WlanRxFilterAdd</name>
         <value>0x741b</value>
         <object_component_ref idref="oc-15a"/>
      </symbol>
      <symbol id="sm-1226">
         <name>sl_WlanProfileDel</name>
         <value>0x737b</value>
         <object_component_ref idref="oc-15a"/>
      </symbol>
      <symbol id="sm-1227">
         <name>_SlRxFilterAddtCmdCtrl</name>
         <value>0xee98</value>
         <object_component_ref idref="oc-3c4"/>
      </symbol>
      <symbol id="sm-1228">
         <name>sl_WlanRxFilterSet</name>
         <value>0x7489</value>
         <object_component_ref idref="oc-15a"/>
      </symbol>
      <symbol id="sm-1229">
         <name>sl_WlanConnect</name>
         <value>0x6cd9</value>
         <object_component_ref idref="oc-15a"/>
      </symbol>
      <symbol id="sm-122a">
         <name>sl_WlanSet</name>
         <value>0x766d</value>
         <object_component_ref idref="oc-15a"/>
      </symbol>
      <symbol id="sm-122b">
         <name>_SlSmartConfigStartCmdCtrl</name>
         <value>0xeeb0</value>
         <object_component_ref idref="oc-3d0"/>
      </symbol>
      <symbol id="sm-122c">
         <name>sl_WlanGetNetworkList</name>
         <value>0x73a9</value>
         <object_component_ref idref="oc-15a"/>
      </symbol>
      <symbol id="sm-122d">
         <name>sl_WlanSetMode</name>
         <value>0x763d</value>
         <object_component_ref idref="oc-15a"/>
      </symbol>
      <symbol id="sm-125a">
         <name>spi_Read</name>
         <value>0xcab9</value>
         <object_component_ref idref="oc-2c6"/>
      </symbol>
      <symbol id="sm-125b">
         <name>spi_Close</name>
         <value>0xc961</value>
         <object_component_ref idref="oc-2c6"/>
      </symbol>
      <symbol id="sm-125c">
         <name>spi_Write</name>
         <value>0xca5f</value>
         <object_component_ref idref="oc-2c6"/>
      </symbol>
      <symbol id="sm-125d">
         <name>spi_Open</name>
         <value>0xc96d</value>
         <object_component_ref idref="oc-2c6"/>
      </symbol>
      <symbol id="sm-128d">
         <name>snprintf</name>
         <value>0xe5fd</value>
         <object_component_ref idref="oc-106"/>
      </symbol>
      <symbol id="sm-12af">
         <name>sprintf</name>
         <value>0xe6d5</value>
         <object_component_ref idref="oc-128"/>
      </symbol>
      <symbol id="sm-12c3">
         <name>__aeabi_ddiv</name>
         <value>0xd601</value>
         <object_component_ref idref="oc-145"/>
      </symbol>
      <symbol id="sm-12ce">
         <name>__aeabi_dmul</name>
         <value>0xdcdd</value>
         <object_component_ref idref="oc-14a"/>
      </symbol>
      <symbol id="sm-12d8">
         <name>__aeabi_d2iz</name>
         <value>0xe649</value>
         <object_component_ref idref="oc-14f"/>
      </symbol>
      <symbol id="sm-12e2">
         <name>__aeabi_i2d</name>
         <value>0xe86d</value>
         <object_component_ref idref="oc-140"/>
      </symbol>
      <symbol id="sm-12fd">
         <name>memcpy</name>
         <value>0xdf63</value>
         <object_component_ref idref="oc-37"/>
      </symbol>
      <symbol id="sm-12fe">
         <name>__aeabi_memcpy</name>
         <value>0xdf63</value>
         <object_component_ref idref="oc-37"/>
      </symbol>
      <symbol id="sm-12ff">
         <name>__aeabi_memcpy8</name>
         <value>0xdf63</value>
         <object_component_ref idref="oc-37"/>
      </symbol>
      <symbol id="sm-1300">
         <name>__aeabi_memcpy4</name>
         <value>0xdf63</value>
         <object_component_ref idref="oc-37"/>
      </symbol>
      <symbol id="sm-130f">
         <name>__aeabi_memset</name>
         <value>0xe223</value>
         <object_component_ref idref="oc-9f"/>
      </symbol>
      <symbol id="sm-1310">
         <name>memset</name>
         <value>0xe229</value>
         <object_component_ref idref="oc-9f"/>
      </symbol>
      <symbol id="sm-1311">
         <name>__aeabi_memset8</name>
         <value>0xe223</value>
         <object_component_ref idref="oc-9f"/>
      </symbol>
      <symbol id="sm-1312">
         <name>__aeabi_memset4</name>
         <value>0xe223</value>
         <object_component_ref idref="oc-9f"/>
      </symbol>
      <symbol id="sm-1313">
         <name>__aeabi_memclr8</name>
         <value>0xe221</value>
         <object_component_ref idref="oc-9f"/>
      </symbol>
      <symbol id="sm-1314">
         <name>__aeabi_memclr4</name>
         <value>0xe221</value>
         <object_component_ref idref="oc-9f"/>
      </symbol>
      <symbol id="sm-1315">
         <name>__aeabi_memclr</name>
         <value>0xe221</value>
         <object_component_ref idref="oc-9f"/>
      </symbol>
      <symbol id="sm-1327">
         <name>__TI_zero_init</name>
         <value>0xe9d3</value>
         <object_component_ref idref="oc-49"/>
      </symbol>
      <symbol id="sm-133e">
         <name>__TI_decompress_none</name>
         <value>0xe9b7</value>
         <object_component_ref idref="oc-1d"/>
      </symbol>
      <symbol id="sm-1361">
         <name>__TI_decompress_lzss</name>
         <value>0xe37f</value>
         <object_component_ref idref="oc-17"/>
      </symbol>
      <symbol id="sm-1370">
         <name>strlen</name>
         <value>0xe991</value>
         <object_component_ref idref="oc-c7"/>
      </symbol>
      <symbol id="sm-1380">
         <name>strncmp</name>
         <value>0xe89b</value>
         <object_component_ref idref="oc-50d"/>
      </symbol>
      <symbol id="sm-1390">
         <name>strncpy</name>
         <value>0xe7d1</value>
         <object_component_ref idref="oc-12e"/>
      </symbol>
      <symbol id="sm-13a8">
         <name>strtok</name>
         <value>0xe715</value>
         <object_component_ref idref="oc-134"/>
      </symbol>
      <symbol id="sm-13cc">
         <name>strtol</name>
         <value>0xd869</value>
         <object_component_ref idref="oc-13a"/>
      </symbol>
      <symbol id="sm-13df">
         <name>__stack</name>
         <value>0x2000fe00</value>
         <object_component_ref idref="oc-29"/>
      </symbol>
      <symbol id="sm-13e0">
         <name>_c_int00_noargs</name>
         <value>0xe809</value>
         <object_component_ref idref="oc-55"/>
      </symbol>
      <symbol id="sm-13f6">
         <name>__aeabi_errno_addr</name>
         <value>0xe9e9</value>
         <object_component_ref idref="oc-399"/>
      </symbol>
      <symbol id="sm-13f7">
         <name>errno</name>
         <value>0x200009fc</value>
         <object_component_ref idref="oc-568"/>
      </symbol>
      <symbol id="sm-155c">
         <name>__TI_printfi</name>
         <value>0x7799</value>
         <object_component_ref idref="oc-2ef"/>
      </symbol>
      <symbol id="sm-1573">
         <name>__aeabi_dsub</name>
         <value>0xcd45</value>
         <object_component_ref idref="oc-5f9"/>
      </symbol>
      <symbol id="sm-1574">
         <name>__aeabi_dadd</name>
         <value>0xcd4f</value>
         <object_component_ref idref="oc-5f9"/>
      </symbol>
      <symbol id="sm-1596">
         <name>__aeabi_cdcmpeq</name>
         <value>0xe095</value>
         <object_component_ref idref="oc-4d4"/>
      </symbol>
      <symbol id="sm-1597">
         <name>__aeabi_cdcmple</name>
         <value>0xe095</value>
         <object_component_ref idref="oc-4d4"/>
      </symbol>
      <symbol id="sm-1598">
         <name>__aeabi_cdrcmple</name>
         <value>0xe11b</value>
         <object_component_ref idref="oc-5ee"/>
      </symbol>
      <symbol id="sm-15a5">
         <name>__aeabi_uldivmod</name>
         <value>0xdfff</value>
         <object_component_ref idref="oc-5e7"/>
      </symbol>
      <symbol id="sm-15cd">
         <name>__TI_auto_init_nobinit_nopinit</name>
         <value>0xe691</value>
         <object_component_ref idref="oc-1d6"/>
      </symbol>
      <symbol id="sm-15d7">
         <name>_system_pre_init</name>
         <value>0xe9f1</value>
         <object_component_ref idref="oc-a5"/>
      </symbol>
      <symbol id="sm-15e3">
         <name>C$$EXIT</name>
         <value>0xe9f5</value>
         <object_component_ref idref="oc-1ca"/>
      </symbol>
      <symbol id="sm-15e4">
         <name>abort</name>
         <value>0xe9f5</value>
         <object_component_ref idref="oc-1ca"/>
      </symbol>
      <symbol id="sm-15f4">
         <name>__TI_ltoa</name>
         <value>0xe50b</value>
         <object_component_ref idref="oc-5f3"/>
      </symbol>
      <symbol id="sm-160b">
         <name>atoi</name>
         <value>0xe5b1</value>
         <object_component_ref idref="oc-4c8"/>
      </symbol>
      <symbol id="sm-1616">
         <name>_ctypes_</name>
         <value>0xe9f8</value>
         <object_component_ref idref="oc-39f"/>
      </symbol>
      <symbol id="sm-1626">
         <name>memccpy</name>
         <value>0xe915</value>
         <object_component_ref idref="oc-4f1"/>
      </symbol>
      <symbol id="sm-1636">
         <name>strchr</name>
         <value>0xe97b</value>
         <object_component_ref idref="oc-625"/>
      </symbol>
      <symbol id="sm-1647">
         <name>strcspn</name>
         <value>0xe8f1</value>
         <object_component_ref idref="oc-38e"/>
      </symbol>
      <symbol id="sm-1659">
         <name>strspn</name>
         <value>0xe8c7</value>
         <object_component_ref idref="oc-388"/>
      </symbol>
      <symbol id="sm-1672">
         <name>wcslen</name>
         <value>0xe9a5</value>
         <object_component_ref idref="oc-4f7"/>
      </symbol>
      <symbol id="sm-1692">
         <name>frexpl</name>
         <value>0xe451</value>
         <object_component_ref idref="oc-619"/>
      </symbol>
      <symbol id="sm-1693">
         <name>frexp</name>
         <value>0xe451</value>
         <object_component_ref idref="oc-619"/>
      </symbol>
      <symbol id="sm-16b0">
         <name>scalbn</name>
         <value>0xdbcd</value>
         <object_component_ref idref="oc-61f"/>
      </symbol>
      <symbol id="sm-16b1">
         <name>scalbnl</name>
         <value>0xdbcd</value>
         <object_component_ref idref="oc-61f"/>
      </symbol>
      <symbol id="sm-16b2">
         <name>ldexpl</name>
         <value>0xdbcd</value>
         <object_component_ref idref="oc-61f"/>
      </symbol>
      <symbol id="sm-16b3">
         <name>ldexp</name>
         <value>0xdbcd</value>
         <object_component_ref idref="oc-61f"/>
      </symbol>
      <symbol id="sm-16bd">
         <name>__aeabi_idiv0</name>
         <value>0x81e7</value>
         <object_component_ref idref="oc-68c"/>
      </symbol>
      <symbol id="sm-16be">
         <name>__aeabi_ldiv0</name>
         <value>0x81e7</value>
         <object_component_ref idref="oc-68c"/>
      </symbol>
      <symbol id="sm-16c8">
         <name>copysign</name>
         <value>0xe931</value>
         <object_component_ref idref="oc-6a1"/>
      </symbol>
      <symbol id="sm-16c9">
         <name>copysignl</name>
         <value>0xe931</value>
         <object_component_ref idref="oc-6a1"/>
      </symbol>
      <symbol id="sm-16ca">
         <name>__TI_static_base__</name>
         <value>0x0</value>
      </symbol>
      <symbol id="sm-16cd">
         <name>__mpu_init</name>
         <value>0x0</value>
      </symbol>
      <symbol id="sm-16ce">
         <name>_system_post_cinit</name>
         <value>0x0</value>
      </symbol>
      <symbol id="sm-16cf">
         <name>NMI_Handler</name>
         <value>0xe9d1</value>
      </symbol>
      <symbol id="sm-16d0">
         <name>HardFault_Handler</name>
         <value>0xe9d1</value>
      </symbol>
      <symbol id="sm-16d1">
         <name>MemManage_Handler</name>
         <value>0xe9d1</value>
      </symbol>
      <symbol id="sm-16d2">
         <name>BusFault_Handler</name>
         <value>0xe9d1</value>
      </symbol>
      <symbol id="sm-16d3">
         <name>UsageFault_Handler</name>
         <value>0xe9d1</value>
      </symbol>
      <symbol id="sm-16d4">
         <name>SVC_Handler</name>
         <value>0xe9d1</value>
      </symbol>
      <symbol id="sm-16d5">
         <name>DebugMon_Handler</name>
         <value>0xe9d1</value>
      </symbol>
      <symbol id="sm-16d6">
         <name>PendSV_Handler</name>
         <value>0xe9d1</value>
      </symbol>
      <symbol id="sm-16d7">
         <name>SysTick_Handler</name>
         <value>0xb685</value>
      </symbol>
      <symbol id="sm-16d8">
         <name>PSS_IRQHandler</name>
         <value>0xe9d1</value>
      </symbol>
      <symbol id="sm-16d9">
         <name>CS_IRQHandler</name>
         <value>0xe9d1</value>
      </symbol>
      <symbol id="sm-16da">
         <name>PCM_IRQHandler</name>
         <value>0xe9d1</value>
      </symbol>
      <symbol id="sm-16db">
         <name>WDT_A_IRQHandler</name>
         <value>0xe9d1</value>
      </symbol>
      <symbol id="sm-16dc">
         <name>FPU_IRQHandler</name>
         <value>0xe9d1</value>
      </symbol>
      <symbol id="sm-16dd">
         <name>FLCTL_IRQHandler</name>
         <value>0xe9d1</value>
      </symbol>
      <symbol id="sm-16de">
         <name>COMP_E0_IRQHandler</name>
         <value>0xe9d1</value>
      </symbol>
      <symbol id="sm-16df">
         <name>COMP_E1_IRQHandler</name>
         <value>0xe9d1</value>
      </symbol>
      <symbol id="sm-16e0">
         <name>TA0_0_IRQHandler</name>
         <value>0xe9d1</value>
      </symbol>
      <symbol id="sm-16e1">
         <name>TA0_N_IRQHandler</name>
         <value>0xe9d1</value>
      </symbol>
      <symbol id="sm-16e2">
         <name>TA1_0_IRQHandler</name>
         <value>0x503b</value>
      </symbol>
      <symbol id="sm-16e3">
         <name>TA1_N_IRQHandler</name>
         <value>0xe9d1</value>
      </symbol>
      <symbol id="sm-16e4">
         <name>TA2_0_IRQHandler</name>
         <value>0xe9d1</value>
      </symbol>
      <symbol id="sm-16e5">
         <name>TA2_N_IRQHandler</name>
         <value>0xe9d1</value>
      </symbol>
      <symbol id="sm-16e6">
         <name>TA3_0_IRQHandler</name>
         <value>0xe9d1</value>
      </symbol>
      <symbol id="sm-16e7">
         <name>TA3_N_IRQHandler</name>
         <value>0xe9d1</value>
      </symbol>
      <symbol id="sm-16e8">
         <name>EUSCIA0_IRQHandler</name>
         <value>0xd221</value>
      </symbol>
      <symbol id="sm-16e9">
         <name>EUSCIA1_IRQHandler</name>
         <value>0xe9d1</value>
      </symbol>
      <symbol id="sm-16ea">
         <name>EUSCIA2_IRQHandler</name>
         <value>0xe9d1</value>
      </symbol>
      <symbol id="sm-16eb">
         <name>EUSCIA3_IRQHandler</name>
         <value>0xe9d1</value>
      </symbol>
      <symbol id="sm-16ec">
         <name>EUSCIB0_IRQHandler</name>
         <value>0xe9d1</value>
      </symbol>
      <symbol id="sm-16ed">
         <name>EUSCIB1_IRQHandler</name>
         <value>0xe9d1</value>
      </symbol>
      <symbol id="sm-16ee">
         <name>EUSCIB2_IRQHandler</name>
         <value>0xe9d1</value>
      </symbol>
      <symbol id="sm-16ef">
         <name>EUSCIB3_IRQHandler</name>
         <value>0xe9d1</value>
      </symbol>
      <symbol id="sm-16f0">
         <name>ADC14_IRQHandler</name>
         <value>0xe9d1</value>
      </symbol>
      <symbol id="sm-16f1">
         <name>T32_INT1_IRQHandler</name>
         <value>0xe9d1</value>
      </symbol>
      <symbol id="sm-16f2">
         <name>T32_INT2_IRQHandler</name>
         <value>0xe9d1</value>
      </symbol>
      <symbol id="sm-16f3">
         <name>T32_INTC_IRQHandler</name>
         <value>0xe9d1</value>
      </symbol>
      <symbol id="sm-16f4">
         <name>AES256_IRQHandler</name>
         <value>0xe9d1</value>
      </symbol>
      <symbol id="sm-16f5">
         <name>RTC_C_IRQHandler</name>
         <value>0xe9d1</value>
      </symbol>
      <symbol id="sm-16f6">
         <name>DMA_ERR_IRQHandler</name>
         <value>0xe9d1</value>
      </symbol>
      <symbol id="sm-16f7">
         <name>DMA_INT3_IRQHandler</name>
         <value>0xe9d1</value>
      </symbol>
      <symbol id="sm-16f8">
         <name>DMA_INT2_IRQHandler</name>
         <value>0xe9d1</value>
      </symbol>
      <symbol id="sm-16f9">
         <name>DMA_INT1_IRQHandler</name>
         <value>0xe9d1</value>
      </symbol>
      <symbol id="sm-16fa">
         <name>DMA_INT0_IRQHandler</name>
         <value>0xe9d1</value>
      </symbol>
      <symbol id="sm-16fb">
         <name>PORT1_IRQHandler</name>
         <value>0x4fd3</value>
      </symbol>
      <symbol id="sm-16fc">
         <name>PORT2_IRQHandler</name>
         <value>0xbcdd</value>
      </symbol>
      <symbol id="sm-16fd">
         <name>PORT3_IRQHandler</name>
         <value>0xe9d1</value>
      </symbol>
      <symbol id="sm-16fe">
         <name>PORT4_IRQHandler</name>
         <value>0xe9d1</value>
      </symbol>
      <symbol id="sm-16ff">
         <name>PORT5_IRQHandler</name>
         <value>0xe9d1</value>
      </symbol>
      <symbol id="sm-1700">
         <name>PORT6_IRQHandler</name>
         <value>0xe9d1</value>
      </symbol>
   </symbol_table>
   <title>Link successful</title>
</link_info>
