******************************************************************************
                  TI ARM Linker PC v20.2.7                     
******************************************************************************
>> Linked Mon Apr 24 15:04:48 2023

OUTPUT FILE NAME:   <GrandPrixDashboard-MQTT.out>
ENTRY POINT SYMBOL: "_c_int00_noargs"  address: 0000ef25


MEMORY CONFIGURATION

         name            origin    length      used     unused   attr    fill
----------------------  --------  ---------  --------  --------  ----  --------
  MAIN                  00000000   00040000  0000f660  000309a0  R  X
  INFO                  00200000   00004000  00000000  00004000  R  X
  SRAM_CODE             01000000   00010000  00000c0d  0000f3f3  RW X
  SRAM_DATA             20000000   00010000  00000c0d  0000f3f3  RW  


SEGMENT ALLOCATION MAP

run origin  load origin   length   init length attrs members
----------  ----------- ---------- ----------- ----- -------
00000000    00000000    0000f660   0000f660    r-x
  00000000    00000000    000000e4   000000e4    r-- .intvecs
  000000e4    000000e4    0000effc   0000effc    r-x .text
  0000f0e0    0000f0e0    000004d0   000004d0    r-- .const
  0000f5b0    0000f5b0    000000b0   000000b0    r-- .cinit
20000000    20000000    00000a10   00000000    rw-
  20000000    20000000    000000e4   00000000    rw- .vtable
  200000e4    200000e4    0000087d   00000000    rw- .bss
  20000964    20000964    000000ac   00000000    rw- .data
2000fe00    2000fe00    00000200   00000000    rw-
  2000fe00    2000fe00    00000200   00000000    rw- .stack


SECTION ALLOCATION MAP

 output                                  attributes/
section   page    origin      length       input sections
--------  ----  ----------  ----------   ----------------
.intvecs   0    00000000    000000e4     
                  00000000    000000e4     startup_msp432p401r_ccs.obj (.intvecs:retain)

.text      0    000000e4    0000effc     
                  000000e4    00002034     driver.obj (.text)
                  00002118    00001598     flash.obj (.text)
                  000036b0    00000f38     main.obj (.text)
                  000045e8    00000ed4     socket.obj (.text)
                  000054bc    00000d7c     cs.obj (.text)
                  00006238    00000b3c     netapp.obj (.text)
                  00006d74    00000ac0     wlan.obj (.text)
                  00007834    00000a4e     rtsv7M4_T_le_v4SPD16_eabi.lib : _printfi.c.obj (.text:__TI_printfi)
                  00008282    00000002                                   : div0.asm.obj (.text)
                  00008284    000009fc     MQTTClient.obj (.text)
                  00008c80    00000838     pcm.obj (.text)
                  000094b8    00000798     timer_a.obj (.text)
                  00009c50    000005b4     device.obj (.text)
                  0000a204    00000508     rtc_c.obj (.text)
                  0000a70c    00000480     gpio.obj (.text)
                  0000ab8c    00000420     PWM.obj (.text)
                  0000afac    000003f8     MQTTPacket.obj (.text)
                  0000b3a4    000003f0     interrupt.obj (.text)
                  0000b794    000003ac     MQTTConnectClient.obj (.text)
                  0000bb40    00000388     MQTTCC3100.obj (.text)
                  0000bec8    00000344     board.obj (.text)
                  0000c20c    0000032c     system_msp432p401r.obj (.text)
                  0000c538    00000270     rtsv7M4_T_le_v4SPD16_eabi.lib : _printfi.c.obj (.text:_pconv_a)
                  0000c7a8    00000244     sysctl.obj (.text)
                  0000c9ec    00000218     MQTTSerializePublish.obj (.text)
                  0000cc04    00000218     MQTTSubscribeClient.obj (.text)
                  0000ce1c    00000214     spi_cc3100.obj (.text)
                  0000d030    000001d4     Motor.obj (.text)
                  0000d204    000001d4     TA3InputCapture.obj (.text)
                  0000d3d8    000001d0     rtsv7M4_T_le_v4SPD16_eabi.lib : _printfi.c.obj (.text:_pconv_g)
                  0000d5a8    000001b6                                   : fd_add_t2.asm.obj (.text)
                  0000d75e    00000002     --HOLE-- [fill = 0]
                  0000d760    000001a0     MQTTUnsubscribeClient.obj (.text)
                  0000d900    00000184     crc32.obj (.text)
                  0000da84    0000016c     cli_uart.obj (.text)
                  0000dbf0    0000013c     rtsv7M4_T_le_v4SPD16_eabi.lib : _printfi.c.obj (.text:_pconv_e)
                  0000dd2c    00000138     MQTTDeserializePublish.obj (.text)
                  0000de64    00000136     rtsv7M4_T_le_v4SPD16_eabi.lib : fd_div_t2.asm.obj (.text)
                  0000df9a    00000002     --HOLE-- [fill = 0]
                  0000df9c    00000130     nonos.obj (.text)
                  0000e0cc    00000124     rtsv7M4_T_le_v4SPD16_eabi.lib : _printfi.c.obj (.text:fcvt)
                  0000e1f0    00000110     netcfg.obj (.text)
                  0000e300    00000110     rtsv7M4_T_le_v4SPD16_eabi.lib : s_scalbn.c.obj (.text:scalbn)
                  0000e410    000000fc                                   : fd_mul_t2.asm.obj (.text)
                  0000e50c    000000d8     wdt_a.obj (.text)
                  0000e5e4    000000b1     rtsv7M4_T_le_v4SPD16_eabi.lib : _printfi.c.obj (.text:_ltostr)
                  0000e695    00000001     --HOLE-- [fill = 0]
                  0000e696    0000009c                                   : memcpy_t2.asm.obj (.text)
                  0000e732    00000096                                   : ull_div_t2.asm.obj (.text)
                  0000e7c8    00000090     Bump.obj (.text)
                  0000e858    00000086     rtsv7M4_T_le_v4SPD16_eabi.lib : fd_cmp_t2.asm.obj (.text:__aeabi_cdcmple)
                  0000e8de    00000086                                   : fd_cmp_t2.asm.obj (.text:__aeabi_cdrcmple)
                  0000e964    00000080     flowcont.obj (.text)
                  0000e9e4    0000007a     rtsv7M4_T_le_v4SPD16_eabi.lib : memset_t2.asm.obj (.text)
                  0000ea5e    00000002     --HOLE-- [fill = 0]
                  0000ea60    00000074     systick.obj (.text)
                  0000ead4    0000006e     rtsv7M4_T_le_v4SPD16_eabi.lib : _printfi.c.obj (.text:_mcpy)
                  0000eb42    00000068                                   : copy_decompress_lzss.c.obj (.text:decompress:lzss:__TI_decompress_lzss)
                  0000ebaa    00000002     --HOLE-- [fill = 0]
                  0000ebac    00000064                                   : s_frexp.c.obj (.text:frexp)
                  0000ec10    00000056                                   : _printfi.c.obj (.text:_pconv_f)
                  0000ec66    00000054                                   : _ltoa.c.obj (.text:__TI_ltoa)
                  0000ecba    00000052                                   : _printfi.c.obj (.text:_ecpy)
                  0000ed0c    0000004c                                   : atoi.c.obj (.text:atoi)
                  0000ed58    0000004c                                   : snprintf.c.obj (.text:snprintf)
                  0000eda4    00000048                                   : fd_toi_t2.asm.obj (.text)
                  0000edec    00000044                                   : autoinit.c.obj (.text:__TI_auto_init_nobinit_nopinit:__TI_auto_init_nobinit_nopinit)
                  0000ee30    00000040                                   : sprintf.c.obj (.text:sprintf)
                  0000ee70    0000003e                                   : _printfi.c.obj (.text:_fcpy)
                  0000eeae    0000003e     cpu.obj (.text)
                  0000eeec    00000036     rtsv7M4_T_le_v4SPD16_eabi.lib : strncpy.c.obj (.text:strncpy)
                  0000ef22    00000002     --HOLE-- [fill = 0]
                  0000ef24    00000034                                   : boot_cortex_m.c.obj (.text:_c_int00_noargs:_c_int00_noargs)
                  0000ef58    00000030                                   : snprintf.c.obj (.text:_outs)
                  0000ef88    0000002e                                   : i_tofd_t2.asm.obj (.text)
                  0000efb6    0000002c                                   : strncmp.c.obj (.text:strncmp)
                  0000efe2    0000001c                                   : memccpy.c.obj (.text:memccpy)
                  0000effe    0000001a                                   : s_copysign.c.obj (.text:copysign)
                  0000f018    00000018                                   : snprintf.c.obj (.text:_outc)
                  0000f030    00000018                                   : sprintf.c.obj (.text:_outs)
                  0000f048    00000018                                   : strcmp.c.obj (.text:strcmp)
                  0000f060    00000016                                   : strchr.c.obj (.text:strchr)
                  0000f076    00000014                                   : strlen.c.obj (.text:strlen)
                  0000f08a    00000012                                   : wcslen.c.obj (.text:wcslen)
                  0000f09c    0000000e                                   : copy_decompress_none.c.obj (.text:decompress:none:__TI_decompress_none)
                  0000f0aa    0000000e     startup_msp432p401r_ccs.obj (.text)
                  0000f0b8    0000000c     rtsv7M4_T_le_v4SPD16_eabi.lib : copy_zero_init.c.obj (.text:decompress:ZI:__TI_zero_init)
                  0000f0c4    0000000a                                   : sprintf.c.obj (.text:_outc)
                  0000f0ce    00000002     --HOLE-- [fill = 0]
                  0000f0d0    00000008                                   : errno.c.obj (.text:__aeabi_errno_addr)
                  0000f0d8    00000004                                   : pre_init.c.obj (.text:_system_pre_init)
                  0000f0dc    00000004                                   : exit.c.obj (.text:abort:abort)

.const     0    0000f0e0    000004d0     
                  0000f0e0    00000101     rtsv7M4_T_le_v4SPD16_eabi.lib : ctype.c.obj (.const:.string:_ctypes_)
                  0000f1e1    00000003     --HOLE-- [fill = 0]
                  0000f1e4    000000b0     wlan.obj (.const:$P$T0$1)
                  0000f294    00000058     main.obj (.const:$P$T0$1)
                  0000f2ec    00000058     MQTTClient.obj (.const:$P$T1$2)
                  0000f344    00000050     interrupt.obj (.const:g_pulRegs)
                  0000f394    00000038     driver.obj (.const:_SlActionLookupTable)
                  0000f3cc    0000002c     main.obj (.const:$P$T1$2)
                  0000f3f8    00000020     interrupt.obj (.const:g_pulPriority)
                  0000f418    0000001c     gpio.obj (.const:GPIO_PORT_TO_INT)
                  0000f434    00000018     main.obj (.const:upConfig)
                  0000f44c    00000014     main.obj (.const:$P$T2$3)
                  0000f460    0000000c     MQTTClient.obj (.const:$P$T2$3)
                  0000f46c    0000000c     MQTTClient.obj (.const:$P$T3$4)
                  0000f478    0000000c     main.obj (.const:$P$T3$4)
                  0000f484    0000000c     MQTTClient.obj (.const:$P$T4$5)
                  0000f490    00000008     driver.obj (.const:g_H2NCnysPattern)
                  0000f498    00000008     driver.obj (.const:g_H2NSyncPattern)
                  0000f4a0    00000008     interrupt.obj (.const:g_pulDisRegs)
                  0000f4a8    00000008     interrupt.obj (.const:g_pulEnRegs)
                  0000f4b0    00000008     interrupt.obj (.const:g_pulPendRegs)
                  0000f4b8    00000008     interrupt.obj (.const:g_pulUnpendRegs)
                  0000f4c0    00000004     MQTTClient.obj (.const:$P$T0$1)
                  0000f4c4    00000004     MQTTConnectClient.obj (.const:$P$T0$1)
                  0000f4c8    00000004     MQTTDeserializePublish.obj (.const:$P$T0$1)
                  0000f4cc    00000004     MQTTPacket.obj (.const:$P$T0$1)
                  0000f4d0    00000004     MQTTSerializePublish.obj (.const:$P$T0$1)
                  0000f4d4    00000004     MQTTSubscribeClient.obj (.const:$P$T0$1)
                  0000f4d8    00000004     MQTTUnsubscribeClient.obj (.const:$P$T0$1)
                  0000f4dc    00000004     driver.obj (.const:$P$T0$1)
                  0000f4e0    00000004     netapp.obj (.const:$P$T0$1)
                  0000f4e4    00000004     socket.obj (.const:$P$T0$1)
                  0000f4e8    00000004     MQTTConnectClient.obj (.const:$P$T1$2)
                  0000f4ec    00000004     MQTTDeserializePublish.obj (.const:$P$T1$2)
                  0000f4f0    00000004     MQTTSerializePublish.obj (.const:$P$T1$2)
                  0000f4f4    00000004     MQTTSubscribeClient.obj (.const:$P$T1$2)
                  0000f4f8    00000004     socket.obj (.const:$P$T1$2)
                  0000f4fc    00000004     wlan.obj (.const:$P$T1$2)
                  0000f500    00000004     MQTTConnectClient.obj (.const:$P$T2$3)
                  0000f504    00000004     socket.obj (.const:$P$T2$3)
                  0000f508    00000004     wlan.obj (.const:$P$T2$3)
                  0000f50c    00000004     MQTTConnectClient.obj (.const:$P$T3$4)
                  0000f510    00000004     wlan.obj (.const:$P$T3$4)
                  0000f514    00000004     MQTTConnectClient.obj (.const:$P$T4$5)
                  0000f518    00000004     socket.obj (.const:_SlAcceptCmdCtrl)
                  0000f51c    00000004     device.obj (.const:_SlDeviceGetCmdCtrl)
                  0000f520    00000004     device.obj (.const:_SlDeviceSetCmdCtrl)
                  0000f524    00000004     device.obj (.const:_SlEventMaskGetCmdCtrl)
                  0000f528    00000004     device.obj (.const:_SlEventMaskSetCmdCtrl)
                  0000f52c    00000004     netapp.obj (.const:_SlGetHostByNameCtrl)
                  0000f530    00000004     netapp.obj (.const:_SlGetHostByServiceCtrl)
                  0000f534    00000004     netapp.obj (.const:_SlGetServiceListeCtrl)
                  0000f538    00000004     socket.obj (.const:_SlGetSockOptCmdCtrl)
                  0000f53c    00000004     socket.obj (.const:_SlListenCmdCtrl)
                  0000f540    00000004     netapp.obj (.const:_SlNetAppGetCmdCtrl)
                  0000f544    00000004     netapp.obj (.const:_SlNetAppSendTokenValueCmdCtrl)
                  0000f548    00000004     netapp.obj (.const:_SlNetAppSetCmdCtrl)
                  0000f54c    00000004     netapp.obj (.const:_SlNetAppStartCtrl)
                  0000f550    00000004     netapp.obj (.const:_SlNetAppStopCtrl)
                  0000f554    00000004     netcfg.obj (.const:_SlNetCfgGetCmdCtrl)
                  0000f558    00000004     netcfg.obj (.const:_SlNetCfgSetCmdCtrl)
                  0000f55c    00000004     wlan.obj (.const:_SlPolicyGetCmdCtrl)
                  0000f560    00000004     wlan.obj (.const:_SlPolicySetCmdCtrl)
                  0000f564    00000004     wlan.obj (.const:_SlProfileDelCmdCtrl)
                  0000f568    00000004     wlan.obj (.const:_SlProfileGetCmdCtrl)
                  0000f56c    00000004     socket.obj (.const:_SlRecvCmdCtrl)
                  0000f570    00000004     socket.obj (.const:_SlRecvfomCmdCtrl)
                  0000f574    00000004     netapp.obj (.const:_SlRegisterServiceCtrl)
                  0000f578    00000004     wlan.obj (.const:_SlRxFilterAddtCmdCtrl)
                  0000f57c    00000004     wlan.obj (.const:_SlRxFilterGetCmdCtrl)
                  0000f580    00000004     wlan.obj (.const:_SlRxFilterSetCmdCtrl)
                  0000f584    00000004     socket.obj (.const:_SlSelectCmdCtrl)
                  0000f588    00000004     socket.obj (.const:_SlSendCmdCtrl)
                  0000f58c    00000004     socket.obj (.const:_SlSetSockOptCmdCtrl)
                  0000f590    00000004     wlan.obj (.const:_SlSmartConfigStartCmdCtrl)
                  0000f594    00000004     socket.obj (.const:_SlSockCloseCmdCtrl)
                  0000f598    00000004     socket.obj (.const:_SlSockSocketCmdCtrl)
                  0000f59c    00000004     device.obj (.const:_SlStopCmdCtrl)
                  0000f5a0    00000004     wlan.obj (.const:_SlWlanCfgGetCmdCtrl)
                  0000f5a4    00000004     wlan.obj (.const:_SlWlanCfgSetCmdCtrl)
                  0000f5a8    00000004     wlan.obj (.const:_SlWlanGetNetworkListCtrl)
                  0000f5ac    00000004     wlan.obj (.const:_SlWlanSetModeCmdCtrl)

.cinit     0    0000f5b0    000000b0     
                  0000f5b0    00000076     (.cinit..data.load) [load image, compression = lzss]
                  0000f626    00000002     --HOLE-- [fill = 0]
                  0000f628    0000000c     (__TI_handler_table)
                  0000f634    00000004     --HOLE-- [fill = 0]
                  0000f638    00000008     (.cinit..bss.load) [load image, compression = zero_init]
                  0000f640    00000008     (.cinit..vtable.load) [load image, compression = zero_init]
                  0000f648    00000018     (__TI_cinit_table)

.init_array 
*          0    00000000    00000000     UNINITIALIZED

.binit     0    00000000    00000000     

.vtable    0    20000000    000000e4     UNINITIALIZED
                  20000000    000000e4     interrupt.obj (.vtable)

.bss       0    200000e4    0000087d     UNINITIALIZED
                  200000e4    00000648     (.common:g_AppData)
                  2000072c    00000164     (.common:g_StatMem)
                  20000890    0000005c     (.common:hMQTTClient)
                  200008ec    00000028     (.common:g__SlNonOsCB)
                  20000914    00000014     (.common:macStr)
                  20000928    00000010     (.common:n)
                  20000938    0000000c     (.common:uniqueID)
                  20000944    00000008     cs.obj (.bss)
                  2000094c    00000008     (.common:macAddressVal)
                  20000954    00000004     MQTTPacket.obj (.bss)
                  20000958    00000004     (.common:MilliTimer)
                  2000095c    00000004     (.common:g_ucUARTBuffer)
                  20000960    00000001     (.common:IntIsMasked)

.data      0    20000964    000000ac     UNINITIALIZED
                  20000964    00000040     flash.obj (.data:__getBurstProgramRegs)
                  200009a4    00000030     gpio.obj (.data:GPIO_PORT_TO_BASE)
                  200009d4    00000014     main.obj (.data)
                  200009e8    0000000c     TA3InputCapture.obj (.data)
                  200009f4    00000009     driver.obj (.data)
                  200009fd    00000003     --HOLE--
                  20000a00    00000004     board.obj (.data)
                  20000a04    00000004     cli_uart.obj (.data)
                  20000a08    00000004     rtsv7M4_T_le_v4SPD16_eabi.lib : errno.c.obj (.data)
                  20000a0c    00000004     system_msp432p401r.obj (.data)

.stack     0    2000fe00    00000200     UNINITIALIZED
                  2000fe00    00000004     rtsv7M4_T_le_v4SPD16_eabi.lib : boot_cortex_m.c.obj (.stack)
                  2000fe04    000001fc     --HOLE--

__llvm_prf_cnts 
*          0    20000000    00000000     UNINITIALIZED

MODULE SUMMARY

       Module                        code    ro data   rw data
       ------                        ----    -------   -------
    .\
       main.obj                      3896    188       3552   
       PWM.obj                       1056    0         0      
       system_msp432p401r.obj        812     0         8      
       TA3InputCapture.obj           468     0         24     
       Motor.obj                     468     0         0      
       startup_msp432p401r_ccs.obj   14      228       0      
       Bump.obj                      144     0         0      
    +--+-----------------------------+-------+---------+---------+
       Total:                        6858    416       3584   
                                                              
    .\board\
       board.obj                     836     0         10     
    +--+-----------------------------+-------+---------+---------+
       Total:                        836     0         10     
                                                              
    .\cli_uart\
       cli_uart.obj                  364     0         16     
    +--+-----------------------------+-------+---------+---------+
       Total:                        364     0         16     
                                                              
    .\driverlib\MSP432P4xx\
       flash.obj                     5528    0         128    
       cs.obj                        3452    0         16     
       pcm.obj                       2104    0         0      
       timer_a.obj                   1944    0         0      
       interrupt.obj                 1008    144       456    
       rtc_c.obj                     1288    0         0      
       gpio.obj                      1152    28        96     
       sysctl.obj                    580     0         0      
       crc32.obj                     388     0         0      
       wdt_a.obj                     216     0         0      
       systick.obj                   116     0         0      
       cpu.obj                       62      0         0      
    +--+-----------------------------+-------+---------+---------+
       Total:                        17838   172       696    
                                                              
    .\mqtt\
       MQTTClient.obj                2556    128       0      
       MQTTPacket.obj                1016    4         8      
       MQTTConnectClient.obj         940     20        0      
       MQTTCC3100.obj                904     0         8      
       MQTTSerializePublish.obj      536     8         0      
       MQTTSubscribeClient.obj       536     8         0      
       MQTTUnsubscribeClient.obj     416     4         0      
       MQTTDeserializePublish.obj    312     8         0      
    +--+-----------------------------+-------+---------+---------+
       Total:                        7216    180       16     
                                                              
    .\simplelink\source\
       driver.obj                    8244    76        730    
       socket.obj                    3796    52        0      
       wlan.obj                      2752    236       0      
       netapp.obj                    2876    40        0      
       device.obj                    1460    20        0      
       nonos.obj                     304     0         80     
       netcfg.obj                    272     8         0      
       flowcont.obj                  128     0         0      
    +--+-----------------------------+-------+---------+---------+
       Total:                        19832   432       810    
                                                              
    .\spi_cc3100\
       spi_cc3100.obj                532     0         0      
    +--+-----------------------------+-------+---------+---------+
       Total:                        532     0         0      
                                                              
    D:\Program Files\ti\ccs1220\ccs\tools\compiler\ti-cgt-arm_20.2.7.LTS\lib\rtsv7M4_T_le_v4SPD16_eabi.lib
       _printfi.c.obj                4851    0         0      
       fd_add_t2.asm.obj             438     0         0      
       fd_div_t2.asm.obj             310     0         0      
       s_scalbn.c.obj                272     0         0      
       fd_cmp_t2.asm.obj             268     0         0      
       ctype.c.obj                   0       257       0      
       fd_mul_t2.asm.obj             252     0         0      
       memcpy_t2.asm.obj             156     0         0      
       ull_div_t2.asm.obj            150     0         0      
       snprintf.c.obj                148     0         0      
       memset_t2.asm.obj             122     0         0      
       copy_decompress_lzss.c.obj    104     0         0      
       s_frexp.c.obj                 100     0         0      
       sprintf.c.obj                 98      0         0      
       _ltoa.c.obj                   84      0         0      
       atoi.c.obj                    76      0         0      
       fd_toi_t2.asm.obj             72      0         0      
       autoinit.c.obj                68      0         0      
       strncpy.c.obj                 54      0         0      
       boot_cortex_m.c.obj           52      0         0      
       i_tofd_t2.asm.obj             46      0         0      
       strncmp.c.obj                 44      0         0      
       memccpy.c.obj                 28      0         0      
       s_copysign.c.obj              26      0         0      
       strcmp.c.obj                  24      0         0      
       strchr.c.obj                  22      0         0      
       strlen.c.obj                  20      0         0      
       wcslen.c.obj                  18      0         0      
       errno.c.obj                   8       0         8      
       copy_decompress_none.c.obj    14      0         0      
       copy_zero_init.c.obj          12      0         0      
       exit.c.obj                    4       0         0      
       pre_init.c.obj                4       0         0      
       div0.asm.obj                  2       0         0      
    +--+-----------------------------+-------+---------+---------+
       Total:                        7947    257       8      
                                                              
       Stack:                        0       0         1024   
       Linker Generated:             0       170       0      
    +--+-----------------------------+-------+---------+---------+
       Grand Total:                  61423   1627      6164   


LINKER GENERATED COPY TABLES

__TI_cinit_table @ 0000f648 records: 3, size/record: 8, table size: 24
	.data: load addr=0000f5b0, load size=00000076 bytes, run addr=20000964, run size=000000ac bytes, compression=lzss
	.bss: load addr=0000f638, load size=00000008 bytes, run addr=200000e4, run size=0000087d bytes, compression=zero_init
	.vtable: load addr=0000f640, load size=00000008 bytes, run addr=20000000, run size=000000e4 bytes, compression=zero_init


LINKER GENERATED HANDLER TABLE

__TI_handler_table @ 0000f628 records: 3, size/record: 4, table size: 12
	index: 0, handler: __TI_zero_init
	index: 1, handler: __TI_decompress_lzss
	index: 2, handler: __TI_decompress_none


GLOBAL SYMBOLS: SORTED ALPHABETICALLY BY Name 

address   name                                           
-------   ----                                           
0000f0b7  ADC14_IRQHandler                               
0000f0b7  AES256_IRQHandler                              
0000e7c9  Bump_Init                                      
0000e7fd  Bump_Read                                      
0000f0b7  BusFault_Handler                               
0000f0dd  C$$EXIT                                        
0000bf17  CC3100_InterruptDisable                        
0000bef5  CC3100_InterruptEnable                         
0000c1bf  CC3100_UART_ISR                                
0000bedd  CC3100_disable                                 
0000bee9  CC3100_enable                                  
0000db71  CLI_Configure                                  
0000dacb  CLI_Read                                       
0000db1d  CLI_Write                                      
0000f0b7  COMP_E0_IRQHandler                             
0000f0b7  COMP_E1_IRQHandler                             
0000eee3  CPU_basepriGet                                 
0000eed5  CPU_basepriSet                                 
0000eeaf  CPU_cpsid                                      
0000eec5  CPU_cpsie                                      
0000eebb  CPU_primask                                    
0000eed1  CPU_wfi                                        
0000da09  CRC32_getResult                                
0000da35  CRC32_getResultReversed                        
0000d957  CRC32_set16BitData                             
0000d9c5  CRC32_set16BitDataReversed                     
0000d97d  CRC32_set32BitData                             
0000d9e9  CRC32_set32BitDataReversed                     
0000d931  CRC32_set8BitData                              
0000d9a1  CRC32_set8BitDataReversed                      
0000d901  CRC32_setSeed                                  
0000f0b7  CS_IRQHandler                                  
000061bd  CS_clearInterruptFlag                          
00005a65  CS_disableClockRequest                         
00005b4b  CS_disableDCOExternalResistor                  
00006091  CS_disableFaultCounter                         
0000617b  CS_disableInterrupt                            
00005a3d  CS_enableClockRequest                          
00005aad  CS_enableDCOExternalResistor                   
00006065  CS_enableFaultCounter                          
00006159  CS_enableInterrupt                             
00005ffd  CS_getACLK                                     
00005fbd  CS_getBCLK                                     
00005c45  CS_getDCOFrequency                             
000061a3  CS_getEnabledInterruptStatus                   
00005fd9  CS_getHSMCLK                                   
0000619d  CS_getInterruptStatus                          
00006043  CS_getMCLK                                     
00006021  CS_getSMCLK                                    
0000575d  CS_initClockSignal                             
000061df  CS_registerInterrupt                           
000060bd  CS_resetFaultCounter                           
00005b69  CS_setDCOCenteredFrequency                     
00005ad5  CS_setDCOExternalResistorCalibration           
00005de5  CS_setDCOFrequency                             
00005721  CS_setExternalClockSourceFrequency             
00005a87  CS_setReferenceOscillatorFrequency             
00006109  CS_startFaultCounter                           
00005861  CS_startHFXT                                   
00005885  CS_startHFXTWithTimeout                        
00005949  CS_startLFXT                                   
0000596d  CS_startLFXTWithTimeout                        
00005ba1  CS_tuneDCOFrequency                            
000061f3  CS_unregisterInterrupt                         
200009e8  CaptureTask0                                   
200009ec  CaptureTask1                                   
200009f0  CaptureTask2                                   
0000be1d  ConnectNetwork                                 
00006895  CopyPingResultsToReport                        
0000f0b7  DMA_ERR_IRQHandler                             
0000f0b7  DMA_INT0_IRQHandler                            
0000f0b7  DMA_INT1_IRQHandler                            
0000f0b7  DMA_INT2_IRQHandler                            
0000f0b7  DMA_INT3_IRQHandler                            
0000f0b7  DebugMon_Handler                               
0000f0b7  Default_Handler                                
0000c169  Delay                                          
0000da85  EUSCIA0_IRQHandler                             
0000da85  EUSCIA0_IRQHandler                             
0000f0b7  EUSCIA1_IRQHandler                             
0000f0b7  EUSCIA2_IRQHandler                             
0000f0b7  EUSCIA3_IRQHandler                             
0000f0b7  EUSCIB0_IRQHandler                             
0000f0b7  EUSCIB1_IRQHandler                             
0000f0b7  EUSCIB2_IRQHandler                             
0000f0b7  EUSCIB3_IRQHandler                             
0000f0b7  FLCTL_IRQHandler                               
0000f0b7  FPU_IRQHandler                                 
0000315f  FlashCtl_clearInterruptFlag                    
00003023  FlashCtl_clearProgramVerification              
00003135  FlashCtl_disableInterrupt                      
00002695  FlashCtl_disableReadBuffering                  
0000308d  FlashCtl_disableWordProgramming                
00003121  FlashCtl_enableInterrupt                       
00002641  FlashCtl_enableReadBuffering                   
0000305d  FlashCtl_enableWordProgramming                 
00002cc1  FlashCtl_eraseSector                           
0000314f  FlashCtl_getEnabledInterruptStatus             
00003149  FlashCtl_getInterruptStatus                    
000022c3  FlashCtl_getMemoryInfo                         
00002b25  FlashCtl_getReadMode                           
000030f3  FlashCtl_getWaitState                          
00002b4f  FlashCtl_initiateMassErase                     
00002de5  FlashCtl_initiateSectorErase                   
000027c5  FlashCtl_isSectorProtected                     
00003095  FlashCtl_isWordProgrammingEnabled              
00002b75  FlashCtl_performMassErase                      
00002e7d  FlashCtl_programMemory                         
00002765  FlashCtl_protectSector                         
00003173  FlashCtl_registerInterrupt                     
00002fe9  FlashCtl_setProgramVerification                
00002ab9  FlashCtl_setReadMode                           
000030b5  FlashCtl_setWaitState                          
000026f5  FlashCtl_unprotectSector                       
00003187  FlashCtl_unregisterInterrupt                   
00002851  FlashCtl_verifyMemory                          
0000aa2f  GPIO_clearInterruptFlag                        
0000a9ef  GPIO_disableInterrupt                          
0000a9cd  GPIO_enableInterrupt                           
0000aa87  GPIO_getEnabledInterruptStatus                 
0000a99f  GPIO_getInputPinValue                          
0000aa11  GPIO_getInterruptStatus                        
0000aa51  GPIO_interruptEdgeSelect                       
0000ab47  GPIO_registerInterrupt                         
0000a747  GPIO_setAsInputPin                             
0000a8fb  GPIO_setAsInputPinWithPullDownResistor         
0000a94d  GPIO_setAsInputPinWithPullUpResistor           
0000a70d  GPIO_setAsOutputPin                            
0000a811  GPIO_setAsPeripheralModuleFunctionInputPin     
0000a78d  GPIO_setAsPeripheralModuleFunctionOutputPin    
0000ab03  GPIO_setDriveStrengthHigh                      
0000ab25  GPIO_setDriveStrengthLow                       
0000a895  GPIO_setOutputHighOnPin                        
0000a8b7  GPIO_setOutputLowOnPin                         
0000a8d9  GPIO_toggleOutputOnPin                         
0000ab67  GPIO_unregisterInterrupt                       
0000c0b5  GetLEDStatus                                   
0000f0b7  HardFault_Handler                              
0000d031  InitPort2                                      
0000d065  InitPort3                                      
0000d099  InitPort5                                      
0000bbc3  InitTimer                                      
20000960  IntIsMasked                                    
0000b567  Interrupt_disableInterrupt                     
0000b3b7  Interrupt_disableMaster                        
0000b765  Interrupt_disableSleepOnIsrExit                
0000b4f5  Interrupt_enableInterrupt                      
0000b3a7  Interrupt_enableMaster                         
0000b753  Interrupt_enableSleepOnIsrExit                 
0000b4cf  Interrupt_getPriority                          
0000b447  Interrupt_getPriorityGrouping                  
0000b733  Interrupt_getPriorityMask                      
0000b74d  Interrupt_getVectorTableAddress                
0000b5d9  Interrupt_isEnabled                            
0000b665  Interrupt_pendInterrupt                        
0000b3c7  Interrupt_registerInterrupt                    
0000b47f  Interrupt_setPriority                          
0000b42d  Interrupt_setPriorityGrouping                  
0000b723  Interrupt_setPriorityMask                      
0000b73d  Interrupt_setVectorTableAddress                
0000b6d5  Interrupt_unpendInterrupt                      
0000b419  Interrupt_unregisterInterrupt                  
00008343  MQTTClient                                     
00008889  MQTTConnect                                    
0000dde5  MQTTDeserialize_ack                            
0000ba07  MQTTDeserialize_connack                        
0000dd2d  MQTTDeserialize_publish                        
0000cd6b  MQTTDeserialize_suback                         
0000d8bb  MQTTDeserialize_unsuback                       
00008c2f  MQTTDisconnect                                 
0000b003  MQTTPacket_decode                              
0000b0e9  MQTTPacket_decodeBuf                           
0000afad  MQTTPacket_encode                              
0000b2c5  MQTTPacket_equals                              
0000b06b  MQTTPacket_len                                 
0000b329  MQTTPacket_read                                
00008b05  MQTTPublish                                    
0000cb01  MQTTSerialize_ack                              
0000b84d  MQTTSerialize_connect                          
0000b795  MQTTSerialize_connectLength                    
0000baf7  MQTTSerialize_disconnect                       
0000bb0d  MQTTSerialize_pingreq                          
0000cb8b  MQTTSerialize_puback                           
0000cbd9  MQTTSerialize_pubcomp                          
0000ca2b  MQTTSerialize_publish                          
0000c9ed  MQTTSerialize_publishLength                    
0000cbaf  MQTTSerialize_pubrel                           
0000cc69  MQTTSerialize_subscribe                        
0000cc05  MQTTSerialize_subscribeLength                  
0000d7c5  MQTTSerialize_unsubscribe                      
0000d761  MQTTSerialize_unsubscribeLength                
0000ba8f  MQTTSerialize_zero                             
00008953  MQTTSubscribe                                  
00008a5b  MQTTUnsubscribe                                
00008815  MQTTYield                                      
0000b299  MQTTstrlen                                     
0000bf2b  MaskIntHdlr                                    
0000f0b7  MemManage_Handler                              
20000958  MilliTimer                                     
0000d197  Motor_Backward                                 
0000d107  Motor_Forward                                  
0000d0cd  Motor_Init                                     
0000d167  Motor_Left                                     
0000d137  Motor_Right                                    
0000d0f7  Motor_Stop                                     
0000f0b7  NMI_Handler                                    
00008285  NewMessageData                                 
0000bccf  NewNetwork                                     
0000f0b7  PCM_IRQHandler                                 
0000945b  PCM_clearInterruptFlag                         
00009431  PCM_disableInterrupt                           
00009409  PCM_disableRudeMode                            
0000941d  PCM_enableInterrupt                            
000093f7  PCM_enableRudeMode                             
00008e03  PCM_getCoreVoltageLevel                        
0000944b  PCM_getEnabledInterruptStatus                  
00009445  PCM_getInterruptStatus                         
00008da9  PCM_getPowerMode                               
000093eb  PCM_getPowerState                              
0000931d  PCM_gotoLPM0                                   
0000933b  PCM_gotoLPM0InterruptSafe                      
00009357  PCM_gotoLPM3                                   
000093cf  PCM_gotoLPM3InterruptSafe                      
000092f1  PCM_gotoLPM4                                   
00009301  PCM_gotoLPM4InterruptSafe                      
0000946f  PCM_registerInterrupt                          
00008d77  PCM_setCoreVoltageLevel                        
00008d99  PCM_setCoreVoltageLevelNonBlocking             
00008d87  PCM_setCoreVoltageLevelWithTimeout             
00008fa9  PCM_setPowerMode                               
00008fb9  PCM_setPowerModeNonBlocking                    
00008fc9  PCM_setPowerModeWithTimeout                    
0000927b  PCM_setPowerState                              
0000929d  PCM_setPowerStateNonBlocking                   
0000928b  PCM_setPowerStateWithTimeout                   
000092ad  PCM_shutdownDevice                             
00009483  PCM_unregisterInterrupt                        
00004159  PORT1_IRQHandler                               
00004159  PORT1_IRQHandler                               
0000c199  PORT2_IRQHandler                               
0000c199  PORT2_IRQHandler                               
0000f0b7  PORT3_IRQHandler                               
0000f0b7  PORT4_IRQHandler                               
0000f0b7  PORT5_IRQHandler                               
0000f0b7  PORT6_IRQHandler                               
0000f0b7  PSS_IRQHandler                                 
0000ac77  PWM_Duty1                                      
0000ac97  PWM_Duty2                                      
0000ad3b  PWM_Duty3                                      
0000ad5b  PWM_Duty4                                      
0000ab8d  PWM_Init1                                      
0000abf3  PWM_Init12                                     
0000acb7  PWM_Init34                                     
0000aea3  PWM_RobotArmDuty0                              
0000aec9  PWM_RobotArmDuty1                              
0000aeef  PWM_RobotArmDuty2                              
0000aec3  PWM_RobotArmGetDuty0                           
0000aee9  PWM_RobotArmGetDuty1                           
0000af0f  PWM_RobotArmGetDuty2                           
0000ad7b  PWM_RobotArmInit                               
0000f0b7  PendSV_Handler                                 
0000c167  Port1_ISR                                      
0000f0b7  RTC_C_IRQHandler                               
0000a661  RTC_C_clearInterruptFlag                       
0000a4ab  RTC_C_convertBCDToBinary                       
0000a4c3  RTC_C_convertBinaryToBCD                       
0000a407  RTC_C_definePrescaleEvent                      
0000a531  RTC_C_disableInterrupt                         
0000a4db  RTC_C_enableInterrupt                          
0000a339  RTC_C_getCalendarTime                          
0000a601  RTC_C_getEnabledInterruptStatus                
0000a599  RTC_C_getInterruptStatus                       
0000a42f  RTC_C_getPrescaleValue                         
0000a223  RTC_C_holdClock                                
0000a2c7  RTC_C_initCalendar                             
0000a6a7  RTC_C_registerInterrupt                        
0000a39f  RTC_C_setCalendarAlarm                         
0000a3d7  RTC_C_setCalendarEvent                         
0000a271  RTC_C_setCalibrationData                       
0000a241  RTC_C_setCalibrationFrequency                  
0000a45b  RTC_C_setPrescaleValue                         
0000a29d  RTC_C_setTemperatureCompensation               
0000a205  RTC_C_startClock                               
0000a6c5  RTC_C_unregisterInterrupt                      
0000f0ab  Reset_Handler                                  
200009d4  S1buttonDebounce                               
200009d8  S2buttonDebounce                               
000053bf  SL_FD_CLR                                      
000053e5  SL_FD_ISSET                                    
0000539d  SL_FD_SET                                      
0000540d  SL_FD_ZERO                                     
0000f0b7  SVC_Handler                                    
0000c123  SelAntenna                                     
0000375b  SimpleLinkGeneralEventHandler                  
0000374d  SimpleLinkHttpServerCallback                   
0000371d  SimpleLinkNetAppEventHandler                   
00003767  SimpleLinkSockEventHandler                     
000036b1  SimpleLinkWlanEventHandler                     
0000c99b  SysCtl_disableGlitchFilter                     
0000c82b  SysCtl_disableNMISource                        
0000c933  SysCtl_disablePeripheralAtCPUHalt              
0000c875  SysCtl_disableSRAMBank                         
0000c8f9  SysCtl_disableSRAMBankRetention                
0000c98f  SysCtl_enableGlitchFilter                      
0000c83f  SysCtl_enableNMISource                         
0000c91f  SysCtl_enablePeripheralAtCPUHalt               
0000c859  SysCtl_enableSRAMBank                          
0000c8dd  SysCtl_enableSRAMBankRetention                 
0000c825  SysCtl_getFlashSize                            
0000c853  SysCtl_getNMISourceStatus                      
0000c81f  SysCtl_getSRAMSize                             
0000c7a9  SysCtl_getTLVInfo                              
0000c9a7  SysCtl_getTempCalibrationConstant              
0000c915  SysCtl_rebootDevice                            
0000c96b  SysCtl_setWDTPasswordViolationResetType        
0000c947  SysCtl_setWDTTimeoutResetType                  
0000bb41  SysTick_Handler                                
0000bb41  SysTick_Handler                                
0000ea9d  SysTick_disableInterrupt                       
0000ea6d  SysTick_disableModule                          
0000ea91  SysTick_enableInterrupt                        
0000ea61  SysTick_enableModule                           
0000eabb  SysTick_getPeriod                              
0000eac3  SysTick_getValue                               
0000ea79  SysTick_registerInterrupt                      
0000eaa9  SysTick_setPeriod                              
0000ea87  SysTick_unregisterInterrupt                    
20000a0c  SystemCoreClock                                
0000c20d  SystemCoreClockUpdate                          
0000c481  SystemInit                                     
0000f0b7  T32_INT1_IRQHandler                            
0000f0b7  T32_INT2_IRQHandler                            
0000f0b7  T32_INTC_IRQHandler                            
0000f0b7  TA0_0_IRQHandler                               
0000f0b7  TA0_N_IRQHandler                               
000041c1  TA1_0_IRQHandler                               
000041c1  TA1_0_IRQHandler                               
0000f0b7  TA1_N_IRQHandler                               
0000f0b7  TA2_0_IRQHandler                               
0000f0b7  TA2_N_IRQHandler                               
0000d291  TA3_0_IRQHandler                               
0000d291  TA3_0_IRQHandler                               
0000d2ab  TA3_N_IRQHandler                               
0000d2ab  TA3_N_IRQHandler                               
0000bcf5  TLSConnectNetwork                              
0000d211  TimerA3Capture_Init01                          
0000d2eb  TimerA3Capture_Init02                          
00009983  Timer_A_clearCaptureCompareInterrupt           
0000996d  Timer_A_clearInterruptFlag                     
000097eb  Timer_A_clearTimer                             
00009613  Timer_A_configureContinuousMode                
000096a1  Timer_A_configureUpDownMode                    
00009643  Timer_A_configureUpMode                        
00009a11  Timer_A_disableCaptureCompareInterrupt         
000099bf  Timer_A_disableInterrupt                       
000099e5  Timer_A_enableCaptureCompareInterrupt          
000099ab  Timer_A_enableInterrupt                        
000098b7  Timer_A_generatePWM                            
0000985d  Timer_A_getCaptureCompareCount                 
00009a79  Timer_A_getCaptureCompareEnabledInterruptStatus
00009a39  Timer_A_getCaptureCompareInterruptStatus       
0000979f  Timer_A_getCounterValue                        
00009a61  Timer_A_getEnabledInterruptStatus              
000099d3  Timer_A_getInterruptStatus                     
0000982f  Timer_A_getOutputForOutputModeOutBitValue      
000097ff  Timer_A_getSynchronizedCaptureCompareInput     
000096ff  Timer_A_initCapture                            
00009751  Timer_A_initCompare                            
00009ab5  Timer_A_registerInterrupt                      
00009941  Timer_A_setCompareValue                        
0000987f  Timer_A_setOutputForOutputModeOutBitValue      
000095fd  Timer_A_startCounter                           
0000992d  Timer_A_stopTimer                              
00009b87  Timer_A_unregisterInterrupt                    
0000bf33  UnMaskIntHdlr                                  
0000f0b7  UsageFault_Handler                             
4000480c  WDTCTL_SYM                                     
0000f0b7  WDT_A_IRQHandler                               
0000e54d  WDT_A_clearTimer                               
0000e50d  WDT_A_holdTimer                                
0000e589  WDT_A_initIntervalTimer                        
0000e56d  WDT_A_initWatchdogTimer                        
0000e5bd  WDT_A_registerInterrupt                        
0000e5a5  WDT_A_setPasswordViolationReset                
0000e5b1  WDT_A_setTimeoutReset                          
0000e52d  WDT_A_startTimer                               
0000e5d1  WDT_A_unregisterInterrupt                      
0000f518  _SlAcceptCmdCtrl                               
0000f394  _SlActionLookupTable                           
00000fb1  _SlAsyncEventGenericHandler                    
0000f51c  _SlDeviceGetCmdCtrl                            
0000f520  _SlDeviceSetCmdCtrl                            
000019c9  _SlDrvBasicCmd                                 
00001677  _SlDrvClassifyRxMsg                            
000002af  _SlDrvCmdOp                                    
0000035f  _SlDrvCmdSend                                  
000003b5  _SlDrvDataReadOp                               
000005b9  _SlDrvDataWriteOp                              
0000a185  _SlDrvDeviceEventHandler                       
000001c9  _SlDrvDriverCBDeinit                           
000000e5  _SlDrvDriverCBInit                             
0000e9a3  _SlDrvFlowContDeinit                           
0000e965  _SlDrvFlowContInit                             
00000979  _SlDrvMsgRead                                  
00001499  _SlDrvMsgReadCmdCtx                            
00001593  _SlDrvMsgReadSpawnCtx                          
00000785  _SlDrvMsgWrite                                 
00006c65  _SlDrvNetAppEventHandler                       
00001ec1  _SlDrvObjDeInit                                
00001e45  _SlDrvObjInit                                  
00001c39  _SlDrvReleasePoolObj                           
000017c5  _SlDrvRxHdrRead                                
0000026d  _SlDrvRxIrqHandler                             
0000177d  _SlDrvShiftDWord                               
00001a31  _SlDrvWaitForPoolObj                           
0000f524  _SlEventMaskGetCmdCtrl                         
0000f528  _SlEventMaskSetCmdCtrl                         
00001f9f  _SlFindAndSetActiveObj                         
0000f52c  _SlGetHostByNameCtrl                           
0000f530  _SlGetHostByServiceCtrl                        
0000f534  _SlGetServiceListeCtrl                         
0000f538  _SlGetSockOptCmdCtrl                           
0000f53c  _SlListenCmdCtrl                               
0000f540  _SlNetAppGetCmdCtrl                            
0000f544  _SlNetAppSendTokenValueCmdCtrl                 
0000f548  _SlNetAppSetCmdCtrl                            
0000f54c  _SlNetAppStartCtrl                             
0000f550  _SlNetAppStopCtrl                              
0000f554  _SlNetCfgGetCmdCtrl                            
0000f558  _SlNetCfgSetCmdCtrl                            
0000e061  _SlNonOsMainLoopTask                           
0000dfb5  _SlNonOsSemGet                                 
0000df9d  _SlNonOsSemSet                                 
0000e011  _SlNonOsSpawn                                  
0000f55c  _SlPolicyGetCmdCtrl                            
0000f560  _SlPolicySetCmdCtrl                            
0000f564  _SlProfileDelCmdCtrl                           
0000f568  _SlProfileGetCmdCtrl                           
0000f56c  _SlRecvCmdCtrl                                 
0000f570  _SlRecvfomCmdCtrl                              
0000f574  _SlRegisterServiceCtrl                         
00001ee1  _SlRemoveFromList                              
0000f578  _SlRxFilterAddtCmdCtrl                         
0000f57c  _SlRxFilterGetCmdCtrl                          
0000f580  _SlRxFilterSetCmdCtrl                          
0000f584  _SlSelectCmdCtrl                               
0000f588  _SlSendCmdCtrl                                 
0000f58c  _SlSetSockOptCmdCtrl                           
0000f590  _SlSmartConfigStartCmdCtrl                     
0000f594  _SlSockCloseCmdCtrl                            
0000f598  _SlSockSocketCmdCtrl                           
0000f59c  _SlStopCmdCtrl                                 
0000f5a0  _SlWlanCfgGetCmdCtrl                           
0000f5a4  _SlWlanCfgSetCmdCtrl                           
0000f5a8  _SlWlanGetNetworkListCtrl                      
0000f5ac  _SlWlanSetModeCmdCtrl                          
0000358b  __FlashCtl_remaskBurstDataPost                 
00003471  __FlashCtl_remaskBurstDataPre                  
000032b5  __FlashCtl_remaskData32Post                    
00003399  __FlashCtl_remaskData32Pre                     
00003197  __FlashCtl_remaskData8Post                     
00003217  __FlashCtl_remaskData8Pre                      
20010000  __STACK_END                                    
00000200  __STACK_SIZE                                   
0000f648  __TI_CINIT_Base                                
0000f660  __TI_CINIT_Limit                               
0000f628  __TI_Handler_Table_Base                        
0000f634  __TI_Handler_Table_Limit                       
0000eded  __TI_auto_init_nobinit_nopinit                 
0000eb43  __TI_decompress_lzss                           
0000f09d  __TI_decompress_none                           
0000ec67  __TI_ltoa                                      
ffffffff  __TI_pprof_out_hndl                            
00007835  __TI_printfi                                   
ffffffff  __TI_prof_data_size                            
ffffffff  __TI_prof_data_start                           
00000000  __TI_static_base__                             
0000f0b9  __TI_zero_init                                 
0000e859  __aeabi_cdcmpeq                                
0000e859  __aeabi_cdcmple                                
0000e8df  __aeabi_cdrcmple                               
0000eda5  __aeabi_d2iz                                   
0000d5b3  __aeabi_dadd                                   
0000de65  __aeabi_ddiv                                   
0000e411  __aeabi_dmul                                   
0000d5a9  __aeabi_dsub                                   
0000f0d1  __aeabi_errno_addr                             
0000ef89  __aeabi_i2d                                    
00008283  __aeabi_idiv0                                  
00008283  __aeabi_ldiv0                                  
0000e9e5  __aeabi_memclr                                 
0000e9e5  __aeabi_memclr4                                
0000e9e5  __aeabi_memclr8                                
0000e697  __aeabi_memcpy                                 
0000e697  __aeabi_memcpy4                                
0000e697  __aeabi_memcpy8                                
0000e9e7  __aeabi_memset                                 
0000e9e7  __aeabi_memset4                                
0000e9e7  __aeabi_memset8                                
0000e733  __aeabi_uldivmod                               
ffffffff  __binit__                                      
ffffffff  __c_args__                                     
UNDEFED   __mpu_init                                     
2000fe00  __stack                                        
20000000  __start___llvm_prf_cnts                        
20000000  __stop___llvm_prf_cnts                         
0000ef25  _c_int00_noargs                                
0000f0e0  _ctypes_                                       
000045e9  _sl_BuildAddress                               
00009c51  _sl_GetStartResponseConvert                    
00004ffd  _sl_HandleAsync_Accept                         
00004bf7  _sl_HandleAsync_Connect                        
0000667f  _sl_HandleAsync_DnsGetHostByAddr               
000067cd  _sl_HandleAsync_DnsGetHostByName               
000065b1  _sl_HandleAsync_DnsGetHostByService            
00009db5  _sl_HandleAsync_InitComplete                   
000068d1  _sl_HandleAsync_PingResponse                   
00005425  _sl_HandleAsync_Select                         
00009e67  _sl_HandleAsync_Stop                           
00004701  _sl_ParseAddress                               
00004639  _sl_TruncatePayloadByProtocol                  
UNDEFED   _system_post_cinit                             
0000f0d9  _system_pre_init                               
0000f0dd  abort                                          
0000ed0d  atoi                                           
ffffffff  binit                                          
0000b0b1  bufchar                                        
0000bcbf  cc3100_disconnect                              
0000bbd3  cc3100_read                                    
0000bc55  cc3100_write                                   
0000bf47  clear_rts                                      
20000a04  cli_have_cmd                                   
0000efff  copysign                                       
0000efff  copysignl                                      
0000bb83  countdown                                      
0000bb6b  countdown_ms                                   
000086a9  cycle                                          
000083b5  decodePacket                                   
0000858d  deliverMessage                                 
20000a08  errno                                          
0000bb4b  expired                                        
0000ebad  frexp                                          
0000ebad  frexpl                                         
200009fc  gFirstCmdMode                                  
200000e4  g_AppData                                      
0000f490  g_H2NCnysPattern                               
0000f498  g_H2NSyncPattern                               
2000072c  g_StatMem                                      
200009e4  g_Status                                       
200008ec  g__SlNonOsCB                                   
200009f4  g_pCB                                          
20000000  g_pfnRAMVectors                                
2000095c  g_ucUARTBuffer                                 
0000b1d5  getLenStringLen                                
0000829f  getNextPacketId                                
20000890  hMQTTClient                                    
0000c0ef  initAntSelGPIO                                 
0000bf53  initClk                                        
0000bfc7  initLEDs                                       
00000000  interruptVectors                               
000084d9  isTopicMatched                                 
0000863d  keepalive                                      
0000e301  ldexp                                          
0000e301  ldexpl                                         
0000bba1  left_ms                                        
200009e0  macAddressLen                                  
2000094c  macAddressVal                                  
20000914  macStr                                         
00003985  main                                           
0000efe3  memccpy                                        
0000e697  memcpy                                         
0000e9ed  memset                                         
20000928  n                                              
20000a00  pIraEventHandler                               
200009f8  pPingCallBackFunc                              
200009dc  publishID                                      
0000b127  readChar                                       
0000b0ff  readInt                                        
0000b23f  readMQTTLenString                              
0000842f  readPacket                                     
0000bec9  registerInterruptHandler                       
0000e301  scalbn                                         
0000e301  scalbnl                                        
00003f8f  sendMQTTMessage                                
000082c3  sendPacket                                     
0000bf3b  set_rts                                        
00004df9  sl_Accept                                      
000047db  sl_Bind                                        
000047b1  sl_Close                                       
00004aa1  sl_Connect                                     
0000a081  sl_DevGet                                      
0000a11f  sl_DevSet                                      
0000a04d  sl_EventMaskGet                                
0000a013  sl_EventMaskSet                                
0000517d  sl_GetSockOpt                                  
00004f7b  sl_Htonl                                       
00004fbd  sl_Htons                                       
00004db9  sl_Listen                                      
0000668d  sl_NetAppDnsGetHostByName                      
00006481  sl_NetAppDnsGetHostByService                   
00006bd5  sl_NetAppGet                                   
00006281  sl_NetAppGetServiceList                        
00006405  sl_NetAppMDNSRegisterService                   
00006351  sl_NetAppMDNSRegisterUnregisterService         
00006441  sl_NetAppMDNSUnRegisterService                 
00006995  sl_NetAppPingStart                             
00006b71  sl_NetAppSendTokenValue                        
00006b05  sl_NetAppSet                                   
00006239  sl_NetAppStart                                 
0000625d  sl_NetAppStop                                  
0000e257  sl_NetCfgGet                                   
0000e1f1  sl_NetCfgSet                                   
00005095  sl_Recv                                        
0000497f  sl_RecvFrom                                    
00005217  sl_Select                                      
00004ca9  sl_Send                                        
00004863  sl_SendTo                                      
00005111  sl_SetSockOpt                                  
0000475b  sl_Socket                                      
00009cb1  sl_Start                                       
00009eeb  sl_Stop                                        
00009ca9  sl_Task                                        
00006d75  sl_WlanConnect                                 
00006fad  sl_WlanDisconnect                              
0000777d  sl_WlanGet                                     
00007445  sl_WlanGetNetworkList                          
00007021  sl_WlanPolicyGet                               
00006fb9  sl_WlanPolicySet                               
000070c5  sl_WlanProfileAdd                              
00007417  sl_WlanProfileDel                              
00007335  sl_WlanProfileGet                              
000074b7  sl_WlanRxFilterAdd                             
00007579  sl_WlanRxFilterGet                             
00007525  sl_WlanRxFilterSet                             
00007607  sl_WlanRxStatGet                               
000075ef  sl_WlanRxStatStart                             
000075fb  sl_WlanRxStatStop                              
00007709  sl_WlanSet                                     
000076d9  sl_WlanSetMode                                 
0000764d  sl_WlanSmartConfigStart                        
0000763d  sl_WlanSmartConfigStop                         
0000ed59  snprintf                                       
0000ce1d  spi_Close                                      
0000ce29  spi_Open                                       
0000cf75  spi_Read                                       
0000cf1b  spi_Write                                      
0000ee31  sprintf                                        
0000bfbd  stopWDT                                        
0000f061  strchr                                         
0000f049  strcmp                                         
0000f077  strlen                                         
0000efb7  strncmp                                        
0000eeed  strncpy                                        
0000d205  ta3dummy                                       
0000c081  toggleLed                                      
0000c04d  turnLedOff                                     
0000c019  turnLedOn                                      
20000938  uniqueID                                       
0000f434  upConfig                                       
00008859  waitfor                                        
0000f08b  wcslen                                         
0000b1a7  writeCString                                   
0000b147  writeChar                                      
0000b167  writeInt                                       
0000b1ef  writeMQTTString                                


GLOBAL SYMBOLS: SORTED BY Symbol Address 

address   name                                           
-------   ----                                           
00000000  __TI_static_base__                             
00000000  interruptVectors                               
000000e5  _SlDrvDriverCBInit                             
000001c9  _SlDrvDriverCBDeinit                           
00000200  __STACK_SIZE                                   
0000026d  _SlDrvRxIrqHandler                             
000002af  _SlDrvCmdOp                                    
0000035f  _SlDrvCmdSend                                  
000003b5  _SlDrvDataReadOp                               
000005b9  _SlDrvDataWriteOp                              
00000785  _SlDrvMsgWrite                                 
00000979  _SlDrvMsgRead                                  
00000fb1  _SlAsyncEventGenericHandler                    
00001499  _SlDrvMsgReadCmdCtx                            
00001593  _SlDrvMsgReadSpawnCtx                          
00001677  _SlDrvClassifyRxMsg                            
0000177d  _SlDrvShiftDWord                               
000017c5  _SlDrvRxHdrRead                                
000019c9  _SlDrvBasicCmd                                 
00001a31  _SlDrvWaitForPoolObj                           
00001c39  _SlDrvReleasePoolObj                           
00001e45  _SlDrvObjInit                                  
00001ec1  _SlDrvObjDeInit                                
00001ee1  _SlRemoveFromList                              
00001f9f  _SlFindAndSetActiveObj                         
000022c3  FlashCtl_getMemoryInfo                         
00002641  FlashCtl_enableReadBuffering                   
00002695  FlashCtl_disableReadBuffering                  
000026f5  FlashCtl_unprotectSector                       
00002765  FlashCtl_protectSector                         
000027c5  FlashCtl_isSectorProtected                     
00002851  FlashCtl_verifyMemory                          
00002ab9  FlashCtl_setReadMode                           
00002b25  FlashCtl_getReadMode                           
00002b4f  FlashCtl_initiateMassErase                     
00002b75  FlashCtl_performMassErase                      
00002cc1  FlashCtl_eraseSector                           
00002de5  FlashCtl_initiateSectorErase                   
00002e7d  FlashCtl_programMemory                         
00002fe9  FlashCtl_setProgramVerification                
00003023  FlashCtl_clearProgramVerification              
0000305d  FlashCtl_enableWordProgramming                 
0000308d  FlashCtl_disableWordProgramming                
00003095  FlashCtl_isWordProgrammingEnabled              
000030b5  FlashCtl_setWaitState                          
000030f3  FlashCtl_getWaitState                          
00003121  FlashCtl_enableInterrupt                       
00003135  FlashCtl_disableInterrupt                      
00003149  FlashCtl_getInterruptStatus                    
0000314f  FlashCtl_getEnabledInterruptStatus             
0000315f  FlashCtl_clearInterruptFlag                    
00003173  FlashCtl_registerInterrupt                     
00003187  FlashCtl_unregisterInterrupt                   
00003197  __FlashCtl_remaskData8Post                     
00003217  __FlashCtl_remaskData8Pre                      
000032b5  __FlashCtl_remaskData32Post                    
00003399  __FlashCtl_remaskData32Pre                     
00003471  __FlashCtl_remaskBurstDataPre                  
0000358b  __FlashCtl_remaskBurstDataPost                 
000036b1  SimpleLinkWlanEventHandler                     
0000371d  SimpleLinkNetAppEventHandler                   
0000374d  SimpleLinkHttpServerCallback                   
0000375b  SimpleLinkGeneralEventHandler                  
00003767  SimpleLinkSockEventHandler                     
00003985  main                                           
00003f8f  sendMQTTMessage                                
00004159  PORT1_IRQHandler                               
00004159  PORT1_IRQHandler                               
000041c1  TA1_0_IRQHandler                               
000041c1  TA1_0_IRQHandler                               
000045e9  _sl_BuildAddress                               
00004639  _sl_TruncatePayloadByProtocol                  
00004701  _sl_ParseAddress                               
0000475b  sl_Socket                                      
000047b1  sl_Close                                       
000047db  sl_Bind                                        
00004863  sl_SendTo                                      
0000497f  sl_RecvFrom                                    
00004aa1  sl_Connect                                     
00004bf7  _sl_HandleAsync_Connect                        
00004ca9  sl_Send                                        
00004db9  sl_Listen                                      
00004df9  sl_Accept                                      
00004f7b  sl_Htonl                                       
00004fbd  sl_Htons                                       
00004ffd  _sl_HandleAsync_Accept                         
00005095  sl_Recv                                        
00005111  sl_SetSockOpt                                  
0000517d  sl_GetSockOpt                                  
00005217  sl_Select                                      
0000539d  SL_FD_SET                                      
000053bf  SL_FD_CLR                                      
000053e5  SL_FD_ISSET                                    
0000540d  SL_FD_ZERO                                     
00005425  _sl_HandleAsync_Select                         
00005721  CS_setExternalClockSourceFrequency             
0000575d  CS_initClockSignal                             
00005861  CS_startHFXT                                   
00005885  CS_startHFXTWithTimeout                        
00005949  CS_startLFXT                                   
0000596d  CS_startLFXTWithTimeout                        
00005a3d  CS_enableClockRequest                          
00005a65  CS_disableClockRequest                         
00005a87  CS_setReferenceOscillatorFrequency             
00005aad  CS_enableDCOExternalResistor                   
00005ad5  CS_setDCOExternalResistorCalibration           
00005b4b  CS_disableDCOExternalResistor                  
00005b69  CS_setDCOCenteredFrequency                     
00005ba1  CS_tuneDCOFrequency                            
00005c45  CS_getDCOFrequency                             
00005de5  CS_setDCOFrequency                             
00005fbd  CS_getBCLK                                     
00005fd9  CS_getHSMCLK                                   
00005ffd  CS_getACLK                                     
00006021  CS_getSMCLK                                    
00006043  CS_getMCLK                                     
00006065  CS_enableFaultCounter                          
00006091  CS_disableFaultCounter                         
000060bd  CS_resetFaultCounter                           
00006109  CS_startFaultCounter                           
00006159  CS_enableInterrupt                             
0000617b  CS_disableInterrupt                            
0000619d  CS_getInterruptStatus                          
000061a3  CS_getEnabledInterruptStatus                   
000061bd  CS_clearInterruptFlag                          
000061df  CS_registerInterrupt                           
000061f3  CS_unregisterInterrupt                         
00006239  sl_NetAppStart                                 
0000625d  sl_NetAppStop                                  
00006281  sl_NetAppGetServiceList                        
00006351  sl_NetAppMDNSRegisterUnregisterService         
00006405  sl_NetAppMDNSRegisterService                   
00006441  sl_NetAppMDNSUnRegisterService                 
00006481  sl_NetAppDnsGetHostByService                   
000065b1  _sl_HandleAsync_DnsGetHostByService            
0000667f  _sl_HandleAsync_DnsGetHostByAddr               
0000668d  sl_NetAppDnsGetHostByName                      
000067cd  _sl_HandleAsync_DnsGetHostByName               
00006895  CopyPingResultsToReport                        
000068d1  _sl_HandleAsync_PingResponse                   
00006995  sl_NetAppPingStart                             
00006b05  sl_NetAppSet                                   
00006b71  sl_NetAppSendTokenValue                        
00006bd5  sl_NetAppGet                                   
00006c65  _SlDrvNetAppEventHandler                       
00006d75  sl_WlanConnect                                 
00006fad  sl_WlanDisconnect                              
00006fb9  sl_WlanPolicySet                               
00007021  sl_WlanPolicyGet                               
000070c5  sl_WlanProfileAdd                              
00007335  sl_WlanProfileGet                              
00007417  sl_WlanProfileDel                              
00007445  sl_WlanGetNetworkList                          
000074b7  sl_WlanRxFilterAdd                             
00007525  sl_WlanRxFilterSet                             
00007579  sl_WlanRxFilterGet                             
000075ef  sl_WlanRxStatStart                             
000075fb  sl_WlanRxStatStop                              
00007607  sl_WlanRxStatGet                               
0000763d  sl_WlanSmartConfigStop                         
0000764d  sl_WlanSmartConfigStart                        
000076d9  sl_WlanSetMode                                 
00007709  sl_WlanSet                                     
0000777d  sl_WlanGet                                     
00007835  __TI_printfi                                   
00008283  __aeabi_idiv0                                  
00008283  __aeabi_ldiv0                                  
00008285  NewMessageData                                 
0000829f  getNextPacketId                                
000082c3  sendPacket                                     
00008343  MQTTClient                                     
000083b5  decodePacket                                   
0000842f  readPacket                                     
000084d9  isTopicMatched                                 
0000858d  deliverMessage                                 
0000863d  keepalive                                      
000086a9  cycle                                          
00008815  MQTTYield                                      
00008859  waitfor                                        
00008889  MQTTConnect                                    
00008953  MQTTSubscribe                                  
00008a5b  MQTTUnsubscribe                                
00008b05  MQTTPublish                                    
00008c2f  MQTTDisconnect                                 
00008d77  PCM_setCoreVoltageLevel                        
00008d87  PCM_setCoreVoltageLevelWithTimeout             
00008d99  PCM_setCoreVoltageLevelNonBlocking             
00008da9  PCM_getPowerMode                               
00008e03  PCM_getCoreVoltageLevel                        
00008fa9  PCM_setPowerMode                               
00008fb9  PCM_setPowerModeNonBlocking                    
00008fc9  PCM_setPowerModeWithTimeout                    
0000927b  PCM_setPowerState                              
0000928b  PCM_setPowerStateWithTimeout                   
0000929d  PCM_setPowerStateNonBlocking                   
000092ad  PCM_shutdownDevice                             
000092f1  PCM_gotoLPM4                                   
00009301  PCM_gotoLPM4InterruptSafe                      
0000931d  PCM_gotoLPM0                                   
0000933b  PCM_gotoLPM0InterruptSafe                      
00009357  PCM_gotoLPM3                                   
000093cf  PCM_gotoLPM3InterruptSafe                      
000093eb  PCM_getPowerState                              
000093f7  PCM_enableRudeMode                             
00009409  PCM_disableRudeMode                            
0000941d  PCM_enableInterrupt                            
00009431  PCM_disableInterrupt                           
00009445  PCM_getInterruptStatus                         
0000944b  PCM_getEnabledInterruptStatus                  
0000945b  PCM_clearInterruptFlag                         
0000946f  PCM_registerInterrupt                          
00009483  PCM_unregisterInterrupt                        
000095fd  Timer_A_startCounter                           
00009613  Timer_A_configureContinuousMode                
00009643  Timer_A_configureUpMode                        
000096a1  Timer_A_configureUpDownMode                    
000096ff  Timer_A_initCapture                            
00009751  Timer_A_initCompare                            
0000979f  Timer_A_getCounterValue                        
000097eb  Timer_A_clearTimer                             
000097ff  Timer_A_getSynchronizedCaptureCompareInput     
0000982f  Timer_A_getOutputForOutputModeOutBitValue      
0000985d  Timer_A_getCaptureCompareCount                 
0000987f  Timer_A_setOutputForOutputModeOutBitValue      
000098b7  Timer_A_generatePWM                            
0000992d  Timer_A_stopTimer                              
00009941  Timer_A_setCompareValue                        
0000996d  Timer_A_clearInterruptFlag                     
00009983  Timer_A_clearCaptureCompareInterrupt           
000099ab  Timer_A_enableInterrupt                        
000099bf  Timer_A_disableInterrupt                       
000099d3  Timer_A_getInterruptStatus                     
000099e5  Timer_A_enableCaptureCompareInterrupt          
00009a11  Timer_A_disableCaptureCompareInterrupt         
00009a39  Timer_A_getCaptureCompareInterruptStatus       
00009a61  Timer_A_getEnabledInterruptStatus              
00009a79  Timer_A_getCaptureCompareEnabledInterruptStatus
00009ab5  Timer_A_registerInterrupt                      
00009b87  Timer_A_unregisterInterrupt                    
00009c51  _sl_GetStartResponseConvert                    
00009ca9  sl_Task                                        
00009cb1  sl_Start                                       
00009db5  _sl_HandleAsync_InitComplete                   
00009e67  _sl_HandleAsync_Stop                           
00009eeb  sl_Stop                                        
0000a013  sl_EventMaskSet                                
0000a04d  sl_EventMaskGet                                
[...]
0000b3a7  Interrupt_enableMaster                         
0000b3b7  Interrupt_disableMaster                        
0000b3c7  Interrupt_registerInterrupt                    
0000b419  Interrupt_unregisterInterrupt                  
0000b42d  Interrupt_setPriorityGrouping                  
0000b447  Interrupt_getPriorityGrouping                  
0000b47f  Interrupt_setPriority                          
0000b4cf  Interrupt_getPriority                          
0000b4f5  Interrupt_enableInterrupt                      
0000b567  Interrupt_disableInterrupt                     
0000b5d9  Interrupt_isEnabled                            
0000b665  Interrupt_pendInterrupt                        
0000b6d5  Interrupt_unpendInterrupt                      
0000b723  Interrupt_setPriorityMask                      
0000b733  Interrupt_getPriorityMask                      
0000b73d  Interrupt_setVectorTableAddress                
0000b74d  Interrupt_getVectorTableAddress                
0000b753  Interrupt_enableSleepOnIsrExit                 
0000b765  Interrupt_disableSleepOnIsrExit                
0000b795  MQTTSerialize_connectLength                    
0000b84d  MQTTSerialize_connect                          
0000ba07  MQTTDeserialize_connack                        
0000ba8f  MQTTSerialize_zero                             
0000baf7  MQTTSerialize_disconnect                       
0000bb0d  MQTTSerialize_pingreq                          
0000bb41  SysTick_Handler                                
0000bb41  SysTick_Handler                                
0000bb4b  expired                                        
0000bb6b  countdown_ms                                   
0000bb83  countdown                                      
0000bba1  left_ms                                        
0000bbc3  InitTimer                                      
0000bbd3  cc3100_read                                    
0000bc55  cc3100_write                                   
0000bcbf  cc3100_disconnect                              
0000bccf  NewNetwork                                     
0000bcf5  TLSConnectNetwork                              
0000be1d  ConnectNetwork                                 
0000bec9  registerInterruptHandler                       
0000bedd  CC3100_disable                                 
0000bee9  CC3100_enable                                  
0000bef5  CC3100_InterruptEnable                         
0000bf17  CC3100_InterruptDisable                        
0000bf2b  MaskIntHdlr                                    
0000bf33  UnMaskIntHdlr                                  
0000bf3b  set_rts                                        
0000bf47  clear_rts                                      
0000bf53  initClk                                        
0000bfbd  stopWDT                                        
0000bfc7  initLEDs                                       
0000c019  turnLedOn                                      
0000c04d  turnLedOff                                     
0000c081  toggleLed                                      
0000c0b5  GetLEDStatus                                   
0000c0ef  initAntSelGPIO                                 
0000c123  SelAntenna                                     
0000c167  Port1_ISR                                      
0000c169  Delay                                          
0000c199  PORT2_IRQHandler                               
0000c199  PORT2_IRQHandler                               
0000c1bf  CC3100_UART_ISR                                
0000c20d  SystemCoreClockUpdate                          
0000c481  SystemInit                                     
0000c7a9  SysCtl_getTLVInfo                              
0000c81f  SysCtl_getSRAMSize                             
0000c825  SysCtl_getFlashSize                            
0000c82b  SysCtl_disableNMISource                        
0000c83f  SysCtl_enableNMISource                         
0000c853  SysCtl_getNMISourceStatus                      
0000c859  SysCtl_enableSRAMBank                          
0000c875  SysCtl_disableSRAMBank                         
0000c8dd  SysCtl_enableSRAMBankRetention                 
0000c8f9  SysCtl_disableSRAMBankRetention                
0000c915  SysCtl_rebootDevice                            
0000c91f  SysCtl_enablePeripheralAtCPUHalt               
0000c933  SysCtl_disablePeripheralAtCPUHalt              
0000c947  SysCtl_setWDTTimeoutResetType                  
0000c96b  SysCtl_setWDTPasswordViolationResetType        
0000c98f  SysCtl_enableGlitchFilter                      
0000c99b  SysCtl_disableGlitchFilter                     
0000c9a7  SysCtl_getTempCalibrationConstant              
0000c9ed  MQTTSerialize_publishLength                    
0000ca2b  MQTTSerialize_publish                          
0000cb01  MQTTSerialize_ack                              
0000cb8b  MQTTSerialize_puback                           
0000cbaf  MQTTSerialize_pubrel                           
0000cbd9  MQTTSerialize_pubcomp                          
0000cc05  MQTTSerialize_subscribeLength                  
0000cc69  MQTTSerialize_subscribe                        
0000cd6b  MQTTDeserialize_suback                         
0000ce1d  spi_Close                                      
0000ce29  spi_Open                                       
0000cf1b  spi_Write                                      
0000cf75  spi_Read                                       
0000d031  InitPort2                                      
0000d065  InitPort3                                      
0000d099  InitPort5                                      
0000d0cd  Motor_Init                                     
0000d0f7  Motor_Stop                                     
0000d107  Motor_Forward                                  
0000d137  Motor_Right                                    
0000d167  Motor_Left                                     
0000d197  Motor_Backward                                 
0000d205  ta3dummy                                       
0000d211  TimerA3Capture_Init01                          
0000d291  TA3_0_IRQHandler                               
0000d291  TA3_0_IRQHandler                               
0000d2ab  TA3_N_IRQHandler                               
0000d2ab  TA3_N_IRQHandler                               
0000d2eb  TimerA3Capture_Init02                          
0000d5a9  __aeabi_dsub                                   
0000d5b3  __aeabi_dadd                                   
0000d761  MQTTSerialize_unsubscribeLength                
0000d7c5  MQTTSerialize_unsubscribe                      
0000d8bb  MQTTDeserialize_unsuback                       
0000d901  CRC32_setSeed                                  
0000d931  CRC32_set8BitData                              
0000d957  CRC32_set16BitData                             
0000d97d  CRC32_set32BitData                             
0000d9a1  CRC32_set8BitDataReversed                      
0000d9c5  CRC32_set16BitDataReversed                     
0000d9e9  CRC32_set32BitDataReversed                     
0000da09  CRC32_getResult                                
0000da35  CRC32_getResultReversed                        
0000da85  EUSCIA0_IRQHandler                             
0000da85  EUSCIA0_IRQHandler                             
0000dacb  CLI_Read                                       
0000db1d  CLI_Write                                      
0000db71  CLI_Configure                                  
0000dd2d  MQTTDeserialize_publish                        
0000dde5  MQTTDeserialize_ack                            
0000de65  __aeabi_ddiv                                   
0000df9d  _SlNonOsSemSet                                 
0000dfb5  _SlNonOsSemGet                                 
0000e011  _SlNonOsSpawn                                  
0000e061  _SlNonOsMainLoopTask                           
0000e1f1  sl_NetCfgSet                                   
0000e257  sl_NetCfgGet                                   
0000e301  ldexp                                          
0000e301  ldexpl                                         
0000e301  scalbn                                         
0000e301  scalbnl                                        
0000e411  __aeabi_dmul                                   
0000e50d  WDT_A_holdTimer                                
0000e52d  WDT_A_startTimer                               
0000e54d  WDT_A_clearTimer                               
0000e56d  WDT_A_initWatchdogTimer                        
0000e589  WDT_A_initIntervalTimer                        
0000e5a5  WDT_A_setPasswordViolationReset                
0000e5b1  WDT_A_setTimeoutReset                          
0000e5bd  WDT_A_registerInterrupt                        
0000e5d1  WDT_A_unregisterInterrupt                      
0000e697  __aeabi_memcpy                                 
0000e697  __aeabi_memcpy4                                
0000e697  __aeabi_memcpy8                                
0000e697  memcpy                                         
0000e733  __aeabi_uldivmod                               
0000e7c9  Bump_Init                                      
0000e7fd  Bump_Read                                      
0000e859  __aeabi_cdcmpeq                                
0000e859  __aeabi_cdcmple                                
0000e8df  __aeabi_cdrcmple                               
0000e965  _SlDrvFlowContInit                             
0000e9a3  _SlDrvFlowContDeinit                           
0000e9e5  __aeabi_memclr                                 
0000e9e5  __aeabi_memclr4                                
0000e9e5  __aeabi_memclr8                                
0000e9e7  __aeabi_memset                                 
0000e9e7  __aeabi_memset4                                
0000e9e7  __aeabi_memset8                                
0000e9ed  memset                                         
0000ea61  SysTick_enableModule                           
0000ea6d  SysTick_disableModule                          
0000ea79  SysTick_registerInterrupt                      
0000ea87  SysTick_unregisterInterrupt                    
0000ea91  SysTick_enableInterrupt                        
0000ea9d  SysTick_disableInterrupt                       
0000eaa9  SysTick_setPeriod                              
0000eabb  SysTick_getPeriod                              
0000eac3  SysTick_getValue                               
0000eb43  __TI_decompress_lzss                           
0000ebad  frexp                                          
0000ebad  frexpl                                         
0000ec67  __TI_ltoa                                      
0000ed0d  atoi                                           
0000ed59  snprintf                                       
0000eda5  __aeabi_d2iz                                   
0000eded  __TI_auto_init_nobinit_nopinit                 
0000ee31  sprintf                                        
0000eeaf  CPU_cpsid                                      
0000eebb  CPU_primask                                    
0000eec5  CPU_cpsie                                      
0000eed1  CPU_wfi                                        
0000eed5  CPU_basepriSet                                 
0000eee3  CPU_basepriGet                                 
0000eeed  strncpy                                        
0000ef25  _c_int00_noargs                                
0000ef89  __aeabi_i2d                                    
0000efb7  strncmp                                        
0000efe3  memccpy                                        
0000efff  copysign                                       
0000efff  copysignl                                      
0000f049  strcmp                                         
0000f061  strchr                                         
0000f077  strlen                                         
0000f08b  wcslen                                         
0000f09d  __TI_decompress_none                           
0000f0ab  Reset_Handler                                  
0000f0b7  ADC14_IRQHandler                               
0000f0b7  AES256_IRQHandler                              
0000f0b7  BusFault_Handler                               
0000f0b7  COMP_E0_IRQHandler                             
0000f0b7  COMP_E1_IRQHandler                             
0000f0b7  CS_IRQHandler                                  
0000f0b7  DMA_ERR_IRQHandler                             
0000f0b7  DMA_INT0_IRQHandler                            
0000f0b7  DMA_INT1_IRQHandler                            
0000f0b7  DMA_INT2_IRQHandler                            
0000f0b7  DMA_INT3_IRQHandler                            
0000f0b7  DebugMon_Handler                               
0000f0b7  Default_Handler                                
0000f0b7  EUSCIA1_IRQHandler                             
0000f0b7  EUSCIA2_IRQHandler                             
0000f0b7  EUSCIA3_IRQHandler                             
0000f0b7  EUSCIB0_IRQHandler                             
0000f0b7  EUSCIB1_IRQHandler                             
0000f0b7  EUSCIB2_IRQHandler                             
0000f0b7  EUSCIB3_IRQHandler                             
0000f0b7  FLCTL_IRQHandler                               
0000f0b7  FPU_IRQHandler                                 
0000f0b7  HardFault_Handler                              
0000f0b7  MemManage_Handler                              
0000f0b7  NMI_Handler                                    
0000f0b7  PCM_IRQHandler                                 
0000f0b7  PORT3_IRQHandler                               
0000f0b7  PORT4_IRQHandler                               
0000f0b7  PORT5_IRQHandler                               
0000f0b7  PORT6_IRQHandler                               
0000f0b7  PSS_IRQHandler                                 
0000f0b7  PendSV_Handler                                 
0000f0b7  RTC_C_IRQHandler                               
0000f0b7  SVC_Handler                                    
0000f0b7  T32_INT1_IRQHandler                            
0000f0b7  T32_INT2_IRQHandler                            
0000f0b7  T32_INTC_IRQHandler                            
0000f0b7  TA0_0_IRQHandler                               
0000f0b7  TA0_N_IRQHandler                               
0000f0b7  TA1_N_IRQHandler                               
0000f0b7  TA2_0_IRQHandler                               
0000f0b7  TA2_N_IRQHandler                               
0000f0b7  UsageFault_Handler                             
0000f0b7  WDT_A_IRQHandler                               
0000f0b9  __TI_zero_init                                 
0000f0d1  __aeabi_errno_addr                             
0000f0d9  _system_pre_init                               
0000f0dd  C$$EXIT                                        
0000f0dd  abort                                          
0000f0e0  _ctypes_                                       
0000f394  _SlActionLookupTable                           
0000f434  upConfig                                       
0000f490  g_H2NCnysPattern                               
0000f498  g_H2NSyncPattern                               
0000f518  _SlAcceptCmdCtrl                               
0000f51c  _SlDeviceGetCmdCtrl                            
0000f520  _SlDeviceSetCmdCtrl                            
0000f524  _SlEventMaskGetCmdCtrl                         
0000f528  _SlEventMaskSetCmdCtrl                         
0000f52c  _SlGetHostByNameCtrl                           
0000f530  _SlGetHostByServiceCtrl                        
0000f534  _SlGetServiceListeCtrl                         
0000f538  _SlGetSockOptCmdCtrl                           
0000f53c  _SlListenCmdCtrl                               
0000f540  _SlNetAppGetCmdCtrl                            
0000f544  _SlNetAppSendTokenValueCmdCtrl                 
0000f548  _SlNetAppSetCmdCtrl                            
0000f54c  _SlNetAppStartCtrl                             
0000f550  _SlNetAppStopCtrl                              
0000f554  _SlNetCfgGetCmdCtrl                            
0000f558  _SlNetCfgSetCmdCtrl                            
0000f55c  _SlPolicyGetCmdCtrl                            
0000f560  _SlPolicySetCmdCtrl                            
0000f564  _SlProfileDelCmdCtrl                           
0000f568  _SlProfileGetCmdCtrl                           
0000f56c  _SlRecvCmdCtrl                                 
0000f570  _SlRecvfomCmdCtrl                              
0000f574  _SlRegisterServiceCtrl                         
0000f578  _SlRxFilterAddtCmdCtrl                         
0000f57c  _SlRxFilterGetCmdCtrl                          
0000f580  _SlRxFilterSetCmdCtrl                          
0000f584  _SlSelectCmdCtrl                               
0000f588  _SlSendCmdCtrl                                 
0000f58c  _SlSetSockOptCmdCtrl                           
0000f590  _SlSmartConfigStartCmdCtrl                     
0000f594  _SlSockCloseCmdCtrl                            
0000f598  _SlSockSocketCmdCtrl                           
0000f59c  _SlStopCmdCtrl                                 
0000f5a0  _SlWlanCfgGetCmdCtrl                           
0000f5a4  _SlWlanCfgSetCmdCtrl                           
0000f5a8  _SlWlanGetNetworkListCtrl                      
0000f5ac  _SlWlanSetModeCmdCtrl                          
0000f628  __TI_Handler_Table_Base                        
0000f634  __TI_Handler_Table_Limit                       
0000f648  __TI_CINIT_Base                                
0000f660  __TI_CINIT_Limit                               
20000000  __start___llvm_prf_cnts                        
20000000  __stop___llvm_prf_cnts                         
20000000  g_pfnRAMVectors                                
200000e4  g_AppData                                      
2000072c  g_StatMem                                      
20000890  hMQTTClient                                    
200008ec  g__SlNonOsCB                                   
20000914  macStr                                         
20000928  n                                              
20000938  uniqueID                                       
2000094c  macAddressVal                                  
20000958  MilliTimer                                     
2000095c  g_ucUARTBuffer                                 
20000960  IntIsMasked                                    
200009d4  S1buttonDebounce                               
200009d8  S2buttonDebounce                               
200009dc  publishID                                      
200009e0  macAddressLen                                  
200009e4  g_Status                                       
200009e8  CaptureTask0                                   
200009ec  CaptureTask1                                   
200009f0  CaptureTask2                                   
200009f4  g_pCB                                          
200009f8  pPingCallBackFunc                              
200009fc  gFirstCmdMode                                  
20000a00  pIraEventHandler                               
20000a04  cli_have_cmd                                   
20000a08  errno                                          
20000a0c  SystemCoreClock                                
2000fe00  __stack                                        
20010000  __STACK_END                                    
4000480c  WDTCTL_SYM                                     
ffffffff  __TI_pprof_out_hndl                            
ffffffff  __TI_prof_data_size                            
ffffffff  __TI_prof_data_start                           
ffffffff  __binit__                                      
ffffffff  __c_args__                                     
ffffffff  binit                                          
UNDEFED   __mpu_init                                     
UNDEFED   _system_post_cinit                             

[665 symbols]
